Archive member included to satisfy reference by file (symbol)

../../saturnringlib/../modules/sgl/LIB/LIBCD.A(CDC_CMN.O)
                              src/main.o (CDC_CdInit)
../../saturnringlib/../modules/sgl/LIB/LIBCD.A(CDC_REG.O)
                              ../../saturnringlib/../modules/sgl/LIB/LIBCD.A(CDC_CMN.O) (CDREG_ClrHirqReq)
../../saturnringlib/../modules/sgl/LIB/LIBCD.A(CDC_SUB.O)
                              ../../saturnringlib/../modules/sgl/LIB/LIBCD.A(CDC_CMN.O) (CDSUB_UpdStatus)
../../saturnringlib/../modules/sgl/LIB/LIBCD.A(GFS.O)
                              src/main.o (GFS_Init)
../../saturnringlib/../modules/sgl/LIB/LIBCD.A(GFS_BUF.O)
                              ../../saturnringlib/../modules/sgl/LIB/LIBCD.A(GFS.O) (GFBF_GetNumData)
../../saturnringlib/../modules/sgl/LIB/LIBCD.A(GFS_CDB.O)
                              ../../saturnringlib/../modules/sgl/LIB/LIBCD.A(GFS.O) (GFCB_Close)
../../saturnringlib/../modules/sgl/LIB/LIBCD.A(GFS_CDC.O)
                              ../../saturnringlib/../modules/sgl/LIB/LIBCD.A(GFS.O) (GFCD_SetCdbfs)
../../saturnringlib/../modules/sgl/LIB/LIBCD.A(GFS_CDF.O)
                              ../../saturnringlib/../modules/sgl/LIB/LIBCD.A(GFS.O) (GFCF_Init)
../../saturnringlib/../modules/sgl/LIB/LIBCD.A(GFS_DIR.O)
                              ../../saturnringlib/../modules/sgl/LIB/LIBCD.A(GFS.O) (GFDR_SetupDirTbl)
../../saturnringlib/../modules/sgl/LIB/LIBCD.A(GFS_TRN.O)
                              ../../saturnringlib/../modules/sgl/LIB/LIBCD.A(GFS.O) (GFTR_Setup)
../../saturnringlib/../modules/sgl/LIB/LIBCD.A(CDC_DRV.O)
                              ../../saturnringlib/../modules/sgl/LIB/LIBCD.A(GFS_CDC.O) (CDC_CdPlay)
../../saturnringlib/../modules/sgl/LIB/LIBCD.A(CDC_DEV.O)
                              ../../saturnringlib/../modules/sgl/LIB/LIBCD.A(GFS_CDC.O) (CDC_CdSetCon)
../../saturnringlib/../modules/sgl/LIB/LIBCD.A(CDC_SEL.O)
                              ../../saturnringlib/../modules/sgl/LIB/LIBCD.A(GFS_CDC.O) (CDC_SetFiltRange)
../../saturnringlib/../modules/sgl/LIB/LIBCD.A(CDC_BIF.O)
                              ../../saturnringlib/../modules/sgl/LIB/LIBCD.A(GFS_CDC.O) (CDC_GetBufSiz)
../../saturnringlib/../modules/sgl/LIB/LIBCD.A(CDC_BIO.O)
                              ../../saturnringlib/../modules/sgl/LIB/LIBCD.A(GFS_CDC.O) (CDC_SetSctLen)
../../saturnringlib/../modules/sgl/LIB/LIBCD.A(CDC_CFS.O)
                              ../../saturnringlib/../modules/sgl/LIB/LIBCD.A(GFS_CDC.O) (CDC_ChgDir)
../../saturnringlib/../modules/sgl/LIB/LIBSGL.A(sglA16.o)
                              src/main.o (slLookAt)
../../saturnringlib/../modules/sgl/LIB/LIBSGL.A(sglA17.o)
                              ../../saturnringlib/../modules/sgl/LIB/LIBSGL.A(sglA16.o) (slRotZ)
../../saturnringlib/../modules/sgl/LIB/LIBSGL.A(sglA18.o)
                              src/main.o (slRotY)
../../saturnringlib/../modules/sgl/LIB/LIBSGL.A(sglA19.o)
                              src/main.o (slRotX)
../../saturnringlib/../modules/sgl/LIB/LIBSGL.A(sglA20.o)
                              src/main.o (slUnitMatrix)
../../saturnringlib/../modules/sgl/LIB/LIBSGL.A(sglA21.o)
                              src/main.o (slPushMatrix)
../../saturnringlib/../modules/sgl/LIB/LIBSGL.A(sglA27.o)
                              src/main.o (slTranslate)
../../saturnringlib/../modules/sgl/LIB/LIBSGL.A(sglA39.o)
                              src/main.o (slConvert3Dto2DFX)
../../saturnringlib/../modules/sgl/LIB/LIBSGL.A(sglB001.o)
                              src/main.o (slTVOn)
../../saturnringlib/../modules/sgl/LIB/LIBSGL.A(sglB002.o)
                              src/main.o (slColRAMMode)
../../saturnringlib/../modules/sgl/LIB/LIBSGL.A(sglB015.o)
                              src/main.o (slScrAutoDisp)
../../saturnringlib/../modules/sgl/LIB/LIBSGL.A(sglB016.o)
                              src/main.o (slBack1ColSet)
../../saturnringlib/../modules/sgl/LIB/LIBSGL.A(sglB031.o)
                              src/main.o (slMapNbg0)
../../saturnringlib/../modules/sgl/LIB/LIBSGL.A(sglB034.o)
                              src/main.o (slMapNbg3)
../../saturnringlib/../modules/sgl/LIB/LIBSGL.A(sglB035.o)
                              src/main.o (sl1MapRA)
../../saturnringlib/../modules/sgl/LIB/LIBSGL.A(sglB038.o)
                              src/main.o (slRparaInitSet)
../../saturnringlib/../modules/sgl/LIB/LIBSGL.A(sglB042.o)
                              src/main.o (slCurRpara)
../../saturnringlib/../modules/sgl/LIB/LIBSGL.A(sglB043.o)
                              src/main.o (slRparaMode)
../../saturnringlib/../modules/sgl/LIB/LIBSGL.A(sglB044.o)
                              src/main.o (slScrMatSet)
../../saturnringlib/../modules/sgl/LIB/LIBSGL.A(sglB045.o)
                              src/main.o (slScrMatConv)
../../saturnringlib/../modules/sgl/LIB/LIBSGL.A(sglB047.o)
                              src/main.o (slOverRA)
../../saturnringlib/../modules/sgl/LIB/LIBSGL.A(sglB055.o)
[...]
Memory Configuration

Name             Origin             Length             Attributes
*default*        0x00000000         0xffffffff

Linker script and memory map


SLSTART         0x06004000       0x30
                0x06004000                        ___Start = .
 *(SLSTART)
 SLSTART        0x06004000       0x28 ../../saturnringlib/../modules/sgl/LIB/LIBSGL.A(sglI00.o)
                0x06004000                SGL_Start
                0x06004002                slStartSGL

.text           0x06004040    0x1bf50
 *(.text*)
 .text          0x06004040        0x0 ../../saturnringlib/../modules/sgl/LIB/../SRC/workarea.o
 .text          0x06004040      0x918 src/camera_system.o
                0x060040a4                CameraSystem::CameraSystem()
                0x060040a4                CameraSystem::CameraSystem()
                0x060042e4                CameraSystem::UpdateInput(SRL::Input::Digital&)
                0x060042f4                CameraSystem::OrbitAroundCar(long&, CameraRig::OrbitState&, bool, bool, bool)
                0x06004560                CameraSystem::ResetStrafe()
                0x060045c0                CameraSystem::RefreshOrbit()
                0x060046e0                CameraSystem::OrbitOffset() const
                0x0600471c                CameraSystem::LookTarget(SRL::Math::Types::Vector3D const&, bool) const
                0x060048a8                CameraSystem::CreateSnapshot() const
 .text._ZN3SRL5Input7Digital6IsHeldERKNS1_6ButtonE
                0x06004958       0x1c src/camera_system.o
                0x06004958                SRL::Input::Digital::IsHeld(SRL::Input::Digital::Button const&)
 .text.startup  0x06004974      0x1e8 src/camera_system.o
 .text._ZNK3SRL4Math5Types3FxpltERKS2_.isra.0
                0x06004b5c        0x8 src/camera_system.o
 .text._ZNK3SRL4Math5Types3FxpgtERKS2_.isra.0
                0x06004b64        0x8 src/camera_system.o
 .text._ZNK3SRL4Math5Types3FxpmlERKS2_.isra.0
                0x06004b6c       0x10 src/camera_system.o
 .text._ZN3SRL4Math5Types3FxppLERKS2_.isra.0
                0x06004b7c        0x8 src/camera_system.o
 .text._ZN3SRL4Math5Types3Fxp8BuildRawERKl.isra.0
                0x06004b84        0x8 src/camera_system.o
 .text._ZN3SRL4Math5Types3FxpC2Ev
                0x06004b8c        0x8 src/camera_system.o
                0x06004b8c                SRL::Math::Types::Fxp::Fxp()
                0x06004b8c                SRL::Math::Types::Fxp::Fxp()
 .text._ZN3SRL4Math5Types3FxpC2ERKS2_
                0x06004b94        0x8 src/camera_system.o
                0x06004b94                SRL::Math::Types::Fxp::Fxp(SRL::Math::Types::Fxp const&)
                0x06004b94                SRL::Math::Types::Fxp::Fxp(SRL::Math::Types::Fxp const&)
 .text._ZNK3SRL4Math5Types3Fxp8RawValueEv
                0x06004b9c        0x4 src/camera_system.o
                0x06004b9c                SRL::Math::Types::Fxp::RawValue() const
 .text._ZN3SRL6Memory4FreeEPv
                0x06004ba0      0x184 src/camera_system.o
                0x06004ba0                SRL::Memory::Free(void*)
 .text._ZN6Camera13OrbitPositionEN3SRL4Math5Types5AngleES3_NS2_3FxpE
                0x06004d24      0x1b0 src/camera_system.o
                0x06004d24                Camera::OrbitPosition(SRL::Math::Types::Angle, SRL::Math::Types::Angle, SRL::Math::Types::Fxp)
 .text._ZN6Camera11UpdateInputERNS_5StateERKNS_6TuningERN3SRL5Input7DigitalE
                0x06004ed4      0x964 src/camera_system.o
                0x06004ed4                Camera::UpdateInput(Camera::State&, Camera::Tuning const&, SRL::Input::Digital&)
 .text._ZN3SRL5Types5EventIJEEC2Ev
                0x06005838      0x17c src/camera_system.o
                0x06005838                SRL::Types::Event<>::Event()
                0x06005838                SRL::Types::Event<>::Event()
 .text.exit     0x060059b4       0x54 src/camera_system.o
 .text          0x06005a08      0x604 src/car_system.o
                0x06005a68                Game::CarSystem::CarSystem(ModelObject*, bool, Game::CarSystem::Config const&)
                0x06005a68                Game::CarSystem::CarSystem(ModelObject*, bool, Game::CarSystem::Config const&)
                0x06005cf0                Game::CarSystem::UpdateWheels(bool, bool)
                0x06005cf4                Game::CarSystem::Render(long)
                0x06005d44                Game::CarSystem::SubmitRender(RenderPipeline&, bool)
 .text._ZN4Game9CarSystem8RendererEv
                0x0600600c        0x4 src/car_system.o
                0x0600600c                Game::CarSystem::Renderer()
 .text._ZNK4Game9CarSystem4NameEv
                0x06006010        0x8 src/car_system.o
                0x06006010                Game::CarSystem::Name() const
 .text._ZN4Game9CarSystem17CarCommandAdapter10AccelerateEv
                0x06006018        0x4 src/car_system.o
                0x06006018                Game::CarSystem::CarCommandAdapter::Accelerate()
 .text._ZN4Game9CarSystem17CarCommandAdapter5BrakeEv
                0x0600601c        0x4 src/car_system.o
                0x0600601c                Game::CarSystem::CarCommandAdapter::Brake()
 .text._ZN4Game9CarSystem17CarCommandAdapter9SteerLeftEv
                0x06006020        0x4 src/car_system.o
                0x06006020                Game::CarSystem::CarCommandAdapter::SteerLeft()
 .text._ZN4Game9CarSystem17CarCommandAdapter10SteerRightEv
                0x06006024        0x4 src/car_system.o
                0x06006024                Game::CarSystem::CarCommandAdapter::SteerRight()
 .text._ZN4Game9CarSystem17CarCommandAdapterD2Ev
                0x06006028        0x4 src/car_system.o
                0x06006028                Game::CarSystem::CarCommandAdapter::~CarCommandAdapter()
                0x06006028                Game::CarSystem::CarCommandAdapter::~CarCommandAdapter()
 .text._ZN4Game9CarSystem17CarCommandAdapterD0Ev
                0x0600602c      0x174 src/car_system.o
                0x0600602c                Game::CarSystem::CarCommandAdapter::~CarCommandAdapter()
 .text._ZNK4Game9CarSystem8PositionEv
                0x060061a0       0x3c src/car_system.o
                0x060061a0                Game::CarSystem::Position() const
 .text._ZNK4Game9CarSystem17CarCommandAdapter13WorldPositionEv
                0x060061dc       0x88 src/car_system.o
                0x060061dc                Game::CarSystem::CarCommandAdapter::WorldPosition() const
 .text._ZNK4Game9CarSystem3YawEv
                0x06006264       0x3c src/car_system.o
                0x06006264                Game::CarSystem::Yaw() const
 .text.unlikely
                0x060062a0        0x4 src/car_system.o
 .text._ZN4Game9CarSystemD2Ev
                0x060062a4       0x3c src/car_system.o
                0x060062a4                Game::CarSystem::~CarSystem()
                0x060062a4                Game::CarSystem::~CarSystem()
 .text._ZN4Game9CarSystemD0Ev
                0x060062e0      0x1c8 src/car_system.o
                0x060062e0                Game::CarSystem::~CarSystem()
 .text.startup  0x060064a8      0x198 src/car_system.o
 .text.exit     0x06006640       0x54 src/car_system.o
 .text          0x06006694        0xc src/exception_stubs.o
 .text          0x060066a0     0x3628 src/main.o
                0x0600704c                __throw_bad_array_new_length
                0x06007050                __throw_bad_alloc
                0x06007054                GameApp::Run()
 .text._ZN3SRL7Tilemap10Interfaces8Bmp2Tile11GetCellDataEv
                0x06009cc8        0x4 src/main.o
                0x06009cc8                SRL::Tilemap::Interfaces::Bmp2Tile::GetCellData()
 .text._ZN3SRL7Tilemap10Interfaces8Bmp2Tile10GetMapDataEv
                0x06009ccc        0x4 src/main.o
                0x06009ccc                SRL::Tilemap::Interfaces::Bmp2Tile::GetMapData()
 .text._ZN3SRL7Tilemap10Interfaces8Bmp2Tile10GetPalDataEv
                0x06009cd0        0x4 src/main.o
                0x06009cd0                SRL::Tilemap::Interfaces::Bmp2Tile::GetPalData()
 .text._ZN3SRL7Tilemap10Interfaces8Bmp2Tile7GetInfoEv
                0x06009cd4       0x18 src/main.o
                0x06009cd4                SRL::Tilemap::Interfaces::Bmp2Tile::GetInfo()
 .text._ZN3SRL5Input7Digital11IsConnectedEv
                0x06009cec       0x28 src/main.o
                0x06009cec                SRL::Input::Digital::IsConnected()
 .text._ZN3SRL5Input7Digital11WasReleasedERKNS1_6ButtonE
                0x06009d14       0x2c src/main.o
                0x06009d14                SRL::Input::Digital::WasReleased(SRL::Input::Digital::Button const&)
 .text._ZN3SRL5Input7Digital10WasPressedERKNS1_6ButtonE
                0x06009d40       0x2c src/main.o
                0x06009d40                SRL::Input::Digital::WasPressed(SRL::Input::Digital::Button const&)
 .text._ZN3SRL6Bitmap3TGA7GetDataEv
                0x06009d6c        0x4 src/main.o
                0x06009d6c                SRL::Bitmap::TGA::GetData()
 .text._ZN3SRL6Bitmap3TGA7GetInfoEv
                0x06009d70       0x34 src/main.o
                0x06009d70                SRL::Bitmap::TGA::GetInfo()
 .text._ZN3SRL7Scene3D21LightCopyGouraudTableEv
                0x06009da4        0xc src/main.o
                0x06009da4                SRL::Scene3D::LightCopyGouraudTable()
 .text._ZN3SRL4Math5Types3FxpmIERKS2_.isra.0
                0x06009db0        0x8 src/main.o
 .text._ZN3SRL4Core14VblankHandlingEv
                0x06009db8      0x1b4 src/main.o
                0x06009db8                SRL::Core::VblankHandling()
 .text._ZN11CarRenderer21DrawWireframePolygonsEPKN3SRL5Types7PolygonEjPKNS0_4Math5Types8Vector3DEj.isra.0
                0x06009f6c      0x168 src/main.o
 .text._ZN3SRL4Math5Types8Vector3DC2ERKS2_
                0x0600a0d4       0x34 src/main.o
                0x0600a0d4                SRL::Math::Types::Vector3D::Vector3D(SRL::Math::Types::Vector3D const&)
                0x0600a0d4                SRL::Math::Types::Vector3D::Vector3D(SRL::Math::Types::Vector3D const&)
 .text._ZN3SRL4Math5Types8Vector3DC2ERKNS1_3FxpES5_S5_
                0x0600a108       0x34 src/main.o
                0x0600a108                SRL::Math::Types::Vector3D::Vector3D(SRL::Math::Types::Fxp const&, SRL::Math::Types::Fxp const&, SRL::Math::Types::Fxp const&)
                0x0600a108                SRL::Math::Types::Vector3D::Vector3D(SRL::Math::Types::Fxp const&, SRL::Math::Types::Fxp const&, SRL::Math::Types::Fxp const&)
 .text._ZNK3SRL4Math5Types8Vector3DplERKS2_
                0x0600a13c       0x64 src/main.o
                0x0600a13c                SRL::Math::Types::Vector3D::operator+(SRL::Math::Types::Vector3D const&) const
 .text.unlikely
                0x0600a1a0        0x4 src/main.o
                0x0600a1a0                std::__throw_length_error(char const*)
                0x0600a1a4                std::__throw_bad_alloc()
                0x0600a1a4                std::__throw_bad_array_new_length()
 .text._ZN3SRL6Memory12SimpleMalloc4FreeERKNS0_10MemoryZoneEPv
                0x0600a1a4       0x7c src/main.o
                0x0600a1a4                SRL::Memory::SimpleMalloc::Free(SRL::Memory::MemoryZone const&, void*)
 .text._ZN3SRL6Memory12SimpleMalloc6MallocERKNS0_10MemoryZoneEj
                0x0600a220       0xdc src/main.o
                0x0600a220                SRL::Memory::SimpleMalloc::Malloc(SRL::Memory::MemoryZone const&, unsigned int)
 .text._ZN3SRL6Memory7CartRam12GetFreeSpaceEv
                0x0600a2fc       0x40 src/main.o
                0x0600a2fc                SRL::Memory::CartRam::GetFreeSpace()
 .text._ZN3SRL6Memory15PlacementMallocEjm
                0x0600a33c       0x7c src/main.o
                0x0600a33c                SRL::Memory::PlacementMalloc(unsigned int, unsigned long)
 .text._ZN3SRL2Cd4FileC2EPKc
                0x0600a3b8       0xd4 src/main.o
                0x0600a3b8                SRL::Cd::File::File(char const*)
                0x0600a3b8                SRL::Cd::File::File(char const*)
 .text._ZN3SRL2Cd4File5CloseEv
                0x0600a48c       0xac src/main.o
                0x0600a48c                SRL::Cd::File::Close()
 .text._ZN3SRL2Cd4File4ReadElPv
                0x0600a538      0x10c src/main.o
                0x0600a538                SRL::Cd::File::Read(long, void*)
 .text._ZN3SRL4VDP24VRAM8AllocateEmmNS0_8VramBankEh
                0x0600a644       0x68 src/main.o
                0x0600a644                SRL::VDP2::VRAM::Allocate(unsigned long, unsigned long, SRL::VDP2::VramBank, unsigned char)
 .text._ZN3SRL4VDP210InitializeERKNS_5Types9HighColorE
                0x0600a6ac      0x1ac src/main.o
                0x0600a6ac                SRL::VDP2::Initialize(SRL::Types::HighColor const&)
 .text._ZN3SRL5Input3Gun11SynchronizeEv
                0x0600a858      0x1d0 src/main.o
                0x0600a858                SRL::Input::Gun::Synchronize()
 .text._ZN3SRL5Sound8Hardware10InitializeEv
                0x0600aa28      0x3b8 src/main.o
                0x0600aa28                SRL::Sound::Hardware::Initialize()
 .text._ZN3SRL4Core10InitializeERKNS_5Types9HighColorE
                0x0600ade0      0x1e8 src/main.o
                0x0600ade0                SRL::Core::Initialize(SRL::Types::HighColor const&)
 .text._ZN3SRL6Bitmap3TGA13DecodePaletteEPhPKNS1_9TgaHeaderEl
                0x0600afc8      0x338 src/main.o
                0x0600afc8                SRL::Bitmap::TGA::DecodePalette(unsigned char*, SRL::Bitmap::TGA::TgaHeader const*, long)
 .text._ZN3SRL5Types10SmoothMeshD2Ev
                0x0600b300       0xbc src/main.o
                0x0600b300                SRL::Types::SmoothMesh::~SmoothMesh()
                0x0600b300                SRL::Types::SmoothMesh::~SmoothMesh()
 .text._ZN11ModelObject18LoadFlatMeshStreamERN3SRL2Cd4FileEj
                0x0600b3bc      0x600 src/main.o
                0x0600b3bc                ModelObject::LoadFlatMeshStream(SRL::Cd::File&, unsigned int)
 .text._ZN11ModelObject18LoadFlatMeshBufferEPPcj
                0x0600b9bc      0x460 src/main.o
                0x0600b9bc                ModelObject::LoadFlatMeshBuffer(char**, unsigned int)
 .text._ZN11ModelObject20LoadSmoothMeshStreamERN3SRL2Cd4FileEPjj
                0x0600be1c      0x7c4 src/main.o
                0x0600be1c                ModelObject::LoadSmoothMeshStream(SRL::Cd::File&, unsigned int*, unsigned int)
 .text._ZN11ModelObject20LoadSmoothMeshBufferEPPcPjj
                0x0600c5e0      0x718 src/main.o
                0x0600c5e0                ModelObject::LoadSmoothMeshBuffer(char**, unsigned int*, unsigned int)
 .text._ZN11ModelObjectD2Ev
                0x0600ccf8      0x2cc src/main.o
                0x0600ccf8                ModelObject::~ModelObject()
                0x0600ccf8                ModelObject::~ModelObject()
 .text._ZN6Camera13RefreshAnglesERNS_5StateE
                0x0600cfc4       0xa8 src/main.o
                0x0600cfc4                Camera::RefreshAngles(Camera::State&)
 .text._ZN11CarRenderer6RenderEv
                0x0600d06c      0x204 src/main.o
                0x0600d06c                CarRenderer::Render()
 .text._ZN13TrackRenderer5ResetEv
                0x0600d270      0x460 src/main.o
                0x0600d270                TrackRenderer::Reset()
 .text._ZN13SkyBackground6UpdateEll
                0x0600d6d0      0x180 src/main.o
                0x0600d6d0                SkyBackground::Update(long, long)
 .text._ZN17SkyBackgroundDome6UpdateElll
                0x0600d850      0x180 src/main.o
                0x0600d850                SkyBackgroundDome::Update(long, long, long)
 .text._ZN3SRL5Debug12AssertScreenIJEEEvPKcS3_S3_DpT_
                0x0600d9d0      0x498 src/main.o
                0x0600d9d0                void SRL::Debug::AssertScreen<>(char const*, char const*, char const*)
 .text._ZN3SRL4VDP24VRAM16AutoAllocateCellERNS_7Tilemap11TilemapInfoEt
                0x0600de68      0x188 src/main.o
                0x0600de68                SRL::VDP2::VRAM::AutoAllocateCell(SRL::Tilemap::TilemapInfo&, unsigned short)
 .text._ZN3SRL7Tilemap10Interfaces8Bmp2Tile13ConvertBitmapERNS0_11TilemapInfoERNS_6Bitmap7IBitmapEib.isra.0
                0x0600dff0      0x3f4 src/main.o
 .text._ZN3SRL5Debug12AssertScreenIJlEEEvPKcS3_S3_DpT_
                0x0600e3e4      0x4fc src/main.o
                0x0600e3e4                void SRL::Debug::AssertScreen<long>(char const*, char const*, char const*, long)
 .text._ZN3SRL7Tilemap10Interfaces8Bmp2TileC2ERNS_6Bitmap7IBitmapEh
                0x0600e8e0      0x258 src/main.o
                0x0600e8e0                SRL::Tilemap::Interfaces::Bmp2Tile::Bmp2Tile(SRL::Bitmap::IBitmap&, unsigned char)
                0x0600e8e0                SRL::Tilemap::Interfaces::Bmp2Tile::Bmp2Tile(SRL::Bitmap::IBitmap&, unsigned char)
 .text._ZN3SRL5Debug5PrintIJiEEEvhhPKcDpT_
                0x0600eb38      0x118 src/main.o
                0x0600eb38                void SRL::Debug::Print<int>(unsigned char, unsigned char, char const*, int)
 .text._ZN3SRL5Debug12AssertScreenIJaEEEvPKcS3_S3_DpT_
                0x0600ec50      0x500 src/main.o
                0x0600ec50                void SRL::Debug::AssertScreen<signed char>(char const*, char const*, char const*, signed char)
 .text._ZN3SRL6Bitmap3TGA8LoadDataEPNS_2Cd4FileEPNS1_14LoaderSettingsE
                0x0600f150      0xe58 src/main.o
                0x0600f150                SRL::Bitmap::TGA::LoadData(SRL::Cd::File*, SRL::Bitmap::TGA::LoaderSettings*)
 .text._ZN3SRL5Debug5PrintIJPKcEEEvhhS3_DpT_
                0x0600ffa8      0x118 src/main.o
                0x0600ffa8                void SRL::Debug::Print<char const*>(unsigned char, unsigned char, char const*, char const*)
 .text._ZN11ModelObject11ParseBufferEPKcjj
                0x060100c0      0x4b0 src/main.o
                0x060100c0                ModelObject::ParseBuffer(char const*, unsigned int, unsigned int)
 .text._ZN11ModelObject10LoadBufferEPKcj
                0x06010570      0x3ec src/main.o
                0x06010570                ModelObject::LoadBuffer(char const*, unsigned int)
 .text._Z20SerializeTrackToCartPKcj
                0x0601095c      0x5ac src/main.o
                0x0601095c                SerializeTrackToCart(char const*, unsigned int)
 .text._ZN3SRL5Debug5PrintIJmmmEEEvhhPKcDpT_
                0x06010f08       0xc8 src/main.o
                0x06010f08                void SRL::Debug::Print<unsigned long, unsigned long, unsigned long>(unsigned char, unsigned char, char const*, unsigned long, unsigned long, unsigned long)
 .text._ZN11ModelObject13LoadStreamingEPKcj
                0x06010fd0      0x930 src/main.o
                0x06010fd0                ModelObject::LoadStreaming(char const*, unsigned int)
 .text._ZN11ModelObjectC2EPKcjbjbbb
                0x06011900      0x288 src/main.o
                0x06011900                ModelObject::ModelObject(char const*, unsigned int, bool, unsigned int, bool, bool, bool)
                0x06011900                ModelObject::ModelObject(char const*, unsigned int, bool, unsigned int, bool, bool, bool)
 .text._Z13LoadCarToCartPKPKcjb
                0x06011b88     0x1234 src/main.o
                0x06011b88                LoadCarToCart(char const* const*, unsigned int, bool)
 .text._ZN3SRL5Debug5PrintIJmEEEvhhPKcDpT_
                0x06012dbc      0x118 src/main.o
                0x06012dbc                void SRL::Debug::Print<unsigned long>(unsigned char, unsigned char, char const*, unsigned long)
 .text._ZN3SRL4VDP212ScrollScreenINS0_4RBG0ELs5ELt16EE11LoadTilemapERNS_7Tilemap8ITilemapE
                0x06012ed4      0x494 src/main.o
                0x06012ed4                SRL::VDP2::ScrollScreen<SRL::VDP2::RBG0, (short)5, (unsigned short)16>::LoadTilemap(SRL::Tilemap::ITilemap&)
 .text._ZN3SRL5Debug5PrintIJlEEEvhhPKcDpT_
                0x06013368      0x118 src/main.o
                0x06013368                void SRL::Debug::Print<long>(unsigned char, unsigned char, char const*, long)
 .text._ZN3SRL5Debug5PrintIJsssEEEvhhPKcDpT_
                0x06013480       0xd4 src/main.o
                0x06013480                void SRL::Debug::Print<short, short, short>(unsigned char, unsigned char, char const*, short, short, short)
 .text._ZNSt6vectorIN13TrackRenderer11SmoothCacheESaIS1_EE14_M_fill_assignEjRKS1_
                0x06013554      0x5bc src/main.o
                0x06013554                std::vector<TrackRenderer::SmoothCache, std::allocator<TrackRenderer::SmoothCache> >::_M_fill_assign(unsigned int, TrackRenderer::SmoothCache const&)
 .text._ZN13TrackRenderer25InitializeFromModelObjectEP11ModelObjectj
                0x06013b10     0x1098 src/main.o
                0x06013b10                TrackRenderer::InitializeFromModelObject(ModelObject*, unsigned int)
 .text._ZN3SRL4VDP212ScrollScreenINS0_4NBG0ELs1ELt1EE12SetMapLayoutEhhhh
                0x06014ba8      0x210 src/main.o
                0x06014ba8                SRL::VDP2::ScrollScreen<SRL::VDP2::NBG0, (short)1, (unsigned short)1>::SetMapLayout(unsigned char, unsigned char, unsigned char, unsigned char)
 .text._ZN3SRL4VDP212ScrollScreenINS0_4NBG0ELs1ELt1EE11LoadTilemapERNS_7Tilemap8ITilemapE
                0x06014db8      0x550 src/main.o
                0x06014db8                SRL::VDP2::ScrollScreen<SRL::VDP2::NBG0, (short)1, (unsigned short)1>::LoadTilemap(SRL::Tilemap::ITilemap&)
 .text.startup  0x06015308      0x1e0 src/main.o
                0x06015308                main
 .text.exit     0x060154e8       0x54 src/main.o
 .text          0x0601553c      0xb14 src/mesh_renderer.o
                0x060155ac                MeshRenderer::SetSkipMesh(unsigned int)
                0x060155b4                MeshRenderer::SetScale(SRL::Math::Types::Fxp const&)
                0x060155bc                MeshRenderer::SetOffset(SRL::Math::Types::Vector3D const&)
                0x060155d4                MeshRenderer::SetLightDirection(SRL::Math::Types::Vector3D const&)
                0x060155e4                MeshRenderer::DrawMesh(unsigned int)
                0x06015670                MeshRenderer::Render(SRL::Math::Types::Vector3D const&, SRL::Math::Types::Angle const&, bool)
                0x06015858                MeshRenderer::ApplyTransform(SRL::Math::Types::Vector3D const&, SRL::Math::Types::Angle const&)
                0x060158f0                MeshRenderer::ComputeMeshCenters()
                0x06015f6c                MeshRenderer::MeshRenderer(ModelObject&, bool, MeshRenderer::Config const&)
                0x06015f6c                MeshRenderer::MeshRenderer(ModelObject&, bool, MeshRenderer::Config const&)
 .text.unlikely
                0x06016050        0x4 src/mesh_renderer.o
 .text.startup  0x06016054      0x198 src/mesh_renderer.o
 .text.exit     0x060161ec       0x54 src/mesh_renderer.o
 .text          0x06016240      0x3a0 ../../saturnringlib/../modules/sgl/LIB/LIBCD.A(CDC_CMN.O)
                0x06016240                CDC_GetCurStat
                0x06016290                CDC_GetLastStat
                0x060162a8                CDC_GetPeriStat
                0x0601637c                CDC_GetHwInfo
                0x060163e4                CDC_TgetToc
                0x06016434                CDC_GetSes
                0x06016470                CDC_CdInit
                0x060164f4                CDC_CdOpen
                0x0601651c                CDC_DataReady
                0x06016588                CDC_DataEnd
 .text          0x060165e0      0x2dc ../../saturnringlib/../modules/sgl/LIB/LIBCD.A(CDC_REG.O)
                0x060165e0                CDC_GetDataPtr
                0x060165f0                CDC_GetHirqReq
                0x06016604                CDC_ClrHirqReq
                0x06016634                CDREG_ClrHirqReq
                0x06016644                CDREG_InitHirqReq
                0x0601666c                CDREG_SetHirqFlag
                0x06016680                CDC_GetHirqMsk
                0x06016694                CDC_SetHirqMsk
                0x060166a4                CDC_GetMpegPtr
                0x060166b4                CDREG_TgetData
                0x06016710                CDREG_CmdRsp
                0x06016810                CDREG_WaitHirq
                0x06016880                CDREG_ReadRsp
 *fill*         0x060168bc        0x4 
 .text          0x060168c0      0x152 ../../saturnringlib/../modules/sgl/LIB/LIBCD.A(CDC_SUB.O)
                0x060168c0                CDSUB_UpdStatus
                0x060168d8                CDSUB_UpdCdstat
                0x060168f8                CDSUB_CdCmd
                0x06016968                CDSUB_GetCdstat
                0x060169a8                CDSUB_RspToCdstat
                0x060169f0                CDSUB_SoftTimer
 *fill*         0x06016a12        0xe 
 .text          0x06016a20     0x1adc ../../saturnringlib/../modules/sgl/LIB/LIBCD.A(GFS.O)
                0x06016a20                gfs_version
                0x06016a40                GFS_Init
                0x06016b28                GFS_LoadDir
                0x06016bd0                GFS_SetDir
                0x06016c38                GFS_NameToId
                0x06016c9c                GFS_IdToName
                0x06016d08                GFS_GetDirInfo
                0x06016d78                GFS_Reset
                0x06016dfc                GFS_Open
                0x06016eb0                GFS_Close
                0x06016ee8                GFS_Seek
                0x06016f9c                GFS_Tell
                0x06016fec                GFS_IsEof
                0x06017040                GFS_ByteToSct
                0x0601709c                GFS_GetFileSize
                0x060170f8                GFS_GetFileInfo
                0x0601716c                GFS_GetNumCdbuf
                0x06017194                GFS_Load
                0x06017258                GFS_Fread
                0x060172f4                gfs_waitRead
                0x0601739c                GFS_NwFread
                0x060174a8                GFS_NwCdRead
                0x06017520                GFS_NwIsComplete
                0x06017558                GFS_NwStop
                0x060175c4                GFS_NwGetStat
                0x06017640                gfs_recovRdErr
                0x06017670                GFS_NwExecOne
                0x06017730                GFS_NwExecServer
                0x060177ac                GFS_SetGmode
                0x06017810                GFS_SetTmode
                0x0601787c                GFS_SetReadPara
                0x060178e0                GFS_SetTransPara
                0x0601794c                GFS_SetTrFunc
                0x060179b0                GFS_StartTrans
                0x060179fc                GFS_CdMovePickup
                0x06017a68                GFS_SetErrFunc
                0x06017a94                GFS_GetErrStat
                0x06017ab8                GFS_ConvTno
                0x06017ae0                gfs_chgRoot
                0x06017bac                gfs_aborttrans
                0x06017bb8                gfs_mngSetupFuncTbl
                0x06017bec                gfs_mngInitWork
                0x06017c90                gfs_mngGetNumFile
                0x06017cf8                GFS_mngAllocGrp
                0x06017d40                gfs_mngFreeGrp
                0x06017d4c                gfs_mngTermAccess
                0x06017dd0                gfs_mngSetErrCode
                0x06017e50                gfs_svrSearchHndl
                0x06017e90                gfs_svrAddHndl
                0x06017ecc                gfs_svrRemoveHndl
                0x06017f28                GFS_OpenSub
                0x06017f80                gfs_loadVol
                0x06018044                gfs_getRootDir
                0x06018140                gfs_loadRootDir
                0x060181c8                gfs_flowIn
                0x06018270                gfs_transData
                0x06018314                GFS_GetFad
                0x0601836c                gfs_SetSct
                0x060183ac                gfs_GetFinfo
                0x060183ec                gfs_closeSub
                0x06018428                gfs_getGmode
                0x06018434                gfs_isTaskDone
                0x06018488                gfs_convFinStat
 *fill*         0x060184fc        0x4 
 .text          0x06018500      0x106 ../../saturnringlib/../modules/sgl/LIB/LIBCD.A(GFS_BUF.O)
                0x06018530                GFBF_GetTranData
                0x06018558                GFBF_GetNumData
                0x06018588                GFBF_GetSrcPk
                0x060185b0                GFBF_GetSctData
                0x060185d4                GFBF_RtnPk
                0x060185fc                gfbf_getSctDt
 *fill*         0x06018606        0xa 
 .text          0x06018610      0x600 ../../saturnringlib/../modules/sgl/LIB/LIBCD.A(GFS_CDB.O)
                0x06018610                GFCB_Setup
                0x06018730                GFCB_Close
                0x06018758                GFCB_GetLenData
                0x06018804                GFCB_GetLenRoom
                0x06018810                GFCB_SetFilt
                0x06018878                GFCB_DeleteAllData
                0x060188a0                GFCB_Tell
                0x060188b0                gfcb_getSctNum
                0x06018900                GFCB_Seek
                0x060189fc                GFCB_GetSrcPack
                0x06018adc                GFCB_GetSctData
                0x06018b14                GFCB_GetDstPack
                0x06018b20                GFCB_RtnPk
                0x06018b68                GFCB_MovePickup
                0x06018b84                GFCB_SetCon
                0x06018bb8                GFCB_GetPickup
                0x06018be0                GFCB_IsPuOwner
                0x06018bf8                GFCB_UngetPickup
 .text          0x06018c10     0x1a10 ../../saturnringlib/../modules/sgl/LIB/LIBCD.A(GFS_CDC.O)
                0x06018c10                GFCD_SetCdbfs
                0x06018c3c                GFCD_Init
                0x06018e40                GFCD_AllocFilt
                0x06018e7c                GFCD_FreeFilt
                0x06018eac                GFCD_AllocBuf
                0x06018ee0                GFCD_FreeBuf
                0x06018f84                GFCD_GetBaseFad
                0x06018fb8                GFCD_GetPickup
                0x06018fec                GFCD_UngetPickup
                0x06019018                GFCD_IsPuOwner
                0x0601903c                GFCD_SetFilt
                0x06019100                GFCD_GetFilt
                0x06019148                GFCD_SetCon
                0x060191a0                GFCD_Play
                0x06019200                GFCD_GetLenData
                0x06019268                GFCD_ReqData
                0x060192c4                GFCD_EndData
                0x0601930c                GFCD_DelSctData
                0x06019364                GFCD_CheckDelSctData
                0x06019394                GFCD_GetStat
                0x06019448                GFCD_MovePickup
                0x06019494                GFCD_MoveSctData
                0x06019508                GFCD_CheckMove
                0x0601952c                GFCD_GetSctInfo
                0x06019574                GFCD_ChgDir
                0x060195e8                GFCD_SetFiltCon
                0x060196d0                GFCD_GetFileInfo
                0x060197ac                GFCD_GetBufSiz
                0x060197e4                GFCD_ExecServer
                0x060198b8                gfcd_isIdleTask
                0x06019944                gfcd_doTask
                0x060199f0                GFCD_SetTimer
                0x06019a04                GFCD_WaitServer
                0x06019a40                gfcd_doSetFiltTsk
                0x06019c04                gfcd_doSetConTsk
                0x06019c94                gfcd_doGetLenDataTsk
                0x06019de8                gfcd_doReqDataTsk
                0x06019e88                gfcd_doDelSctDataTsk
                0x06019fbc                gfcd_doMoveSctTsk
                0x0601a120                gfcd_doChgDirTsk
                0x0601a31c                gfcd_doSetFiltConTsk
                0x0601a460                gfcd_checkEflag
                0x0601a484                gfcd_initCdbMng
                0x0601a504                gfcd_setStat
                0x0601a530                GFCD_SetCsctFunc
                0x0601a54c                GFCD_ChkScdqFlag
                0x0601a570                GFCD_ClrScdqFlag
                0x0601a58c                GFCD_WaitScdqFlag
                0x0601a5d0                GFCD_WaitPause
 .text          0x0601a620      0x8d8 ../../saturnringlib/../modules/sgl/LIB/LIBCD.A(GFS_CDF.O)
                0x0601a620                GFCF_Init
                0x0601a6c0                GFCF_Setup
                0x0601a808                GFCF_SetSct
                0x0601a84c                GFCF_GetFileInfo
                0x0601a8c0                GFCF_FlowInBuf
                0x0601aa14                GFCF_StopInBuf
                0x0601aab4                GFCF_Recover
                0x0601aafc                GFCF_Tell
                0x0601ab14                GFCF_Seek
                0x0601ab2c                GFCF_MovePickup
                0x0601abc8                GFCF_cnvIntlvOfs
                0x0601ac1c                GFCF_GetStat
                0x0601acb4                gfcf_getSctSize
                0x0601acf0                gfcf_isCdOk
                0x0601adb0                gfcf_getPlayRange
 *fill*         0x0601aef8        0x8 
 .text          0x0601af00      0x92c ../../saturnringlib/../modules/sgl/LIB/LIBCD.A(GFS_DIR.O)
                0x0601af00                GFDR_SetupDirTbl
                0x0601af74                GFDR_NameToId
                0x0601afd4                GFDR_GetInfoDirId
                0x0601afe8                GFDR_GetInfoDirName
                0x0601affc                GFDR_GetAtrDirId
                0x0601b014                GFDR_GetAtrDirName
                0x0601b02c                GFDR_ChgRoot
                0x0601b044                GFDR_ChgDir
                0x0601b0b8                gfdr_setupDirIdTbl
                0x0601b13c                gfdr_setupDirNameTbl
                0x0601b1e8                gfdr_open
                0x0601b210                gfdr_read
                0x0601b2d0                gfdr_readByte
                0x0601b2fc                gfdr_readWord
                0x0601b328                gfdr_readWordNB
                0x0601b37c                gfdr_readLongNB
                0x0601b3c8                gfdr_readLongNM
                0x0601b3f0                gfdr_setNextRec
                0x0601b474                gfdr_readDirEnt
                0x0601b7f0                gfdr_setDirrecCd
 *fill*         0x0601b82c        0x4 
 .text          0x0601b830      0x9c6 ../../saturnringlib/../modules/sgl/LIB/LIBCD.A(GFS_TRN.O)
                0x0601b860                GFTR_Setup
                0x0601b8a4                GFTR_SetMode
                0x0601b8b8                GFTR_SetUnit
                0x0601b8c4                GFTR_SetTransPara
                0x0601b8f8                GFTR_GetTransPara
                0x0601b904                GFTR_GetNumTrans
                0x0601b910                GFTR_SetTransMax
                0x0601b91c                GFTR_Start
                0x0601b928                GFTR_Pause
                0x0601b934                GFTR_Stop
                0x0601b9ec                GFTR_Exec
                0x0601ba70                GFTR_Idle
                0x0601bae8                GFTR_ExecSvr
                0x0601bbf0                gftr_getSrcPack
                0x0601bc78                gftr_getDstPack
                0x0601bcd4                gftr_reqScu
                0x0601bce0                gftr_execScu
                0x0601bd7c                gftr_remScu
                0x0601bdb0                gfdma_canUse
                0x0601bdbc                gfdma_exec
                0x0601be2c                gfdma_getBytecnt
                0x0601be64                gftr_reqDma0
                0x0601be7c                gftr_execSdma0
                0x0601bea0                gftr_remDma0
                0x0601beb8                gftr_reqDma1
                0x0601bed0                gftr_execSdma1
                0x0601bef4                gftr_remDma1
                0x0601bf0c                gftr_reqCpu
                0x0601bf18                gftr_execCpu
                0x0601bf58                gftr_remCpu
                0x0601bf64                gftr_reqTrn
                0x0601bfd4                gftr_execTrn
                0x0601c0ac                gftr_remTrn
                0x0601c120                gftr_copyFrac
                0x0601c148                GFTR_GetLenData
                0x0601c154                GFTR_GetLenRoom
                0x0601c16c                GFTR_GetDstPack
                0x0601c1a0                GFTR_RtnDstPk
                0x0601c1bc                GFTR_GetData
                0x0601c1d0                GFTR_SetData
                0x0601c1e4                GFTR_SetTransFunc
 *fill*         0x0601c1f6        0xa 
 .text          0x0601c200      0x130 ../../saturnringlib/../modules/sgl/LIB/LIBCD.A(CDC_DRV.O)
                0x0601c200                CDC_CdPlay
                0x0601c2cc                CDC_CdSeek
                0x0601c300                CDC_CdScan
 .text          0x0601c330       0xa8 ../../saturnringlib/../modules/sgl/LIB/LIBCD.A(CDC_DEV.O)
                0x0601c330                CDC_CdSetCon
                0x0601c360                CDC_CdGetCon
                0x0601c39c                CDC_CdGetLastBuf
 *fill*         0x0601c3d8        0x8 
 .text          0x0601c3e0      0x2b8 ../../saturnringlib/../modules/sgl/LIB/LIBCD.A(CDC_SEL.O)
                0x0601c3e0                CDC_SetFiltRange
                0x0601c414                CDC_GetFiltRange
                0x0601c46c                CDC_SetFiltSubh
                0x0601c4dc                CDC_GetFiltSubh
                0x0601c558                CDC_SetFiltMode
                0x0601c58c                CDC_GetFiltMode
                0x0601c5d0                CDC_SetFiltCon
                0x0601c610                CDC_GetFiltCon
                0x0601c664                CDC_ResetSelector
 *fill*         0x0601c698        0x8 
 .text          0x0601c6a0      0x270 ../../saturnringlib/../modules/sgl/LIB/LIBCD.A(CDC_BIF.O)
                0x0601c6a0                CDC_GetBufSiz
                0x0601c6fc                CDC_GetSctNum
                0x0601c740                CDC_CalActSiz
                0x0601c77c                CDC_GetActSiz
                0x0601c7fc                CDC_GetSctInfo
                0x0601c87c                CDC_ExeFadSearch
                0x0601c8b4                CDC_GetFadSearch
 .text          0x0601c910      0x1e4 ../../saturnringlib/../modules/sgl/LIB/LIBCD.A(CDC_BIO.O)
                0x0601c910                CDC_SetSctLen
                0x0601c944                CDC_GetSctData
                0x0601c980                CDC_DelSctData
                0x0601c9bc                CDC_GetdelSctData
                0x0601c9f8                CDC_PutSctData
                0x0601ca30                CDC_CopySctData
                0x0601ca74                CDC_MoveSctData
                0x0601cab8                CDC_GetCopyErr
 *fill*         0x0601caf4        0xc 
 .text          0x0601cb00      0x194 ../../saturnringlib/../modules/sgl/LIB/LIBCD.A(CDC_CFS.O)
                0x0601cb00                CDC_ChgDir
                0x0601cb34                CDC_ReadDir
                0x0601cb68                CDC_GetFileScope
                0x0601cbc8                CDC_TgetFileInfo
                0x0601cc24                CDC_ReadFile
                0x0601cc58                CDC_AbortFile
 *fill*         0x0601cc94        0xc 
 .text          0x0601cca0        0x0 ../../saturnringlib/../modules/sgl/LIB/LIBSGL.A(sglA16.o)
 .text          0x0601cca0        0x0 ../../saturnringlib/../modules/sgl/LIB/LIBSGL.A(sglA17.o)
 .text          0x0601cca0        0x0 ../../saturnringlib/../modules/sgl/LIB/LIBSGL.A(sglA18.o)
 .text          0x0601cca0        0x0 ../../saturnringlib/../modules/sgl/LIB/LIBSGL.A(sglA19.o)
 .text          0x0601cca0        0x0 ../../saturnringlib/../modules/sgl/LIB/LIBSGL.A(sglA20.o)
 .text          0x0601cca0        0x0 ../../saturnringlib/../modules/sgl/LIB/LIBSGL.A(sglA21.o)
 .text          0x0601cca0        0x0 ../../saturnringlib/../modules/sgl/LIB/LIBSGL.A(sglA27.o)
 .text          0x0601cca0        0x0 ../../saturnringlib/../modules/sgl/LIB/LIBSGL.A(sglA39.o)
 .text          0x0601cca0        0x0 ../../saturnringlib/../modules/sgl/LIB/LIBSGL.A(sglB001.o)
 .text          0x0601cca0        0x0 ../../saturnringlib/../modules/sgl/LIB/LIBSGL.A(sglB002.o)
 .text          0x0601cca0        0x0 ../../saturnringlib/../modules/sgl/LIB/LIBSGL.A(sglB015.o)
 .text          0x0601cca0        0x0 ../../saturnringlib/../modules/sgl/LIB/LIBSGL.A(sglB016.o)
 .text          0x0601cca0        0x0 ../../saturnringlib/../modules/sgl/LIB/LIBSGL.A(sglB031.o)
 .text          0x0601cca0        0x0 ../../saturnringlib/../modules/sgl/LIB/LIBSGL.A(sglB034.o)
 .text          0x0601cca0        0x0 ../../saturnringlib/../modules/sgl/LIB/LIBSGL.A(sglB035.o)
 .text          0x0601cca0        0x0 ../../saturnringlib/../modules/sgl/LIB/LIBSGL.A(sglB038.o)
 .text          0x0601cca0        0x0 ../../saturnringlib/../modules/sgl/LIB/LIBSGL.A(sglB042.o)
 .text          0x0601cca0        0x0 ../../saturnringlib/../modules/sgl/LIB/LIBSGL.A(sglB043.o)
 .text          0x0601cca0        0x0 ../../saturnringlib/../modules/sgl/LIB/LIBSGL.A(sglB044.o)
 .text          0x0601cca0        0x0 ../../saturnringlib/../modules/sgl/LIB/LIBSGL.A(sglB045.o)
 .text          0x0601cca0        0x0 ../../saturnringlib/../modules/sgl/LIB/LIBSGL.A(sglB047.o)
 .text          0x0601cca0        0x0 ../../saturnringlib/../modules/sgl/LIB/LIBSGL.A(sglB055.o)
 .text          0x0601cca0        0x0 ../../saturnringlib/../modules/sgl/LIB/LIBSGL.A(sglB058.o)
 .text          0x0601cca0        0x0 ../../saturnringlib/../modules/sgl/LIB/LIBSGL.A(sglB059.o)
 .text          0x0601cca0        0x0 ../../saturnringlib/../modules/sgl/LIB/LIBSGL.A(sglB063.o)
 .text          0x0601cca0        0x0 ../../saturnringlib/../modules/sgl/LIB/LIBSGL.A(sglB070.o)
 .text          0x0601cca0        0x0 ../../saturnringlib/../modules/sgl/LIB/LIBSGL.A(sglB112.o)
 .text          0x0601cca0        0x0 ../../saturnringlib/../modules/sgl/LIB/LIBSGL.A(sglB200.o)
 .text          0x0601cca0        0x0 ../../saturnringlib/../modules/sgl/LIB/LIBSGL.A(sglC01.o)
 .text          0x0601cca0        0x0 ../../saturnringlib/../modules/sgl/LIB/LIBSGL.A(sglC02.o)
 .text          0x0601cca0        0x0 ../../saturnringlib/../modules/sgl/LIB/LIBSGL.A(sglC04.o)
 .text          0x0601cca0        0x0 ../../saturnringlib/../modules/sgl/LIB/LIBSGL.A(sglC05.o)
 .text          0x0601cca0        0x0 ../../saturnringlib/../modules/sgl/LIB/LIBSGL.A(sglC08.o)
 .text          0x0601cca0        0x0 ../../saturnringlib/../modules/sgl/LIB/LIBSGL.A(sglC20.o)
 .text          0x0601cca0        0x0 ../../saturnringlib/../modules/sgl/LIB/LIBSGL.A(sglD00.o)
 .text          0x0601cca0        0x0 ../../saturnringlib/../modules/sgl/LIB/LIBSGL.A(sglD01.o)
 .text          0x0601cca0        0x0 ../../saturnringlib/../modules/sgl/LIB/LIBSGL.A(sglD03.o)
 .text          0x0601cca0        0x0 ../../saturnringlib/../modules/sgl/LIB/LIBSGL.A(sglD15.o)
 .text          0x0601cca0        0x0 ../../saturnringlib/../modules/sgl/LIB/LIBSGL.A(sglD16.o)
 .text          0x0601cca0        0x0 ../../saturnringlib/../modules/sgl/LIB/LIBSGL.A(sglD17.o)
 .text          0x0601cca0        0x0 ../../saturnringlib/../modules/sgl/LIB/LIBSGL.A(sglD18.o)
 .text          0x0601cca0        0x0 ../../saturnringlib/../modules/sgl/LIB/LIBSGL.A(sglF00.o)
 .text          0x0601cca0        0x0 ../../saturnringlib/../modules/sgl/LIB/LIBSGL.A(sglG00.o)
 .text          0x0601cca0        0x0 ../../saturnringlib/../modules/sgl/LIB/LIBSGL.A(sglH00.o)
 .text          0x0601cca0        0x0 ../../saturnringlib/../modules/sgl/LIB/LIBSGL.A(sglH02.o)
 .text          0x0601cca0        0x0 ../../saturnringlib/../modules/sgl/LIB/LIBSGL.A(sglH04.o)
 .text          0x0601cca0        0x0 ../../saturnringlib/../modules/sgl/LIB/LIBSGL.A(sglI01.o)
 .text          0x0601cca0        0x0 ../../saturnringlib/../modules/sgl/LIB/LIBSGL.A(sglI04.o)
 .text          0x0601cca0      0x128 ../../saturnringlib/../modules/sgl/LIB/LIBSGL.A(sglIc0.o)
                0x0601cca0                slInitSystem
 *fill*         0x0601cdc8        0x8 
 .text          0x0601cdd0        0x0 ../../saturnringlib/../modules/sgl/LIB/LIBSGL.A(sglJ00.o)
 .text          0x0601cdd0        0x0 ../../saturnringlib/../modules/sgl/LIB/LIBSGL.A(sglJ01.o)
 .text          0x0601cdd0        0x0 ../../saturnringlib/../modules/sgl/LIB/LIBSGL.A(sglJ02.o)
 .text          0x0601cdd0        0x0 ../../saturnringlib/../modules/sgl/LIB/LIBSGL.A(sglJ03.o)
 .text          0x0601cdd0        0x0 ../../saturnringlib/../modules/sgl/LIB/LIBSGL.A(sglJ04.o)
 .text          0x0601cdd0        0x0 ../../saturnringlib/../modules/sgl/LIB/LIBSGL.A(sglJ05.o)
 .text          0x0601cdd0        0x0 ../../saturnringlib/../modules/sgl/LIB/LIBSGL.A(sglK01.o)
 .text          0x0601cdd0        0x0 ../../saturnringlib/../modules/sgl/LIB/LIBSGL.A(sglM00.o)
 .text          0x0601cdd0        0x0 ../../saturnringlib/../modules/sgl/LIB/LIBSGL.A(sglM01.o)
 .text          0x0601cdd0        0x0 ../../saturnringlib/../modules/sgl/LIB/LIBSGL.A(sglA00.o)
 .text          0x0601cdd0        0x0 ../../saturnringlib/../modules/sgl/LIB/LIBSGL.A(sglA01.o)
 .text          0x0601cdd0        0x0 ../../saturnringlib/../modules/sgl/LIB/LIBSGL.A(sglA03.o)
 .text          0x0601cdd0        0x0 ../../saturnringlib/../modules/sgl/LIB/LIBSGL.A(sglA10.o)
 .text          0x0601cdd0        0x0 ../../saturnringlib/../modules/sgl/LIB/LIBSGL.A(sglA24.o)
 .text          0x0601cdd0        0x0 ../../saturnringlib/../modules/sgl/LIB/LIBSGL.A(sglA25.o)
 .text          0x0601cdd0        0x0 ../../saturnringlib/../modules/sgl/LIB/LIBSGL.A(sglA28.o)
 .text          0x0601cdd0        0x0 ../../saturnringlib/../modules/sgl/LIB/LIBSGL.A(sglA40.o)
 .text          0x0601cdd0        0x0 ../../saturnringlib/../modules/sgl/LIB/LIBSGL.A(sglB000.o)
 .text          0x0601cdd0        0x0 ../../saturnringlib/../modules/sgl/LIB/LIBSGL.A(sglC00.o)
 .text          0x0601cdd0        0x0 ../../saturnringlib/../modules/sgl/LIB/LIBSGL.A(sglC13.o)
 .text          0x0601cdd0        0x0 ../../saturnringlib/../modules/sgl/LIB/LIBSGL.A(sglD02.o)
 .text          0x0601cdd0        0x0 ../../saturnringlib/../modules/sgl/LIB/LIBSGL.A(sglD19.o)
 .text          0x0601cdd0        0x0 ../../saturnringlib/../modules/sgl/LIB/LIBSGL.A(sglI00.o)
 .text          0x0601cdd0        0x0 ../../saturnringlib/../modules/sgl/LIB/LIBSGL.A(sglH03.o)
 .text          0x0601cdd0     0x10b4 ../../saturnringlib/../modules/sgl/LIB/LIBSND.A(snd_main.o)
                0x0601cdd0                SND_Init
                0x0601cf48                SND_MoveData
                0x0601cf94                SND_ChgMap
                0x0601d06c                SND_SetTlVl
                0x0601d0cc                SND_ChgEfct
                0x0601d12c                SND_ChgMix
                0x0601d198                SND_ChgMixPrm
                0x0601d220                SND_ChkHard
                0x0601d2bc                SND_StopDsp
                0x0601d310                SND_OffAllSound
                0x0601d364                SND_StartSeq
                0x0601d3e8                SND_StopSeq
                0x0601d448                SND_PauseSeq
                0x0601d4a8                SND_ContSeq
                0x0601d508                SND_SetSeqVl
                0x0601d580                SND_ChgTempo
                0x0601d5fc                SND_CtrlDirMidi
                0x0601d6b4                SND_SetSeqPan
                0x0601d728                SND_StartPcm
                0x0601d838                SND_StopPcm
                0x0601d898                SND_ChgPcm
                0x0601d968                SND_StartVlAnl
                0x0601d9bc                SND_StopVlAnl
                0x0601da10                SND_SetCdDaLev
                0x0601da8c                SND_SetCdDaPan
                0x0601db08                SND_GetSeqStat
                0x0601db30                SND_GetSeqPlayPos
                0x0601db4c                SND_GetPcmPlayAdr
                0x0601db74                SND_GetAnlTlVl
                0x0601db90                SND_GetAnlHzVl
                0x0601dd4c                SND_SetQSound
                0x0601ddb8                SND_Set3D_Stat
                0x0601de30                SND_Set3D_Init
 .text          0x0601de84       0x52 C:/saturn/SaturnRingLib-main/Compiler/sh2eb-elf/bin/../lib/gcc/sh-elf/14.2.0\libgcc.a(_ashiftrt.o)
                0x0601de84                __ashiftrt_r4_31
                0x0601de84                __ashiftrt_r4_32
                0x0601de8a                __ashiftrt_r4_30
                0x0601de8c                __ashiftrt_r4_29
                0x0601de8e                __ashiftrt_r4_28
                0x0601de90                __ashiftrt_r4_27
                0x0601de92                __ashiftrt_r4_26
                0x0601de94                __ashiftrt_r4_25
                0x0601de96                __ashiftrt_r4_24
                0x0601de9e                __ashiftrt_r4_23
                0x0601dea0                __ashiftrt_r4_22
                0x0601dea2                __ashiftrt_r4_21
                0x0601dea4                __ashiftrt_r4_20
                0x0601dea6                __ashiftrt_r4_19
                0x0601dea8                __ashiftrt_r4_18
                0x0601deaa                __ashiftrt_r4_17
                0x0601deac                __ashiftrt_r4_16
                0x0601deb2                __ashiftrt_r4_15
                0x0601deb4                __ashiftrt_r4_14
                0x0601deb6                __ashiftrt_r4_13
                0x0601deb8                __ashiftrt_r4_12
                0x0601deba                __ashiftrt_r4_11
                0x0601debc                __ashiftrt_r4_10
                0x0601debe                __ashiftrt_r4_9
                0x0601dec0                __ashiftrt_r4_8
                0x0601dec2                __ashiftrt_r4_7
                0x0601dec4                __ashiftrt_r4_6
                0x0601dec6                __ashiftrt_r4_5
                0x0601dec8                __ashiftrt_r4_4
                0x0601deca                __ashiftrt_r4_3
                0x0601decc                __ashiftrt_r4_2
                0x0601dece                __ashiftrt_r4_1
                0x0601ded2                __ashiftrt_r4_0
 *fill*         0x0601ded6        0x2 
 .text          0x0601ded8       0x80 C:/saturn/SaturnRingLib-main/Compiler/sh2eb-elf/bin/../lib/gcc/sh-elf/14.2.0\libgcc.a(_ashiftrt_n.o)
                0x0601ded8                __ashrsi3
 .text          0x0601df58       0xbc C:/saturn/SaturnRingLib-main/Compiler/sh2eb-elf/bin/../lib/gcc/sh-elf/14.2.0\libgcc.a(_ashiftlt.o)
                0x0601df58                __ashlsi3
                0x0601df5c                __ashlsi3_r0
 .text          0x0601e014       0xbc C:/saturn/SaturnRingLib-main/Compiler/sh2eb-elf/bin/../lib/gcc/sh-elf/14.2.0\libgcc.a(_lshiftrt.o)
                0x0601e014                __lshrsi3
                0x0601e018                __lshrsi3_r0
 .text          0x0601e0d0       0x78 C:/saturn/SaturnRingLib-main/Compiler/sh2eb-elf/bin/../lib/gcc/sh-elf/14.2.0\libgcc.a(_movmem.o)
                0x0601e0d0                __movmem
                0x0601e0d0                __movstr
                0x0601e104                __movstrSI64
                0x0601e104                __movmemSI64
                0x0601e108                __movstrSI60
                0x0601e108                __movmemSI60
                0x0601e10c                __movstrSI56
                0x0601e10c                __movmemSI56
                0x0601e110                __movstrSI52
                0x0601e110                __movmemSI52
                0x0601e114                __movstrSI48
                0x0601e114                __movmemSI48
                0x0601e118                __movmemSI44
                0x0601e118                __movstrSI44
                0x0601e11c                __movstrSI40
                0x0601e11c                __movmemSI40
                0x0601e120                __movmemSI36
                0x0601e120                __movstrSI36
                0x0601e124                __movmemSI32
                0x0601e124                __movstrSI32
                0x0601e128                __movstrSI28
                0x0601e128                __movmemSI28
                0x0601e12c                __movmemSI24
                0x0601e12c                __movstrSI24
                0x0601e130                __movstrSI20
                0x0601e130                __movmemSI20
                0x0601e134                __movstrSI16
                0x0601e134                __movmemSI16
                0x0601e138                __movstrSI12
                0x0601e138                __movmemSI12
                0x0601e13c                __movmemSI8
                0x0601e13c                __movstrSI8
                0x0601e140                __movmemSI4
                0x0601e140                __movstrSI4
 .text          0x0601e148       0xa0 C:/saturn/SaturnRingLib-main/Compiler/sh2eb-elf/bin/../lib/gcc/sh-elf/14.2.0\libgcc.a(_sdivsi3.o)
                0x0601e148                __sdivsi3
 .text          0x0601e1e8       0x6c C:/saturn/SaturnRingLib-main/Compiler/sh2eb-elf/bin/../lib/gcc/sh-elf/14.2.0\libgcc.a(_udivsi3.o)
                0x0601e20a                __udivsi3
 .text          0x0601e254       0x3c C:/saturn/SaturnRingLib-main/Compiler/sh2eb-elf/bin/../lib/gcc/sh-elf/14.2.0\libgcc.a(_sf_to_df.o)
                0x0601e254                __extendsfdf2
 .text          0x0601e290      0x224 C:/saturn/SaturnRingLib-main/Compiler/sh2eb-elf/bin/../lib/gcc/sh-elf/14.2.0\libgcc.a(_mul_df.o)
                0x0601e290                __muldf3
 .text          0x0601e4b4       0xa8 C:/saturn/SaturnRingLib-main/Compiler/sh2eb-elf/bin/../lib/gcc/sh-elf/14.2.0\libgcc.a(_df_to_si.o)
                0x0601e4b4                __fixdfsi
 .text          0x0601e55c       0x28 C:/saturn/SaturnRingLib-main/Compiler/sh2eb-elf/bin/../lib/gcc/sh-elf/14.2.0\libgcc.a(_make_df.o)
                0x0601e55c                __make_dp
 .text          0x0601e584        0x0 C:/saturn/SaturnRingLib-main/Compiler/sh2eb-elf/bin/../lib/gcc/sh-elf/14.2.0\libgcc.a(_thenan_df.o)
 .text          0x0601e584       0xa4 C:/saturn/SaturnRingLib-main/Compiler/sh2eb-elf/bin/../lib/gcc/sh-elf/14.2.0\libgcc.a(_unpack_sf.o)
                0x0601e584                __unpack_f
 .text          0x0601e628      0x238 C:/saturn/SaturnRingLib-main/Compiler/sh2eb-elf/bin/../lib/gcc/sh-elf/14.2.0\libgcc.a(_pack_df.o)
                0x0601e628                __pack_d
 .text          0x0601e860       0xd4 C:/saturn/SaturnRingLib-main/Compiler/sh2eb-elf/bin/../lib/gcc/sh-elf/14.2.0\libgcc.a(_unpack_df.o)
                0x0601e860                __unpack_d
 .text          0x0601e934       0x18 C:/saturn/SaturnRingLib-main/Compiler/sh2eb-elf/bin/../lib/gcc/sh-elf/14.2.0/../../../../sh-elf/lib\libc.a(libc_a-abort.o)
                0x0601e934                abort
 .text          0x0601e94c      0x108 C:/saturn/SaturnRingLib-main/Compiler/sh2eb-elf/bin/../lib/gcc/sh-elf/14.2.0/../../../../sh-elf/lib\libc.a(libc_a-snprintf.o)
                0x0601e94c                _snprintf_r
                0x0601e94c                _sniprintf_r
                0x0601e9cc                snprintf
                0x0601e9cc                sniprintf
 .text          0x0601ea54       0x1e C:/saturn/SaturnRingLib-main/Compiler/sh2eb-elf/bin/../lib/gcc/sh-elf/14.2.0/../../../../sh-elf/lib\libc.a(libc_a-memcmp.o)
                0x0601ea54                memcmp
 .text          0x0601ea72       0x3c C:/saturn/SaturnRingLib-main/Compiler/sh2eb-elf/bin/../lib/gcc/sh-elf/14.2.0/../../../../sh-elf/lib\libc.a(libc_a-memmove.o)
                0x0601ea72                memmove
 .text          0x0601eaae       0x26 C:/saturn/SaturnRingLib-main/Compiler/sh2eb-elf/bin/../lib/gcc/sh-elf/14.2.0/../../../../sh-elf/lib\libc.a(libc_a-strncmp.o)
                0x0601eaae                strncmp
 .text          0x0601ead4       0x32 C:/saturn/SaturnRingLib-main/Compiler/sh2eb-elf/bin/../lib/gcc/sh-elf/14.2.0/../../../../sh-elf/lib\libc.a(libc_a-strncpy.o)
                0x0601ead4                strncpy
 *fill*         0x0601eb06        0x2 
 .text          0x0601eb08      0x1a8 C:/saturn/SaturnRingLib-main/Compiler/sh2eb-elf/bin/../lib/gcc/sh-elf/14.2.0/../../../../sh-elf/lib\libc.a(libc_a-signal.o)
                0x0601eb08                _init_signal_r
                0x0601eb48                _signal_r
                0x0601eb94                _raise_r
                0x0601ec04                __sigtramp_r
                0x0601ec64                raise
                0x0601ec78                signal
                0x0601ec8c                _init_signal
                0x0601ec9c                __sigtramp
 .text          0x0601ecb0        0x0 C:/saturn/SaturnRingLib-main/Compiler/sh2eb-elf/bin/../lib/gcc/sh-elf/14.2.0/../../../../sh-elf/lib\libc.a(libc_a-impure.o)
 .text          0x0601ecb0       0x40 C:/saturn/SaturnRingLib-main/Compiler/sh2eb-elf/bin/../lib/gcc/sh-elf/14.2.0/../../../../sh-elf/lib\libc.a(libc_a-signalr.o)
                0x0601ecb0                _kill_r
                0x0601ece4                _getpid_r
 .text          0x0601ecf0       0x94 C:/saturn/SaturnRingLib-main/Compiler/sh2eb-elf/bin/../lib/gcc/sh-elf/14.2.0/../../../../sh-elf/lib\libc.a(libc_a-memcpy.o)
                0x0601ecf0                memcpy
 .text          0x0601ed84       0x40 C:/saturn/SaturnRingLib-main/Compiler/sh2eb-elf/bin/../lib/gcc/sh-elf/14.2.0/../../../../sh-elf/lib\libc.a(libc_a-memset.o)
                0x0601ed84                memset
 .text          0x0601edc4      0x194 C:/saturn/SaturnRingLib-main/Compiler/sh2eb-elf/bin/../lib/gcc/sh-elf/14.2.0/../../../../sh-elf/lib\libc.a(libc_a-mallocr.o)
                0x0601ee20                _malloc_r
 .text          0x0601ef58        0x8 C:/saturn/SaturnRingLib-main/Compiler/sh2eb-elf/bin/../lib/gcc/sh-elf/14.2.0/../../../../sh-elf/lib\libc.a(libc_a-mlock.o)
                0x0601ef58                __malloc_lock
                0x0601ef5c                __malloc_unlock
 .text          0x0601ef60      0x42c C:/saturn/SaturnRingLib-main/Compiler/sh2eb-elf/bin/../lib/gcc/sh-elf/14.2.0/../../../../sh-elf/lib\libc.a(libc_a-nano-svfprintf.o)
                0x0601ef60                __ssputs_r
                0x0601f054                __ssprint_r
                0x0601f17c                _svfprintf_r
                0x0601f17c                _svfiprintf_r
 .text          0x0601f38c      0x374 C:/saturn/SaturnRingLib-main/Compiler/sh2eb-elf/bin/../lib/gcc/sh-elf/14.2.0/../../../../sh-elf/lib\libc.a(libc_a-nano-vfprintf_i.o)
                0x0601f38c                _printf_common
                0x0601f48c                _printf_i
 .text          0x0601f700      0x1fc C:/saturn/SaturnRingLib-main/Compiler/sh2eb-elf/bin/../lib/gcc/sh-elf/14.2.0/../../../../sh-elf/lib\libc.a(libc_a-findfp.o)
                0x0601f808                __sfp
                0x0601f8d4                __sinit
 .text          0x0601f8fc       0x58 C:/saturn/SaturnRingLib-main/Compiler/sh2eb-elf/bin/../lib/gcc/sh-elf/14.2.0/../../../../sh-elf/lib\libc.a(libc_a-fwalk.o)
                0x0601f8fc                _fwalk_sglue
 .text          0x0601f954       0xdc C:/saturn/SaturnRingLib-main/Compiler/sh2eb-elf/bin/../lib/gcc/sh-elf/14.2.0/../../../../sh-elf/lib\libc.a(libc_a-stdio.o)
                0x0601f954                __sread
                0x0601f98c                __seofread
                0x0601f990                __swrite
                0x0601f9e0                __sseek
                0x0601fa20                __sclose
 .text          0x0601fa30       0x1c C:/saturn/SaturnRingLib-main/Compiler/sh2eb-elf/bin/../lib/gcc/sh-elf/14.2.0/../../../../sh-elf/lib\libc.a(libc_a-memchr.o)
                0x0601fa30                memchr
 .text          0x0601fa4c       0x30 C:/saturn/SaturnRingLib-main/Compiler/sh2eb-elf/bin/../lib/gcc/sh-elf/14.2.0/../../../../sh-elf/lib\libc.a(libc_a-closer.o)
                0x0601fa4c                _close_r
 .text          0x0601fa7c       0xa4 C:/saturn/SaturnRingLib-main/Compiler/sh2eb-elf/bin/../lib/gcc/sh-elf/14.2.0/../../../../sh-elf/lib\libc.a(libc_a-reent.o)
                0x0601fa7c                _reclaim_reent
 .text          0x0601fb20       0x34 C:/saturn/SaturnRingLib-main/Compiler/sh2eb-elf/bin/../lib/gcc/sh-elf/14.2.0/../../../../sh-elf/lib\libc.a(libc_a-lseekr.o)
                0x0601fb20                _lseek_r
 .text          0x0601fb54       0x34 C:/saturn/SaturnRingLib-main/Compiler/sh2eb-elf/bin/../lib/gcc/sh-elf/14.2.0/../../../../sh-elf/lib\libc.a(libc_a-readr.o)
                0x0601fb54                _read_r
 .text          0x0601fb88       0x30 C:/saturn/SaturnRingLib-main/Compiler/sh2eb-elf/bin/../lib/gcc/sh-elf/14.2.0/../../../../sh-elf/lib\libc.a(libc_a-sbrkr.o)
                0x0601fb88                _sbrk_r
 .text          0x0601fbb8       0x34 C:/saturn/SaturnRingLib-main/Compiler/sh2eb-elf/bin/../lib/gcc/sh-elf/14.2.0/../../../../sh-elf/lib\libc.a(libc_a-writer.o)
                0x0601fbb8                _write_r
 .text          0x0601fbec       0xc4 C:/saturn/SaturnRingLib-main/Compiler/sh2eb-elf/bin/../lib/gcc/sh-elf/14.2.0/../../../../sh-elf/lib\libc.a(libc_a-freer.o)
                0x0601fbec                _free_r
 .text          0x0601fcb0       0x98 C:/saturn/SaturnRingLib-main/Compiler/sh2eb-elf/bin/../lib/gcc/sh-elf/14.2.0/../../../../sh-elf/lib\libc.a(libc_a-reallocr.o)
                0x0601fcb0                _realloc_r
 .text          0x0601fd48      0x1a8 C:/saturn/SaturnRingLib-main/Compiler/sh2eb-elf/bin/../lib/gcc/sh-elf/14.2.0/../../../../sh-elf/lib\libc.a(libc_a-fflush.o)
                0x0601fd48                __sflush_r
                0x0601fe80                _fflush_r
                0x0601fec0                fflush
 .text          0x0601fef0       0x16 C:/saturn/SaturnRingLib-main/Compiler/sh2eb-elf/bin/../lib/gcc/sh-elf/14.2.0/../../../../sh-elf/lib\libc.a(libc_a-msizer.o)
                0x0601fef0                _malloc_usable_size_r
 *fill*         0x0601ff06        0x2 
 .text          0x0601ff08       0x10 C:/saturn/SaturnRingLib-main/Compiler/sh2eb-elf/bin/../lib/gcc/sh-elf/14.2.0/../../../../sh-elf/lib\libnosys.a(close.o)
                0x0601ff08                _close
 .text          0x0601ff18       0x10 C:/saturn/SaturnRingLib-main/Compiler/sh2eb-elf/bin/../lib/gcc/sh-elf/14.2.0/../../../../sh-elf/lib\libnosys.a(getpid.o)
                0x0601ff18                _getpid
 .text          0x0601ff28       0x10 C:/saturn/SaturnRingLib-main/Compiler/sh2eb-elf/bin/../lib/gcc/sh-elf/14.2.0/../../../../sh-elf/lib\libnosys.a(kill.o)
                0x0601ff28                _kill
 .text          0x0601ff38       0x10 C:/saturn/SaturnRingLib-main/Compiler/sh2eb-elf/bin/../lib/gcc/sh-elf/14.2.0/../../../../sh-elf/lib\libnosys.a(lseek.o)
                0x0601ff38                _lseek
 .text          0x0601ff48       0x10 C:/saturn/SaturnRingLib-main/Compiler/sh2eb-elf/bin/../lib/gcc/sh-elf/14.2.0/../../../../sh-elf/lib\libnosys.a(read.o)
                0x0601ff48                _read
 .text          0x0601ff58       0x18 C:/saturn/SaturnRingLib-main/Compiler/sh2eb-elf/bin/../lib/gcc/sh-elf/14.2.0/../../../../sh-elf/lib\libnosys.a(sbrk.o)
                0x0601ff58                _sbrk
 .text          0x0601ff70       0x10 C:/saturn/SaturnRingLib-main/Compiler/sh2eb-elf/bin/../lib/gcc/sh-elf/14.2.0/../../../../sh-elf/lib\libnosys.a(write.o)
                0x0601ff70                _write
 .text          0x0601ff80        0x4 C:/saturn/SaturnRingLib-main/Compiler/sh2eb-elf/bin/../lib/gcc/sh-elf/14.2.0/../../../../sh-elf/lib\libnosys.a(_exit.o)
                0x0601ff80                _exit
 *(.strings*)
 *(SEGA_P)
 *(.eh_frame_hdr*)
 *(.eh_frame*)
                0x0601ff84                        __etext = .

COMMON          0x0601ff90       0x28
 *(COMMON)
 COMMON         0x0601ff90        0xc ../../saturnringlib/../modules/sgl/LIB/LIBCD.A(GFS.O)
                0x0601ff90                GFMC_base
                0x0601ff94                gfs_mng_ptr
                0x0601ff98                gfs_use_scudma
 COMMON         0x0601ff9c        0xc ../../saturnringlib/../modules/sgl/LIB/LIBCD.A(GFS_CDC.O)
                0x0601ff9c                gfcd_fatal_err
                0x0601ffa0                gfcd_work
                0x0601ffa4                gfcd_playflag
 COMMON         0x0601ffa8        0x8 ../../saturnringlib/../modules/sgl/LIB/LIBCD.A(GFS_CDF.O)
                0x0601ffa8                gfcf_fad
                0x0601ffac                gfcf_stat
 COMMON         0x0601ffb0        0x8 ../../saturnringlib/../modules/sgl/LIB/LIBSND.A(snd_main.o)
                0x0601ffb0                snd_adr_sys_int_work
                0x0601ffb4                snd_msk_work_work

SLPROG          0x0601ffc0     0xe790
                0x0601ffc0                        __slprog_start = .
 *(SLPROG)
 SLPROG         0x0601ffc0       0xd0 ../../saturnringlib/../modules/sgl/LIB/LIBSGL.A(sglA16.o)
                0x0601ffc0                slLookAt
 SLPROG         0x06020090       0x78 ../../saturnringlib/../modules/sgl/LIB/LIBSGL.A(sglA17.o)
                0x06020090                slRotZ
                0x0602009a                slRotZSC
 *fill*         0x06020108        0x8 
 SLPROG         0x06020110       0x78 ../../saturnringlib/../modules/sgl/LIB/LIBSGL.A(sglA18.o)
                0x06020110                slRotY
                0x0602011a                slRotYSC
 *fill*         0x06020188        0x8 
 SLPROG         0x06020190       0x78 ../../saturnringlib/../modules/sgl/LIB/LIBSGL.A(sglA19.o)
                0x06020190                slRotX
                0x0602019a                slRotXSC
 *fill*         0x06020208        0x8 
 SLPROG         0x06020210      0x42c ../../saturnringlib/../modules/sgl/LIB/LIBSGL.A(sglA20.o)
                0x06020210                slInitMatrix
                0x0602021a                slPushUnitMatrix
                0x0602022e                slUnitMatrix
 *fill*         0x0602063c        0x4 
 SLPROG         0x06020640       0x48 ../../saturnringlib/../modules/sgl/LIB/LIBSGL.A(sglA21.o)
                0x06020640                slPushMatrix
                0x06020674                slDecMatrixPtr
                0x06020674                slPopMatrix
 *fill*         0x06020688        0x8 
 SLPROG         0x06020690       0x50 ../../saturnringlib/../modules/sgl/LIB/LIBSGL.A(sglA27.o)
                0x06020690                slTranslate
 SLPROG         0x060206e0       0x98 ../../saturnringlib/../modules/sgl/LIB/LIBSGL.A(sglA39.o)
                0x060206e0                slConvert3Dto2DFX
 *fill*         0x06020778        0x8 
 SLPROG         0x06020780       0x20 ../../saturnringlib/../modules/sgl/LIB/LIBSGL.A(sglB001.o)
                0x06020780                slTVOn
                0x0602078a                slTVOff
 SLPROG         0x060207a0       0x1e ../../saturnringlib/../modules/sgl/LIB/LIBSGL.A(sglB002.o)
                0x060207a0                slColRAMMode
 *fill*         0x060207be        0x2 
 SLPROG         0x060207c0      0x40c ../../saturnringlib/../modules/sgl/LIB/LIBSGL.A(sglB015.o)
                0x060207c0                slScrAutoDisp
 *fill*         0x06020bcc        0x4 
 SLPROG         0x06020bd0        0xc ../../saturnringlib/../modules/sgl/LIB/LIBSGL.A(sglB016.o)
                0x06020bd0                slBack1ColSet
 *fill*         0x06020bdc        0x4 
 SLPROG         0x06020be0       0xb0 ../../saturnringlib/../modules/sgl/LIB/LIBSGL.A(sglB031.o)
                0x06020be0                slMapNbg0
 SLPROG         0x06020c90       0xb4 ../../saturnringlib/../modules/sgl/LIB/LIBSGL.A(sglB034.o)
                0x06020c90                slMapNbg3
 *fill*         0x06020d44        0xc 
 SLPROG         0x06020d50       0xd4 ../../saturnringlib/../modules/sgl/LIB/LIBSGL.A(sglB035.o)
                0x06020d50                sl1MapRA
                0x06020de2                rbank_set
 *fill*         0x06020e24        0xc 
 SLPROG         0x06020e30       0x70 ../../saturnringlib/../modules/sgl/LIB/LIBSGL.A(sglB038.o)
                0x06020e30                slRparaInitSet
 SLPROG         0x06020ea0       0x10 ../../saturnringlib/../modules/sgl/LIB/LIBSGL.A(sglB042.o)
                0x06020ea0                slCurRpara
 SLPROG         0x06020eb0        0x8 ../../saturnringlib/../modules/sgl/LIB/LIBSGL.A(sglB043.o)
                0x06020eb0                slRparaMode
 *fill*         0x06020eb8        0x8 
 SLPROG         0x06020ec0      0x4e4 ../../saturnringlib/../modules/sgl/LIB/LIBSGL.A(sglB044.o)
                0x06020ec0                slScrMatSet
 *fill*         0x060213a4        0xc 
 SLPROG         0x060213b0       0x28 ../../saturnringlib/../modules/sgl/LIB/LIBSGL.A(sglB045.o)
                0x060213b0                slScrMatConv
 *fill*         0x060213d8        0x8 
 SLPROG         0x060213e0        0xc ../../saturnringlib/../modules/sgl/LIB/LIBSGL.A(sglB047.o)
                0x060213e0                slOverRA
 *fill*         0x060213ec        0x4 
 SLPROG         0x060213f0        0xc ../../saturnringlib/../modules/sgl/LIB/LIBSGL.A(sglB055.o)
                0x060213f0                slPlaneNbg0
 *fill*         0x060213fc        0x4 
 SLPROG         0x06021400       0x10 ../../saturnringlib/../modules/sgl/LIB/LIBSGL.A(sglB058.o)
                0x06021400                slPlaneNbg3
 SLPROG         0x06021410        0xc ../../saturnringlib/../modules/sgl/LIB/LIBSGL.A(sglB059.o)
                0x06021410                slPlaneRA
 *fill*         0x0602141c        0x4 
 SLPROG         0x06021420        0xc ../../saturnringlib/../modules/sgl/LIB/LIBSGL.A(sglB063.o)
                0x06021420                slPriority
 *fill*         0x0602142c        0x4 
 SLPROG         0x06021430       0x34 ../../saturnringlib/../modules/sgl/LIB/LIBSGL.A(sglB070.o)
                0x06021430                slScrPosNbg0
 *fill*         0x06021464        0xc 
 SLPROG         0x06021470       0x3c ../../saturnringlib/../modules/sgl/LIB/LIBSGL.A(sglB112.o)
                0x06021470                slScrScaleNbg0
                0x06021476                slScrScaleNbg1
                0x0602147c                slScrScaleR
 *fill*         0x060214ac        0x4 
 SLPROG         0x060214b0      0x114 ../../saturnringlib/../modules/sgl/LIB/LIBSGL.A(sglB200.o)
                0x060214b0                slCharRbg0
                0x060214bc                slCharNbg0
                0x060214c8                slCharNbg1
                0x060214d4                slCharNbg2
                0x060214ea                slCharNbg3
                0x06021502                slPageRbg0
                0x06021518                slPageNbg1
                0x06021520                slPageNbg2
                0x06021528                slPageNbg3
                0x06021534                slPageNbg0
 *fill*         0x060215c4        0xc 
 SLPROG         0x060215d0       0x6c ../../saturnringlib/../modules/sgl/LIB/LIBSGL.A(sglC01.o)
                0x060215d0                slPerspective
 *fill*         0x0602163c        0x4 
 SLPROG         0x06021640       0x30 ../../saturnringlib/../modules/sgl/LIB/LIBSGL.A(sglC02.o)
                0x06021640                slLight
 SLPROG         0x06021670       0x2c ../../saturnringlib/../modules/sgl/LIB/LIBSGL.A(sglC04.o)
                0x06021670                slZdspLevel
 *fill*         0x0602169c        0x4 
 SLPROG         0x060216a0       0x78 ../../saturnringlib/../modules/sgl/LIB/LIBSGL.A(sglC05.o)
                0x060216a0                slSetSprite
 *fill*         0x06021718        0x8 
 SLPROG         0x06021720     0x1218 ../../saturnringlib/../modules/sgl/LIB/LIBSGL.A(sglC08.o)
                0x06021720                slPutPolygon
                0x0602239c                MsCalcDepthFlat
 *fill*         0x06022938        0x8 
 SLPROG         0x06022940       0x40 ../../saturnringlib/../modules/sgl/LIB/LIBSGL.A(sglC20.o)
                0x06022940                SpriteEntry
 SLPROG         0x06022980       0x84 ../../saturnringlib/../modules/sgl/LIB/LIBSGL.A(sglD00.o)
                0x06022980                slCpuDMACopy
                0x06022980                slDMACopy
                0x060229da                CSH_AllClr
                0x060229da                slCashPurge
 *fill*         0x06022a04        0xc 
 SLPROG         0x06022a10       0xa0 ../../saturnringlib/../modules/sgl/LIB/LIBSGL.A(sglD01.o)
                0x06022a10                slDMAXCopy
 SLPROG         0x06022ab0        0xc ../../saturnringlib/../modules/sgl/LIB/LIBSGL.A(sglD03.o)
                0x06022ab0                slDMAStatus
 *fill*         0x06022abc        0x4 
 SLPROG         0x06022ac0       0x20 ../../saturnringlib/../modules/sgl/LIB/LIBSGL.A(sglD15.o)
                0x06022ac0                CSH_Purge
 SLPROG         0x06022ae0       0x84 ../../saturnringlib/../modules/sgl/LIB/LIBSGL.A(sglD16.o)
                0x06022ae0                DMA_ScuSetPrm
                0x06022b28                DMA_SCU_PRM0
 *fill*         0x06022b64        0xc 
 SLPROG         0x06022b70       0x88 ../../saturnringlib/../modules/sgl/LIB/LIBSGL.A(sglD17.o)
                0x06022b70                DMA_ScuStart
 *fill*         0x06022bf8        0x8 
 SLPROG         0x06022c00       0x34 ../../saturnringlib/../modules/sgl/LIB/LIBSGL.A(sglD18.o)
                0x06022c00                DMA_ScuGetStatus
 *fill*         0x06022c34        0xc 
 SLPROG         0x06022c40       0x4e ../../saturnringlib/../modules/sgl/LIB/LIBSGL.A(sglF00.o)
                0x06022c40                slCurScrn
                0x06022c50                slCurColor
                0x06022c5a                slLocate
                0x06022c8c                CurrentScreen
 *fill*         0x06022c8e        0x2 
 SLPROG         0x06022c90      0x1d0 ../../saturnringlib/../modules/sgl/LIB/LIBSGL.A(sglG00.o)
                0x06022c90                slInitSound
                0x06022d94                slWaitSound
                0x06022dac                slSndFlush
 SLPROG         0x06022e60      0xfc8 ../../saturnringlib/../modules/sgl/LIB/LIBSGL.A(sglH00.o)
                0x06022e78                slGetPortDir1
                0x06022e80                slGetPortDir2
                0x06022e88                slSetPortDir1
                0x06022eb2                slSetPortDir2
                0x06022eec                slGetPortData1
                0x06022ef4                slGetPortData2
                0x06022efc                slSetPortData1
                0x06022f06                slSetPortData2
                0x06022f18                slGetPortSelect1
                0x06022f22                slGetPortSelect2
                0x06022f2c                slSetPortSelect1
                0x06022f60                slSetPortSelect2
                0x06022f9c                slGetPortExt1
                0x06022fa6                slGetPortExt2
                0x06022fb0                slSetPortExt1
                0x06022fe0                slSetPortExt2
                0x06023154                slSmpcDirectAccess
                0x060231d4                slInitPeripheral
                0x06023266                slSetResultBuffer
                0x060232f2                slCheckIntBackSet
                0x060232fe                slIntBackCancel
                0x06023328                slCheckReset
                0x06023332                slClearReset
                0x060234f8                slSmpcCashSend
                0x060235b4                slSmpcCashBlow
                0x06023690                slGetOptimize
                0x0602369a                slSetOptimize
                0x060236c0                slGetPortMode1
                0x060236cc                slGetPortMode2
                0x060236da                slSetPortMode1
                0x06023718                slSetPortMode2
                0x060238a4                slRequestCommand
                0x06023914                Smpc_Status
                0x06023918                Smpc_Result
                0x0602391c                Smpc_Peripheral
                0x06023922                Per_Connect1
                0x06023923                Per_Connect2
                0x06023944                SmpcStatusBuf
 *fill*         0x06023e28        0x8 
 SLPROG         0x06023e30      0x470 ../../saturnringlib/../modules/sgl/LIB/LIBSGL.A(sglH02.o)
                0x06024220                smpc_pfr_tbl
                0x06024260                smpc_ptf_tbl
 SLPROG         0x060242a0       0x60 ../../saturnringlib/../modules/sgl/LIB/LIBSGL.A(sglH04.o)
                0x060242a0                slComPrmIntBack
                0x060242b4                slComPrmSetMemory
                0x060242ca                slComPrmSetTime
 SLPROG         0x06024300      0x3a4 ../../saturnringlib/../modules/sgl/LIB/LIBSGL.A(sglI01.o)
                0x06024300                slInitSynch
                0x0602431a                slSynch
                0x06024410                slRandom
                0x0602442e                PCM_EndCheck
                0x060244ea                RetPCMBuf
                0x06024584                PCM_Buf
                0x06024624                Sound_Buf
 *fill*         0x060246a4        0xc 
 SLPROG         0x060246b0       0x10 ../../saturnringlib/../modules/sgl/LIB/LIBSGL.A(sglI04.o)
                0x060246b0                slIntFunction
 SLPROG         0x060246c0       0x74 ../../saturnringlib/../modules/sgl/LIB/LIBSGL.A(sglJ00.o)
                0x060246c0                InitSlaveSH
                0x06024728                SlaveCommand
 *fill*         0x06024734        0xc 
 SLPROG         0x06024740      0x3d0 ../../saturnringlib/../modules/sgl/LIB/LIBSGL.A(sglJ01.o)
                0x06024740                SlaveControl
                0x06024afc                ErasePolygonData
 SLPROG         0x06024b10     0x12b8 ../../saturnringlib/../modules/sgl/LIB/LIBSGL.A(sglJ02.o)
                0x06024b10                sbMakePolygon
                0x06024cf8                sbCalcPolygon
                0x06025a30                SetTexture
                0x06025a3c                SetPolygon
                0x06025a44                SetPosition
                0x06025a7c                stvtc_4
                0x06025b34                stvtc_3
                0x06025d44                stvtc_1
                0x06025d58                stvtc_2
                0x06025d6c                stvtc_0
 *fill*         0x06025dc8        0x8 
 SLPROG         0x06025dd0      0x140 ../../saturnringlib/../modules/sgl/LIB/LIBSGL.A(sglJ03.o)
                0x06025dd0                sbMakeDMATable
 SLPROG         0x06025f10      0x470 ../../saturnringlib/../modules/sgl/LIB/LIBSGL.A(sglJ04.o)
                0x06025f6e                sbMakeSprite
                0x06025fd4                sbMakeRotSprite
 SLPROG         0x06026380       0x3c ../../saturnringlib/../modules/sgl/LIB/LIBSGL.A(sglJ05.o)
                0x06026380                sbSortEntry
 *fill*         0x060263bc        0x4 
 SLPROG         0x060263c0      0x4b8 ../../saturnringlib/../modules/sgl/LIB/LIBSGL.A(sglM00.o)
                0x060263c0                slInitGouraud
                0x060264b4                slPutPolygonX
                0x060264fa                slGouraudTblCopy
                0x06026552                slSetGouraudTbl
                0x06026558                slSetGouraudColor
                0x060265d0                slSetAmbient
                0x060265f4                slSetFlatColor
 *fill*         0x06026878        0x8 
 SLPROG         0x06026880       0x6a ../../saturnringlib/../modules/sgl/LIB/LIBSGL.A(sglM01.o)
                0x06026880                slSetDepthLimit
                0x060268ac                slSetDepthTbl
                0x060268dc                DepthWorkArea
 *fill*         0x060268ea        0x6 
 SLPROG         0x060268f0       0x20 ../../saturnringlib/../modules/sgl/LIB/LIBSGL.A(sglA00.o)
                0x060268f0                set_imask
                0x060268f0                _builtin_set_imask
                0x06026904                _builtin_get_imask
                0x06026904                get_imask
 SLPROG         0x06026910     0x411e ../../saturnringlib/../modules/sgl/LIB/LIBSGL.A(sglA01.o)
                0x06026910                slSin
                0x06026934                slCos
                0x06026958                GetSinCos
                0x060269ec                sin_cos_index_tbl
                0x06026a2c                sin_tbl
 *fill*         0x0602aa2e        0x2 
 SLPROG         0x0602aa30     0x215c ../../saturnringlib/../modules/sgl/LIB/LIBSGL.A(sglA03.o)
                0x0602aa30                slTan
 *fill*         0x0602cb8c        0x4 
 SLPROG         0x0602cb90       0x34 ../../saturnringlib/../modules/sgl/LIB/LIBSGL.A(sglA10.o)
                0x0602cb90                slSquartDbl
 *fill*         0x0602cbc4        0xc 
 SLPROG         0x0602cbd0      0x3c2 ../../saturnringlib/../modules/sgl/LIB/LIBSGL.A(sglA24.o)
                0x0602cbd0                slInversMatrix
 *fill*         0x0602cf92        0xe 
 SLPROG         0x0602cfa0       0x24 ../../saturnringlib/../modules/sgl/LIB/LIBSGL.A(sglA25.o)
                0x0602cfa0                slTransposeMatrix
 *fill*         0x0602cfc4        0xc 
 SLPROG         0x0602cfd0       0x70 ../../saturnringlib/../modules/sgl/LIB/LIBSGL.A(sglA28.o)
                0x0602cfd0                slScale
 SLPROG         0x0602d040       0x22 ../../saturnringlib/../modules/sgl/LIB/LIBSGL.A(sglA40.o)
                0x0602d040                slCalcVector
 *fill*         0x0602d062        0xe 
 SLPROG         0x0602d070      0xbd0 ../../saturnringlib/../modules/sgl/LIB/LIBSGL.A(sglB000.o)
                0x0602d070                slInitScroll
                0x0602d190                setASC_1to8
                0x0602d1c0                setASC_4to8
                0x0602d2d0                TVSizeTbl
                0x0602d350                TVModeTbl
                0x0602d528                SGL_ASCII_CG
 SLPROG         0x0602dc40      0x134 ../../saturnringlib/../modules/sgl/LIB/LIBSGL.A(sglC00.o)
                0x0602dc40                slInitSprite
 *fill*         0x0602dd74        0xc 
 SLPROG         0x0602dd80       0xac ../../saturnringlib/../modules/sgl/LIB/LIBSGL.A(sglC13.o)
                0x0602dd80                slPutPolygonS
 *fill*         0x0602de2c        0x4 
 SLPROG         0x0602de30       0x10 ../../saturnringlib/../modules/sgl/LIB/LIBSGL.A(sglD02.o)
                0x0602de30                slDMAWait
 SLPROG         0x0602de40       0xc0 ../../saturnringlib/../modules/sgl/LIB/LIBSGL.A(sglD19.o)
                0x0602de40                DMA_ScuMemCopy
 SLPROG         0x0602df00      0x75c ../../saturnringlib/../modules/sgl/LIB/LIBSGL.A(sglI00.o)
                0x0602e1f0                slInitInterrupt
 *fill*         0x0602e65c        0x4 
 SLPROG         0x0602e660       0xf0 ../../saturnringlib/../modules/sgl/LIB/LIBSGL.A(sglH03.o)
                0x0602e6c4                slSmpcIntBack
                0x0602e750                        __slprog_end = .

.tors           0x0602e750       0x20
                0x0602e750                        ___ctors = .
 *(.ctors*)
 .ctors         0x0602e750        0x4 src/camera_system.o
 .ctors         0x0602e754        0x4 src/car_system.o
 .ctors         0x0602e758        0x4 src/main.o
 .ctors         0x0602e75c        0x4 src/mesh_renderer.o
                0x0602e760                        ___ctors_end = .
                0x0602e760                        ___dtors = .
 *(.dtors*)
 .dtors         0x0602e760        0x4 src/camera_system.o
 .dtors         0x0602e764        0x4 src/car_system.o
 .dtors         0x0602e768        0x4 src/main.o
 .dtors         0x0602e76c        0x4 src/mesh_renderer.o
                0x0602e770                        ___dtors_end = .

.data           0x0602e770      0x500
 *(.data*)
 .data          0x0602e770       0x28 ../../saturnringlib/../modules/sgl/LIB/../SRC/workarea.o
                0x0602e770                PCM_Work
                0x0602e774                SlaveStack
                0x0602e778                TransList
                0x0602e77c                MasterStack
                0x0602e780                SortList
                0x0602e784                Zbuffer
                0x0602e788                SpriteBuf
                0x0602e78c                Pbuffer
                0x0602e790                CLOfstBuf
                0x0602e794                CommandBuf
 .data          0x0602e798        0x0 src/camera_system.o
 .data._ZN3SRL5Input10Management11PeripheralsE
                0x0602e798      0x120 src/camera_system.o
                0x0602e798                SRL::Input::Management::Peripherals
 .data          0x0602e8b8        0x0 src/car_system.o
 .data          0x0602e8b8        0x0 src/exception_stubs.o
 .data          0x0602e8b8       0x58 src/main.o
                0x0602e8d0                shadingTable
 .data._ZZN3SRL5Input3Gun11SynchronizeEvE14secondPlayerId
                0x0602e910        0x1 src/main.o
                0x0602e910                SRL::Input::Gun::Synchronize()::secondPlayerId
 .data._ZZN3SRL5Input3Gun11SynchronizeEvE13firstPlayerId
                0x0602e911        0x1 src/main.o
                0x0602e911                SRL::Input::Gun::Synchronize()::firstPlayerId
 *fill*         0x0602e912        0x2 
 .data._ZN3SRL5Input10Management24PeripheralsPreviousStateE
                0x0602e914      0x120 src/main.o
                0x0602e914                SRL::Input::Management::PeripheralsPreviousState
 .data._ZN3SRL4VDP212ScrollScreenINS0_4RBG0ELs5ELt16EE12MapAllocSizeE
                0x0602ea34        0x4 src/main.o
                0x0602ea34                SRL::VDP2::ScrollScreen<SRL::VDP2::RBG0, (short)5, (unsigned short)16>::MapAllocSize
 .data._ZN3SRL4VDP212ScrollScreenINS0_4RBG0ELs5ELt16EE13CellAllocSizeE
                0x0602ea38        0x4 src/main.o
                0x0602ea38                SRL::VDP2::ScrollScreen<SRL::VDP2::RBG0, (short)5, (unsigned short)16>::CellAllocSize
 .data._ZN3SRL4VDP212ScrollScreenINS0_4RBG0ELs5ELt16EE4InfoE
                0x0602ea3c       0x14 src/main.o
                0x0602ea3c                SRL::VDP2::ScrollScreen<SRL::VDP2::RBG0, (short)5, (unsigned short)16>::Info
 .data._ZN3SRL4VDP212ScrollScreenINS0_4RBG0ELs5ELt16EE10MapAddressE
                0x0602ea50        0x4 src/main.o
                0x0602ea50                SRL::VDP2::ScrollScreen<SRL::VDP2::RBG0, (short)5, (unsigned short)16>::MapAddress
 .data._ZN3SRL4VDP212ScrollScreenINS0_4RBG0ELs5ELt16EE11CellAddressE
                0x0602ea54        0x4 src/main.o
                0x0602ea54                SRL::VDP2::ScrollScreen<SRL::VDP2::RBG0, (short)5, (unsigned short)16>::CellAddress
 .data._ZN3SRL4VDP212ScrollScreenINS0_4NBG0ELs1ELt1EE12MapAllocSizeE
                0x0602ea58        0x4 src/main.o
                0x0602ea58                SRL::VDP2::ScrollScreen<SRL::VDP2::NBG0, (short)1, (unsigned short)1>::MapAllocSize
 .data._ZN3SRL4VDP212ScrollScreenINS0_4NBG0ELs1ELt1EE13CellAllocSizeE
                0x0602ea5c        0x4 src/main.o
                0x0602ea5c                SRL::VDP2::ScrollScreen<SRL::VDP2::NBG0, (short)1, (unsigned short)1>::CellAllocSize
 .data._ZN3SRL4VDP212ScrollScreenINS0_4NBG0ELs1ELt1EE4InfoE
                0x0602ea60       0x14 src/main.o
                0x0602ea60                SRL::VDP2::ScrollScreen<SRL::VDP2::NBG0, (short)1, (unsigned short)1>::Info
 .data._ZN3SRL4VDP212ScrollScreenINS0_4NBG0ELs1ELt1EE10MapAddressE
                0x0602ea74        0x4 src/main.o
                0x0602ea74                SRL::VDP2::ScrollScreen<SRL::VDP2::NBG0, (short)1, (unsigned short)1>::MapAddress
 .data._ZN3SRL4VDP212ScrollScreenINS0_4NBG0ELs1ELt1EE11CellAddressE
                0x0602ea78        0x4 src/main.o
                0x0602ea78                SRL::VDP2::ScrollScreen<SRL::VDP2::NBG0, (short)1, (unsigned short)1>::CellAddress
 .data._ZN3SRL4VDP213ActiveScrollsE
                0x0602ea7c        0x2 src/main.o
                0x0602ea7c                SRL::VDP2::ActiveScrolls
 *fill*         0x0602ea7e        0x2 
 .data._ZN3SRL4VDP24VRAM10bankCyclesE
                0x0602ea80        0x4 src/main.o
                0x0602ea80                SRL::VDP2::VRAM::bankCycles
 .data._ZN3SRL4VDP24VRAM10currentTopE
                0x0602ea84       0x10 src/main.o
                0x0602ea84                SRL::VDP2::VRAM::currentTop
 .data._ZN3SRL4VDP24VRAM10currentBotE
                0x0602ea94       0x10 src/main.o
                0x0602ea94                SRL::VDP2::VRAM::currentBot
 .data._ZN3SRL5ASCII7maxFontE
                0x0602eaa4        0x1 src/main.o
                0x0602eaa4                SRL::ASCII::maxFont
 .data._ZN3SRL5ASCII12maxYPositionE
                0x0602eaa5        0x1 src/main.o
                0x0602eaa5                SRL::ASCII::maxYPosition
 .data._ZN3SRL5ASCII12maxXPositionE
                0x0602eaa6        0x1 src/main.o
                0x0602eaa6                SRL::ASCII::maxXPosition
 *fill*         0x0602eaa7        0x1 
 .data._ZN3SRL5ASCII8fontBankE
                0x0602eaa8        0x2 src/main.o
                0x0602eaa8                SRL::ASCII::fontBank
 .data._ZN3SRL5ASCII9colorBankE
                0x0602eaaa        0x2 src/main.o
                0x0602eaaa                SRL::ASCII::colorBank
 .data._ZN3SRL5ASCII7tileMapE
                0x0602eaac        0x4 src/main.o
                0x0602eaac                SRL::ASCII::tileMap
 .data._ZN3SRL4CRAM11BaseAddressE
                0x0602eab0        0x4 src/main.o
                0x0602eab0                SRL::CRAM::BaseAddress
 .data          0x0602eab4        0x0 src/mesh_renderer.o
 *fill*         0x0602eab4        0xc 
 .data          0x0602eac0        0x0 ../../saturnringlib/../modules/sgl/LIB/LIBCD.A(CDC_CMN.O)
 .data          0x0602eac0        0x0 ../../saturnringlib/../modules/sgl/LIB/LIBCD.A(CDC_REG.O)
 .data          0x0602eac0        0x0 ../../saturnringlib/../modules/sgl/LIB/LIBCD.A(CDC_SUB.O)
 .data          0x0602eac0        0x0 ../../saturnringlib/../modules/sgl/LIB/LIBCD.A(GFS.O)
 .data          0x0602eac0        0x0 ../../saturnringlib/../modules/sgl/LIB/LIBCD.A(GFS_BUF.O)
 .data          0x0602eac0        0x0 ../../saturnringlib/../modules/sgl/LIB/LIBCD.A(GFS_CDB.O)
 .data          0x0602eac0        0x0 ../../saturnringlib/../modules/sgl/LIB/LIBCD.A(GFS_CDC.O)
 .data          0x0602eac0        0x0 ../../saturnringlib/../modules/sgl/LIB/LIBCD.A(GFS_CDF.O)
 .data          0x0602eac0        0x0 ../../saturnringlib/../modules/sgl/LIB/LIBCD.A(GFS_DIR.O)
 .data          0x0602eac0        0x0 ../../saturnringlib/../modules/sgl/LIB/LIBCD.A(GFS_TRN.O)
 .data          0x0602eac0        0x0 ../../saturnringlib/../modules/sgl/LIB/LIBCD.A(CDC_DRV.O)
 .data          0x0602eac0        0x0 ../../saturnringlib/../modules/sgl/LIB/LIBCD.A(CDC_DEV.O)
 .data          0x0602eac0        0x0 ../../saturnringlib/../modules/sgl/LIB/LIBCD.A(CDC_SEL.O)
 .data          0x0602eac0        0x0 ../../saturnringlib/../modules/sgl/LIB/LIBCD.A(CDC_BIF.O)
 .data          0x0602eac0        0x0 ../../saturnringlib/../modules/sgl/LIB/LIBCD.A(CDC_BIO.O)
 .data          0x0602eac0        0x0 ../../saturnringlib/../modules/sgl/LIB/LIBCD.A(CDC_CFS.O)
 .data          0x0602eac0        0x0 ../../saturnringlib/../modules/sgl/LIB/LIBSGL.A(sglA16.o)
 .data          0x0602eac0        0x0 ../../saturnringlib/../modules/sgl/LIB/LIBSGL.A(sglA17.o)
 .data          0x0602eac0        0x0 ../../saturnringlib/../modules/sgl/LIB/LIBSGL.A(sglA18.o)
 .data          0x0602eac0        0x0 ../../saturnringlib/../modules/sgl/LIB/LIBSGL.A(sglA19.o)
 .data          0x0602eac0        0x0 ../../saturnringlib/../modules/sgl/LIB/LIBSGL.A(sglA20.o)
 .data          0x0602eac0        0x0 ../../saturnringlib/../modules/sgl/LIB/LIBSGL.A(sglA21.o)
 .data          0x0602eac0        0x0 ../../saturnringlib/../modules/sgl/LIB/LIBSGL.A(sglA27.o)
 .data          0x0602eac0        0x0 ../../saturnringlib/../modules/sgl/LIB/LIBSGL.A(sglA39.o)
 .data          0x0602eac0        0x0 ../../saturnringlib/../modules/sgl/LIB/LIBSGL.A(sglB001.o)
 .data          0x0602eac0        0x0 ../../saturnringlib/../modules/sgl/LIB/LIBSGL.A(sglB002.o)
 .data          0x0602eac0        0x0 ../../saturnringlib/../modules/sgl/LIB/LIBSGL.A(sglB015.o)
 .data          0x0602eac0        0x0 ../../saturnringlib/../modules/sgl/LIB/LIBSGL.A(sglB016.o)
 .data          0x0602eac0        0x0 ../../saturnringlib/../modules/sgl/LIB/LIBSGL.A(sglB031.o)
 .data          0x0602eac0        0x0 ../../saturnringlib/../modules/sgl/LIB/LIBSGL.A(sglB034.o)
 .data          0x0602eac0        0x0 ../../saturnringlib/../modules/sgl/LIB/LIBSGL.A(sglB035.o)
 .data          0x0602eac0        0x0 ../../saturnringlib/../modules/sgl/LIB/LIBSGL.A(sglB038.o)