Archive member included to satisfy reference by file (symbol)

../../saturnringlib/../modules/sgl/LIB/LIBCD.A(CDC_CMN.O)
                              src/main.o (CDC_CdInit)
../../saturnringlib/../modules/sgl/LIB/LIBCD.A(CDC_REG.O)
                              ../../saturnringlib/../modules/sgl/LIB/LIBCD.A(CDC_CMN.O) (CDREG_ClrHirqReq)
../../saturnringlib/../modules/sgl/LIB/LIBCD.A(CDC_SUB.O)
                              ../../saturnringlib/../modules/sgl/LIB/LIBCD.A(CDC_CMN.O) (CDSUB_UpdStatus)
../../saturnringlib/../modules/sgl/LIB/LIBCD.A(GFS.O)
                              src/main.o (GFS_Init)
../../saturnringlib/../modules/sgl/LIB/LIBCD.A(GFS_BUF.O)
                              ../../saturnringlib/../modules/sgl/LIB/LIBCD.A(GFS.O) (GFBF_GetNumData)
../../saturnringlib/../modules/sgl/LIB/LIBCD.A(GFS_CDB.O)
                              ../../saturnringlib/../modules/sgl/LIB/LIBCD.A(GFS.O) (GFCB_Close)
../../saturnringlib/../modules/sgl/LIB/LIBCD.A(GFS_CDC.O)
                              ../../saturnringlib/../modules/sgl/LIB/LIBCD.A(GFS.O) (GFCD_SetCdbfs)
../../saturnringlib/../modules/sgl/LIB/LIBCD.A(GFS_CDF.O)
                              ../../saturnringlib/../modules/sgl/LIB/LIBCD.A(GFS.O) (GFCF_Init)
../../saturnringlib/../modules/sgl/LIB/LIBCD.A(GFS_DIR.O)
                              ../../saturnringlib/../modules/sgl/LIB/LIBCD.A(GFS.O) (GFDR_SetupDirTbl)
../../saturnringlib/../modules/sgl/LIB/LIBCD.A(GFS_TRN.O)
                              ../../saturnringlib/../modules/sgl/LIB/LIBCD.A(GFS.O) (GFTR_Setup)
../../saturnringlib/../modules/sgl/LIB/LIBCD.A(CDC_DRV.O)
                              ../../saturnringlib/../modules/sgl/LIB/LIBCD.A(GFS_CDC.O) (CDC_CdPlay)
../../saturnringlib/../modules/sgl/LIB/LIBCD.A(CDC_DEV.O)
                              ../../saturnringlib/../modules/sgl/LIB/LIBCD.A(GFS_CDC.O) (CDC_CdSetCon)
../../saturnringlib/../modules/sgl/LIB/LIBCD.A(CDC_SEL.O)
                              ../../saturnringlib/../modules/sgl/LIB/LIBCD.A(GFS_CDC.O) (CDC_SetFiltRange)
../../saturnringlib/../modules/sgl/LIB/LIBCD.A(CDC_BIF.O)
                              ../../saturnringlib/../modules/sgl/LIB/LIBCD.A(GFS_CDC.O) (CDC_GetBufSiz)
../../saturnringlib/../modules/sgl/LIB/LIBCD.A(CDC_BIO.O)
                              ../../saturnringlib/../modules/sgl/LIB/LIBCD.A(GFS_CDC.O) (CDC_SetSctLen)
../../saturnringlib/../modules/sgl/LIB/LIBCD.A(CDC_CFS.O)
                              ../../saturnringlib/../modules/sgl/LIB/LIBCD.A(GFS_CDC.O) (CDC_ChgDir)
../../saturnringlib/../modules/sgl/LIB/LIBSGL.A(sglA16.o)
                              src/main.o (slLookAt)
../../saturnringlib/../modules/sgl/LIB/LIBSGL.A(sglA17.o)
                              ../../saturnringlib/../modules/sgl/LIB/LIBSGL.A(sglA16.o) (slRotZ)
../../saturnringlib/../modules/sgl/LIB/LIBSGL.A(sglA18.o)
                              src/main.o (slRotY)
../../saturnringlib/../modules/sgl/LIB/LIBSGL.A(sglA19.o)
                              src/main.o (slRotX)
../../saturnringlib/../modules/sgl/LIB/LIBSGL.A(sglA20.o)
                              src/main.o (slUnitMatrix)
../../saturnringlib/../modules/sgl/LIB/LIBSGL.A(sglA21.o)
                              src/main.o (slPushMatrix)
../../saturnringlib/../modules/sgl/LIB/LIBSGL.A(sglA27.o)
                              src/main.o (slTranslate)
../../saturnringlib/../modules/sgl/LIB/LIBSGL.A(sglA39.o)
                              src/main.o (slConvert3Dto2DFX)
../../saturnringlib/../modules/sgl/LIB/LIBSGL.A(sglB001.o)
                              src/main.o (slTVOn)
../../saturnringlib/../modules/sgl/LIB/LIBSGL.A(sglB002.o)
                              src/main.o (slColRAMMode)
../../saturnringlib/../modules/sgl/LIB/LIBSGL.A(sglB015.o)
                              src/main.o (slScrAutoDisp)
../../saturnringlib/../modules/sgl/LIB/LIBSGL.A(sglB016.o)
                              src/main.o (slBack1ColSet)
../../saturnringlib/../modules/sgl/LIB/LIBSGL.A(sglB031.o)
                              src/main.o (slMapNbg0)
../../saturnringlib/../modules/sgl/LIB/LIBSGL.A(sglB034.o)
                              src/main.o (slMapNbg3)
../../saturnringlib/../modules/sgl/LIB/LIBSGL.A(sglB035.o)
                              src/main.o (sl1MapRA)
../../saturnringlib/../modules/sgl/LIB/LIBSGL.A(sglB038.o)
                              src/main.o (slRparaInitSet)
../../saturnringlib/../modules/sgl/LIB/LIBSGL.A(sglB040.o)
                              src/main.o (slKtableRA)
../../saturnringlib/../modules/sgl/LIB/LIBSGL.A(sglB042.o)
                              src/main.o (slCurRpara)
../../saturnringlib/../modules/sgl/LIB/LIBSGL.A(sglB043.o)
                              src/main.o (slRparaMode)
../../saturnringlib/../modules/sgl/LIB/LIBSGL.A(sglB044.o)
                              src/main.o (slScrMatSet)
../../saturnringlib/../modules/sgl/LIB/LIBSGL.A(sglB045.o)
                              src/main.o (slScrMatConv)
../../saturnringlib/../modules/sgl/LIB/LIBSGL.A(sglB047.o)
[...]
Memory Configuration

Name             Origin             Length             Attributes
*default*        0x00000000         0xffffffff

Linker script and memory map


SLSTART         0x06004000       0x30
                0x06004000                        ___Start = .
 *(SLSTART)
 SLSTART        0x06004000       0x28 ../../saturnringlib/../modules/sgl/LIB/LIBSGL.A(sglI00.o)
                0x06004000                SGL_Start
                0x06004002                slStartSGL

.text           0x06004040    0x157f0
 *(.text*)
 .text          0x06004040        0x0 ../../saturnringlib/../modules/sgl/LIB/../SRC/workarea.o
 .text          0x06004040      0x640 src/main.o
 .text._ZN3SRL7Tilemap10Interfaces8Bmp2Tile11GetCellDataEv
                0x06004680        0x4 src/main.o
                0x06004680                SRL::Tilemap::Interfaces::Bmp2Tile::GetCellData()
 .text._ZN3SRL7Tilemap10Interfaces8Bmp2Tile10GetMapDataEv
                0x06004684        0x4 src/main.o
                0x06004684                SRL::Tilemap::Interfaces::Bmp2Tile::GetMapData()
 .text._ZN3SRL7Tilemap10Interfaces8Bmp2Tile10GetPalDataEv
                0x06004688        0x4 src/main.o
                0x06004688                SRL::Tilemap::Interfaces::Bmp2Tile::GetPalData()
 .text._ZN3SRL7Tilemap10Interfaces8Bmp2Tile7GetInfoEv
                0x0600468c       0x18 src/main.o
                0x0600468c                SRL::Tilemap::Interfaces::Bmp2Tile::GetInfo()
 .text._ZN3SRL5Input7Digital11IsConnectedEv
                0x060046a4       0x28 src/main.o
                0x060046a4                SRL::Input::Digital::IsConnected()
 .text._ZN3SRL5Input7Digital6IsHeldERKNS1_6ButtonE
                0x060046cc       0x1c src/main.o
                0x060046cc                SRL::Input::Digital::IsHeld(SRL::Input::Digital::Button const&)
 .text._ZN3SRL5Input7Digital11WasReleasedERKNS1_6ButtonE
                0x060046e8       0x2c src/main.o
                0x060046e8                SRL::Input::Digital::WasReleased(SRL::Input::Digital::Button const&)
 .text._ZN3SRL5Input7Digital10WasPressedERKNS1_6ButtonE
                0x06004714       0x2c src/main.o
                0x06004714                SRL::Input::Digital::WasPressed(SRL::Input::Digital::Button const&)
 .text._ZN3SRL6Bitmap3TGA7GetDataEv
                0x06004740        0x4 src/main.o
                0x06004740                SRL::Bitmap::TGA::GetData()
 .text._ZN3SRL6Bitmap3TGA7GetInfoEv
                0x06004744       0x34 src/main.o
                0x06004744                SRL::Bitmap::TGA::GetInfo()
 .text._ZN3SRL7Scene3D21LightCopyGouraudTableEv
                0x06004778        0xc src/main.o
                0x06004778                SRL::Scene3D::LightCopyGouraudTable()
 .text._ZN3SRL4Math5Types3FxpmIERKS2_.isra.0
                0x06004784        0x8 src/main.o
 .text._ZN3SRL4Core14VblankHandlingEv
                0x0600478c      0x1b4 src/main.o
                0x0600478c                SRL::Core::VblankHandling()
 .text._ZN3SRL4Math5Types3FxpC2Ev
                0x06004940        0x8 src/main.o
                0x06004940                SRL::Math::Types::Fxp::Fxp()
                0x06004940                SRL::Math::Types::Fxp::Fxp()
 .text._ZN3SRL4Math5Types3FxpC2ERKS2_
                0x06004948        0x8 src/main.o
                0x06004948                SRL::Math::Types::Fxp::Fxp(SRL::Math::Types::Fxp const&)
                0x06004948                SRL::Math::Types::Fxp::Fxp(SRL::Math::Types::Fxp const&)
 .text._ZNK3SRL4Math5Types3Fxp8RawValueEv
                0x06004950        0x4 src/main.o
                0x06004950                SRL::Math::Types::Fxp::RawValue() const
 .text._ZN3SRL4Math5Types8Vector3DC2ERKS2_
                0x06004954       0x34 src/main.o
                0x06004954                SRL::Math::Types::Vector3D::Vector3D(SRL::Math::Types::Vector3D const&)
                0x06004954                SRL::Math::Types::Vector3D::Vector3D(SRL::Math::Types::Vector3D const&)
 .text.unlikely
                0x06004988        0x4 src/main.o
                0x06004988                std::__throw_length_error(char const*)
 .text._ZN3SRL6Memory4FreeEPv
                0x0600498c      0x114 src/main.o
                0x0600498c                SRL::Memory::Free(void*)
 .text._ZN3SRL6Memory15PlacementMallocEjm
                0x06004aa0      0x19c src/main.o
                0x06004aa0                SRL::Memory::PlacementMalloc(unsigned int, unsigned long)
 .text._ZN3SRL4VDP210InitializeERKNS_5Types9HighColorE
                0x06004c3c      0x1ac src/main.o
                0x06004c3c                SRL::VDP2::Initialize(SRL::Types::HighColor const&)
 .text._ZN3SRL5Input3Gun11SynchronizeEv
                0x06004de8      0x1d0 src/main.o
                0x06004de8                SRL::Input::Gun::Synchronize()
 .text._ZN3SRL5Sound8Hardware10InitializeEv
                0x06004fb8      0x774 src/main.o
                0x06004fb8                SRL::Sound::Hardware::Initialize()
 .text._ZN3SRL4Core10InitializeERKNS_5Types9HighColorE
                0x0600572c      0x120 src/main.o
                0x0600572c                SRL::Core::Initialize(SRL::Types::HighColor const&)
 .text._ZN3SRL6Bitmap3TGA13DecodePaletteEPhPKNS1_9TgaHeaderEl
                0x0600584c      0x4b8 src/main.o
                0x0600584c                SRL::Bitmap::TGA::DecodePalette(unsigned char*, SRL::Bitmap::TGA::TgaHeader const*, long)
 .text._ZN3SRL6Bitmap3TGA17DecodeRlePalettedEPhPKNS1_9TgaHeaderERNS1_8ForRangeES7_
                0x06005d04      0x330 src/main.o
                0x06005d04                SRL::Bitmap::TGA::DecodeRlePaletted(unsigned char*, SRL::Bitmap::TGA::TgaHeader const*, SRL::Bitmap::TGA::ForRange&, SRL::Bitmap::TGA::ForRange&)
 .text._ZN11ModelObjectC2EPKcj
                0x06006034     0x2240 src/main.o
                0x06006034                ModelObject::ModelObject(char const*, unsigned int)
                0x06006034                ModelObject::ModelObject(char const*, unsigned int)
 .text._ZN6Camera13OrbitPositionEN3SRL4Math5Types5AngleES3_NS2_3FxpE
                0x06008274      0x1b0 src/main.o
                0x06008274                Camera::OrbitPosition(SRL::Math::Types::Angle, SRL::Math::Types::Angle, SRL::Math::Types::Fxp)
 .text._ZN6Camera13RefreshAnglesERNS_5StateE
                0x06008424       0xa8 src/main.o
                0x06008424                Camera::RefreshAngles(Camera::State&)
 .text._ZN6Camera11UpdateInputERNS_5StateERKNS_6TuningERN3SRL5Input7DigitalE
                0x060084cc      0x784 src/main.o
                0x060084cc                Camera::UpdateInput(Camera::State&, Camera::Tuning const&, SRL::Input::Digital&)
 .text._ZN13SkyBackground6UpdateEll
                0x06008c50      0x180 src/main.o
                0x06008c50                SkyBackground::Update(long, long)
 .text._ZN17SkyBackgroundDome6UpdateElll
                0x06008dd0      0x180 src/main.o
                0x06008dd0                SkyBackgroundDome::Update(long, long, long)
 .text._ZN3SRL5Debug12AssertScreenIJEEEvPKcS3_S3_DpT_
                0x06008f50      0x618 src/main.o
                0x06008f50                void SRL::Debug::AssertScreen<>(char const*, char const*, char const*)
 .text._ZN3SRL4VDP24VRAM16AutoAllocateCellERNS_7Tilemap11TilemapInfoEt
                0x06009568      0x234 src/main.o
                0x06009568                SRL::VDP2::VRAM::AutoAllocateCell(SRL::Tilemap::TilemapInfo&, unsigned short)
 .text._ZN3SRL7Tilemap10Interfaces8Bmp2Tile13ConvertBitmapERNS0_11TilemapInfoERNS_6Bitmap7IBitmapEib.isra.0
                0x0600979c      0x3f4 src/main.o
 .text._ZN3SRL5Debug12AssertScreenIJlEEEvPKcS3_S3_DpT_
                0x06009b90      0x724 src/main.o
                0x06009b90                void SRL::Debug::AssertScreen<long>(char const*, char const*, char const*, long)
 .text._ZN3SRL7Tilemap10Interfaces8Bmp2TileC2ERNS_6Bitmap7IBitmapEh
                0x0600a2b4      0x558 src/main.o
                0x0600a2b4                SRL::Tilemap::Interfaces::Bmp2Tile::Bmp2Tile(SRL::Bitmap::IBitmap&, unsigned char)
                0x0600a2b4                SRL::Tilemap::Interfaces::Bmp2Tile::Bmp2Tile(SRL::Bitmap::IBitmap&, unsigned char)
 .text._ZN3SRL5Debug12AssertScreenIJssEEEvPKcS3_S3_DpT_
                0x0600a80c      0x738 src/main.o
                0x0600a80c                void SRL::Debug::AssertScreen<short, short>(char const*, char const*, char const*, short, short)
 .text._ZN3SRL5Debug12AssertScreenIJaEEEvPKcS3_S3_DpT_
                0x0600af44      0x728 src/main.o
                0x0600af44                void SRL::Debug::AssertScreen<signed char>(char const*, char const*, char const*, signed char)
 .text._ZN3SRL6Bitmap3TGA8LoadDataEPNS_2Cd4FileEPNS1_14LoaderSettingsE
                0x0600b66c      0xfd0 src/main.o
                0x0600b66c                SRL::Bitmap::TGA::LoadData(SRL::Cd::File*, SRL::Bitmap::TGA::LoaderSettings*)
 .text._ZN3SRL5Debug5PrintIJmmmiEEEvhhPKcDpT_
                0x0600c63c      0x180 src/main.o
                0x0600c63c                void SRL::Debug::Print<unsigned long, unsigned long, unsigned long, int>(unsigned char, unsigned char, char const*, unsigned long, unsigned long, unsigned long, int)
 .text._ZN3SRL5Debug5PrintIJsssEEEvhhPKcDpT_
                0x0600c7bc      0x18c src/main.o
                0x0600c7bc                void SRL::Debug::Print<short, short, short>(unsigned char, unsigned char, char const*, short, short, short)
 .text._ZN3SRL4VDP212ScrollScreenINS0_4RBG0ELs5ELt16EE11LoadTilemapERNS_7Tilemap8ITilemapE
                0x0600c948      0x4d8 src/main.o
                0x0600c948                SRL::VDP2::ScrollScreen<SRL::VDP2::RBG0, (short)5, (unsigned short)16>::LoadTilemap(SRL::Tilemap::ITilemap&)
 .text._ZNSt6vectorIPFvvESaIS1_EE7reserveEj
                0x0600ce20      0x150 src/main.o
                0x0600ce20                std::vector<void (*)(), std::allocator<void (*)()> >::reserve(unsigned int)
 .text._ZN3SRL4VDP212ScrollScreenINS0_4NBG0ELs1ELt1EE12SetMapLayoutEhhhh
                0x0600cf70      0x210 src/main.o
                0x0600cf70                SRL::VDP2::ScrollScreen<SRL::VDP2::NBG0, (short)1, (unsigned short)1>::SetMapLayout(unsigned char, unsigned char, unsigned char, unsigned char)
 .text._ZN3SRL4VDP212ScrollScreenINS0_4NBG0ELs1ELt1EE11LoadTilemapERNS_7Tilemap8ITilemapE
                0x0600d180      0x5b0 src/main.o
                0x0600d180                SRL::VDP2::ScrollScreen<SRL::VDP2::NBG0, (short)1, (unsigned short)1>::LoadTilemap(SRL::Tilemap::ITilemap&)
 .text.startup  0x0600d730     0x2a38 src/main.o
                0x0600d730                main
 .text.exit     0x06010168       0x54 src/main.o
 *fill*         0x060101bc        0x4 
 .text          0x060101c0      0x3a0 ../../saturnringlib/../modules/sgl/LIB/LIBCD.A(CDC_CMN.O)
                0x060101c0                CDC_GetCurStat
                0x06010210                CDC_GetLastStat
                0x06010228                CDC_GetPeriStat
                0x060102fc                CDC_GetHwInfo
                0x06010364                CDC_TgetToc
                0x060103b4                CDC_GetSes
                0x060103f0                CDC_CdInit
                0x06010474                CDC_CdOpen
                0x0601049c                CDC_DataReady
                0x06010508                CDC_DataEnd
 .text          0x06010560      0x2dc ../../saturnringlib/../modules/sgl/LIB/LIBCD.A(CDC_REG.O)
                0x06010560                CDC_GetDataPtr
                0x06010570                CDC_GetHirqReq
                0x06010584                CDC_ClrHirqReq
                0x060105b4                CDREG_ClrHirqReq
                0x060105c4                CDREG_InitHirqReq
                0x060105ec                CDREG_SetHirqFlag
                0x06010600                CDC_GetHirqMsk
                0x06010614                CDC_SetHirqMsk
                0x06010624                CDC_GetMpegPtr
                0x06010634                CDREG_TgetData
                0x06010690                CDREG_CmdRsp
                0x06010790                CDREG_WaitHirq
                0x06010800                CDREG_ReadRsp
 *fill*         0x0601083c        0x4 
 .text          0x06010840      0x152 ../../saturnringlib/../modules/sgl/LIB/LIBCD.A(CDC_SUB.O)
                0x06010840                CDSUB_UpdStatus
                0x06010858                CDSUB_UpdCdstat
                0x06010878                CDSUB_CdCmd
                0x060108e8                CDSUB_GetCdstat
                0x06010928                CDSUB_RspToCdstat
                0x06010970                CDSUB_SoftTimer
 *fill*         0x06010992        0xe 
 .text          0x060109a0     0x1adc ../../saturnringlib/../modules/sgl/LIB/LIBCD.A(GFS.O)
                0x060109a0                gfs_version
                0x060109c0                GFS_Init
                0x06010aa8                GFS_LoadDir
                0x06010b50                GFS_SetDir
                0x06010bb8                GFS_NameToId
                0x06010c1c                GFS_IdToName
                0x06010c88                GFS_GetDirInfo
                0x06010cf8                GFS_Reset
                0x06010d7c                GFS_Open
                0x06010e30                GFS_Close
                0x06010e68                GFS_Seek
                0x06010f1c                GFS_Tell
                0x06010f6c                GFS_IsEof
                0x06010fc0                GFS_ByteToSct
                0x0601101c                GFS_GetFileSize
                0x06011078                GFS_GetFileInfo
                0x060110ec                GFS_GetNumCdbuf
                0x06011114                GFS_Load
                0x060111d8                GFS_Fread
                0x06011274                gfs_waitRead
                0x0601131c                GFS_NwFread
                0x06011428                GFS_NwCdRead
                0x060114a0                GFS_NwIsComplete
                0x060114d8                GFS_NwStop
                0x06011544                GFS_NwGetStat
                0x060115c0                gfs_recovRdErr
                0x060115f0                GFS_NwExecOne
                0x060116b0                GFS_NwExecServer
                0x0601172c                GFS_SetGmode
                0x06011790                GFS_SetTmode
                0x060117fc                GFS_SetReadPara
                0x06011860                GFS_SetTransPara
                0x060118cc                GFS_SetTrFunc
                0x06011930                GFS_StartTrans
                0x0601197c                GFS_CdMovePickup
                0x060119e8                GFS_SetErrFunc
                0x06011a14                GFS_GetErrStat
                0x06011a38                GFS_ConvTno
                0x06011a60                gfs_chgRoot
                0x06011b2c                gfs_aborttrans
                0x06011b38                gfs_mngSetupFuncTbl
                0x06011b6c                gfs_mngInitWork
                0x06011c10                gfs_mngGetNumFile
                0x06011c78                GFS_mngAllocGrp
                0x06011cc0                gfs_mngFreeGrp
                0x06011ccc                gfs_mngTermAccess
                0x06011d50                gfs_mngSetErrCode
                0x06011dd0                gfs_svrSearchHndl
                0x06011e10                gfs_svrAddHndl
                0x06011e4c                gfs_svrRemoveHndl
                0x06011ea8                GFS_OpenSub
                0x06011f00                gfs_loadVol
                0x06011fc4                gfs_getRootDir
                0x060120c0                gfs_loadRootDir
                0x06012148                gfs_flowIn
                0x060121f0                gfs_transData
                0x06012294                GFS_GetFad
                0x060122ec                gfs_SetSct
                0x0601232c                gfs_GetFinfo
                0x0601236c                gfs_closeSub
                0x060123a8                gfs_getGmode
                0x060123b4                gfs_isTaskDone
                0x06012408                gfs_convFinStat
 *fill*         0x0601247c        0x4 
 .text          0x06012480      0x106 ../../saturnringlib/../modules/sgl/LIB/LIBCD.A(GFS_BUF.O)
                0x060124b0                GFBF_GetTranData
                0x060124d8                GFBF_GetNumData
                0x06012508                GFBF_GetSrcPk
                0x06012530                GFBF_GetSctData
                0x06012554                GFBF_RtnPk
                0x0601257c                gfbf_getSctDt
 *fill*         0x06012586        0xa 
 .text          0x06012590      0x600 ../../saturnringlib/../modules/sgl/LIB/LIBCD.A(GFS_CDB.O)
                0x06012590                GFCB_Setup
                0x060126b0                GFCB_Close
                0x060126d8                GFCB_GetLenData
                0x06012784                GFCB_GetLenRoom
                0x06012790                GFCB_SetFilt
                0x060127f8                GFCB_DeleteAllData
                0x06012820                GFCB_Tell
                0x06012830                gfcb_getSctNum
                0x06012880                GFCB_Seek
                0x0601297c                GFCB_GetSrcPack
                0x06012a5c                GFCB_GetSctData
                0x06012a94                GFCB_GetDstPack
                0x06012aa0                GFCB_RtnPk
                0x06012ae8                GFCB_MovePickup
                0x06012b04                GFCB_SetCon
                0x06012b38                GFCB_GetPickup
                0x06012b60                GFCB_IsPuOwner
                0x06012b78                GFCB_UngetPickup
 .text          0x06012b90     0x1a10 ../../saturnringlib/../modules/sgl/LIB/LIBCD.A(GFS_CDC.O)
                0x06012b90                GFCD_SetCdbfs
                0x06012bbc                GFCD_Init
                0x06012dc0                GFCD_AllocFilt
                0x06012dfc                GFCD_FreeFilt
                0x06012e2c                GFCD_AllocBuf
                0x06012e60                GFCD_FreeBuf
                0x06012f04                GFCD_GetBaseFad
                0x06012f38                GFCD_GetPickup
                0x06012f6c                GFCD_UngetPickup
                0x06012f98                GFCD_IsPuOwner
                0x06012fbc                GFCD_SetFilt
                0x06013080                GFCD_GetFilt
                0x060130c8                GFCD_SetCon
                0x06013120                GFCD_Play
                0x06013180                GFCD_GetLenData
                0x060131e8                GFCD_ReqData
                0x06013244                GFCD_EndData
                0x0601328c                GFCD_DelSctData
                0x060132e4                GFCD_CheckDelSctData
                0x06013314                GFCD_GetStat
                0x060133c8                GFCD_MovePickup
                0x06013414                GFCD_MoveSctData
                0x06013488                GFCD_CheckMove
                0x060134ac                GFCD_GetSctInfo
                0x060134f4                GFCD_ChgDir
                0x06013568                GFCD_SetFiltCon
                0x06013650                GFCD_GetFileInfo
                0x0601372c                GFCD_GetBufSiz
                0x06013764                GFCD_ExecServer
                0x06013838                gfcd_isIdleTask
                0x060138c4                gfcd_doTask
                0x06013970                GFCD_SetTimer
                0x06013984                GFCD_WaitServer
                0x060139c0                gfcd_doSetFiltTsk
                0x06013b84                gfcd_doSetConTsk
                0x06013c14                gfcd_doGetLenDataTsk
                0x06013d68                gfcd_doReqDataTsk
                0x06013e08                gfcd_doDelSctDataTsk
                0x06013f3c                gfcd_doMoveSctTsk
                0x060140a0                gfcd_doChgDirTsk
                0x0601429c                gfcd_doSetFiltConTsk
                0x060143e0                gfcd_checkEflag
                0x06014404                gfcd_initCdbMng
                0x06014484                gfcd_setStat
                0x060144b0                GFCD_SetCsctFunc
                0x060144cc                GFCD_ChkScdqFlag
                0x060144f0                GFCD_ClrScdqFlag
                0x0601450c                GFCD_WaitScdqFlag
                0x06014550                GFCD_WaitPause
 .text          0x060145a0      0x8d8 ../../saturnringlib/../modules/sgl/LIB/LIBCD.A(GFS_CDF.O)
                0x060145a0                GFCF_Init
                0x06014640                GFCF_Setup
                0x06014788                GFCF_SetSct
                0x060147cc                GFCF_GetFileInfo
                0x06014840                GFCF_FlowInBuf
                0x06014994                GFCF_StopInBuf
                0x06014a34                GFCF_Recover
                0x06014a7c                GFCF_Tell
                0x06014a94                GFCF_Seek
                0x06014aac                GFCF_MovePickup
                0x06014b48                GFCF_cnvIntlvOfs
                0x06014b9c                GFCF_GetStat
                0x06014c34                gfcf_getSctSize
                0x06014c70                gfcf_isCdOk
                0x06014d30                gfcf_getPlayRange
 *fill*         0x06014e78        0x8 
 .text          0x06014e80      0x92c ../../saturnringlib/../modules/sgl/LIB/LIBCD.A(GFS_DIR.O)
                0x06014e80                GFDR_SetupDirTbl
                0x06014ef4                GFDR_NameToId
                0x06014f54                GFDR_GetInfoDirId
                0x06014f68                GFDR_GetInfoDirName
                0x06014f7c                GFDR_GetAtrDirId
                0x06014f94                GFDR_GetAtrDirName
                0x06014fac                GFDR_ChgRoot
                0x06014fc4                GFDR_ChgDir
                0x06015038                gfdr_setupDirIdTbl
                0x060150bc                gfdr_setupDirNameTbl
                0x06015168                gfdr_open
                0x06015190                gfdr_read
                0x06015250                gfdr_readByte
                0x0601527c                gfdr_readWord
                0x060152a8                gfdr_readWordNB
                0x060152fc                gfdr_readLongNB
                0x06015348                gfdr_readLongNM
                0x06015370                gfdr_setNextRec
                0x060153f4                gfdr_readDirEnt
                0x06015770                gfdr_setDirrecCd
 *fill*         0x060157ac        0x4 
 .text          0x060157b0      0x9c6 ../../saturnringlib/../modules/sgl/LIB/LIBCD.A(GFS_TRN.O)
                0x060157e0                GFTR_Setup
                0x06015824                GFTR_SetMode
                0x06015838                GFTR_SetUnit
                0x06015844                GFTR_SetTransPara
                0x06015878                GFTR_GetTransPara
                0x06015884                GFTR_GetNumTrans
                0x06015890                GFTR_SetTransMax
                0x0601589c                GFTR_Start
                0x060158a8                GFTR_Pause
                0x060158b4                GFTR_Stop
                0x0601596c                GFTR_Exec
                0x060159f0                GFTR_Idle
                0x06015a68                GFTR_ExecSvr
                0x06015b70                gftr_getSrcPack
                0x06015bf8                gftr_getDstPack
                0x06015c54                gftr_reqScu
                0x06015c60                gftr_execScu
                0x06015cfc                gftr_remScu
                0x06015d30                gfdma_canUse
                0x06015d3c                gfdma_exec
                0x06015dac                gfdma_getBytecnt
                0x06015de4                gftr_reqDma0
                0x06015dfc                gftr_execSdma0
                0x06015e20                gftr_remDma0
                0x06015e38                gftr_reqDma1
                0x06015e50                gftr_execSdma1
                0x06015e74                gftr_remDma1
                0x06015e8c                gftr_reqCpu
                0x06015e98                gftr_execCpu
                0x06015ed8                gftr_remCpu
                0x06015ee4                gftr_reqTrn
                0x06015f54                gftr_execTrn
                0x0601602c                gftr_remTrn
                0x060160a0                gftr_copyFrac
                0x060160c8                GFTR_GetLenData
                0x060160d4                GFTR_GetLenRoom
                0x060160ec                GFTR_GetDstPack
                0x06016120                GFTR_RtnDstPk
                0x0601613c                GFTR_GetData
                0x06016150                GFTR_SetData
                0x06016164                GFTR_SetTransFunc
 *fill*         0x06016176        0xa 
 .text          0x06016180      0x130 ../../saturnringlib/../modules/sgl/LIB/LIBCD.A(CDC_DRV.O)
                0x06016180                CDC_CdPlay
                0x0601624c                CDC_CdSeek
                0x06016280                CDC_CdScan
 .text          0x060162b0       0xa8 ../../saturnringlib/../modules/sgl/LIB/LIBCD.A(CDC_DEV.O)
                0x060162b0                CDC_CdSetCon
                0x060162e0                CDC_CdGetCon
                0x0601631c                CDC_CdGetLastBuf
 *fill*         0x06016358        0x8 
 .text          0x06016360      0x2b8 ../../saturnringlib/../modules/sgl/LIB/LIBCD.A(CDC_SEL.O)
                0x06016360                CDC_SetFiltRange
                0x06016394                CDC_GetFiltRange
                0x060163ec                CDC_SetFiltSubh
                0x0601645c                CDC_GetFiltSubh
                0x060164d8                CDC_SetFiltMode
                0x0601650c                CDC_GetFiltMode
                0x06016550                CDC_SetFiltCon
                0x06016590                CDC_GetFiltCon
                0x060165e4                CDC_ResetSelector
 *fill*         0x06016618        0x8 
 .text          0x06016620      0x270 ../../saturnringlib/../modules/sgl/LIB/LIBCD.A(CDC_BIF.O)
                0x06016620                CDC_GetBufSiz
                0x0601667c                CDC_GetSctNum
                0x060166c0                CDC_CalActSiz
                0x060166fc                CDC_GetActSiz
                0x0601677c                CDC_GetSctInfo
                0x060167fc                CDC_ExeFadSearch
                0x06016834                CDC_GetFadSearch
 .text          0x06016890      0x1e4 ../../saturnringlib/../modules/sgl/LIB/LIBCD.A(CDC_BIO.O)
                0x06016890                CDC_SetSctLen
                0x060168c4                CDC_GetSctData
                0x06016900                CDC_DelSctData
                0x0601693c                CDC_GetdelSctData
                0x06016978                CDC_PutSctData
                0x060169b0                CDC_CopySctData
                0x060169f4                CDC_MoveSctData
                0x06016a38                CDC_GetCopyErr
 *fill*         0x06016a74        0xc 
 .text          0x06016a80      0x194 ../../saturnringlib/../modules/sgl/LIB/LIBCD.A(CDC_CFS.O)
                0x06016a80                CDC_ChgDir
                0x06016ab4                CDC_ReadDir
                0x06016ae8                CDC_GetFileScope
                0x06016b48                CDC_TgetFileInfo
                0x06016ba4                CDC_ReadFile
                0x06016bd8                CDC_AbortFile
 *fill*         0x06016c14        0xc 
 .text          0x06016c20        0x0 ../../saturnringlib/../modules/sgl/LIB/LIBSGL.A(sglA16.o)
 .text          0x06016c20        0x0 ../../saturnringlib/../modules/sgl/LIB/LIBSGL.A(sglA17.o)
 .text          0x06016c20        0x0 ../../saturnringlib/../modules/sgl/LIB/LIBSGL.A(sglA18.o)
 .text          0x06016c20        0x0 ../../saturnringlib/../modules/sgl/LIB/LIBSGL.A(sglA19.o)
 .text          0x06016c20        0x0 ../../saturnringlib/../modules/sgl/LIB/LIBSGL.A(sglA20.o)
 .text          0x06016c20        0x0 ../../saturnringlib/../modules/sgl/LIB/LIBSGL.A(sglA21.o)
 .text          0x06016c20        0x0 ../../saturnringlib/../modules/sgl/LIB/LIBSGL.A(sglA27.o)
 .text          0x06016c20        0x0 ../../saturnringlib/../modules/sgl/LIB/LIBSGL.A(sglA39.o)
 .text          0x06016c20        0x0 ../../saturnringlib/../modules/sgl/LIB/LIBSGL.A(sglB001.o)
 .text          0x06016c20        0x0 ../../saturnringlib/../modules/sgl/LIB/LIBSGL.A(sglB002.o)
 .text          0x06016c20        0x0 ../../saturnringlib/../modules/sgl/LIB/LIBSGL.A(sglB015.o)
 .text          0x06016c20        0x0 ../../saturnringlib/../modules/sgl/LIB/LIBSGL.A(sglB016.o)
 .text          0x06016c20        0x0 ../../saturnringlib/../modules/sgl/LIB/LIBSGL.A(sglB031.o)
 .text          0x06016c20        0x0 ../../saturnringlib/../modules/sgl/LIB/LIBSGL.A(sglB034.o)
 .text          0x06016c20        0x0 ../../saturnringlib/../modules/sgl/LIB/LIBSGL.A(sglB035.o)
 .text          0x06016c20        0x0 ../../saturnringlib/../modules/sgl/LIB/LIBSGL.A(sglB038.o)
 .text          0x06016c20        0x0 ../../saturnringlib/../modules/sgl/LIB/LIBSGL.A(sglB040.o)
 .text          0x06016c20        0x0 ../../saturnringlib/../modules/sgl/LIB/LIBSGL.A(sglB042.o)
 .text          0x06016c20        0x0 ../../saturnringlib/../modules/sgl/LIB/LIBSGL.A(sglB043.o)
 .text          0x06016c20        0x0 ../../saturnringlib/../modules/sgl/LIB/LIBSGL.A(sglB044.o)
 .text          0x06016c20        0x0 ../../saturnringlib/../modules/sgl/LIB/LIBSGL.A(sglB045.o)
 .text          0x06016c20        0x0 ../../saturnringlib/../modules/sgl/LIB/LIBSGL.A(sglB047.o)
 .text          0x06016c20        0x0 ../../saturnringlib/../modules/sgl/LIB/LIBSGL.A(sglB055.o)
 .text          0x06016c20        0x0 ../../saturnringlib/../modules/sgl/LIB/LIBSGL.A(sglB058.o)
 .text          0x06016c20        0x0 ../../saturnringlib/../modules/sgl/LIB/LIBSGL.A(sglB059.o)
 .text          0x06016c20        0x0 ../../saturnringlib/../modules/sgl/LIB/LIBSGL.A(sglB063.o)
 .text          0x06016c20        0x0 ../../saturnringlib/../modules/sgl/LIB/LIBSGL.A(sglB070.o)
 .text          0x06016c20        0x0 ../../saturnringlib/../modules/sgl/LIB/LIBSGL.A(sglB112.o)
 .text          0x06016c20        0x0 ../../saturnringlib/../modules/sgl/LIB/LIBSGL.A(sglB200.o)
 .text          0x06016c20        0x0 ../../saturnringlib/../modules/sgl/LIB/LIBSGL.A(sglC01.o)
 .text          0x06016c20        0x0 ../../saturnringlib/../modules/sgl/LIB/LIBSGL.A(sglC02.o)
 .text          0x06016c20        0x0 ../../saturnringlib/../modules/sgl/LIB/LIBSGL.A(sglC04.o)
 .text          0x06016c20        0x0 ../../saturnringlib/../modules/sgl/LIB/LIBSGL.A(sglC05.o)
 .text          0x06016c20        0x0 ../../saturnringlib/../modules/sgl/LIB/LIBSGL.A(sglC08.o)
 .text          0x06016c20        0x0 ../../saturnringlib/../modules/sgl/LIB/LIBSGL.A(sglC20.o)
 .text          0x06016c20        0x0 ../../saturnringlib/../modules/sgl/LIB/LIBSGL.A(sglD00.o)
 .text          0x06016c20        0x0 ../../saturnringlib/../modules/sgl/LIB/LIBSGL.A(sglD01.o)
 .text          0x06016c20        0x0 ../../saturnringlib/../modules/sgl/LIB/LIBSGL.A(sglD03.o)
 .text          0x06016c20        0x0 ../../saturnringlib/../modules/sgl/LIB/LIBSGL.A(sglD15.o)
 .text          0x06016c20        0x0 ../../saturnringlib/../modules/sgl/LIB/LIBSGL.A(sglD16.o)
 .text          0x06016c20        0x0 ../../saturnringlib/../modules/sgl/LIB/LIBSGL.A(sglD17.o)
 .text          0x06016c20        0x0 ../../saturnringlib/../modules/sgl/LIB/LIBSGL.A(sglD18.o)
 .text          0x06016c20        0x0 ../../saturnringlib/../modules/sgl/LIB/LIBSGL.A(sglF00.o)
 .text          0x06016c20        0x0 ../../saturnringlib/../modules/sgl/LIB/LIBSGL.A(sglG00.o)
 .text          0x06016c20        0x0 ../../saturnringlib/../modules/sgl/LIB/LIBSGL.A(sglH00.o)
 .text          0x06016c20        0x0 ../../saturnringlib/../modules/sgl/LIB/LIBSGL.A(sglH02.o)
 .text          0x06016c20        0x0 ../../saturnringlib/../modules/sgl/LIB/LIBSGL.A(sglH04.o)
 .text          0x06016c20        0x0 ../../saturnringlib/../modules/sgl/LIB/LIBSGL.A(sglI01.o)
 .text          0x06016c20        0x0 ../../saturnringlib/../modules/sgl/LIB/LIBSGL.A(sglI04.o)
 .text          0x06016c20      0x128 ../../saturnringlib/../modules/sgl/LIB/LIBSGL.A(sglIc0.o)
                0x06016c20                slInitSystem
 *fill*         0x06016d48        0x8 
 .text          0x06016d50        0x0 ../../saturnringlib/../modules/sgl/LIB/LIBSGL.A(sglJ00.o)
 .text          0x06016d50        0x0 ../../saturnringlib/../modules/sgl/LIB/LIBSGL.A(sglJ01.o)
 .text          0x06016d50        0x0 ../../saturnringlib/../modules/sgl/LIB/LIBSGL.A(sglJ02.o)
 .text          0x06016d50        0x0 ../../saturnringlib/../modules/sgl/LIB/LIBSGL.A(sglJ03.o)
 .text          0x06016d50        0x0 ../../saturnringlib/../modules/sgl/LIB/LIBSGL.A(sglJ04.o)
 .text          0x06016d50        0x0 ../../saturnringlib/../modules/sgl/LIB/LIBSGL.A(sglJ05.o)
 .text          0x06016d50        0x0 ../../saturnringlib/../modules/sgl/LIB/LIBSGL.A(sglK01.o)
 .text          0x06016d50        0x0 ../../saturnringlib/../modules/sgl/LIB/LIBSGL.A(sglM00.o)
 .text          0x06016d50        0x0 ../../saturnringlib/../modules/sgl/LIB/LIBSGL.A(sglM01.o)
 .text          0x06016d50        0x0 ../../saturnringlib/../modules/sgl/LIB/LIBSGL.A(sglA00.o)
 .text          0x06016d50        0x0 ../../saturnringlib/../modules/sgl/LIB/LIBSGL.A(sglA01.o)
 .text          0x06016d50        0x0 ../../saturnringlib/../modules/sgl/LIB/LIBSGL.A(sglA03.o)
 .text          0x06016d50        0x0 ../../saturnringlib/../modules/sgl/LIB/LIBSGL.A(sglA10.o)
 .text          0x06016d50        0x0 ../../saturnringlib/../modules/sgl/LIB/LIBSGL.A(sglA24.o)
 .text          0x06016d50        0x0 ../../saturnringlib/../modules/sgl/LIB/LIBSGL.A(sglA25.o)
 .text          0x06016d50        0x0 ../../saturnringlib/../modules/sgl/LIB/LIBSGL.A(sglA28.o)
 .text          0x06016d50        0x0 ../../saturnringlib/../modules/sgl/LIB/LIBSGL.A(sglA40.o)
 .text          0x06016d50        0x0 ../../saturnringlib/../modules/sgl/LIB/LIBSGL.A(sglB000.o)
 .text          0x06016d50        0x0 ../../saturnringlib/../modules/sgl/LIB/LIBSGL.A(sglC00.o)
 .text          0x06016d50        0x0 ../../saturnringlib/../modules/sgl/LIB/LIBSGL.A(sglC13.o)
 .text          0x06016d50        0x0 ../../saturnringlib/../modules/sgl/LIB/LIBSGL.A(sglD02.o)
 .text          0x06016d50        0x0 ../../saturnringlib/../modules/sgl/LIB/LIBSGL.A(sglD19.o)
 .text          0x06016d50        0x0 ../../saturnringlib/../modules/sgl/LIB/LIBSGL.A(sglI00.o)
 .text          0x06016d50        0x0 ../../saturnringlib/../modules/sgl/LIB/LIBSGL.A(sglH03.o)
 .text          0x06016d50     0x10b4 ../../saturnringlib/../modules/sgl/LIB/LIBSND.A(snd_main.o)
                0x06016d50                SND_Init
                0x06016ec8                SND_MoveData
                0x06016f14                SND_ChgMap
                0x06016fec                SND_SetTlVl
                0x0601704c                SND_ChgEfct
                0x060170ac                SND_ChgMix
                0x06017118                SND_ChgMixPrm
                0x060171a0                SND_ChkHard
                0x0601723c                SND_StopDsp
                0x06017290                SND_OffAllSound
                0x060172e4                SND_StartSeq
                0x06017368                SND_StopSeq
                0x060173c8                SND_PauseSeq
                0x06017428                SND_ContSeq
                0x06017488                SND_SetSeqVl
                0x06017500                SND_ChgTempo
                0x0601757c                SND_CtrlDirMidi
                0x06017634                SND_SetSeqPan
                0x060176a8                SND_StartPcm
                0x060177b8                SND_StopPcm
                0x06017818                SND_ChgPcm
                0x060178e8                SND_StartVlAnl
                0x0601793c                SND_StopVlAnl
                0x06017990                SND_SetCdDaLev
                0x06017a0c                SND_SetCdDaPan
                0x06017a88                SND_GetSeqStat
                0x06017ab0                SND_GetSeqPlayPos
                0x06017acc                SND_GetPcmPlayAdr
                0x06017af4                SND_GetAnlTlVl
                0x06017b10                SND_GetAnlHzVl
                0x06017ccc                SND_SetQSound
                0x06017d38                SND_Set3D_Stat
                0x06017db0                SND_Set3D_Init
 .text          0x06017e04       0x52 C:/saturn/SaturnRingLib-main/Compiler/sh2eb-elf/bin/../lib/gcc/sh-elf/14.2.0\libgcc.a(_ashiftrt.o)
                0x06017e04                __ashiftrt_r4_31
                0x06017e04                __ashiftrt_r4_32
                0x06017e0a                __ashiftrt_r4_30
                0x06017e0c                __ashiftrt_r4_29
                0x06017e0e                __ashiftrt_r4_28
                0x06017e10                __ashiftrt_r4_27
                0x06017e12                __ashiftrt_r4_26
                0x06017e14                __ashiftrt_r4_25
                0x06017e16                __ashiftrt_r4_24
                0x06017e1e                __ashiftrt_r4_23
                0x06017e20                __ashiftrt_r4_22
                0x06017e22                __ashiftrt_r4_21
                0x06017e24                __ashiftrt_r4_20
                0x06017e26                __ashiftrt_r4_19
                0x06017e28                __ashiftrt_r4_18
                0x06017e2a                __ashiftrt_r4_17
                0x06017e2c                __ashiftrt_r4_16
                0x06017e32                __ashiftrt_r4_15
                0x06017e34                __ashiftrt_r4_14
                0x06017e36                __ashiftrt_r4_13
                0x06017e38                __ashiftrt_r4_12
                0x06017e3a                __ashiftrt_r4_11
                0x06017e3c                __ashiftrt_r4_10
                0x06017e3e                __ashiftrt_r4_9
                0x06017e40                __ashiftrt_r4_8
                0x06017e42                __ashiftrt_r4_7
                0x06017e44                __ashiftrt_r4_6
                0x06017e46                __ashiftrt_r4_5
                0x06017e48                __ashiftrt_r4_4
                0x06017e4a                __ashiftrt_r4_3
                0x06017e4c                __ashiftrt_r4_2
                0x06017e4e                __ashiftrt_r4_1
                0x06017e52                __ashiftrt_r4_0
 *fill*         0x06017e56        0x2 
 .text          0x06017e58       0x80 C:/saturn/SaturnRingLib-main/Compiler/sh2eb-elf/bin/../lib/gcc/sh-elf/14.2.0\libgcc.a(_ashiftrt_n.o)
                0x06017e58                __ashrsi3
 .text          0x06017ed8       0xbc C:/saturn/SaturnRingLib-main/Compiler/sh2eb-elf/bin/../lib/gcc/sh-elf/14.2.0\libgcc.a(_ashiftlt.o)
                0x06017ed8                __ashlsi3
                0x06017edc                __ashlsi3_r0
 .text          0x06017f94       0xbc C:/saturn/SaturnRingLib-main/Compiler/sh2eb-elf/bin/../lib/gcc/sh-elf/14.2.0\libgcc.a(_lshiftrt.o)
                0x06017f94                __lshrsi3
                0x06017f98                __lshrsi3_r0
 .text          0x06018050       0x78 C:/saturn/SaturnRingLib-main/Compiler/sh2eb-elf/bin/../lib/gcc/sh-elf/14.2.0\libgcc.a(_movmem.o)
                0x06018050                __movmem
                0x06018050                __movstr
                0x06018084                __movstrSI64
                0x06018084                __movmemSI64
                0x06018088                __movstrSI60
                0x06018088                __movmemSI60
                0x0601808c                __movstrSI56
                0x0601808c                __movmemSI56
                0x06018090                __movstrSI52
                0x06018090                __movmemSI52
                0x06018094                __movstrSI48
                0x06018094                __movmemSI48
                0x06018098                __movmemSI44
                0x06018098                __movstrSI44
                0x0601809c                __movstrSI40
                0x0601809c                __movmemSI40
                0x060180a0                __movmemSI36
                0x060180a0                __movstrSI36
                0x060180a4                __movmemSI32
                0x060180a4                __movstrSI32
                0x060180a8                __movstrSI28
                0x060180a8                __movmemSI28
                0x060180ac                __movmemSI24
                0x060180ac                __movstrSI24
                0x060180b0                __movstrSI20
                0x060180b0                __movmemSI20
                0x060180b4                __movstrSI16
                0x060180b4                __movmemSI16
                0x060180b8                __movstrSI12
                0x060180b8                __movmemSI12
                0x060180bc                __movmemSI8
                0x060180bc                __movstrSI8
                0x060180c0                __movmemSI4
                0x060180c0                __movstrSI4
 .text          0x060180c8       0xa0 C:/saturn/SaturnRingLib-main/Compiler/sh2eb-elf/bin/../lib/gcc/sh-elf/14.2.0\libgcc.a(_sdivsi3.o)
                0x060180c8                __sdivsi3
 .text          0x06018168       0x6c C:/saturn/SaturnRingLib-main/Compiler/sh2eb-elf/bin/../lib/gcc/sh-elf/14.2.0\libgcc.a(_udivsi3.o)
                0x0601818a                __udivsi3
 .text          0x060181d4       0x18 C:/saturn/SaturnRingLib-main/Compiler/sh2eb-elf/bin/../lib/gcc/sh-elf/14.2.0/../../../../sh-elf/lib\libc.a(libc_a-abort.o)
                0x060181d4                abort
 .text          0x060181ec      0x108 C:/saturn/SaturnRingLib-main/Compiler/sh2eb-elf/bin/../lib/gcc/sh-elf/14.2.0/../../../../sh-elf/lib\libc.a(libc_a-snprintf.o)
                0x060181ec                _snprintf_r
                0x060181ec                _sniprintf_r
                0x0601826c                snprintf
                0x0601826c                sniprintf
 .text          0x060182f4       0x1e C:/saturn/SaturnRingLib-main/Compiler/sh2eb-elf/bin/../lib/gcc/sh-elf/14.2.0/../../../../sh-elf/lib\libc.a(libc_a-memcmp.o)
                0x060182f4                memcmp
 .text          0x06018312       0x26 C:/saturn/SaturnRingLib-main/Compiler/sh2eb-elf/bin/../lib/gcc/sh-elf/14.2.0/../../../../sh-elf/lib\libc.a(libc_a-strncmp.o)
                0x06018312                strncmp
 .text          0x06018338       0x32 C:/saturn/SaturnRingLib-main/Compiler/sh2eb-elf/bin/../lib/gcc/sh-elf/14.2.0/../../../../sh-elf/lib\libc.a(libc_a-strncpy.o)
                0x06018338                strncpy
 *fill*         0x0601836a        0x2 
 .text          0x0601836c      0x1a8 C:/saturn/SaturnRingLib-main/Compiler/sh2eb-elf/bin/../lib/gcc/sh-elf/14.2.0/../../../../sh-elf/lib\libc.a(libc_a-signal.o)
                0x0601836c                _init_signal_r
                0x060183ac                _signal_r
                0x060183f8                _raise_r
                0x06018468                __sigtramp_r
                0x060184c8                raise
                0x060184dc                signal
                0x060184f0                _init_signal
                0x06018500                __sigtramp
 .text          0x06018514        0x0 C:/saturn/SaturnRingLib-main/Compiler/sh2eb-elf/bin/../lib/gcc/sh-elf/14.2.0/../../../../sh-elf/lib\libc.a(libc_a-impure.o)
 .text          0x06018514       0x40 C:/saturn/SaturnRingLib-main/Compiler/sh2eb-elf/bin/../lib/gcc/sh-elf/14.2.0/../../../../sh-elf/lib\libc.a(libc_a-signalr.o)
                0x06018514                _kill_r
                0x06018548                _getpid_r
 .text          0x06018554       0x94 C:/saturn/SaturnRingLib-main/Compiler/sh2eb-elf/bin/../lib/gcc/sh-elf/14.2.0/../../../../sh-elf/lib\libc.a(libc_a-memcpy.o)
                0x06018554                memcpy
 .text          0x060185e8       0x40 C:/saturn/SaturnRingLib-main/Compiler/sh2eb-elf/bin/../lib/gcc/sh-elf/14.2.0/../../../../sh-elf/lib\libc.a(libc_a-memset.o)
                0x060185e8                memset
 .text          0x06018628      0x194 C:/saturn/SaturnRingLib-main/Compiler/sh2eb-elf/bin/../lib/gcc/sh-elf/14.2.0/../../../../sh-elf/lib\libc.a(libc_a-mallocr.o)
                0x06018684                _malloc_r
 .text          0x060187bc        0x8 C:/saturn/SaturnRingLib-main/Compiler/sh2eb-elf/bin/../lib/gcc/sh-elf/14.2.0/../../../../sh-elf/lib\libc.a(libc_a-mlock.o)
                0x060187bc                __malloc_lock
                0x060187c0                __malloc_unlock
 .text          0x060187c4      0x42c C:/saturn/SaturnRingLib-main/Compiler/sh2eb-elf/bin/../lib/gcc/sh-elf/14.2.0/../../../../sh-elf/lib\libc.a(libc_a-nano-svfprintf.o)
                0x060187c4                __ssputs_r
                0x060188b8                __ssprint_r
                0x060189e0                _svfprintf_r
                0x060189e0                _svfiprintf_r
 .text          0x06018bf0      0x374 C:/saturn/SaturnRingLib-main/Compiler/sh2eb-elf/bin/../lib/gcc/sh-elf/14.2.0/../../../../sh-elf/lib\libc.a(libc_a-nano-vfprintf_i.o)
                0x06018bf0                _printf_common
                0x06018cf0                _printf_i
 .text          0x06018f64      0x1fc C:/saturn/SaturnRingLib-main/Compiler/sh2eb-elf/bin/../lib/gcc/sh-elf/14.2.0/../../../../sh-elf/lib\libc.a(libc_a-findfp.o)
                0x0601906c                __sfp
                0x06019138                __sinit
 .text          0x06019160       0x58 C:/saturn/SaturnRingLib-main/Compiler/sh2eb-elf/bin/../lib/gcc/sh-elf/14.2.0/../../../../sh-elf/lib\libc.a(libc_a-fwalk.o)
                0x06019160                _fwalk_sglue
 .text          0x060191b8       0xdc C:/saturn/SaturnRingLib-main/Compiler/sh2eb-elf/bin/../lib/gcc/sh-elf/14.2.0/../../../../sh-elf/lib\libc.a(libc_a-stdio.o)
                0x060191b8                __sread
                0x060191f0                __seofread
                0x060191f4                __swrite
                0x06019244                __sseek
                0x06019284                __sclose
 .text          0x06019294       0x1c C:/saturn/SaturnRingLib-main/Compiler/sh2eb-elf/bin/../lib/gcc/sh-elf/14.2.0/../../../../sh-elf/lib\libc.a(libc_a-memchr.o)
                0x06019294                memchr
 .text          0x060192b0       0x3c C:/saturn/SaturnRingLib-main/Compiler/sh2eb-elf/bin/../lib/gcc/sh-elf/14.2.0/../../../../sh-elf/lib\libc.a(libc_a-memmove.o)
                0x060192b0                memmove
 .text          0x060192ec       0x30 C:/saturn/SaturnRingLib-main/Compiler/sh2eb-elf/bin/../lib/gcc/sh-elf/14.2.0/../../../../sh-elf/lib\libc.a(libc_a-closer.o)
                0x060192ec                _close_r
 .text          0x0601931c       0xa4 C:/saturn/SaturnRingLib-main/Compiler/sh2eb-elf/bin/../lib/gcc/sh-elf/14.2.0/../../../../sh-elf/lib\libc.a(libc_a-reent.o)
                0x0601931c                _reclaim_reent
 .text          0x060193c0       0x34 C:/saturn/SaturnRingLib-main/Compiler/sh2eb-elf/bin/../lib/gcc/sh-elf/14.2.0/../../../../sh-elf/lib\libc.a(libc_a-lseekr.o)
                0x060193c0                _lseek_r
 .text          0x060193f4       0x34 C:/saturn/SaturnRingLib-main/Compiler/sh2eb-elf/bin/../lib/gcc/sh-elf/14.2.0/../../../../sh-elf/lib\libc.a(libc_a-readr.o)
                0x060193f4                _read_r
 .text          0x06019428       0x30 C:/saturn/SaturnRingLib-main/Compiler/sh2eb-elf/bin/../lib/gcc/sh-elf/14.2.0/../../../../sh-elf/lib\libc.a(libc_a-sbrkr.o)
                0x06019428                _sbrk_r
 .text          0x06019458       0x34 C:/saturn/SaturnRingLib-main/Compiler/sh2eb-elf/bin/../lib/gcc/sh-elf/14.2.0/../../../../sh-elf/lib\libc.a(libc_a-writer.o)
                0x06019458                _write_r
 .text          0x0601948c       0xc4 C:/saturn/SaturnRingLib-main/Compiler/sh2eb-elf/bin/../lib/gcc/sh-elf/14.2.0/../../../../sh-elf/lib\libc.a(libc_a-freer.o)
                0x0601948c                _free_r
 .text          0x06019550       0x98 C:/saturn/SaturnRingLib-main/Compiler/sh2eb-elf/bin/../lib/gcc/sh-elf/14.2.0/../../../../sh-elf/lib\libc.a(libc_a-reallocr.o)
                0x06019550                _realloc_r
 .text          0x060195e8      0x1a8 C:/saturn/SaturnRingLib-main/Compiler/sh2eb-elf/bin/../lib/gcc/sh-elf/14.2.0/../../../../sh-elf/lib\libc.a(libc_a-fflush.o)
                0x060195e8                __sflush_r
                0x06019720                _fflush_r
                0x06019760                fflush
 .text          0x06019790       0x16 C:/saturn/SaturnRingLib-main/Compiler/sh2eb-elf/bin/../lib/gcc/sh-elf/14.2.0/../../../../sh-elf/lib\libc.a(libc_a-msizer.o)
                0x06019790                _malloc_usable_size_r
 *fill*         0x060197a6        0x2 
 .text          0x060197a8       0x10 C:/saturn/SaturnRingLib-main/Compiler/sh2eb-elf/bin/../lib/gcc/sh-elf/14.2.0/../../../../sh-elf/lib\libnosys.a(close.o)
                0x060197a8                _close
 .text          0x060197b8       0x10 C:/saturn/SaturnRingLib-main/Compiler/sh2eb-elf/bin/../lib/gcc/sh-elf/14.2.0/../../../../sh-elf/lib\libnosys.a(getpid.o)
                0x060197b8                _getpid
 .text          0x060197c8       0x10 C:/saturn/SaturnRingLib-main/Compiler/sh2eb-elf/bin/../lib/gcc/sh-elf/14.2.0/../../../../sh-elf/lib\libnosys.a(kill.o)
                0x060197c8                _kill
 .text          0x060197d8       0x10 C:/saturn/SaturnRingLib-main/Compiler/sh2eb-elf/bin/../lib/gcc/sh-elf/14.2.0/../../../../sh-elf/lib\libnosys.a(lseek.o)
                0x060197d8                _lseek
 .text          0x060197e8       0x10 C:/saturn/SaturnRingLib-main/Compiler/sh2eb-elf/bin/../lib/gcc/sh-elf/14.2.0/../../../../sh-elf/lib\libnosys.a(read.o)
                0x060197e8                _read
 .text          0x060197f8       0x18 C:/saturn/SaturnRingLib-main/Compiler/sh2eb-elf/bin/../lib/gcc/sh-elf/14.2.0/../../../../sh-elf/lib\libnosys.a(sbrk.o)
                0x060197f8                _sbrk
 .text          0x06019810       0x10 C:/saturn/SaturnRingLib-main/Compiler/sh2eb-elf/bin/../lib/gcc/sh-elf/14.2.0/../../../../sh-elf/lib\libnosys.a(write.o)
                0x06019810                _write
 .text          0x06019820        0x4 C:/saturn/SaturnRingLib-main/Compiler/sh2eb-elf/bin/../lib/gcc/sh-elf/14.2.0/../../../../sh-elf/lib\libnosys.a(_exit.o)
                0x06019820                _exit
 *(.strings*)
 *(SEGA_P)
 *(.eh_frame_hdr*)
 *(.eh_frame*)
                0x06019824                        __etext = .

COMMON          0x06019830       0x28
 *(COMMON)
 COMMON         0x06019830        0xc ../../saturnringlib/../modules/sgl/LIB/LIBCD.A(GFS.O)
                0x06019830                GFMC_base
                0x06019834                gfs_mng_ptr
                0x06019838                gfs_use_scudma
 COMMON         0x0601983c        0xc ../../saturnringlib/../modules/sgl/LIB/LIBCD.A(GFS_CDC.O)
                0x0601983c                gfcd_fatal_err
                0x06019840                gfcd_work
                0x06019844                gfcd_playflag
 COMMON         0x06019848        0x8 ../../saturnringlib/../modules/sgl/LIB/LIBCD.A(GFS_CDF.O)
                0x06019848                gfcf_fad
                0x0601984c                gfcf_stat
 COMMON         0x06019850        0x8 ../../saturnringlib/../modules/sgl/LIB/LIBSND.A(snd_main.o)
                0x06019850                snd_adr_sys_int_work
                0x06019854                snd_msk_work_work

SLPROG          0x06019860     0xe7f0
                0x06019860                        __slprog_start = .
 *(SLPROG)
 SLPROG         0x06019860       0xd0 ../../saturnringlib/../modules/sgl/LIB/LIBSGL.A(sglA16.o)
                0x06019860                slLookAt
 SLPROG         0x06019930       0x78 ../../saturnringlib/../modules/sgl/LIB/LIBSGL.A(sglA17.o)
                0x06019930                slRotZ
                0x0601993a                slRotZSC
 *fill*         0x060199a8        0x8 
 SLPROG         0x060199b0       0x78 ../../saturnringlib/../modules/sgl/LIB/LIBSGL.A(sglA18.o)
                0x060199b0                slRotY
                0x060199ba                slRotYSC
 *fill*         0x06019a28        0x8 
 SLPROG         0x06019a30       0x78 ../../saturnringlib/../modules/sgl/LIB/LIBSGL.A(sglA19.o)
                0x06019a30                slRotX
                0x06019a3a                slRotXSC
 *fill*         0x06019aa8        0x8 
 SLPROG         0x06019ab0      0x42c ../../saturnringlib/../modules/sgl/LIB/LIBSGL.A(sglA20.o)
                0x06019ab0                slInitMatrix
                0x06019aba                slPushUnitMatrix
                0x06019ace                slUnitMatrix
 *fill*         0x06019edc        0x4 
 SLPROG         0x06019ee0       0x48 ../../saturnringlib/../modules/sgl/LIB/LIBSGL.A(sglA21.o)
                0x06019ee0                slPushMatrix
                0x06019f14                slDecMatrixPtr
                0x06019f14                slPopMatrix
 *fill*         0x06019f28        0x8 
 SLPROG         0x06019f30       0x50 ../../saturnringlib/../modules/sgl/LIB/LIBSGL.A(sglA27.o)
                0x06019f30                slTranslate
 SLPROG         0x06019f80       0x98 ../../saturnringlib/../modules/sgl/LIB/LIBSGL.A(sglA39.o)
                0x06019f80                slConvert3Dto2DFX
 *fill*         0x0601a018        0x8 
 SLPROG         0x0601a020       0x20 ../../saturnringlib/../modules/sgl/LIB/LIBSGL.A(sglB001.o)
                0x0601a020                slTVOn
                0x0601a02a                slTVOff
 SLPROG         0x0601a040       0x1e ../../saturnringlib/../modules/sgl/LIB/LIBSGL.A(sglB002.o)
                0x0601a040                slColRAMMode
 *fill*         0x0601a05e        0x2 
 SLPROG         0x0601a060      0x40c ../../saturnringlib/../modules/sgl/LIB/LIBSGL.A(sglB015.o)
                0x0601a060                slScrAutoDisp
 *fill*         0x0601a46c        0x4 
 SLPROG         0x0601a470        0xc ../../saturnringlib/../modules/sgl/LIB/LIBSGL.A(sglB016.o)
                0x0601a470                slBack1ColSet
 *fill*         0x0601a47c        0x4 
 SLPROG         0x0601a480       0xb0 ../../saturnringlib/../modules/sgl/LIB/LIBSGL.A(sglB031.o)
                0x0601a480                slMapNbg0
 SLPROG         0x0601a530       0xb4 ../../saturnringlib/../modules/sgl/LIB/LIBSGL.A(sglB034.o)
                0x0601a530                slMapNbg3
 *fill*         0x0601a5e4        0xc 
 SLPROG         0x0601a5f0       0xd4 ../../saturnringlib/../modules/sgl/LIB/LIBSGL.A(sglB035.o)
                0x0601a5f0                sl1MapRA
                0x0601a682                rbank_set
 *fill*         0x0601a6c4        0xc 
 SLPROG         0x0601a6d0       0x70 ../../saturnringlib/../modules/sgl/LIB/LIBSGL.A(sglB038.o)
                0x0601a6d0                slRparaInitSet
 SLPROG         0x0601a740       0x58 ../../saturnringlib/../modules/sgl/LIB/LIBSGL.A(sglB040.o)
                0x0601a740                slKtableRA
 *fill*         0x0601a798        0x8 
 SLPROG         0x0601a7a0       0x10 ../../saturnringlib/../modules/sgl/LIB/LIBSGL.A(sglB042.o)
                0x0601a7a0                slCurRpara
 SLPROG         0x0601a7b0        0x8 ../../saturnringlib/../modules/sgl/LIB/LIBSGL.A(sglB043.o)
                0x0601a7b0                slRparaMode
 *fill*         0x0601a7b8        0x8 
 SLPROG         0x0601a7c0      0x4e4 ../../saturnringlib/../modules/sgl/LIB/LIBSGL.A(sglB044.o)
                0x0601a7c0                slScrMatSet
 *fill*         0x0601aca4        0xc 
 SLPROG         0x0601acb0       0x28 ../../saturnringlib/../modules/sgl/LIB/LIBSGL.A(sglB045.o)
                0x0601acb0                slScrMatConv
 *fill*         0x0601acd8        0x8 
 SLPROG         0x0601ace0        0xc ../../saturnringlib/../modules/sgl/LIB/LIBSGL.A(sglB047.o)
                0x0601ace0                slOverRA
 *fill*         0x0601acec        0x4 
 SLPROG         0x0601acf0        0xc ../../saturnringlib/../modules/sgl/LIB/LIBSGL.A(sglB055.o)
                0x0601acf0                slPlaneNbg0
 *fill*         0x0601acfc        0x4 
 SLPROG         0x0601ad00       0x10 ../../saturnringlib/../modules/sgl/LIB/LIBSGL.A(sglB058.o)
                0x0601ad00                slPlaneNbg3
 SLPROG         0x0601ad10        0xc ../../saturnringlib/../modules/sgl/LIB/LIBSGL.A(sglB059.o)
                0x0601ad10                slPlaneRA
 *fill*         0x0601ad1c        0x4 
 SLPROG         0x0601ad20        0xc ../../saturnringlib/../modules/sgl/LIB/LIBSGL.A(sglB063.o)
                0x0601ad20                slPriority
 *fill*         0x0601ad2c        0x4 
 SLPROG         0x0601ad30       0x34 ../../saturnringlib/../modules/sgl/LIB/LIBSGL.A(sglB070.o)
                0x0601ad30                slScrPosNbg0
 *fill*         0x0601ad64        0xc 
 SLPROG         0x0601ad70       0x3c ../../saturnringlib/../modules/sgl/LIB/LIBSGL.A(sglB112.o)
                0x0601ad70                slScrScaleNbg0
                0x0601ad76                slScrScaleNbg1
                0x0601ad7c                slScrScaleR
 *fill*         0x0601adac        0x4 
 SLPROG         0x0601adb0      0x114 ../../saturnringlib/../modules/sgl/LIB/LIBSGL.A(sglB200.o)
                0x0601adb0                slCharRbg0
                0x0601adbc                slCharNbg0
                0x0601adc8                slCharNbg1
                0x0601add4                slCharNbg2
                0x0601adea                slCharNbg3
                0x0601ae02                slPageRbg0
                0x0601ae18                slPageNbg1
                0x0601ae20                slPageNbg2
                0x0601ae28                slPageNbg3
                0x0601ae34                slPageNbg0
 *fill*         0x0601aec4        0xc 
 SLPROG         0x0601aed0       0x6c ../../saturnringlib/../modules/sgl/LIB/LIBSGL.A(sglC01.o)
                0x0601aed0                slPerspective
 *fill*         0x0601af3c        0x4 
 SLPROG         0x0601af40       0x30 ../../saturnringlib/../modules/sgl/LIB/LIBSGL.A(sglC02.o)
                0x0601af40                slLight
 SLPROG         0x0601af70       0x2c ../../saturnringlib/../modules/sgl/LIB/LIBSGL.A(sglC04.o)
                0x0601af70                slZdspLevel
 *fill*         0x0601af9c        0x4 
 SLPROG         0x0601afa0       0x78 ../../saturnringlib/../modules/sgl/LIB/LIBSGL.A(sglC05.o)
                0x0601afa0                slSetSprite
 *fill*         0x0601b018        0x8 
 SLPROG         0x0601b020     0x1218 ../../saturnringlib/../modules/sgl/LIB/LIBSGL.A(sglC08.o)
                0x0601b020                slPutPolygon
                0x0601bc9c                MsCalcDepthFlat
 *fill*         0x0601c238        0x8 
 SLPROG         0x0601c240       0x40 ../../saturnringlib/../modules/sgl/LIB/LIBSGL.A(sglC20.o)
                0x0601c240                SpriteEntry
 SLPROG         0x0601c280       0x84 ../../saturnringlib/../modules/sgl/LIB/LIBSGL.A(sglD00.o)
                0x0601c280                slCpuDMACopy
                0x0601c280                slDMACopy
                0x0601c2da                CSH_AllClr
                0x0601c2da                slCashPurge
 *fill*         0x0601c304        0xc 
 SLPROG         0x0601c310       0xa0 ../../saturnringlib/../modules/sgl/LIB/LIBSGL.A(sglD01.o)
                0x0601c310                slDMAXCopy
 SLPROG         0x0601c3b0        0xc ../../saturnringlib/../modules/sgl/LIB/LIBSGL.A(sglD03.o)
                0x0601c3b0                slDMAStatus
 *fill*         0x0601c3bc        0x4 
 SLPROG         0x0601c3c0       0x20 ../../saturnringlib/../modules/sgl/LIB/LIBSGL.A(sglD15.o)
                0x0601c3c0                CSH_Purge
 SLPROG         0x0601c3e0       0x84 ../../saturnringlib/../modules/sgl/LIB/LIBSGL.A(sglD16.o)
                0x0601c3e0                DMA_ScuSetPrm
                0x0601c428                DMA_SCU_PRM0
 *fill*         0x0601c464        0xc 
 SLPROG         0x0601c470       0x88 ../../saturnringlib/../modules/sgl/LIB/LIBSGL.A(sglD17.o)
                0x0601c470                DMA_ScuStart
 *fill*         0x0601c4f8        0x8 
 SLPROG         0x0601c500       0x34 ../../saturnringlib/../modules/sgl/LIB/LIBSGL.A(sglD18.o)
                0x0601c500                DMA_ScuGetStatus
 *fill*         0x0601c534        0xc 
 SLPROG         0x0601c540       0x4e ../../saturnringlib/../modules/sgl/LIB/LIBSGL.A(sglF00.o)
                0x0601c540                slCurScrn
                0x0601c550                slCurColor
                0x0601c55a                slLocate
                0x0601c58c                CurrentScreen
 *fill*         0x0601c58e        0x2 
 SLPROG         0x0601c590      0x1d0 ../../saturnringlib/../modules/sgl/LIB/LIBSGL.A(sglG00.o)
                0x0601c590                slInitSound
                0x0601c694                slWaitSound
                0x0601c6ac                slSndFlush
 SLPROG         0x0601c760      0xfc8 ../../saturnringlib/../modules/sgl/LIB/LIBSGL.A(sglH00.o)
                0x0601c778                slGetPortDir1
                0x0601c780                slGetPortDir2
                0x0601c788                slSetPortDir1
                0x0601c7b2                slSetPortDir2
                0x0601c7ec                slGetPortData1
                0x0601c7f4                slGetPortData2
                0x0601c7fc                slSetPortData1
                0x0601c806                slSetPortData2
                0x0601c818                slGetPortSelect1
                0x0601c822                slGetPortSelect2
                0x0601c82c                slSetPortSelect1
                0x0601c860                slSetPortSelect2
                0x0601c89c                slGetPortExt1
                0x0601c8a6                slGetPortExt2
                0x0601c8b0                slSetPortExt1
                0x0601c8e0                slSetPortExt2
                0x0601ca54                slSmpcDirectAccess
                0x0601cad4                slInitPeripheral
                0x0601cb66                slSetResultBuffer
                0x0601cbf2                slCheckIntBackSet
                0x0601cbfe                slIntBackCancel
                0x0601cc28                slCheckReset
                0x0601cc32                slClearReset
                0x0601cdf8                slSmpcCashSend
                0x0601ceb4                slSmpcCashBlow
                0x0601cf90                slGetOptimize
                0x0601cf9a                slSetOptimize
                0x0601cfc0                slGetPortMode1
                0x0601cfcc                slGetPortMode2
                0x0601cfda                slSetPortMode1
                0x0601d018                slSetPortMode2
                0x0601d1a4                slRequestCommand
                0x0601d214                Smpc_Status
                0x0601d218                Smpc_Result
                0x0601d21c                Smpc_Peripheral
                0x0601d222                Per_Connect1
                0x0601d223                Per_Connect2
                0x0601d244                SmpcStatusBuf
 *fill*         0x0601d728        0x8 
 SLPROG         0x0601d730      0x470 ../../saturnringlib/../modules/sgl/LIB/LIBSGL.A(sglH02.o)
                0x0601db20                smpc_pfr_tbl
                0x0601db60                smpc_ptf_tbl
 SLPROG         0x0601dba0       0x60 ../../saturnringlib/../modules/sgl/LIB/LIBSGL.A(sglH04.o)
                0x0601dba0                slComPrmIntBack
                0x0601dbb4                slComPrmSetMemory
                0x0601dbca                slComPrmSetTime
 SLPROG         0x0601dc00      0x3a4 ../../saturnringlib/../modules/sgl/LIB/LIBSGL.A(sglI01.o)
                0x0601dc00                slInitSynch
                0x0601dc1a                slSynch
                0x0601dd10                slRandom
                0x0601dd2e                PCM_EndCheck
                0x0601ddea                RetPCMBuf
                0x0601de84                PCM_Buf
                0x0601df24                Sound_Buf
 *fill*         0x0601dfa4        0xc 
 SLPROG         0x0601dfb0       0x10 ../../saturnringlib/../modules/sgl/LIB/LIBSGL.A(sglI04.o)
                0x0601dfb0                slIntFunction
 SLPROG         0x0601dfc0       0x74 ../../saturnringlib/../modules/sgl/LIB/LIBSGL.A(sglJ00.o)
                0x0601dfc0                InitSlaveSH
                0x0601e028                SlaveCommand
 *fill*         0x0601e034        0xc 
 SLPROG         0x0601e040      0x3d0 ../../saturnringlib/../modules/sgl/LIB/LIBSGL.A(sglJ01.o)
                0x0601e040                SlaveControl
                0x0601e3fc                ErasePolygonData
 SLPROG         0x0601e410     0x12b8 ../../saturnringlib/../modules/sgl/LIB/LIBSGL.A(sglJ02.o)
                0x0601e410                sbMakePolygon
                0x0601e5f8                sbCalcPolygon
                0x0601f330                SetTexture
                0x0601f33c                SetPolygon
                0x0601f344                SetPosition
                0x0601f37c                stvtc_4
                0x0601f434                stvtc_3
                0x0601f644                stvtc_1
                0x0601f658                stvtc_2
                0x0601f66c                stvtc_0
 *fill*         0x0601f6c8        0x8 
 SLPROG         0x0601f6d0      0x140 ../../saturnringlib/../modules/sgl/LIB/LIBSGL.A(sglJ03.o)
                0x0601f6d0                sbMakeDMATable
 SLPROG         0x0601f810      0x470 ../../saturnringlib/../modules/sgl/LIB/LIBSGL.A(sglJ04.o)
                0x0601f86e                sbMakeSprite
                0x0601f8d4                sbMakeRotSprite
 SLPROG         0x0601fc80       0x3c ../../saturnringlib/../modules/sgl/LIB/LIBSGL.A(sglJ05.o)
                0x0601fc80                sbSortEntry
 *fill*         0x0601fcbc        0x4 
 SLPROG         0x0601fcc0      0x4b8 ../../saturnringlib/../modules/sgl/LIB/LIBSGL.A(sglM00.o)
                0x0601fcc0                slInitGouraud
                0x0601fdb4                slPutPolygonX
                0x0601fdfa                slGouraudTblCopy
                0x0601fe52                slSetGouraudTbl
                0x0601fe58                slSetGouraudColor
                0x0601fed0                slSetAmbient
                0x0601fef4                slSetFlatColor
 *fill*         0x06020178        0x8 
 SLPROG         0x06020180       0x6a ../../saturnringlib/../modules/sgl/LIB/LIBSGL.A(sglM01.o)
                0x06020180                slSetDepthLimit
                0x060201ac                slSetDepthTbl
                0x060201dc                DepthWorkArea
 *fill*         0x060201ea        0x6 
 SLPROG         0x060201f0       0x20 ../../saturnringlib/../modules/sgl/LIB/LIBSGL.A(sglA00.o)
                0x060201f0                set_imask
                0x060201f0                _builtin_set_imask
                0x06020204                _builtin_get_imask
                0x06020204                get_imask
 SLPROG         0x06020210     0x411e ../../saturnringlib/../modules/sgl/LIB/LIBSGL.A(sglA01.o)
                0x06020210                slSin
                0x06020234                slCos
                0x06020258                GetSinCos
                0x060202ec                sin_cos_index_tbl
                0x0602032c                sin_tbl
 *fill*         0x0602432e        0x2 
 SLPROG         0x06024330     0x215c ../../saturnringlib/../modules/sgl/LIB/LIBSGL.A(sglA03.o)
                0x06024330                slTan
 *fill*         0x0602648c        0x4 
 SLPROG         0x06026490       0x34 ../../saturnringlib/../modules/sgl/LIB/LIBSGL.A(sglA10.o)
                0x06026490                slSquartDbl
 *fill*         0x060264c4        0xc 
 SLPROG         0x060264d0      0x3c2 ../../saturnringlib/../modules/sgl/LIB/LIBSGL.A(sglA24.o)
                0x060264d0                slInversMatrix
 *fill*         0x06026892        0xe 
 SLPROG         0x060268a0       0x24 ../../saturnringlib/../modules/sgl/LIB/LIBSGL.A(sglA25.o)
                0x060268a0                slTransposeMatrix
 *fill*         0x060268c4        0xc 
 SLPROG         0x060268d0       0x70 ../../saturnringlib/../modules/sgl/LIB/LIBSGL.A(sglA28.o)
                0x060268d0                slScale
 SLPROG         0x06026940       0x22 ../../saturnringlib/../modules/sgl/LIB/LIBSGL.A(sglA40.o)
                0x06026940                slCalcVector
 *fill*         0x06026962        0xe 
 SLPROG         0x06026970      0xbd0 ../../saturnringlib/../modules/sgl/LIB/LIBSGL.A(sglB000.o)
                0x06026970                slInitScroll
                0x06026a90                setASC_1to8
                0x06026ac0                setASC_4to8
                0x06026bd0                TVSizeTbl
                0x06026c50                TVModeTbl
                0x06026e28                SGL_ASCII_CG
 SLPROG         0x06027540      0x134 ../../saturnringlib/../modules/sgl/LIB/LIBSGL.A(sglC00.o)
                0x06027540                slInitSprite
 *fill*         0x06027674        0xc 
 SLPROG         0x06027680       0xac ../../saturnringlib/../modules/sgl/LIB/LIBSGL.A(sglC13.o)
                0x06027680                slPutPolygonS
 *fill*         0x0602772c        0x4 
 SLPROG         0x06027730       0x10 ../../saturnringlib/../modules/sgl/LIB/LIBSGL.A(sglD02.o)
                0x06027730                slDMAWait
 SLPROG         0x06027740       0xc0 ../../saturnringlib/../modules/sgl/LIB/LIBSGL.A(sglD19.o)
                0x06027740                DMA_ScuMemCopy
 SLPROG         0x06027800      0x75c ../../saturnringlib/../modules/sgl/LIB/LIBSGL.A(sglI00.o)
                0x06027af0                slInitInterrupt
 *fill*         0x06027f5c        0x4 
 SLPROG         0x06027f60       0xf0 ../../saturnringlib/../modules/sgl/LIB/LIBSGL.A(sglH03.o)
                0x06027fc4                slSmpcIntBack
                0x06028050                        __slprog_end = .

.tors           0x06028050       0x10
                0x06028050                        ___ctors = .
 *(.ctors*)
 .ctors         0x06028050        0x4 src/main.o
                0x06028054                        ___ctors_end = .
                0x06028054                        ___dtors = .
 *(.dtors*)
 .dtors         0x06028054        0x4 src/main.o
                0x06028058                        ___dtors_end = .

.data           0x06028060      0x4e0
 *(.data*)
 .data          0x06028060       0x28 ../../saturnringlib/../modules/sgl/LIB/../SRC/workarea.o
                0x06028060                PCM_Work
                0x06028064                SlaveStack
                0x06028068                TransList
                0x0602806c                MasterStack
                0x06028070                SortList
                0x06028074                Zbuffer
                0x06028078                SpriteBuf
                0x0602807c                Pbuffer
                0x06028080                CLOfstBuf
                0x06028084                CommandBuf
 .data          0x06028088       0x40 src/main.o
                0x06028088                shadingTable
 .data._ZZN3SRL5Input3Gun11SynchronizeEvE14secondPlayerId
                0x060280c8        0x1 src/main.o
                0x060280c8                SRL::Input::Gun::Synchronize()::secondPlayerId
 .data._ZZN3SRL5Input3Gun11SynchronizeEvE13firstPlayerId
                0x060280c9        0x1 src/main.o
                0x060280c9                SRL::Input::Gun::Synchronize()::firstPlayerId
 *fill*         0x060280ca        0x2 
 .data._ZN3SRL5Input10Management11PeripheralsE
                0x060280cc      0x120 src/main.o
                0x060280cc                SRL::Input::Management::Peripherals
 .data._ZN3SRL5Input10Management24PeripheralsPreviousStateE
                0x060281ec      0x120 src/main.o
                0x060281ec                SRL::Input::Management::PeripheralsPreviousState
 .data._ZN3SRL4VDP212ScrollScreenINS0_4RBG0ELs5ELt16EE12MapAllocSizeE
                0x0602830c        0x4 src/main.o
                0x0602830c                SRL::VDP2::ScrollScreen<SRL::VDP2::RBG0, (short)5, (unsigned short)16>::MapAllocSize
 .data._ZN3SRL4VDP212ScrollScreenINS0_4RBG0ELs5ELt16EE13CellAllocSizeE
                0x06028310        0x4 src/main.o
                0x06028310                SRL::VDP2::ScrollScreen<SRL::VDP2::RBG0, (short)5, (unsigned short)16>::CellAllocSize
 .data._ZN3SRL4VDP212ScrollScreenINS0_4RBG0ELs5ELt16EE4InfoE
                0x06028314       0x14 src/main.o
                0x06028314                SRL::VDP2::ScrollScreen<SRL::VDP2::RBG0, (short)5, (unsigned short)16>::Info
 .data._ZN3SRL4VDP212ScrollScreenINS0_4RBG0ELs5ELt16EE10MapAddressE
                0x06028328        0x4 src/main.o
                0x06028328                SRL::VDP2::ScrollScreen<SRL::VDP2::RBG0, (short)5, (unsigned short)16>::MapAddress
 .data._ZN3SRL4VDP212ScrollScreenINS0_4RBG0ELs5ELt16EE11CellAddressE
                0x0602832c        0x4 src/main.o
                0x0602832c                SRL::VDP2::ScrollScreen<SRL::VDP2::RBG0, (short)5, (unsigned short)16>::CellAddress
 .data._ZN3SRL4VDP212ScrollScreenINS0_4NBG0ELs1ELt1EE12MapAllocSizeE
                0x06028330        0x4 src/main.o
                0x06028330                SRL::VDP2::ScrollScreen<SRL::VDP2::NBG0, (short)1, (unsigned short)1>::MapAllocSize
 .data._ZN3SRL4VDP212ScrollScreenINS0_4NBG0ELs1ELt1EE13CellAllocSizeE
                0x06028334        0x4 src/main.o
                0x06028334                SRL::VDP2::ScrollScreen<SRL::VDP2::NBG0, (short)1, (unsigned short)1>::CellAllocSize
 .data._ZN3SRL4VDP212ScrollScreenINS0_4NBG0ELs1ELt1EE4InfoE
                0x06028338       0x14 src/main.o
                0x06028338                SRL::VDP2::ScrollScreen<SRL::VDP2::NBG0, (short)1, (unsigned short)1>::Info
 .data._ZN3SRL4VDP212ScrollScreenINS0_4NBG0ELs1ELt1EE10MapAddressE
                0x0602834c        0x4 src/main.o
                0x0602834c                SRL::VDP2::ScrollScreen<SRL::VDP2::NBG0, (short)1, (unsigned short)1>::MapAddress
 .data._ZN3SRL4VDP212ScrollScreenINS0_4NBG0ELs1ELt1EE11CellAddressE
                0x06028350        0x4 src/main.o
                0x06028350                SRL::VDP2::ScrollScreen<SRL::VDP2::NBG0, (short)1, (unsigned short)1>::CellAddress
 .data._ZN3SRL4VDP213ActiveScrollsE
                0x06028354        0x2 src/main.o
                0x06028354                SRL::VDP2::ActiveScrolls
 *fill*         0x06028356        0x2 
 .data._ZN3SRL4VDP24VRAM10bankCyclesE
                0x06028358        0x4 src/main.o
                0x06028358                SRL::VDP2::VRAM::bankCycles
 .data._ZN3SRL4VDP24VRAM10currentTopE
                0x0602835c       0x10 src/main.o
                0x0602835c                SRL::VDP2::VRAM::currentTop
 .data._ZN3SRL4VDP24VRAM10currentBotE
                0x0602836c       0x10 src/main.o
                0x0602836c                SRL::VDP2::VRAM::currentBot
 .data._ZN3SRL5ASCII7maxFontE
                0x0602837c        0x1 src/main.o
                0x0602837c                SRL::ASCII::maxFont
 .data._ZN3SRL5ASCII12maxYPositionE
                0x0602837d        0x1 src/main.o
                0x0602837d                SRL::ASCII::maxYPosition
 .data._ZN3SRL5ASCII12maxXPositionE
                0x0602837e        0x1 src/main.o
                0x0602837e                SRL::ASCII::maxXPosition
 *fill*         0x0602837f        0x1 
 .data._ZN3SRL5ASCII8fontBankE
                0x06028380        0x2 src/main.o
                0x06028380                SRL::ASCII::fontBank
 .data._ZN3SRL5ASCII9colorBankE
                0x06028382        0x2 src/main.o
                0x06028382                SRL::ASCII::colorBank
 .data._ZN3SRL5ASCII7tileMapE
                0x06028384        0x4 src/main.o
                0x06028384                SRL::ASCII::tileMap
 .data._ZN3SRL4CRAM11BaseAddressE
                0x06028388        0x4 src/main.o
                0x06028388                SRL::CRAM::BaseAddress
 *fill*         0x0602838c        0x4 
 .data          0x06028390        0x0 ../../saturnringlib/../modules/sgl/LIB/LIBCD.A(CDC_CMN.O)
 .data          0x06028390        0x0 ../../saturnringlib/../modules/sgl/LIB/LIBCD.A(CDC_REG.O)
 .data          0x06028390        0x0 ../../saturnringlib/../modules/sgl/LIB/LIBCD.A(CDC_SUB.O)
 .data          0x06028390        0x0 ../../saturnringlib/../modules/sgl/LIB/LIBCD.A(GFS.O)
 .data          0x06028390        0x0 ../../saturnringlib/../modules/sgl/LIB/LIBCD.A(GFS_BUF.O)
 .data          0x06028390        0x0 ../../saturnringlib/../modules/sgl/LIB/LIBCD.A(GFS_CDB.O)
 .data          0x06028390        0x0 ../../saturnringlib/../modules/sgl/LIB/LIBCD.A(GFS_CDC.O)
 .data          0x06028390        0x0 ../../saturnringlib/../modules/sgl/LIB/LIBCD.A(GFS_CDF.O)
 .data          0x06028390        0x0 ../../saturnringlib/../modules/sgl/LIB/LIBCD.A(GFS_DIR.O)
 .data          0x06028390        0x0 ../../saturnringlib/../modules/sgl/LIB/LIBCD.A(GFS_TRN.O)
 .data          0x06028390        0x0 ../../saturnringlib/../modules/sgl/LIB/LIBCD.A(CDC_DRV.O)
 .data          0x06028390        0x0 ../../saturnringlib/../modules/sgl/LIB/LIBCD.A(CDC_DEV.O)
 .data          0x06028390        0x0 ../../saturnringlib/../modules/sgl/LIB/LIBCD.A(CDC_SEL.O)
 .data          0x06028390        0x0 ../../saturnringlib/../modules/sgl/LIB/LIBCD.A(CDC_BIF.O)
 .data          0x06028390        0x0 ../../saturnringlib/../modules/sgl/LIB/LIBCD.A(CDC_BIO.O)
 .data          0x06028390        0x0 ../../saturnringlib/../modules/sgl/LIB/LIBCD.A(CDC_CFS.O)
 .data          0x06028390        0x0 ../../saturnringlib/../modules/sgl/LIB/LIBSGL.A(sglA16.o)
 .data          0x06028390        0x0 ../../saturnringlib/../modules/sgl/LIB/LIBSGL.A(sglA17.o)
 .data          0x06028390        0x0 ../../saturnringlib/../modules/sgl/LIB/LIBSGL.A(sglA18.o)
 .data          0x06028390        0x0 ../../saturnringlib/../modules/sgl/LIB/LIBSGL.A(sglA19.o)
 .data          0x06028390        0x0 ../../saturnringlib/../modules/sgl/LIB/LIBSGL.A(sglA20.o)
 .data          0x06028390        0x0 ../../saturnringlib/../modules/sgl/LIB/LIBSGL.A(sglA21.o)
 .data          0x06028390        0x0 ../../saturnringlib/../modules/sgl/LIB/LIBSGL.A(sglA27.o)
 .data          0x06028390        0x0 ../../saturnringlib/../modules/sgl/LIB/LIBSGL.A(sglA39.o)
 .data          0x06028390        0x0 ../../saturnringlib/../modules/sgl/LIB/LIBSGL.A(sglB001.o)
 .data          0x06028390        0x0 ../../saturnringlib/../modules/sgl/LIB/LIBSGL.A(sglB002.o)
 .data          0x06028390        0x0 ../../saturnringlib/../modules/sgl/LIB/LIBSGL.A(sglB015.o)
 .data          0x06028390        0x0 ../../saturnringlib/../modules/sgl/LIB/LIBSGL.A(sglB016.o)
 .data          0x06028390        0x0 ../../saturnringlib/../modules/sgl/LIB/LIBSGL.A(sglB031.o)
 .data          0x06028390        0x0 ../../saturnringlib/../modules/sgl/LIB/LIBSGL.A(sglB034.o)
 .data          0x06028390        0x0 ../../saturnringlib/../modules/sgl/LIB/LIBSGL.A(sglB035.o)
 .data          0x06028390        0x0 ../../saturnringlib/../modules/sgl/LIB/LIBSGL.A(sglB038.o)
 .data          0x06028390        0x0 ../../saturnringlib/../modules/sgl/LIB/LIBSGL.A(sglB040.o)
 .data          0x06028390        0x0 ../../saturnringlib/../modules/sgl/LIB/LIBSGL.A(sglB042.o)
 .data          0x06028390        0x0 ../../saturnringlib/../modules/sgl/LIB/LIBSGL.A(sglB043.o)
 .data          0x06028390        0x0 ../../saturnringlib/../modules/sgl/LIB/LIBSGL.A(sglB044.o)
 .data          0x06028390        0x0 ../../saturnringlib/../modules/sgl/LIB/LIBSGL.A(sglB045.o)
 .data          0x06028390        0x0 ../../saturnringlib/../modules/sgl/LIB/LIBSGL.A(sglB047.o)
 .data          0x06028390        0x0 ../../saturnringlib/../modules/sgl/LIB/LIBSGL.A(sglB055.o)
 .data          0x06028390        0x0 ../../saturnringlib/../modules/sgl/LIB/LIBSGL.A(sglB058.o)
 .data          0x06028390        0x0 ../../saturnringlib/../modules/sgl/LIB/LIBSGL.A(sglB059.o)
 .data          0x06028390        0x0 ../../saturnringlib/../modules/sgl/LIB/LIBSGL.A(sglB063.o)
 .data          0x06028390        0x0 ../../saturnringlib/../modules/sgl/LIB/LIBSGL.A(sglB070.o)
 .data          0x06028390        0x0 ../../saturnringlib/../modules/sgl/LIB/LIBSGL.A(sglB112.o)
 .data          0x06028390        0x0 ../../saturnringlib/../modules/sgl/LIB/LIBSGL.A(sglB200.o)
 .data          0x06028390        0x0 ../../saturnringlib/../modules/sgl/LIB/LIBSGL.A(sglC01.o)
 .data          0x06028390        0x0 ../../saturnringlib/../modules/sgl/LIB/LIBSGL.A(sglC02.o)
 .data          0x06028390        0x0 ../../saturnringlib/../modules/sgl/LIB/LIBSGL.A(sglC04.o)
 .data          0x06028390        0x0 ../../saturnringlib/../modules/sgl/LIB/LIBSGL.A(sglC05.o)
 .data          0x06028390        0x0 ../../saturnringlib/../modules/sgl/LIB/LIBSGL.A(sglC08.o)
 .data          0x06028390        0x0 ../../saturnringlib/../modules/sgl/LIB/LIBSGL.A(sglC20.o)
 .data          0x06028390        0x0 ../../saturnringlib/../modules/sgl/LIB/LIBSGL.A(sglD00.o)
 .data          0x06028390        0x0 ../../saturnringlib/../modules/sgl/LIB/LIBSGL.A(sglD01.o)
 .data          0x06028390        0x0 ../../saturnringlib/../modules/sgl/LIB/LIBSGL.A(sglD03.o)
 .data          0x06028390        0x0 ../../saturnringlib/../modules/sgl/LIB/LIBSGL.A(sglD15.o)
 .data          0x06028390        0x0 ../../saturnringlib/../modules/sgl/LIB/LIBSGL.A(sglD16.o)
 .data          0x06028390        0x0 ../../saturnringlib/../modules/sgl/LIB/LIBSGL.A(sglD17.o)
 .data          0x06028390        0x0 ../../saturnringlib/../modules/sgl/LIB/LIBSGL.A(sglD18.o)
 .data          0x06028390        0x0 ../../saturnringlib/../modules/sgl/LIB/LIBSGL.A(sglF00.o)
 .data          0x06028390        0x0 ../../saturnringlib/../modules/sgl/LIB/LIBSGL.A(sglG00.o)
 .data          0x06028390        0x0 ../../saturnringlib/../modules/sgl/LIB/LIBSGL.A(sglH00.o)
 .data          0x06028390        0x0 ../../saturnringlib/../modules/sgl/LIB/LIBSGL.A(sglH02.o)
 .data          0x06028390        0x0 ../../saturnringlib/../modules/sgl/LIB/LIBSGL.A(sglH04.o)
 .data          0x06028390        0x0 ../../saturnringlib/../modules/sgl/LIB/LIBSGL.A(sglI01.o)
 .data          0x06028390        0x0 ../../saturnringlib/../modules/sgl/LIB/LIBSGL.A(sglI04.o)
 .data          0x06028390       0x80 ../../saturnringlib/../modules/sgl/LIB/LIBSGL.A(sglIc0.o)
                0x06028390                IntPrioMask
 .data          0x06028410        0x0 ../../saturnringlib/../modules/sgl/LIB/LIBSGL.A(sglJ00.o)
 .data          0x06028410        0x0 ../../saturnringlib/../modules/sgl/LIB/LIBSGL.A(sglJ01.o)
 .data          0x06028410        0x0 ../../saturnringlib/../modules/sgl/LIB/LIBSGL.A(sglJ02.o)
 .data          0x06028410        0x0 ../../saturnringlib/../modules/sgl/LIB/LIBSGL.A(sglJ03.o)
 .data          0x06028410        0x0 ../../saturnringlib/../modules/sgl/LIB/LIBSGL.A(sglJ04.o)
 .data          0x06028410        0x0 ../../saturnringlib/../modules/sgl/LIB/LIBSGL.A(sglJ05.o)
 .data          0x06028410        0x0 ../../saturnringlib/../modules/sgl/LIB/LIBSGL.A(sglK01.o)
 .data          0x06028410        0x0 ../../saturnringlib/../modules/sgl/LIB/LIBSGL.A(sglM00.o)
 .data          0x06028410        0x0 ../../saturnringlib/../modules/sgl/LIB/LIBSGL.A(sglM01.o)
 .data          0x06028410        0x0 ../../saturnringlib/../modules/sgl/LIB/LIBSGL.A(sglA00.o)
 .data          0x06028410        0x0 ../../saturnringlib/../modules/sgl/LIB/LIBSGL.A(sglA01.o)
 .data          0x06028410        0x0 ../../saturnringlib/../modules/sgl/LIB/LIBSGL.A(sglA03.o)
 .data          0x06028410        0x0 ../../saturnringlib/../modules/sgl/LIB/LIBSGL.A(sglA10.o)
 .data          0x06028410        0x0 ../../saturnringlib/../modules/sgl/LIB/LIBSGL.A(sglA24.o)
 .data          0x06028410        0x0 ../../saturnringlib/../modules/sgl/LIB/LIBSGL.A(sglA25.o)
 .data          0x06028410        0x0 ../../saturnringlib/../modules/sgl/LIB/LIBSGL.A(sglA28.o)
 .data          0x06028410        0x0 ../../saturnringlib/../modules/sgl/LIB/LIBSGL.A(sglA40.o)
 .data          0x06028410        0x0 ../../saturnringlib/../modules/sgl/LIB/LIBSGL.A(sglB000.o)
 .data          0x06028410        0x0 ../../saturnringlib/../modules/sgl/LIB/LIBSGL.A(sglC00.o)
 .data          0x06028410        0x0 ../../saturnringlib/../modules/sgl/LIB/LIBSGL.A(sglC13.o)
 .data          0x06028410        0x0 ../../saturnringlib/../modules/sgl/LIB/LIBSGL.A(sglD02.o)
 .data          0x06028410        0x0 ../../saturnringlib/../modules/sgl/LIB/LIBSGL.A(sglD19.o)
 .data          0x06028410        0x0 ../../saturnringlib/../modules/sgl/LIB/LIBSGL.A(sglI00.o)
 .data          0x06028410        0x0 ../../saturnringlib/../modules/sgl/LIB/LIBSGL.A(sglH03.o)
 .data          0x06028410        0x0 ../../saturnringlib/../modules/sgl/LIB/LIBSND.A(snd_main.o)
 .data          0x06028410        0x0 C:/saturn/SaturnRingLib-main/Compiler/sh2eb-elf/bin/../lib/gcc/sh-elf/14.2.0\libgcc.a(_ashiftrt.o)
 .data          0x06028410        0x0 C:/saturn/SaturnRingLib-main/Compiler/sh2eb-elf/bin/../lib/gcc/sh-elf/14.2.0\libgcc.a(_ashiftrt_n.o)
 .data          0x06028410        0x0 C:/saturn/SaturnRingLib-main/Compiler/sh2eb-elf/bin/../lib/gcc/sh-elf/14.2.0\libgcc.a(_ashiftlt.o)
 .data          0x06028410        0x0 C:/saturn/SaturnRingLib-main/Compiler/sh2eb-elf/bin/../lib/gcc/sh-elf/14.2.0\libgcc.a(_lshiftrt.o)
 .data          0x06028410        0x0 C:/saturn/SaturnRingLib-main/Compiler/sh2eb-elf/bin/../lib/gcc/sh-elf/14.2.0\libgcc.a(_movmem.o)
 .data          0x06028410        0x0 C:/saturn/SaturnRingLib-main/Compiler/sh2eb-elf/bin/../lib/gcc/sh-elf/14.2.0\libgcc.a(_sdivsi3.o)
 .data          0x06028410        0x0 C:/saturn/SaturnRingLib-main/Compiler/sh2eb-elf/bin/../lib/gcc/sh-elf/14.2.0\libgcc.a(_udivsi3.o)
 .data          0x06028410        0x0 C:/saturn/SaturnRingLib-main/Compiler/sh2eb-elf/bin/../lib/gcc/sh-elf/14.2.0/../../../../sh-elf/lib\libc.a(libc_a-abort.o)
 .data          0x06028410        0x0 C:/saturn/SaturnRingLib-main/Compiler/sh2eb-elf/bin/../lib/gcc/sh-elf/14.2.0/../../../../sh-elf/lib\libc.a(libc_a-snprintf.o)
 .data          0x06028410        0x0 C:/saturn/SaturnRingLib-main/Compiler/sh2eb-elf/bin/../lib/gcc/sh-elf/14.2.0/../../../../sh-elf/lib\libc.a(libc_a-memcmp.o)
 .data          0x06028410        0x0 C:/saturn/SaturnRingLib-main/Compiler/sh2eb-elf/bin/../lib/gcc/sh-elf/14.2.0/../../../../sh-elf/lib\libc.a(libc_a-strncmp.o)
 .data          0x06028410        0x0 C:/saturn/SaturnRingLib-main/Compiler/sh2eb-elf/bin/../lib/gcc/sh-elf/14.2.0/../../../../sh-elf/lib\libc.a(libc_a-strncpy.o)
 .data          0x06028410        0x0 C:/saturn/SaturnRingLib-main/Compiler/sh2eb-elf/bin/../lib/gcc/sh-elf/14.2.0/../../../../sh-elf/lib\libc.a(libc_a-signal.o)
 .data          0x06028410      0x120 C:/saturn/SaturnRingLib-main/Compiler/sh2eb-elf/bin/../lib/gcc/sh-elf/14.2.0/../../../../sh-elf/lib\libc.a(libc_a-impure.o)
                0x06028410                _impure_ptr
                0x06028414                _impure_data
 .data          0x06028530        0x0 C:/saturn/SaturnRingLib-main/Compiler/sh2eb-elf/bin/../lib/gcc/sh-elf/14.2.0/../../../../sh-elf/lib\libc.a(libc_a-signalr.o)
 .data          0x06028530        0x0 C:/saturn/SaturnRingLib-main/Compiler/sh2eb-elf/bin/../lib/gcc/sh-elf/14.2.0/../../../../sh-elf/lib\libc.a(libc_a-memcpy.o)
 .data          0x06028530        0x0 C:/saturn/SaturnRingLib-main/Compiler/sh2eb-elf/bin/../lib/gcc/sh-elf/14.2.0/../../../../sh-elf/lib\libc.a(libc_a-memset.o)
 .data          0x06028530        0x0 C:/saturn/SaturnRingLib-main/Compiler/sh2eb-elf/bin/../lib/gcc/sh-elf/14.2.0/../../../../sh-elf/lib\libc.a(libc_a-mallocr.o)
 .data          0x06028530        0x0 C:/saturn/SaturnRingLib-main/Compiler/sh2eb-elf/bin/../lib/gcc/sh-elf/14.2.0/../../../../sh-elf/lib\libc.a(libc_a-mlock.o)
 .data          0x06028530        0x0 C:/saturn/SaturnRingLib-main/Compiler/sh2eb-elf/bin/../lib/gcc/sh-elf/14.2.0/../../../../sh-elf/lib\libc.a(libc_a-nano-svfprintf.o)
 .data          0x06028530        0x0 C:/saturn/SaturnRingLib-main/Compiler/sh2eb-elf/bin/../lib/gcc/sh-elf/14.2.0/../../../../sh-elf/lib\libc.a(libc_a-nano-vfprintf_i.o)
 .data          0x06028530        0xc C:/saturn/SaturnRingLib-main/Compiler/sh2eb-elf/bin/../lib/gcc/sh-elf/14.2.0/../../../../sh-elf/lib\libc.a(libc_a-findfp.o)
                0x06028530                __sglue
 .data          0x0602853c        0x0 C:/saturn/SaturnRingLib-main/Compiler/sh2eb-elf/bin/../lib/gcc/sh-elf/14.2.0/../../../../sh-elf/lib\libc.a(libc_a-fwalk.o)
 .data          0x0602853c        0x0 C:/saturn/SaturnRingLib-main/Compiler/sh2eb-elf/bin/../lib/gcc/sh-elf/14.2.0/../../../../sh-elf/lib\libc.a(libc_a-stdio.o)
 .data          0x0602853c        0x0 C:/saturn/SaturnRingLib-main/Compiler/sh2eb-elf/bin/../lib/gcc/sh-elf/14.2.0/../../../../sh-elf/lib\libc.a(libc_a-memchr.o)
 .data          0x0602853c        0x0 C:/saturn/SaturnRingLib-main/Compiler/sh2eb-elf/bin/../lib/gcc/sh-elf/14.2.0/../../../../sh-elf/lib\libc.a(libc_a-memmove.o)
 .data          0x0602853c        0x0 C:/saturn/SaturnRingLib-main/Compiler/sh2eb-elf/bin/../lib/gcc/sh-elf/14.2.0/../../../../sh-elf/lib\libc.a(libc_a-closer.o)
 .data          0x0602853c        0x0 C:/saturn/SaturnRingLib-main/Compiler/sh2eb-elf/bin/../lib/gcc/sh-elf/14.2.0/../../../../sh-elf/lib\libc.a(libc_a-reent.o)
 .data          0x0602853c        0x0 C:/saturn/SaturnRingLib-main/Compiler/sh2eb-elf/bin/../lib/gcc/sh-elf/14.2.0/../../../../sh-elf/lib\libc.a(libc_a-lseekr.o)
 .data          0x0602853c        0x0 C:/saturn/SaturnRingLib-main/Compiler/sh2eb-elf/bin/../lib/gcc/sh-elf/14.2.0/../../../../sh-elf/lib\libc.a(libc_a-readr.o)
 .data          0x0602853c        0x0 C:/saturn/SaturnRingLib-main/Compiler/sh2eb-elf/bin/../lib/gcc/sh-elf/14.2.0/../../../../sh-elf/lib\libc.a(libc_a-sbrkr.o)
 .data          0x0602853c        0x0 C:/saturn/SaturnRingLib-main/Compiler/sh2eb-elf/bin/../lib/gcc/sh-elf/14.2.0/../../../../sh-elf/lib\libc.a(libc_a-writer.o)
 .data          0x0602853c        0x0 C:/saturn/SaturnRingLib-main/Compiler/sh2eb-elf/bin/../lib/gcc/sh-elf/14.2.0/../../../../sh-elf/lib\libc.a(libc_a-freer.o)
 .data          0x0602853c        0x0 C:/saturn/SaturnRingLib-main/Compiler/sh2eb-elf/bin/../lib/gcc/sh-elf/14.2.0/../../../../sh-elf/lib\libc.a(libc_a-reallocr.o)
 .data          0x0602853c        0x0 C:/saturn/SaturnRingLib-main/Compiler/sh2eb-elf/bin/../lib/gcc/sh-elf/14.2.0/../../../../sh-elf/lib\libc.a(libc_a-fflush.o)
 .data          0x0602853c        0x0 C:/saturn/SaturnRingLib-main/Compiler/sh2eb-elf/bin/../lib/gcc/sh-elf/14.2.0/../../../../sh-elf/lib\libc.a(libc_a-msizer.o)
 .data          0x0602853c        0x0 C:/saturn/SaturnRingLib-main/Compiler/sh2eb-elf/bin/../lib/gcc/sh-elf/14.2.0/../../../../sh-elf/lib\libnosys.a(close.o)
 .data          0x0602853c        0x0 C:/saturn/SaturnRingLib-main/Compiler/sh2eb-elf/bin/../lib/gcc/sh-elf/14.2.0/../../../../sh-elf/lib\libnosys.a(getpid.o)
 .data          0x0602853c        0x0 C:/saturn/SaturnRingLib-main/Compiler/sh2eb-elf/bin/../lib/gcc/sh-elf/14.2.0/../../../../sh-elf/lib\libnosys.a(kill.o)
 .data          0x0602853c        0x0 C:/saturn/SaturnRingLib-main/Compiler/sh2eb-elf/bin/../lib/gcc/sh-elf/14.2.0/../../../../sh-elf/lib\libnosys.a(lseek.o)
 .data          0x0602853c        0x0 C:/saturn/SaturnRingLib-main/Compiler/sh2eb-elf/bin/../lib/gcc/sh-elf/14.2.0/../../../../sh-elf/lib\libnosys.a(read.o)
 .data          0x0602853c        0x0 C:/saturn/SaturnRingLib-main/Compiler/sh2eb-elf/bin/../lib/gcc/sh-elf/14.2.0/../../../../sh-elf/lib\libnosys.a(sbrk.o)
 .data          0x0602853c        0x0 C:/saturn/SaturnRingLib-main/Compiler/sh2eb-elf/bin/../lib/gcc/sh-elf/14.2.0/../../../../sh-elf/lib\libnosys.a(write.o)
 .data          0x0602853c        0x0 C:/saturn/SaturnRingLib-main/Compiler/sh2eb-elf/bin/../lib/gcc/sh-elf/14.2.0/../../../../sh-elf/lib\libnosys.a(_exit.o)
                0x0602853c                        __edata = .

.rodata         0x06028540      0x920
 *(.rodata*)
 .rodata        0x06028540       0x18 ../../saturnringlib/../modules/sgl/LIB/../SRC/workarea.o
                0x06028540                PCM_WkSize
                0x06028544                MaxVertices
                0x06028546                MaxPolygons
                0x06028548                SortListSize
                0x0602854c                SpriteBufSize
                0x06028550                EventSize
                0x06028552                MaxEvents
                0x06028554                WorkSize
                0x06028556                MaxWorks
 .rodata.str1.4
                0x06028558      0x288 src/main.o
 .rodata._ZN3SRL5Sound8Hardware10InitializeEv.str1.4
                0x060287e0       0x25 src/main.o
 *fill*         0x06028805        0x3 
 .rodata._ZN11ModelObjectC2EPKcj.str1.4
                0x06028808       0x26 src/main.o
 *fill*         0x0602882e        0x2 
 .rodata._ZN3SRL5Debug12AssertScreenIJEEEvPKcS3_S3_DpT_.str1.4
                0x06028830       0x41 src/main.o