Archive member included to satisfy reference by file (symbol)

../../saturnringlib/../modules/sgl/LIB/LIBCD.A(CDC_CMN.O)
                              src/main.o (CDC_CdInit)
../../saturnringlib/../modules/sgl/LIB/LIBCD.A(CDC_REG.O)
                              ../../saturnringlib/../modules/sgl/LIB/LIBCD.A(CDC_CMN.O) (CDREG_ClrHirqReq)
../../saturnringlib/../modules/sgl/LIB/LIBCD.A(CDC_SUB.O)
                              ../../saturnringlib/../modules/sgl/LIB/LIBCD.A(CDC_CMN.O) (CDSUB_UpdStatus)
../../saturnringlib/../modules/sgl/LIB/LIBCD.A(GFS.O)
                              src/main.o (GFS_Init)
../../saturnringlib/../modules/sgl/LIB/LIBCD.A(GFS_BUF.O)
                              ../../saturnringlib/../modules/sgl/LIB/LIBCD.A(GFS.O) (GFBF_GetNumData)
../../saturnringlib/../modules/sgl/LIB/LIBCD.A(GFS_CDB.O)
                              ../../saturnringlib/../modules/sgl/LIB/LIBCD.A(GFS.O) (GFCB_Close)
../../saturnringlib/../modules/sgl/LIB/LIBCD.A(GFS_CDC.O)
                              ../../saturnringlib/../modules/sgl/LIB/LIBCD.A(GFS.O) (GFCD_SetCdbfs)
../../saturnringlib/../modules/sgl/LIB/LIBCD.A(GFS_CDF.O)
                              ../../saturnringlib/../modules/sgl/LIB/LIBCD.A(GFS.O) (GFCF_Init)
../../saturnringlib/../modules/sgl/LIB/LIBCD.A(GFS_DIR.O)
                              ../../saturnringlib/../modules/sgl/LIB/LIBCD.A(GFS.O) (GFDR_SetupDirTbl)
../../saturnringlib/../modules/sgl/LIB/LIBCD.A(GFS_TRN.O)
                              ../../saturnringlib/../modules/sgl/LIB/LIBCD.A(GFS.O) (GFTR_Setup)
../../saturnringlib/../modules/sgl/LIB/LIBCD.A(CDC_DRV.O)
                              ../../saturnringlib/../modules/sgl/LIB/LIBCD.A(GFS_CDC.O) (CDC_CdPlay)
../../saturnringlib/../modules/sgl/LIB/LIBCD.A(CDC_DEV.O)
                              ../../saturnringlib/../modules/sgl/LIB/LIBCD.A(GFS_CDC.O) (CDC_CdSetCon)
../../saturnringlib/../modules/sgl/LIB/LIBCD.A(CDC_SEL.O)
                              ../../saturnringlib/../modules/sgl/LIB/LIBCD.A(GFS_CDC.O) (CDC_SetFiltRange)
../../saturnringlib/../modules/sgl/LIB/LIBCD.A(CDC_BIF.O)
                              ../../saturnringlib/../modules/sgl/LIB/LIBCD.A(GFS_CDC.O) (CDC_GetBufSiz)
../../saturnringlib/../modules/sgl/LIB/LIBCD.A(CDC_BIO.O)
                              ../../saturnringlib/../modules/sgl/LIB/LIBCD.A(GFS_CDC.O) (CDC_SetSctLen)
../../saturnringlib/../modules/sgl/LIB/LIBCD.A(CDC_CFS.O)
                              ../../saturnringlib/../modules/sgl/LIB/LIBCD.A(GFS_CDC.O) (CDC_ChgDir)
../../saturnringlib/../modules/sgl/LIB/LIBSGL.A(sglA16.o)
                              src/main.o (slLookAt)
../../saturnringlib/../modules/sgl/LIB/LIBSGL.A(sglA17.o)
                              ../../saturnringlib/../modules/sgl/LIB/LIBSGL.A(sglA16.o) (slRotZ)
../../saturnringlib/../modules/sgl/LIB/LIBSGL.A(sglA18.o)
                              src/main.o (slRotY)
../../saturnringlib/../modules/sgl/LIB/LIBSGL.A(sglA19.o)
                              src/main.o (slRotX)
../../saturnringlib/../modules/sgl/LIB/LIBSGL.A(sglA20.o)
                              src/main.o (slUnitMatrix)
../../saturnringlib/../modules/sgl/LIB/LIBSGL.A(sglA21.o)
                              src/main.o (slPushMatrix)
../../saturnringlib/../modules/sgl/LIB/LIBSGL.A(sglA27.o)
                              src/main.o (slTranslate)
../../saturnringlib/../modules/sgl/LIB/LIBSGL.A(sglA39.o)
                              src/main.o (slConvert3Dto2DFX)
../../saturnringlib/../modules/sgl/LIB/LIBSGL.A(sglB001.o)
                              src/main.o (slTVOn)
../../saturnringlib/../modules/sgl/LIB/LIBSGL.A(sglB002.o)
                              src/main.o (slColRAMMode)
../../saturnringlib/../modules/sgl/LIB/LIBSGL.A(sglB015.o)
                              src/main.o (slScrAutoDisp)
../../saturnringlib/../modules/sgl/LIB/LIBSGL.A(sglB016.o)
                              src/main.o (slBack1ColSet)
../../saturnringlib/../modules/sgl/LIB/LIBSGL.A(sglB031.o)
                              src/main.o (slMapNbg0)
../../saturnringlib/../modules/sgl/LIB/LIBSGL.A(sglB034.o)
                              src/main.o (slMapNbg3)
../../saturnringlib/../modules/sgl/LIB/LIBSGL.A(sglB035.o)
                              src/main.o (sl1MapRA)
../../saturnringlib/../modules/sgl/LIB/LIBSGL.A(sglB038.o)
                              src/main.o (slRparaInitSet)
../../saturnringlib/../modules/sgl/LIB/LIBSGL.A(sglB042.o)
                              src/main.o (slCurRpara)
../../saturnringlib/../modules/sgl/LIB/LIBSGL.A(sglB043.o)
                              src/main.o (slRparaMode)
../../saturnringlib/../modules/sgl/LIB/LIBSGL.A(sglB044.o)
                              src/main.o (slScrMatSet)
../../saturnringlib/../modules/sgl/LIB/LIBSGL.A(sglB045.o)
                              src/main.o (slScrMatConv)
../../saturnringlib/../modules/sgl/LIB/LIBSGL.A(sglB047.o)
                              src/main.o (slOverRA)
../../saturnringlib/../modules/sgl/LIB/LIBSGL.A(sglB055.o)
[...]
Memory Configuration

Name             Origin             Length             Attributes
*default*        0x00000000         0xffffffff

Linker script and memory map


SLSTART         0x06004000       0x30
                0x06004000                        ___Start = .
 *(SLSTART)
 SLSTART        0x06004000       0x28 ../../saturnringlib/../modules/sgl/LIB/LIBSGL.A(sglI00.o)
                0x06004000                SGL_Start
                0x06004002                slStartSGL

.text           0x06004040    0x1c370
 *(.text*)
 .text          0x06004040        0x0 ../../saturnringlib/../modules/sgl/LIB/../SRC/workarea.o
 .text          0x06004040      0x918 src/camera_system.o
                0x060040a4                CameraSystem::CameraSystem()
                0x060040a4                CameraSystem::CameraSystem()
                0x060042e4                CameraSystem::UpdateInput(SRL::Input::Digital&)
                0x060042f4                CameraSystem::OrbitAroundCar(long&, CameraRig::OrbitState&, bool, bool, bool)
                0x06004560                CameraSystem::ResetStrafe()
                0x060045c0                CameraSystem::RefreshOrbit()
                0x060046e0                CameraSystem::OrbitOffset() const
                0x0600471c                CameraSystem::LookTarget(SRL::Math::Types::Vector3D const&, bool) const
                0x060048a8                CameraSystem::CreateSnapshot() const
 .text._ZN3SRL5Input7Digital6IsHeldERKNS1_6ButtonE
                0x06004958       0x1c src/camera_system.o
                0x06004958                SRL::Input::Digital::IsHeld(SRL::Input::Digital::Button const&)
 .text.startup  0x06004974      0x1e8 src/camera_system.o
 .text._ZNK3SRL4Math5Types3FxpltERKS2_.isra.0
                0x06004b5c        0x8 src/camera_system.o
 .text._ZNK3SRL4Math5Types3FxpgtERKS2_.isra.0
                0x06004b64        0x8 src/camera_system.o
 .text._ZNK3SRL4Math5Types3FxpmlERKS2_.isra.0
                0x06004b6c       0x10 src/camera_system.o
 .text._ZN3SRL4Math5Types3FxppLERKS2_.isra.0
                0x06004b7c        0x8 src/camera_system.o
 .text._ZN3SRL4Math5Types3Fxp8BuildRawERKl.isra.0
                0x06004b84        0x8 src/camera_system.o
 .text._ZN3SRL4Math5Types3FxpC2Ev
                0x06004b8c        0x8 src/camera_system.o
                0x06004b8c                SRL::Math::Types::Fxp::Fxp()
                0x06004b8c                SRL::Math::Types::Fxp::Fxp()
 .text._ZN3SRL4Math5Types3FxpC2ERKS2_
                0x06004b94        0x8 src/camera_system.o
                0x06004b94                SRL::Math::Types::Fxp::Fxp(SRL::Math::Types::Fxp const&)
                0x06004b94                SRL::Math::Types::Fxp::Fxp(SRL::Math::Types::Fxp const&)
 .text._ZNK3SRL4Math5Types3Fxp8RawValueEv
                0x06004b9c        0x4 src/camera_system.o
                0x06004b9c                SRL::Math::Types::Fxp::RawValue() const
 .text._ZN3SRL6Memory4FreeEPv
                0x06004ba0      0x184 src/camera_system.o
                0x06004ba0                SRL::Memory::Free(void*)
 .text._ZN6Camera13OrbitPositionEN3SRL4Math5Types5AngleES3_NS2_3FxpE
                0x06004d24      0x1b0 src/camera_system.o
                0x06004d24                Camera::OrbitPosition(SRL::Math::Types::Angle, SRL::Math::Types::Angle, SRL::Math::Types::Fxp)
 .text._ZN6Camera11UpdateInputERNS_5StateERKNS_6TuningERN3SRL5Input7DigitalE
                0x06004ed4      0x964 src/camera_system.o
                0x06004ed4                Camera::UpdateInput(Camera::State&, Camera::Tuning const&, SRL::Input::Digital&)
 .text._ZN3SRL5Types5EventIJEEC2Ev
                0x06005838      0x17c src/camera_system.o
                0x06005838                SRL::Types::Event<>::Event()
                0x06005838                SRL::Types::Event<>::Event()
 .text.exit     0x060059b4       0x54 src/camera_system.o
 .text          0x06005a08      0x604 src/car_system.o
                0x06005a68                Game::CarSystem::CarSystem(ModelObject*, bool, Game::CarSystem::Config const&)
                0x06005a68                Game::CarSystem::CarSystem(ModelObject*, bool, Game::CarSystem::Config const&)
                0x06005cf0                Game::CarSystem::UpdateWheels(bool, bool)
                0x06005cf4                Game::CarSystem::Render(long)
                0x06005d44                Game::CarSystem::SubmitRender(RenderPipeline&, bool)
 .text._ZN4Game9CarSystem8RendererEv
                0x0600600c        0x4 src/car_system.o
                0x0600600c                Game::CarSystem::Renderer()
 .text._ZNK4Game9CarSystem4NameEv
                0x06006010        0x8 src/car_system.o
                0x06006010                Game::CarSystem::Name() const
 .text._ZN4Game9CarSystem17CarCommandAdapter10AccelerateEv
                0x06006018        0x4 src/car_system.o
                0x06006018                Game::CarSystem::CarCommandAdapter::Accelerate()
 .text._ZN4Game9CarSystem17CarCommandAdapter5BrakeEv
                0x0600601c        0x4 src/car_system.o
                0x0600601c                Game::CarSystem::CarCommandAdapter::Brake()
 .text._ZN4Game9CarSystem17CarCommandAdapter9SteerLeftEv
                0x06006020        0x4 src/car_system.o
                0x06006020                Game::CarSystem::CarCommandAdapter::SteerLeft()
 .text._ZN4Game9CarSystem17CarCommandAdapter10SteerRightEv
                0x06006024        0x4 src/car_system.o
                0x06006024                Game::CarSystem::CarCommandAdapter::SteerRight()
 .text._ZN4Game9CarSystem17CarCommandAdapterD2Ev
                0x06006028        0x4 src/car_system.o
                0x06006028                Game::CarSystem::CarCommandAdapter::~CarCommandAdapter()
                0x06006028                Game::CarSystem::CarCommandAdapter::~CarCommandAdapter()
 .text._ZN4Game9CarSystem17CarCommandAdapterD0Ev
                0x0600602c      0x174 src/car_system.o
                0x0600602c                Game::CarSystem::CarCommandAdapter::~CarCommandAdapter()
 .text._ZNK4Game9CarSystem8PositionEv
                0x060061a0       0x3c src/car_system.o
                0x060061a0                Game::CarSystem::Position() const
 .text._ZNK4Game9CarSystem17CarCommandAdapter13WorldPositionEv
                0x060061dc       0x88 src/car_system.o
                0x060061dc                Game::CarSystem::CarCommandAdapter::WorldPosition() const
 .text._ZNK4Game9CarSystem3YawEv
                0x06006264       0x3c src/car_system.o
                0x06006264                Game::CarSystem::Yaw() const
 .text.unlikely
                0x060062a0        0x4 src/car_system.o
 .text._ZN4Game9CarSystemD2Ev
                0x060062a4       0x3c src/car_system.o
                0x060062a4                Game::CarSystem::~CarSystem()
                0x060062a4                Game::CarSystem::~CarSystem()
 .text._ZN4Game9CarSystemD0Ev
                0x060062e0      0x1c8 src/car_system.o
                0x060062e0                Game::CarSystem::~CarSystem()
 .text.startup  0x060064a8      0x198 src/car_system.o
 .text.exit     0x06006640       0x54 src/car_system.o
 .text          0x06006694        0xc src/exception_stubs.o
 .text          0x060066a0     0x3760 src/main.o
                0x060071d8                __throw_bad_array_new_length
                0x060071dc                __throw_bad_alloc
                0x06007658                GameApp::Run()
 .text._ZN3SRL7Tilemap10Interfaces8Bmp2Tile11GetCellDataEv
                0x06009e00        0x4 src/main.o
                0x06009e00                SRL::Tilemap::Interfaces::Bmp2Tile::GetCellData()
 .text._ZN3SRL7Tilemap10Interfaces8Bmp2Tile10GetMapDataEv
                0x06009e04        0x4 src/main.o
                0x06009e04                SRL::Tilemap::Interfaces::Bmp2Tile::GetMapData()
 .text._ZN3SRL7Tilemap10Interfaces8Bmp2Tile10GetPalDataEv
                0x06009e08        0x4 src/main.o
                0x06009e08                SRL::Tilemap::Interfaces::Bmp2Tile::GetPalData()
 .text._ZN3SRL7Tilemap10Interfaces8Bmp2Tile7GetInfoEv
                0x06009e0c       0x18 src/main.o
                0x06009e0c                SRL::Tilemap::Interfaces::Bmp2Tile::GetInfo()
 .text._ZN3SRL5Input7Digital11IsConnectedEv
                0x06009e24       0x28 src/main.o
                0x06009e24                SRL::Input::Digital::IsConnected()
 .text._ZN3SRL5Input7Digital11WasReleasedERKNS1_6ButtonE
                0x06009e4c       0x2c src/main.o
                0x06009e4c                SRL::Input::Digital::WasReleased(SRL::Input::Digital::Button const&)
 .text._ZN3SRL5Input7Digital10WasPressedERKNS1_6ButtonE
                0x06009e78       0x2c src/main.o
                0x06009e78                SRL::Input::Digital::WasPressed(SRL::Input::Digital::Button const&)
 .text._ZN3SRL6Bitmap3TGA7GetDataEv
                0x06009ea4        0x4 src/main.o
                0x06009ea4                SRL::Bitmap::TGA::GetData()
 .text._ZN3SRL6Bitmap3TGA7GetInfoEv
                0x06009ea8       0x34 src/main.o
                0x06009ea8                SRL::Bitmap::TGA::GetInfo()
 .text._ZN3SRL7Scene3D21LightCopyGouraudTableEv
                0x06009edc        0xc src/main.o
                0x06009edc                SRL::Scene3D::LightCopyGouraudTable()
 .text._ZN3SRL4Core14VblankHandlingEv
                0x06009ee8      0x1b4 src/main.o
                0x06009ee8                SRL::Core::VblankHandling()
 .text._ZN11CarRenderer21DrawWireframePolygonsEPKN3SRL5Types7PolygonEjPKNS0_4Math5Types8Vector3DEj.isra.0
                0x0600a09c      0x168 src/main.o
 .text._ZN3SRL4Math5Types8Vector3DC2ERKS2_
                0x0600a204       0x34 src/main.o
                0x0600a204                SRL::Math::Types::Vector3D::Vector3D(SRL::Math::Types::Vector3D const&)
                0x0600a204                SRL::Math::Types::Vector3D::Vector3D(SRL::Math::Types::Vector3D const&)
 .text._ZN3SRL4Math5Types8Vector3DC2ERKNS1_3FxpES5_S5_
                0x0600a238       0x34 src/main.o
                0x0600a238                SRL::Math::Types::Vector3D::Vector3D(SRL::Math::Types::Fxp const&, SRL::Math::Types::Fxp const&, SRL::Math::Types::Fxp const&)
                0x0600a238                SRL::Math::Types::Vector3D::Vector3D(SRL::Math::Types::Fxp const&, SRL::Math::Types::Fxp const&, SRL::Math::Types::Fxp const&)
 .text._ZN3SRL4Math5Types8Vector3DpLERKS2_
                0x0600a26c       0x60 src/main.o
                0x0600a26c                SRL::Math::Types::Vector3D::operator+=(SRL::Math::Types::Vector3D const&)
 .text.unlikely
                0x0600a2cc        0x4 src/main.o
                0x0600a2cc                std::__throw_length_error(char const*)
                0x0600a2d0                std::__throw_bad_alloc()
                0x0600a2d0                std::__throw_bad_array_new_length()
 .text._ZN3SRL6Memory12SimpleMalloc4FreeERKNS0_10MemoryZoneEPv
                0x0600a2d0       0x7c src/main.o
                0x0600a2d0                SRL::Memory::SimpleMalloc::Free(SRL::Memory::MemoryZone const&, void*)
 .text._ZN3SRL6Memory12SimpleMalloc6MallocERKNS0_10MemoryZoneEj
                0x0600a34c       0xdc src/main.o
                0x0600a34c                SRL::Memory::SimpleMalloc::Malloc(SRL::Memory::MemoryZone const&, unsigned int)
 .text._ZN3SRL6Memory7CartRam12GetFreeSpaceEv
                0x0600a428       0x40 src/main.o
                0x0600a428                SRL::Memory::CartRam::GetFreeSpace()
 .text._ZN3SRL6Memory7CartRam9GetReportEv
                0x0600a468       0x94 src/main.o
                0x0600a468                SRL::Memory::CartRam::GetReport()
 .text._ZN3SRL6Memory15PlacementMallocEjm
                0x0600a4fc       0x7c src/main.o
                0x0600a4fc                SRL::Memory::PlacementMalloc(unsigned int, unsigned long)
 .text._ZN3SRL2Cd4FileC2EPKc
                0x0600a578       0xd4 src/main.o
                0x0600a578                SRL::Cd::File::File(char const*)
                0x0600a578                SRL::Cd::File::File(char const*)
 .text._ZN3SRL2Cd4File5CloseEv
                0x0600a64c       0xac src/main.o
                0x0600a64c                SRL::Cd::File::Close()
 .text._ZN3SRL2Cd4File4ReadElPv
                0x0600a6f8      0x10c src/main.o
                0x0600a6f8                SRL::Cd::File::Read(long, void*)
 .text._ZN3SRL4CRAM11GetFreeBankENS0_16TextureColorModeE
                0x0600a804       0xa8 src/main.o
                0x0600a804                SRL::CRAM::GetFreeBank(SRL::CRAM::TextureColorMode)
 .text._ZN3SRL4VDP24VRAM8AllocateEmmNS0_8VramBankEh
                0x0600a8ac       0x68 src/main.o
                0x0600a8ac                SRL::VDP2::VRAM::Allocate(unsigned long, unsigned long, SRL::VDP2::VramBank, unsigned char)
 .text._ZN3SRL4VDP210InitializeERKNS_5Types9HighColorE
                0x0600a914      0x1ac src/main.o
                0x0600a914                SRL::VDP2::Initialize(SRL::Types::HighColor const&)
 .text._ZN3SRL5Input3Gun11SynchronizeEv
                0x0600aac0      0x1d0 src/main.o
                0x0600aac0                SRL::Input::Gun::Synchronize()
 .text._ZN3SRL5Sound8Hardware10InitializeEv
                0x0600ac90      0x3b8 src/main.o
                0x0600ac90                SRL::Sound::Hardware::Initialize()
 .text._ZN3SRL4Core10InitializeERKNS_5Types9HighColorE
                0x0600b048      0x1e8 src/main.o
                0x0600b048                SRL::Core::Initialize(SRL::Types::HighColor const&)
 .text._ZN3SRL6Bitmap3TGA13DecodePaletteEPhPKNS1_9TgaHeaderEl
                0x0600b230      0x338 src/main.o
                0x0600b230                SRL::Bitmap::TGA::DecodePalette(unsigned char*, SRL::Bitmap::TGA::TgaHeader const*, long)
 .text._ZN11ModelObject18LoadFlatMeshStreamERN3SRL2Cd4FileEj
                0x0600b568      0x4f8 src/main.o
                0x0600b568                ModelObject::LoadFlatMeshStream(SRL::Cd::File&, unsigned int)
 .text._ZN11ModelObject18LoadFlatMeshBufferEPPcj
                0x0600ba60      0x460 src/main.o
                0x0600ba60                ModelObject::LoadFlatMeshBuffer(char**, unsigned int)
 .text._ZN11ModelObject20LoadSmoothMeshStreamERN3SRL2Cd4FileEPjj
                0x0600bec0      0x6c0 src/main.o
                0x0600bec0                ModelObject::LoadSmoothMeshStream(SRL::Cd::File&, unsigned int*, unsigned int)
 .text._ZN11ModelObject20LoadSmoothMeshBufferEPPcPjj
                0x0600c580      0x718 src/main.o
                0x0600c580                ModelObject::LoadSmoothMeshBuffer(char**, unsigned int*, unsigned int)
 .text._ZN11ModelObjectD2Ev
                0x0600cc98      0x1cc src/main.o
                0x0600cc98                ModelObject::~ModelObject()
                0x0600cc98                ModelObject::~ModelObject()
 .text._ZN11ModelObject12GetFaceCountEv
                0x0600ce64       0x84 src/main.o
                0x0600ce64                ModelObject::GetFaceCount()
 .text._ZN11ModelObject14GetVertexCountEv
                0x0600cee8       0x84 src/main.o
                0x0600cee8                ModelObject::GetVertexCount()
 .text._ZN6Camera13RefreshAnglesERNS_5StateE
                0x0600cf6c       0xa8 src/main.o
                0x0600cf6c                Camera::RefreshAngles(Camera::State&)
 .text._ZN11CarRenderer6RenderEv
                0x0600d014      0x204 src/main.o
                0x0600d014                CarRenderer::Render()
 .text._ZN13TrackRenderer5ResetEv
                0x0600d218      0x340 src/main.o
                0x0600d218                TrackRenderer::Reset()
 .text._ZN13SkyBackground6UpdateEll
                0x0600d558      0x180 src/main.o
                0x0600d558                SkyBackground::Update(long, long)
 .text._ZN17SkyBackgroundDome6UpdateElll
                0x0600d6d8      0x180 src/main.o
                0x0600d6d8                SkyBackgroundDome::Update(long, long, long)
 .text._ZNSt7__cxx119to_stringEi
                0x0600d858      0x1d4 src/main.o
                0x0600d858                std::__cxx11::to_string(int)
 .text._ZN3SRL5Debug12AssertScreenIJEEEvPKcS3_S3_DpT_
                0x0600da2c      0x498 src/main.o
                0x0600da2c                void SRL::Debug::AssertScreen<>(char const*, char const*, char const*)
 .text._ZN3SRL4VDP24VRAM16AutoAllocateCellERNS_7Tilemap11TilemapInfoEt
                0x0600dec4      0x188 src/main.o
                0x0600dec4                SRL::VDP2::VRAM::AutoAllocateCell(SRL::Tilemap::TilemapInfo&, unsigned short)
 .text._ZN3SRL7Tilemap10Interfaces8Bmp2Tile13ConvertBitmapERNS0_11TilemapInfoERNS_6Bitmap7IBitmapEib.isra.0
                0x0600e04c      0x3f4 src/main.o
 .text._ZN3SRL5Debug12AssertScreenIJlEEEvPKcS3_S3_DpT_
                0x0600e440      0x4fc src/main.o
                0x0600e440                void SRL::Debug::AssertScreen<long>(char const*, char const*, char const*, long)
 .text._ZN3SRL7Tilemap10Interfaces8Bmp2TileC2ERNS_6Bitmap7IBitmapEh
                0x0600e93c      0x258 src/main.o
                0x0600e93c                SRL::Tilemap::Interfaces::Bmp2Tile::Bmp2Tile(SRL::Bitmap::IBitmap&, unsigned char)
                0x0600e93c                SRL::Tilemap::Interfaces::Bmp2Tile::Bmp2Tile(SRL::Bitmap::IBitmap&, unsigned char)
 .text._ZN3SRL5Debug5PrintIJiEEEvhhPKcDpT_
                0x0600eb94       0xac src/main.o
                0x0600eb94                void SRL::Debug::Print<int>(unsigned char, unsigned char, char const*, int)
 .text._ZN3SRL5Debug12AssertScreenIJaEEEvPKcS3_S3_DpT_
                0x0600ec40      0x500 src/main.o
                0x0600ec40                void SRL::Debug::AssertScreen<signed char>(char const*, char const*, char const*, signed char)
 .text._ZN3SRL6Bitmap3TGA8LoadDataEPNS_2Cd4FileEPNS1_14LoaderSettingsE
                0x0600f140      0xd1c src/main.o
                0x0600f140                SRL::Bitmap::TGA::LoadData(SRL::Cd::File*, SRL::Bitmap::TGA::LoaderSettings*)
 .text._ZN3SRL5Debug5PrintIJPKcEEEvhhS3_DpT_
                0x0600fe5c       0xac src/main.o
                0x0600fe5c                void SRL::Debug::Print<char const*>(unsigned char, unsigned char, char const*, char const*)
 .text._ZN11ModelObject11ParseBufferEPKcjj
                0x0600ff08      0x4b0 src/main.o
                0x0600ff08                ModelObject::ParseBuffer(char const*, unsigned int, unsigned int)
 .text._ZN11ModelObject10LoadBufferEPKcj
                0x060103b8      0x3ec src/main.o
                0x060103b8                ModelObject::LoadBuffer(char const*, unsigned int)
 .text._ZN3SRL5Debug5PrintIJmmmEEEvhhPKcDpT_
                0x060107a4       0xc8 src/main.o
                0x060107a4                void SRL::Debug::Print<unsigned long, unsigned long, unsigned long>(unsigned char, unsigned char, char const*, unsigned long, unsigned long, unsigned long)
 .text._ZN11ModelObject13LoadStreamingEPKcj
                0x0601086c      0x948 src/main.o
                0x0601086c                ModelObject::LoadStreaming(char const*, unsigned int)
 .text._ZN11ModelObjectC2EPKcjbjbbb
                0x060111b4      0x288 src/main.o
                0x060111b4                ModelObject::ModelObject(char const*, unsigned int, bool, unsigned int, bool, bool, bool)
                0x060111b4                ModelObject::ModelObject(char const*, unsigned int, bool, unsigned int, bool, bool, bool)
 .text._ZN3SRL4VDP212ScrollScreenINS0_4RBG0ELs5ELt16EE11LoadTilemapERNS_7Tilemap8ITilemapE
                0x0601143c      0x418 src/main.o
                0x0601143c                SRL::VDP2::ScrollScreen<SRL::VDP2::RBG0, (short)5, (unsigned short)16>::LoadTilemap(SRL::Tilemap::ITilemap&)
 .text._ZN3SRL5Debug5PrintIJjEEEvhhPKcDpT_
                0x06011854       0xac src/main.o
                0x06011854                void SRL::Debug::Print<unsigned int>(unsigned char, unsigned char, char const*, unsigned int)
 .text._Z13LoadCarToCartPKPKcjb
                0x06011900     0x1338 src/main.o
                0x06011900                LoadCarToCart(char const* const*, unsigned int, bool)
 .text._ZNSt6vectorI18SegmentRenderEntrySaIS0_EE7reserveEj
                0x06012c38      0x478 src/main.o
                0x06012c38                std::vector<SegmentRenderEntry, std::allocator<SegmentRenderEntry> >::reserve(unsigned int)
 .text._ZN3SRL5Debug5PrintIJlEEEvhhPKcDpT_
                0x060130b0       0xac src/main.o
                0x060130b0                void SRL::Debug::Print<long>(unsigned char, unsigned char, char const*, long)
 .text._ZNSt6vectorIPFvvESaIS1_EE7reserveEj
                0x0601315c       0x94 src/main.o
                0x0601315c                std::vector<void (*)(), std::allocator<void (*)()> >::reserve(unsigned int)
 .text._ZNSt6vectorIN13TrackRenderer11SmoothCacheESaIS1_EE14_M_fill_assignEjRKS1_
                0x060131f0      0x5bc src/main.o
                0x060131f0                std::vector<TrackRenderer::SmoothCache, std::allocator<TrackRenderer::SmoothCache> >::_M_fill_assign(unsigned int, TrackRenderer::SmoothCache const&)
 .text._ZN13TrackRenderer25InitializeFromModelObjectEP11ModelObjectj
                0x060137ac     0x1098 src/main.o
                0x060137ac                TrackRenderer::InitializeFromModelObject(ModelObject*, unsigned int)
 .text._ZNSt6vectorI18SegmentRenderEntrySaIS0_EE17_M_realloc_appendIJS0_EEEvDpOT_
                0x06014844      0x808 src/main.o
                0x06014844                void std::vector<SegmentRenderEntry, std::allocator<SegmentRenderEntry> >::_M_realloc_append<SegmentRenderEntry>(SegmentRenderEntry&&)
 .text._ZN3SRL4VDP212ScrollScreenINS0_4NBG0ELs1ELt1EE12SetMapLayoutEhhhh
                0x0601504c      0x210 src/main.o
                0x0601504c                SRL::VDP2::ScrollScreen<SRL::VDP2::NBG0, (short)1, (unsigned short)1>::SetMapLayout(unsigned char, unsigned char, unsigned char, unsigned char)
 .text._ZN3SRL4VDP212ScrollScreenINS0_4NBG0ELs1ELt1EE11LoadTilemapERNS_7Tilemap8ITilemapE
                0x0601525c      0x4cc src/main.o
                0x0601525c                SRL::VDP2::ScrollScreen<SRL::VDP2::NBG0, (short)1, (unsigned short)1>::LoadTilemap(SRL::Tilemap::ITilemap&)
 .text.startup  0x06015728      0x1e0 src/main.o
                0x06015728                main
 .text.exit     0x06015908       0x54 src/main.o
 .text          0x0601595c      0xb14 src/mesh_renderer.o
                0x060159cc                MeshRenderer::SetSkipMesh(unsigned int)
                0x060159d4                MeshRenderer::SetScale(SRL::Math::Types::Fxp const&)
                0x060159dc                MeshRenderer::SetOffset(SRL::Math::Types::Vector3D const&)
                0x060159f4                MeshRenderer::SetLightDirection(SRL::Math::Types::Vector3D const&)
                0x06015a04                MeshRenderer::DrawMesh(unsigned int)
                0x06015a90                MeshRenderer::Render(SRL::Math::Types::Vector3D const&, SRL::Math::Types::Angle const&, bool)
                0x06015c78                MeshRenderer::ApplyTransform(SRL::Math::Types::Vector3D const&, SRL::Math::Types::Angle const&)
                0x06015d10                MeshRenderer::ComputeMeshCenters()
                0x0601638c                MeshRenderer::MeshRenderer(ModelObject&, bool, MeshRenderer::Config const&)
                0x0601638c                MeshRenderer::MeshRenderer(ModelObject&, bool, MeshRenderer::Config const&)
 .text.unlikely
                0x06016470        0x4 src/mesh_renderer.o
 .text.startup  0x06016474      0x198 src/mesh_renderer.o
 .text.exit     0x0601660c       0x54 src/mesh_renderer.o
 .text          0x06016660      0x3a0 ../../saturnringlib/../modules/sgl/LIB/LIBCD.A(CDC_CMN.O)
                0x06016660                CDC_GetCurStat
                0x060166b0                CDC_GetLastStat
                0x060166c8                CDC_GetPeriStat
                0x0601679c                CDC_GetHwInfo
                0x06016804                CDC_TgetToc
                0x06016854                CDC_GetSes
                0x06016890                CDC_CdInit
                0x06016914                CDC_CdOpen
                0x0601693c                CDC_DataReady
                0x060169a8                CDC_DataEnd
 .text          0x06016a00      0x2dc ../../saturnringlib/../modules/sgl/LIB/LIBCD.A(CDC_REG.O)
                0x06016a00                CDC_GetDataPtr
                0x06016a10                CDC_GetHirqReq
                0x06016a24                CDC_ClrHirqReq
                0x06016a54                CDREG_ClrHirqReq
                0x06016a64                CDREG_InitHirqReq
                0x06016a8c                CDREG_SetHirqFlag
                0x06016aa0                CDC_GetHirqMsk
                0x06016ab4                CDC_SetHirqMsk
                0x06016ac4                CDC_GetMpegPtr
                0x06016ad4                CDREG_TgetData
                0x06016b30                CDREG_CmdRsp
                0x06016c30                CDREG_WaitHirq
                0x06016ca0                CDREG_ReadRsp
 *fill*         0x06016cdc        0x4 
 .text          0x06016ce0      0x152 ../../saturnringlib/../modules/sgl/LIB/LIBCD.A(CDC_SUB.O)
                0x06016ce0                CDSUB_UpdStatus
                0x06016cf8                CDSUB_UpdCdstat
                0x06016d18                CDSUB_CdCmd
                0x06016d88                CDSUB_GetCdstat
                0x06016dc8                CDSUB_RspToCdstat
                0x06016e10                CDSUB_SoftTimer
 *fill*         0x06016e32        0xe 
 .text          0x06016e40     0x1adc ../../saturnringlib/../modules/sgl/LIB/LIBCD.A(GFS.O)
                0x06016e40                gfs_version
                0x06016e60                GFS_Init
                0x06016f48                GFS_LoadDir
                0x06016ff0                GFS_SetDir
                0x06017058                GFS_NameToId
                0x060170bc                GFS_IdToName
                0x06017128                GFS_GetDirInfo
                0x06017198                GFS_Reset
                0x0601721c                GFS_Open
                0x060172d0                GFS_Close
                0x06017308                GFS_Seek
                0x060173bc                GFS_Tell
                0x0601740c                GFS_IsEof
                0x06017460                GFS_ByteToSct
                0x060174bc                GFS_GetFileSize
                0x06017518                GFS_GetFileInfo
                0x0601758c                GFS_GetNumCdbuf
                0x060175b4                GFS_Load
                0x06017678                GFS_Fread
                0x06017714                gfs_waitRead
                0x060177bc                GFS_NwFread
                0x060178c8                GFS_NwCdRead
                0x06017940                GFS_NwIsComplete
                0x06017978                GFS_NwStop
                0x060179e4                GFS_NwGetStat
                0x06017a60                gfs_recovRdErr
                0x06017a90                GFS_NwExecOne
                0x06017b50                GFS_NwExecServer
                0x06017bcc                GFS_SetGmode
                0x06017c30                GFS_SetTmode
                0x06017c9c                GFS_SetReadPara
                0x06017d00                GFS_SetTransPara
                0x06017d6c                GFS_SetTrFunc
                0x06017dd0                GFS_StartTrans
                0x06017e1c                GFS_CdMovePickup
                0x06017e88                GFS_SetErrFunc
                0x06017eb4                GFS_GetErrStat
                0x06017ed8                GFS_ConvTno
                0x06017f00                gfs_chgRoot
                0x06017fcc                gfs_aborttrans
                0x06017fd8                gfs_mngSetupFuncTbl
                0x0601800c                gfs_mngInitWork
                0x060180b0                gfs_mngGetNumFile
                0x06018118                GFS_mngAllocGrp
                0x06018160                gfs_mngFreeGrp
                0x0601816c                gfs_mngTermAccess
                0x060181f0                gfs_mngSetErrCode
                0x06018270                gfs_svrSearchHndl
                0x060182b0                gfs_svrAddHndl
                0x060182ec                gfs_svrRemoveHndl
                0x06018348                GFS_OpenSub
                0x060183a0                gfs_loadVol
                0x06018464                gfs_getRootDir
                0x06018560                gfs_loadRootDir
                0x060185e8                gfs_flowIn
                0x06018690                gfs_transData
                0x06018734                GFS_GetFad
                0x0601878c                gfs_SetSct
                0x060187cc                gfs_GetFinfo
                0x0601880c                gfs_closeSub
                0x06018848                gfs_getGmode
                0x06018854                gfs_isTaskDone
                0x060188a8                gfs_convFinStat
 *fill*         0x0601891c        0x4 
 .text          0x06018920      0x106 ../../saturnringlib/../modules/sgl/LIB/LIBCD.A(GFS_BUF.O)
                0x06018950                GFBF_GetTranData
                0x06018978                GFBF_GetNumData
                0x060189a8                GFBF_GetSrcPk
                0x060189d0                GFBF_GetSctData
                0x060189f4                GFBF_RtnPk
                0x06018a1c                gfbf_getSctDt
 *fill*         0x06018a26        0xa 
 .text          0x06018a30      0x600 ../../saturnringlib/../modules/sgl/LIB/LIBCD.A(GFS_CDB.O)
                0x06018a30                GFCB_Setup
                0x06018b50                GFCB_Close
                0x06018b78                GFCB_GetLenData
                0x06018c24                GFCB_GetLenRoom
                0x06018c30                GFCB_SetFilt
                0x06018c98                GFCB_DeleteAllData
                0x06018cc0                GFCB_Tell
                0x06018cd0                gfcb_getSctNum
                0x06018d20                GFCB_Seek
                0x06018e1c                GFCB_GetSrcPack
                0x06018efc                GFCB_GetSctData
                0x06018f34                GFCB_GetDstPack
                0x06018f40                GFCB_RtnPk
                0x06018f88                GFCB_MovePickup
                0x06018fa4                GFCB_SetCon
                0x06018fd8                GFCB_GetPickup
                0x06019000                GFCB_IsPuOwner
                0x06019018                GFCB_UngetPickup
 .text          0x06019030     0x1a10 ../../saturnringlib/../modules/sgl/LIB/LIBCD.A(GFS_CDC.O)
                0x06019030                GFCD_SetCdbfs
                0x0601905c                GFCD_Init
                0x06019260                GFCD_AllocFilt
                0x0601929c                GFCD_FreeFilt
                0x060192cc                GFCD_AllocBuf
                0x06019300                GFCD_FreeBuf
                0x060193a4                GFCD_GetBaseFad
                0x060193d8                GFCD_GetPickup
                0x0601940c                GFCD_UngetPickup
                0x06019438                GFCD_IsPuOwner
                0x0601945c                GFCD_SetFilt
                0x06019520                GFCD_GetFilt
                0x06019568                GFCD_SetCon
                0x060195c0                GFCD_Play
                0x06019620                GFCD_GetLenData
                0x06019688                GFCD_ReqData
                0x060196e4                GFCD_EndData
                0x0601972c                GFCD_DelSctData
                0x06019784                GFCD_CheckDelSctData
                0x060197b4                GFCD_GetStat
                0x06019868                GFCD_MovePickup
                0x060198b4                GFCD_MoveSctData
                0x06019928                GFCD_CheckMove
                0x0601994c                GFCD_GetSctInfo
                0x06019994                GFCD_ChgDir
                0x06019a08                GFCD_SetFiltCon
                0x06019af0                GFCD_GetFileInfo
                0x06019bcc                GFCD_GetBufSiz
                0x06019c04                GFCD_ExecServer
                0x06019cd8                gfcd_isIdleTask
                0x06019d64                gfcd_doTask
                0x06019e10                GFCD_SetTimer
                0x06019e24                GFCD_WaitServer
                0x06019e60                gfcd_doSetFiltTsk
                0x0601a024                gfcd_doSetConTsk
                0x0601a0b4                gfcd_doGetLenDataTsk
                0x0601a208                gfcd_doReqDataTsk
                0x0601a2a8                gfcd_doDelSctDataTsk
                0x0601a3dc                gfcd_doMoveSctTsk
                0x0601a540                gfcd_doChgDirTsk
                0x0601a73c                gfcd_doSetFiltConTsk
                0x0601a880                gfcd_checkEflag
                0x0601a8a4                gfcd_initCdbMng
                0x0601a924                gfcd_setStat
                0x0601a950                GFCD_SetCsctFunc
                0x0601a96c                GFCD_ChkScdqFlag
                0x0601a990                GFCD_ClrScdqFlag
                0x0601a9ac                GFCD_WaitScdqFlag
                0x0601a9f0                GFCD_WaitPause
 .text          0x0601aa40      0x8d8 ../../saturnringlib/../modules/sgl/LIB/LIBCD.A(GFS_CDF.O)
                0x0601aa40                GFCF_Init
                0x0601aae0                GFCF_Setup
                0x0601ac28                GFCF_SetSct
                0x0601ac6c                GFCF_GetFileInfo
                0x0601ace0                GFCF_FlowInBuf
                0x0601ae34                GFCF_StopInBuf
                0x0601aed4                GFCF_Recover
                0x0601af1c                GFCF_Tell
                0x0601af34                GFCF_Seek
                0x0601af4c                GFCF_MovePickup
                0x0601afe8                GFCF_cnvIntlvOfs
                0x0601b03c                GFCF_GetStat
                0x0601b0d4                gfcf_getSctSize
                0x0601b110                gfcf_isCdOk
                0x0601b1d0                gfcf_getPlayRange
 *fill*         0x0601b318        0x8 
 .text          0x0601b320      0x92c ../../saturnringlib/../modules/sgl/LIB/LIBCD.A(GFS_DIR.O)
                0x0601b320                GFDR_SetupDirTbl
                0x0601b394                GFDR_NameToId
                0x0601b3f4                GFDR_GetInfoDirId
                0x0601b408                GFDR_GetInfoDirName
                0x0601b41c                GFDR_GetAtrDirId
                0x0601b434                GFDR_GetAtrDirName
                0x0601b44c                GFDR_ChgRoot
                0x0601b464                GFDR_ChgDir
                0x0601b4d8                gfdr_setupDirIdTbl
                0x0601b55c                gfdr_setupDirNameTbl
                0x0601b608                gfdr_open
                0x0601b630                gfdr_read
                0x0601b6f0                gfdr_readByte
                0x0601b71c                gfdr_readWord
                0x0601b748                gfdr_readWordNB
                0x0601b79c                gfdr_readLongNB
                0x0601b7e8                gfdr_readLongNM
                0x0601b810                gfdr_setNextRec
                0x0601b894                gfdr_readDirEnt
                0x0601bc10                gfdr_setDirrecCd
 *fill*         0x0601bc4c        0x4 
 .text          0x0601bc50      0x9c6 ../../saturnringlib/../modules/sgl/LIB/LIBCD.A(GFS_TRN.O)
                0x0601bc80                GFTR_Setup
                0x0601bcc4                GFTR_SetMode
                0x0601bcd8                GFTR_SetUnit
                0x0601bce4                GFTR_SetTransPara
                0x0601bd18                GFTR_GetTransPara
                0x0601bd24                GFTR_GetNumTrans
                0x0601bd30                GFTR_SetTransMax
                0x0601bd3c                GFTR_Start
                0x0601bd48                GFTR_Pause
                0x0601bd54                GFTR_Stop
                0x0601be0c                GFTR_Exec
                0x0601be90                GFTR_Idle
                0x0601bf08                GFTR_ExecSvr
                0x0601c010                gftr_getSrcPack
                0x0601c098                gftr_getDstPack
                0x0601c0f4                gftr_reqScu
                0x0601c100                gftr_execScu
                0x0601c19c                gftr_remScu
                0x0601c1d0                gfdma_canUse
                0x0601c1dc                gfdma_exec
                0x0601c24c                gfdma_getBytecnt
                0x0601c284                gftr_reqDma0
                0x0601c29c                gftr_execSdma0
                0x0601c2c0                gftr_remDma0
                0x0601c2d8                gftr_reqDma1
                0x0601c2f0                gftr_execSdma1
                0x0601c314                gftr_remDma1
                0x0601c32c                gftr_reqCpu
                0x0601c338                gftr_execCpu
                0x0601c378                gftr_remCpu
                0x0601c384                gftr_reqTrn
                0x0601c3f4                gftr_execTrn
                0x0601c4cc                gftr_remTrn
                0x0601c540                gftr_copyFrac
                0x0601c568                GFTR_GetLenData
                0x0601c574                GFTR_GetLenRoom
                0x0601c58c                GFTR_GetDstPack
                0x0601c5c0                GFTR_RtnDstPk
                0x0601c5dc                GFTR_GetData
                0x0601c5f0                GFTR_SetData
                0x0601c604                GFTR_SetTransFunc
 *fill*         0x0601c616        0xa 
 .text          0x0601c620      0x130 ../../saturnringlib/../modules/sgl/LIB/LIBCD.A(CDC_DRV.O)
                0x0601c620                CDC_CdPlay
                0x0601c6ec                CDC_CdSeek
                0x0601c720                CDC_CdScan
 .text          0x0601c750       0xa8 ../../saturnringlib/../modules/sgl/LIB/LIBCD.A(CDC_DEV.O)
                0x0601c750                CDC_CdSetCon
                0x0601c780                CDC_CdGetCon
                0x0601c7bc                CDC_CdGetLastBuf
 *fill*         0x0601c7f8        0x8 
 .text          0x0601c800      0x2b8 ../../saturnringlib/../modules/sgl/LIB/LIBCD.A(CDC_SEL.O)
                0x0601c800                CDC_SetFiltRange
                0x0601c834                CDC_GetFiltRange
                0x0601c88c                CDC_SetFiltSubh
                0x0601c8fc                CDC_GetFiltSubh
                0x0601c978                CDC_SetFiltMode
                0x0601c9ac                CDC_GetFiltMode
                0x0601c9f0                CDC_SetFiltCon
                0x0601ca30                CDC_GetFiltCon
                0x0601ca84                CDC_ResetSelector
 *fill*         0x0601cab8        0x8 
 .text          0x0601cac0      0x270 ../../saturnringlib/../modules/sgl/LIB/LIBCD.A(CDC_BIF.O)
                0x0601cac0                CDC_GetBufSiz
                0x0601cb1c                CDC_GetSctNum
                0x0601cb60                CDC_CalActSiz
                0x0601cb9c                CDC_GetActSiz
                0x0601cc1c                CDC_GetSctInfo
                0x0601cc9c                CDC_ExeFadSearch
                0x0601ccd4                CDC_GetFadSearch
 .text          0x0601cd30      0x1e4 ../../saturnringlib/../modules/sgl/LIB/LIBCD.A(CDC_BIO.O)
                0x0601cd30                CDC_SetSctLen
                0x0601cd64                CDC_GetSctData
                0x0601cda0                CDC_DelSctData
                0x0601cddc                CDC_GetdelSctData
                0x0601ce18                CDC_PutSctData
                0x0601ce50                CDC_CopySctData
                0x0601ce94                CDC_MoveSctData
                0x0601ced8                CDC_GetCopyErr
 *fill*         0x0601cf14        0xc 
 .text          0x0601cf20      0x194 ../../saturnringlib/../modules/sgl/LIB/LIBCD.A(CDC_CFS.O)
                0x0601cf20                CDC_ChgDir
                0x0601cf54                CDC_ReadDir
                0x0601cf88                CDC_GetFileScope
                0x0601cfe8                CDC_TgetFileInfo
                0x0601d044                CDC_ReadFile
                0x0601d078                CDC_AbortFile
 *fill*         0x0601d0b4        0xc 
 .text          0x0601d0c0        0x0 ../../saturnringlib/../modules/sgl/LIB/LIBSGL.A(sglA16.o)
 .text          0x0601d0c0        0x0 ../../saturnringlib/../modules/sgl/LIB/LIBSGL.A(sglA17.o)
 .text          0x0601d0c0        0x0 ../../saturnringlib/../modules/sgl/LIB/LIBSGL.A(sglA18.o)
 .text          0x0601d0c0        0x0 ../../saturnringlib/../modules/sgl/LIB/LIBSGL.A(sglA19.o)
 .text          0x0601d0c0        0x0 ../../saturnringlib/../modules/sgl/LIB/LIBSGL.A(sglA20.o)
 .text          0x0601d0c0        0x0 ../../saturnringlib/../modules/sgl/LIB/LIBSGL.A(sglA21.o)
 .text          0x0601d0c0        0x0 ../../saturnringlib/../modules/sgl/LIB/LIBSGL.A(sglA27.o)
 .text          0x0601d0c0        0x0 ../../saturnringlib/../modules/sgl/LIB/LIBSGL.A(sglA39.o)
 .text          0x0601d0c0        0x0 ../../saturnringlib/../modules/sgl/LIB/LIBSGL.A(sglB001.o)
 .text          0x0601d0c0        0x0 ../../saturnringlib/../modules/sgl/LIB/LIBSGL.A(sglB002.o)
 .text          0x0601d0c0        0x0 ../../saturnringlib/../modules/sgl/LIB/LIBSGL.A(sglB015.o)
 .text          0x0601d0c0        0x0 ../../saturnringlib/../modules/sgl/LIB/LIBSGL.A(sglB016.o)
 .text          0x0601d0c0        0x0 ../../saturnringlib/../modules/sgl/LIB/LIBSGL.A(sglB031.o)
 .text          0x0601d0c0        0x0 ../../saturnringlib/../modules/sgl/LIB/LIBSGL.A(sglB034.o)
 .text          0x0601d0c0        0x0 ../../saturnringlib/../modules/sgl/LIB/LIBSGL.A(sglB035.o)
 .text          0x0601d0c0        0x0 ../../saturnringlib/../modules/sgl/LIB/LIBSGL.A(sglB038.o)
 .text          0x0601d0c0        0x0 ../../saturnringlib/../modules/sgl/LIB/LIBSGL.A(sglB042.o)
 .text          0x0601d0c0        0x0 ../../saturnringlib/../modules/sgl/LIB/LIBSGL.A(sglB043.o)
 .text          0x0601d0c0        0x0 ../../saturnringlib/../modules/sgl/LIB/LIBSGL.A(sglB044.o)
 .text          0x0601d0c0        0x0 ../../saturnringlib/../modules/sgl/LIB/LIBSGL.A(sglB045.o)
 .text          0x0601d0c0        0x0 ../../saturnringlib/../modules/sgl/LIB/LIBSGL.A(sglB047.o)
 .text          0x0601d0c0        0x0 ../../saturnringlib/../modules/sgl/LIB/LIBSGL.A(sglB055.o)
 .text          0x0601d0c0        0x0 ../../saturnringlib/../modules/sgl/LIB/LIBSGL.A(sglB058.o)
 .text          0x0601d0c0        0x0 ../../saturnringlib/../modules/sgl/LIB/LIBSGL.A(sglB059.o)
 .text          0x0601d0c0        0x0 ../../saturnringlib/../modules/sgl/LIB/LIBSGL.A(sglB063.o)
 .text          0x0601d0c0        0x0 ../../saturnringlib/../modules/sgl/LIB/LIBSGL.A(sglB070.o)
 .text          0x0601d0c0        0x0 ../../saturnringlib/../modules/sgl/LIB/LIBSGL.A(sglB112.o)
 .text          0x0601d0c0        0x0 ../../saturnringlib/../modules/sgl/LIB/LIBSGL.A(sglB200.o)
 .text          0x0601d0c0        0x0 ../../saturnringlib/../modules/sgl/LIB/LIBSGL.A(sglC01.o)
 .text          0x0601d0c0        0x0 ../../saturnringlib/../modules/sgl/LIB/LIBSGL.A(sglC02.o)
 .text          0x0601d0c0        0x0 ../../saturnringlib/../modules/sgl/LIB/LIBSGL.A(sglC04.o)
 .text          0x0601d0c0        0x0 ../../saturnringlib/../modules/sgl/LIB/LIBSGL.A(sglC05.o)
 .text          0x0601d0c0        0x0 ../../saturnringlib/../modules/sgl/LIB/LIBSGL.A(sglC08.o)
 .text          0x0601d0c0        0x0 ../../saturnringlib/../modules/sgl/LIB/LIBSGL.A(sglC20.o)
 .text          0x0601d0c0        0x0 ../../saturnringlib/../modules/sgl/LIB/LIBSGL.A(sglD00.o)
 .text          0x0601d0c0        0x0 ../../saturnringlib/../modules/sgl/LIB/LIBSGL.A(sglD01.o)
 .text          0x0601d0c0        0x0 ../../saturnringlib/../modules/sgl/LIB/LIBSGL.A(sglD03.o)
 .text          0x0601d0c0        0x0 ../../saturnringlib/../modules/sgl/LIB/LIBSGL.A(sglD15.o)
 .text          0x0601d0c0        0x0 ../../saturnringlib/../modules/sgl/LIB/LIBSGL.A(sglD16.o)
 .text          0x0601d0c0        0x0 ../../saturnringlib/../modules/sgl/LIB/LIBSGL.A(sglD17.o)
 .text          0x0601d0c0        0x0 ../../saturnringlib/../modules/sgl/LIB/LIBSGL.A(sglD18.o)
 .text          0x0601d0c0        0x0 ../../saturnringlib/../modules/sgl/LIB/LIBSGL.A(sglF00.o)
 .text          0x0601d0c0        0x0 ../../saturnringlib/../modules/sgl/LIB/LIBSGL.A(sglG00.o)
 .text          0x0601d0c0        0x0 ../../saturnringlib/../modules/sgl/LIB/LIBSGL.A(sglH00.o)
 .text          0x0601d0c0        0x0 ../../saturnringlib/../modules/sgl/LIB/LIBSGL.A(sglH02.o)
 .text          0x0601d0c0        0x0 ../../saturnringlib/../modules/sgl/LIB/LIBSGL.A(sglH04.o)
 .text          0x0601d0c0        0x0 ../../saturnringlib/../modules/sgl/LIB/LIBSGL.A(sglI01.o)
 .text          0x0601d0c0        0x0 ../../saturnringlib/../modules/sgl/LIB/LIBSGL.A(sglI04.o)
 .text          0x0601d0c0      0x128 ../../saturnringlib/../modules/sgl/LIB/LIBSGL.A(sglIc0.o)
                0x0601d0c0                slInitSystem
 *fill*         0x0601d1e8        0x8 
 .text          0x0601d1f0        0x0 ../../saturnringlib/../modules/sgl/LIB/LIBSGL.A(sglJ00.o)
 .text          0x0601d1f0        0x0 ../../saturnringlib/../modules/sgl/LIB/LIBSGL.A(sglJ01.o)
 .text          0x0601d1f0        0x0 ../../saturnringlib/../modules/sgl/LIB/LIBSGL.A(sglJ02.o)
 .text          0x0601d1f0        0x0 ../../saturnringlib/../modules/sgl/LIB/LIBSGL.A(sglJ03.o)
 .text          0x0601d1f0        0x0 ../../saturnringlib/../modules/sgl/LIB/LIBSGL.A(sglJ04.o)
 .text          0x0601d1f0        0x0 ../../saturnringlib/../modules/sgl/LIB/LIBSGL.A(sglJ05.o)
 .text          0x0601d1f0        0x0 ../../saturnringlib/../modules/sgl/LIB/LIBSGL.A(sglK01.o)
 .text          0x0601d1f0        0x0 ../../saturnringlib/../modules/sgl/LIB/LIBSGL.A(sglM00.o)
 .text          0x0601d1f0        0x0 ../../saturnringlib/../modules/sgl/LIB/LIBSGL.A(sglM01.o)
 .text          0x0601d1f0        0x0 ../../saturnringlib/../modules/sgl/LIB/LIBSGL.A(sglA00.o)
 .text          0x0601d1f0        0x0 ../../saturnringlib/../modules/sgl/LIB/LIBSGL.A(sglA01.o)
 .text          0x0601d1f0        0x0 ../../saturnringlib/../modules/sgl/LIB/LIBSGL.A(sglA03.o)
 .text          0x0601d1f0        0x0 ../../saturnringlib/../modules/sgl/LIB/LIBSGL.A(sglA10.o)
 .text          0x0601d1f0        0x0 ../../saturnringlib/../modules/sgl/LIB/LIBSGL.A(sglA24.o)
 .text          0x0601d1f0        0x0 ../../saturnringlib/../modules/sgl/LIB/LIBSGL.A(sglA25.o)
 .text          0x0601d1f0        0x0 ../../saturnringlib/../modules/sgl/LIB/LIBSGL.A(sglA28.o)
 .text          0x0601d1f0        0x0 ../../saturnringlib/../modules/sgl/LIB/LIBSGL.A(sglA40.o)
 .text          0x0601d1f0        0x0 ../../saturnringlib/../modules/sgl/LIB/LIBSGL.A(sglB000.o)
 .text          0x0601d1f0        0x0 ../../saturnringlib/../modules/sgl/LIB/LIBSGL.A(sglC00.o)
 .text          0x0601d1f0        0x0 ../../saturnringlib/../modules/sgl/LIB/LIBSGL.A(sglC13.o)
 .text          0x0601d1f0        0x0 ../../saturnringlib/../modules/sgl/LIB/LIBSGL.A(sglD02.o)
 .text          0x0601d1f0        0x0 ../../saturnringlib/../modules/sgl/LIB/LIBSGL.A(sglD19.o)
 .text          0x0601d1f0        0x0 ../../saturnringlib/../modules/sgl/LIB/LIBSGL.A(sglI00.o)
 .text          0x0601d1f0        0x0 ../../saturnringlib/../modules/sgl/LIB/LIBSGL.A(sglH03.o)
 .text          0x0601d1f0     0x10b4 ../../saturnringlib/../modules/sgl/LIB/LIBSND.A(snd_main.o)
                0x0601d1f0                SND_Init
                0x0601d368                SND_MoveData
                0x0601d3b4                SND_ChgMap
                0x0601d48c                SND_SetTlVl
                0x0601d4ec                SND_ChgEfct
                0x0601d54c                SND_ChgMix
                0x0601d5b8                SND_ChgMixPrm
                0x0601d640                SND_ChkHard
                0x0601d6dc                SND_StopDsp
                0x0601d730                SND_OffAllSound
                0x0601d784                SND_StartSeq
                0x0601d808                SND_StopSeq
                0x0601d868                SND_PauseSeq
                0x0601d8c8                SND_ContSeq
                0x0601d928                SND_SetSeqVl
                0x0601d9a0                SND_ChgTempo
                0x0601da1c                SND_CtrlDirMidi
                0x0601dad4                SND_SetSeqPan
                0x0601db48                SND_StartPcm
                0x0601dc58                SND_StopPcm
                0x0601dcb8                SND_ChgPcm
                0x0601dd88                SND_StartVlAnl
                0x0601dddc                SND_StopVlAnl
                0x0601de30                SND_SetCdDaLev
                0x0601deac                SND_SetCdDaPan
                0x0601df28                SND_GetSeqStat
                0x0601df50                SND_GetSeqPlayPos
                0x0601df6c                SND_GetPcmPlayAdr
                0x0601df94                SND_GetAnlTlVl
                0x0601dfb0                SND_GetAnlHzVl
                0x0601e16c                SND_SetQSound
                0x0601e1d8                SND_Set3D_Stat
                0x0601e250                SND_Set3D_Init
 .text          0x0601e2a4       0x52 C:/saturn/SaturnRingLib-main/Compiler/sh2eb-elf/bin/../lib/gcc/sh-elf/14.2.0\libgcc.a(_ashiftrt.o)
                0x0601e2a4                __ashiftrt_r4_31
                0x0601e2a4                __ashiftrt_r4_32
                0x0601e2aa                __ashiftrt_r4_30
                0x0601e2ac                __ashiftrt_r4_29
                0x0601e2ae                __ashiftrt_r4_28
                0x0601e2b0                __ashiftrt_r4_27
                0x0601e2b2                __ashiftrt_r4_26
                0x0601e2b4                __ashiftrt_r4_25
                0x0601e2b6                __ashiftrt_r4_24
                0x0601e2be                __ashiftrt_r4_23
                0x0601e2c0                __ashiftrt_r4_22
                0x0601e2c2                __ashiftrt_r4_21
                0x0601e2c4                __ashiftrt_r4_20
                0x0601e2c6                __ashiftrt_r4_19
                0x0601e2c8                __ashiftrt_r4_18
                0x0601e2ca                __ashiftrt_r4_17
                0x0601e2cc                __ashiftrt_r4_16
                0x0601e2d2                __ashiftrt_r4_15
                0x0601e2d4                __ashiftrt_r4_14
                0x0601e2d6                __ashiftrt_r4_13
                0x0601e2d8                __ashiftrt_r4_12
                0x0601e2da                __ashiftrt_r4_11
                0x0601e2dc                __ashiftrt_r4_10
                0x0601e2de                __ashiftrt_r4_9
                0x0601e2e0                __ashiftrt_r4_8
                0x0601e2e2                __ashiftrt_r4_7
                0x0601e2e4                __ashiftrt_r4_6
                0x0601e2e6                __ashiftrt_r4_5
                0x0601e2e8                __ashiftrt_r4_4
                0x0601e2ea                __ashiftrt_r4_3
                0x0601e2ec                __ashiftrt_r4_2
                0x0601e2ee                __ashiftrt_r4_1
                0x0601e2f2                __ashiftrt_r4_0
 *fill*         0x0601e2f6        0x2 
 .text          0x0601e2f8       0x80 C:/saturn/SaturnRingLib-main/Compiler/sh2eb-elf/bin/../lib/gcc/sh-elf/14.2.0\libgcc.a(_ashiftrt_n.o)
                0x0601e2f8                __ashrsi3
 .text          0x0601e378       0xbc C:/saturn/SaturnRingLib-main/Compiler/sh2eb-elf/bin/../lib/gcc/sh-elf/14.2.0\libgcc.a(_ashiftlt.o)
                0x0601e378                __ashlsi3
                0x0601e37c                __ashlsi3_r0
 .text          0x0601e434       0xbc C:/saturn/SaturnRingLib-main/Compiler/sh2eb-elf/bin/../lib/gcc/sh-elf/14.2.0\libgcc.a(_lshiftrt.o)
                0x0601e434                __lshrsi3
                0x0601e438                __lshrsi3_r0
 .text          0x0601e4f0       0x78 C:/saturn/SaturnRingLib-main/Compiler/sh2eb-elf/bin/../lib/gcc/sh-elf/14.2.0\libgcc.a(_movmem.o)
                0x0601e4f0                __movmem
                0x0601e4f0                __movstr
                0x0601e524                __movstrSI64
                0x0601e524                __movmemSI64
                0x0601e528                __movstrSI60
                0x0601e528                __movmemSI60
                0x0601e52c                __movstrSI56
                0x0601e52c                __movmemSI56
                0x0601e530                __movstrSI52
                0x0601e530                __movmemSI52
                0x0601e534                __movstrSI48
                0x0601e534                __movmemSI48
                0x0601e538                __movmemSI44
                0x0601e538                __movstrSI44
                0x0601e53c                __movstrSI40
                0x0601e53c                __movmemSI40
                0x0601e540                __movmemSI36
                0x0601e540                __movstrSI36
                0x0601e544                __movmemSI32
                0x0601e544                __movstrSI32
                0x0601e548                __movstrSI28
                0x0601e548                __movmemSI28
                0x0601e54c                __movmemSI24
                0x0601e54c                __movstrSI24
                0x0601e550                __movstrSI20
                0x0601e550                __movmemSI20
                0x0601e554                __movstrSI16
                0x0601e554                __movmemSI16
                0x0601e558                __movstrSI12
                0x0601e558                __movmemSI12
                0x0601e55c                __movmemSI8
                0x0601e55c                __movstrSI8
                0x0601e560                __movmemSI4
                0x0601e560                __movstrSI4
 .text          0x0601e568       0xa0 C:/saturn/SaturnRingLib-main/Compiler/sh2eb-elf/bin/../lib/gcc/sh-elf/14.2.0\libgcc.a(_sdivsi3.o)
                0x0601e568                __sdivsi3
 .text          0x0601e608       0x6c C:/saturn/SaturnRingLib-main/Compiler/sh2eb-elf/bin/../lib/gcc/sh-elf/14.2.0\libgcc.a(_udivsi3.o)
                0x0601e62a                __udivsi3
 .text          0x0601e674       0x3c C:/saturn/SaturnRingLib-main/Compiler/sh2eb-elf/bin/../lib/gcc/sh-elf/14.2.0\libgcc.a(_sf_to_df.o)
                0x0601e674                __extendsfdf2
 .text          0x0601e6b0      0x224 C:/saturn/SaturnRingLib-main/Compiler/sh2eb-elf/bin/../lib/gcc/sh-elf/14.2.0\libgcc.a(_mul_df.o)
                0x0601e6b0                __muldf3
 .text          0x0601e8d4       0xa8 C:/saturn/SaturnRingLib-main/Compiler/sh2eb-elf/bin/../lib/gcc/sh-elf/14.2.0\libgcc.a(_df_to_si.o)
                0x0601e8d4                __fixdfsi
 .text          0x0601e97c       0x28 C:/saturn/SaturnRingLib-main/Compiler/sh2eb-elf/bin/../lib/gcc/sh-elf/14.2.0\libgcc.a(_make_df.o)
                0x0601e97c                __make_dp
 .text          0x0601e9a4        0x0 C:/saturn/SaturnRingLib-main/Compiler/sh2eb-elf/bin/../lib/gcc/sh-elf/14.2.0\libgcc.a(_thenan_df.o)
 .text          0x0601e9a4       0xa4 C:/saturn/SaturnRingLib-main/Compiler/sh2eb-elf/bin/../lib/gcc/sh-elf/14.2.0\libgcc.a(_unpack_sf.o)
                0x0601e9a4                __unpack_f
 .text          0x0601ea48      0x238 C:/saturn/SaturnRingLib-main/Compiler/sh2eb-elf/bin/../lib/gcc/sh-elf/14.2.0\libgcc.a(_pack_df.o)
                0x0601ea48                __pack_d
 .text          0x0601ec80       0xd4 C:/saturn/SaturnRingLib-main/Compiler/sh2eb-elf/bin/../lib/gcc/sh-elf/14.2.0\libgcc.a(_unpack_df.o)
                0x0601ec80                __unpack_d
 .text          0x0601ed54       0x18 C:/saturn/SaturnRingLib-main/Compiler/sh2eb-elf/bin/../lib/gcc/sh-elf/14.2.0/../../../../sh-elf/lib\libc.a(libc_a-abort.o)
                0x0601ed54                abort
 .text          0x0601ed6c      0x108 C:/saturn/SaturnRingLib-main/Compiler/sh2eb-elf/bin/../lib/gcc/sh-elf/14.2.0/../../../../sh-elf/lib\libc.a(libc_a-snprintf.o)
                0x0601ed6c                _snprintf_r
                0x0601ed6c                _sniprintf_r
                0x0601edec                snprintf
                0x0601edec                sniprintf
 .text          0x0601ee74       0x1e C:/saturn/SaturnRingLib-main/Compiler/sh2eb-elf/bin/../lib/gcc/sh-elf/14.2.0/../../../../sh-elf/lib\libc.a(libc_a-memcmp.o)
                0x0601ee74                memcmp
 .text          0x0601ee92       0x3c C:/saturn/SaturnRingLib-main/Compiler/sh2eb-elf/bin/../lib/gcc/sh-elf/14.2.0/../../../../sh-elf/lib\libc.a(libc_a-memmove.o)
                0x0601ee92                memmove
 .text          0x0601eece       0x26 C:/saturn/SaturnRingLib-main/Compiler/sh2eb-elf/bin/../lib/gcc/sh-elf/14.2.0/../../../../sh-elf/lib\libc.a(libc_a-strncmp.o)
                0x0601eece                strncmp
 .text          0x0601eef4       0x32 C:/saturn/SaturnRingLib-main/Compiler/sh2eb-elf/bin/../lib/gcc/sh-elf/14.2.0/../../../../sh-elf/lib\libc.a(libc_a-strncpy.o)
                0x0601eef4                strncpy
 *fill*         0x0601ef26        0x2 
 .text          0x0601ef28      0x1a8 C:/saturn/SaturnRingLib-main/Compiler/sh2eb-elf/bin/../lib/gcc/sh-elf/14.2.0/../../../../sh-elf/lib\libc.a(libc_a-signal.o)
                0x0601ef28                _init_signal_r
                0x0601ef68                _signal_r
                0x0601efb4                _raise_r
                0x0601f024                __sigtramp_r
                0x0601f084                raise
                0x0601f098                signal
                0x0601f0ac                _init_signal
                0x0601f0bc                __sigtramp
 .text          0x0601f0d0        0x0 C:/saturn/SaturnRingLib-main/Compiler/sh2eb-elf/bin/../lib/gcc/sh-elf/14.2.0/../../../../sh-elf/lib\libc.a(libc_a-impure.o)
 .text          0x0601f0d0       0x40 C:/saturn/SaturnRingLib-main/Compiler/sh2eb-elf/bin/../lib/gcc/sh-elf/14.2.0/../../../../sh-elf/lib\libc.a(libc_a-signalr.o)
                0x0601f0d0                _kill_r
                0x0601f104                _getpid_r
 .text          0x0601f110       0x94 C:/saturn/SaturnRingLib-main/Compiler/sh2eb-elf/bin/../lib/gcc/sh-elf/14.2.0/../../../../sh-elf/lib\libc.a(libc_a-memcpy.o)
                0x0601f110                memcpy
 .text          0x0601f1a4       0x40 C:/saturn/SaturnRingLib-main/Compiler/sh2eb-elf/bin/../lib/gcc/sh-elf/14.2.0/../../../../sh-elf/lib\libc.a(libc_a-memset.o)
                0x0601f1a4                memset
 .text          0x0601f1e4      0x194 C:/saturn/SaturnRingLib-main/Compiler/sh2eb-elf/bin/../lib/gcc/sh-elf/14.2.0/../../../../sh-elf/lib\libc.a(libc_a-mallocr.o)
                0x0601f240                _malloc_r
 .text          0x0601f378        0x8 C:/saturn/SaturnRingLib-main/Compiler/sh2eb-elf/bin/../lib/gcc/sh-elf/14.2.0/../../../../sh-elf/lib\libc.a(libc_a-mlock.o)
                0x0601f378                __malloc_lock
                0x0601f37c                __malloc_unlock
 .text          0x0601f380      0x42c C:/saturn/SaturnRingLib-main/Compiler/sh2eb-elf/bin/../lib/gcc/sh-elf/14.2.0/../../../../sh-elf/lib\libc.a(libc_a-nano-svfprintf.o)
                0x0601f380                __ssputs_r
                0x0601f474                __ssprint_r
                0x0601f59c                _svfprintf_r
                0x0601f59c                _svfiprintf_r
 .text          0x0601f7ac      0x374 C:/saturn/SaturnRingLib-main/Compiler/sh2eb-elf/bin/../lib/gcc/sh-elf/14.2.0/../../../../sh-elf/lib\libc.a(libc_a-nano-vfprintf_i.o)
                0x0601f7ac                _printf_common
                0x0601f8ac                _printf_i
 .text          0x0601fb20      0x1fc C:/saturn/SaturnRingLib-main/Compiler/sh2eb-elf/bin/../lib/gcc/sh-elf/14.2.0/../../../../sh-elf/lib\libc.a(libc_a-findfp.o)
                0x0601fc28                __sfp
                0x0601fcf4                __sinit
 .text          0x0601fd1c       0x58 C:/saturn/SaturnRingLib-main/Compiler/sh2eb-elf/bin/../lib/gcc/sh-elf/14.2.0/../../../../sh-elf/lib\libc.a(libc_a-fwalk.o)
                0x0601fd1c                _fwalk_sglue
 .text          0x0601fd74       0xdc C:/saturn/SaturnRingLib-main/Compiler/sh2eb-elf/bin/../lib/gcc/sh-elf/14.2.0/../../../../sh-elf/lib\libc.a(libc_a-stdio.o)
                0x0601fd74                __sread
                0x0601fdac                __seofread
                0x0601fdb0                __swrite
                0x0601fe00                __sseek
                0x0601fe40                __sclose
 .text          0x0601fe50       0x1c C:/saturn/SaturnRingLib-main/Compiler/sh2eb-elf/bin/../lib/gcc/sh-elf/14.2.0/../../../../sh-elf/lib\libc.a(libc_a-memchr.o)
                0x0601fe50                memchr
 .text          0x0601fe6c       0x30 C:/saturn/SaturnRingLib-main/Compiler/sh2eb-elf/bin/../lib/gcc/sh-elf/14.2.0/../../../../sh-elf/lib\libc.a(libc_a-closer.o)
                0x0601fe6c                _close_r
 .text          0x0601fe9c       0xa4 C:/saturn/SaturnRingLib-main/Compiler/sh2eb-elf/bin/../lib/gcc/sh-elf/14.2.0/../../../../sh-elf/lib\libc.a(libc_a-reent.o)
                0x0601fe9c                _reclaim_reent
 .text          0x0601ff40       0x34 C:/saturn/SaturnRingLib-main/Compiler/sh2eb-elf/bin/../lib/gcc/sh-elf/14.2.0/../../../../sh-elf/lib\libc.a(libc_a-lseekr.o)
                0x0601ff40                _lseek_r
 .text          0x0601ff74       0x34 C:/saturn/SaturnRingLib-main/Compiler/sh2eb-elf/bin/../lib/gcc/sh-elf/14.2.0/../../../../sh-elf/lib\libc.a(libc_a-readr.o)
                0x0601ff74                _read_r
 .text          0x0601ffa8       0x30 C:/saturn/SaturnRingLib-main/Compiler/sh2eb-elf/bin/../lib/gcc/sh-elf/14.2.0/../../../../sh-elf/lib\libc.a(libc_a-sbrkr.o)
                0x0601ffa8                _sbrk_r
 .text          0x0601ffd8       0x34 C:/saturn/SaturnRingLib-main/Compiler/sh2eb-elf/bin/../lib/gcc/sh-elf/14.2.0/../../../../sh-elf/lib\libc.a(libc_a-writer.o)
                0x0601ffd8                _write_r
 .text          0x0602000c       0xc4 C:/saturn/SaturnRingLib-main/Compiler/sh2eb-elf/bin/../lib/gcc/sh-elf/14.2.0/../../../../sh-elf/lib\libc.a(libc_a-freer.o)
                0x0602000c                _free_r
 .text          0x060200d0       0x98 C:/saturn/SaturnRingLib-main/Compiler/sh2eb-elf/bin/../lib/gcc/sh-elf/14.2.0/../../../../sh-elf/lib\libc.a(libc_a-reallocr.o)
                0x060200d0                _realloc_r
 .text          0x06020168      0x1a8 C:/saturn/SaturnRingLib-main/Compiler/sh2eb-elf/bin/../lib/gcc/sh-elf/14.2.0/../../../../sh-elf/lib\libc.a(libc_a-fflush.o)
                0x06020168                __sflush_r
                0x060202a0                _fflush_r
                0x060202e0                fflush
 .text          0x06020310       0x16 C:/saturn/SaturnRingLib-main/Compiler/sh2eb-elf/bin/../lib/gcc/sh-elf/14.2.0/../../../../sh-elf/lib\libc.a(libc_a-msizer.o)
                0x06020310                _malloc_usable_size_r
 *fill*         0x06020326        0x2 
 .text          0x06020328       0x10 C:/saturn/SaturnRingLib-main/Compiler/sh2eb-elf/bin/../lib/gcc/sh-elf/14.2.0/../../../../sh-elf/lib\libnosys.a(close.o)
                0x06020328                _close
 .text          0x06020338       0x10 C:/saturn/SaturnRingLib-main/Compiler/sh2eb-elf/bin/../lib/gcc/sh-elf/14.2.0/../../../../sh-elf/lib\libnosys.a(getpid.o)
                0x06020338                _getpid
 .text          0x06020348       0x10 C:/saturn/SaturnRingLib-main/Compiler/sh2eb-elf/bin/../lib/gcc/sh-elf/14.2.0/../../../../sh-elf/lib\libnosys.a(kill.o)
                0x06020348                _kill
 .text          0x06020358       0x10 C:/saturn/SaturnRingLib-main/Compiler/sh2eb-elf/bin/../lib/gcc/sh-elf/14.2.0/../../../../sh-elf/lib\libnosys.a(lseek.o)
                0x06020358                _lseek
 .text          0x06020368       0x10 C:/saturn/SaturnRingLib-main/Compiler/sh2eb-elf/bin/../lib/gcc/sh-elf/14.2.0/../../../../sh-elf/lib\libnosys.a(read.o)
                0x06020368                _read
 .text          0x06020378       0x18 C:/saturn/SaturnRingLib-main/Compiler/sh2eb-elf/bin/../lib/gcc/sh-elf/14.2.0/../../../../sh-elf/lib\libnosys.a(sbrk.o)
                0x06020378                _sbrk
 .text          0x06020390       0x10 C:/saturn/SaturnRingLib-main/Compiler/sh2eb-elf/bin/../lib/gcc/sh-elf/14.2.0/../../../../sh-elf/lib\libnosys.a(write.o)
                0x06020390                _write
 .text          0x060203a0        0x4 C:/saturn/SaturnRingLib-main/Compiler/sh2eb-elf/bin/../lib/gcc/sh-elf/14.2.0/../../../../sh-elf/lib\libnosys.a(_exit.o)
                0x060203a0                _exit
 *(.strings*)
 *(SEGA_P)
 *(.eh_frame_hdr*)
 *(.eh_frame*)
                0x060203a4                        __etext = .

COMMON          0x060203b0       0x28
 *(COMMON)
 COMMON         0x060203b0        0xc ../../saturnringlib/../modules/sgl/LIB/LIBCD.A(GFS.O)
                0x060203b0                GFMC_base
                0x060203b4                gfs_mng_ptr
                0x060203b8                gfs_use_scudma
 COMMON         0x060203bc        0xc ../../saturnringlib/../modules/sgl/LIB/LIBCD.A(GFS_CDC.O)
                0x060203bc                gfcd_fatal_err
                0x060203c0                gfcd_work
                0x060203c4                gfcd_playflag
 COMMON         0x060203c8        0x8 ../../saturnringlib/../modules/sgl/LIB/LIBCD.A(GFS_CDF.O)
                0x060203c8                gfcf_fad
                0x060203cc                gfcf_stat
 COMMON         0x060203d0        0x8 ../../saturnringlib/../modules/sgl/LIB/LIBSND.A(snd_main.o)
                0x060203d0                snd_adr_sys_int_work
                0x060203d4                snd_msk_work_work

SLPROG          0x060203e0     0xe790
                0x060203e0                        __slprog_start = .
 *(SLPROG)
 SLPROG         0x060203e0       0xd0 ../../saturnringlib/../modules/sgl/LIB/LIBSGL.A(sglA16.o)
                0x060203e0                slLookAt
 SLPROG         0x060204b0       0x78 ../../saturnringlib/../modules/sgl/LIB/LIBSGL.A(sglA17.o)
                0x060204b0                slRotZ
                0x060204ba                slRotZSC
 *fill*         0x06020528        0x8 
 SLPROG         0x06020530       0x78 ../../saturnringlib/../modules/sgl/LIB/LIBSGL.A(sglA18.o)
                0x06020530                slRotY
                0x0602053a                slRotYSC
 *fill*         0x060205a8        0x8 
 SLPROG         0x060205b0       0x78 ../../saturnringlib/../modules/sgl/LIB/LIBSGL.A(sglA19.o)
                0x060205b0                slRotX
                0x060205ba                slRotXSC
 *fill*         0x06020628        0x8 
 SLPROG         0x06020630      0x42c ../../saturnringlib/../modules/sgl/LIB/LIBSGL.A(sglA20.o)
                0x06020630                slInitMatrix
                0x0602063a                slPushUnitMatrix
                0x0602064e                slUnitMatrix
 *fill*         0x06020a5c        0x4 
 SLPROG         0x06020a60       0x48 ../../saturnringlib/../modules/sgl/LIB/LIBSGL.A(sglA21.o)
                0x06020a60                slPushMatrix
                0x06020a94                slDecMatrixPtr
                0x06020a94                slPopMatrix
 *fill*         0x06020aa8        0x8 
 SLPROG         0x06020ab0       0x50 ../../saturnringlib/../modules/sgl/LIB/LIBSGL.A(sglA27.o)
                0x06020ab0                slTranslate
 SLPROG         0x06020b00       0x98 ../../saturnringlib/../modules/sgl/LIB/LIBSGL.A(sglA39.o)
                0x06020b00                slConvert3Dto2DFX
 *fill*         0x06020b98        0x8 
 SLPROG         0x06020ba0       0x20 ../../saturnringlib/../modules/sgl/LIB/LIBSGL.A(sglB001.o)
                0x06020ba0                slTVOn
                0x06020baa                slTVOff
 SLPROG         0x06020bc0       0x1e ../../saturnringlib/../modules/sgl/LIB/LIBSGL.A(sglB002.o)
                0x06020bc0                slColRAMMode
 *fill*         0x06020bde        0x2 
 SLPROG         0x06020be0      0x40c ../../saturnringlib/../modules/sgl/LIB/LIBSGL.A(sglB015.o)
                0x06020be0                slScrAutoDisp
 *fill*         0x06020fec        0x4 
 SLPROG         0x06020ff0        0xc ../../saturnringlib/../modules/sgl/LIB/LIBSGL.A(sglB016.o)
                0x06020ff0                slBack1ColSet
 *fill*         0x06020ffc        0x4 
 SLPROG         0x06021000       0xb0 ../../saturnringlib/../modules/sgl/LIB/LIBSGL.A(sglB031.o)
                0x06021000                slMapNbg0
 SLPROG         0x060210b0       0xb4 ../../saturnringlib/../modules/sgl/LIB/LIBSGL.A(sglB034.o)
                0x060210b0                slMapNbg3
 *fill*         0x06021164        0xc 
 SLPROG         0x06021170       0xd4 ../../saturnringlib/../modules/sgl/LIB/LIBSGL.A(sglB035.o)
                0x06021170                sl1MapRA
                0x06021202                rbank_set
 *fill*         0x06021244        0xc 
 SLPROG         0x06021250       0x70 ../../saturnringlib/../modules/sgl/LIB/LIBSGL.A(sglB038.o)
                0x06021250                slRparaInitSet
 SLPROG         0x060212c0       0x10 ../../saturnringlib/../modules/sgl/LIB/LIBSGL.A(sglB042.o)
                0x060212c0                slCurRpara
 SLPROG         0x060212d0        0x8 ../../saturnringlib/../modules/sgl/LIB/LIBSGL.A(sglB043.o)
                0x060212d0                slRparaMode
 *fill*         0x060212d8        0x8 
 SLPROG         0x060212e0      0x4e4 ../../saturnringlib/../modules/sgl/LIB/LIBSGL.A(sglB044.o)
                0x060212e0                slScrMatSet
 *fill*         0x060217c4        0xc 
 SLPROG         0x060217d0       0x28 ../../saturnringlib/../modules/sgl/LIB/LIBSGL.A(sglB045.o)
                0x060217d0                slScrMatConv
 *fill*         0x060217f8        0x8 
 SLPROG         0x06021800        0xc ../../saturnringlib/../modules/sgl/LIB/LIBSGL.A(sglB047.o)
                0x06021800                slOverRA
 *fill*         0x0602180c        0x4 
 SLPROG         0x06021810        0xc ../../saturnringlib/../modules/sgl/LIB/LIBSGL.A(sglB055.o)
                0x06021810                slPlaneNbg0
 *fill*         0x0602181c        0x4 
 SLPROG         0x06021820       0x10 ../../saturnringlib/../modules/sgl/LIB/LIBSGL.A(sglB058.o)
                0x06021820                slPlaneNbg3
 SLPROG         0x06021830        0xc ../../saturnringlib/../modules/sgl/LIB/LIBSGL.A(sglB059.o)
                0x06021830                slPlaneRA
 *fill*         0x0602183c        0x4 
 SLPROG         0x06021840        0xc ../../saturnringlib/../modules/sgl/LIB/LIBSGL.A(sglB063.o)
                0x06021840                slPriority
 *fill*         0x0602184c        0x4 
 SLPROG         0x06021850       0x34 ../../saturnringlib/../modules/sgl/LIB/LIBSGL.A(sglB070.o)
                0x06021850                slScrPosNbg0
 *fill*         0x06021884        0xc 
 SLPROG         0x06021890       0x3c ../../saturnringlib/../modules/sgl/LIB/LIBSGL.A(sglB112.o)
                0x06021890                slScrScaleNbg0
                0x06021896                slScrScaleNbg1
                0x0602189c                slScrScaleR
 *fill*         0x060218cc        0x4 
 SLPROG         0x060218d0      0x114 ../../saturnringlib/../modules/sgl/LIB/LIBSGL.A(sglB200.o)
                0x060218d0                slCharRbg0
                0x060218dc                slCharNbg0
                0x060218e8                slCharNbg1
                0x060218f4                slCharNbg2
                0x0602190a                slCharNbg3
                0x06021922                slPageRbg0
                0x06021938                slPageNbg1
                0x06021940                slPageNbg2
                0x06021948                slPageNbg3
                0x06021954                slPageNbg0
 *fill*         0x060219e4        0xc 
 SLPROG         0x060219f0       0x6c ../../saturnringlib/../modules/sgl/LIB/LIBSGL.A(sglC01.o)
                0x060219f0                slPerspective
 *fill*         0x06021a5c        0x4 
 SLPROG         0x06021a60       0x30 ../../saturnringlib/../modules/sgl/LIB/LIBSGL.A(sglC02.o)
                0x06021a60                slLight
 SLPROG         0x06021a90       0x2c ../../saturnringlib/../modules/sgl/LIB/LIBSGL.A(sglC04.o)
                0x06021a90                slZdspLevel
 *fill*         0x06021abc        0x4 
 SLPROG         0x06021ac0       0x78 ../../saturnringlib/../modules/sgl/LIB/LIBSGL.A(sglC05.o)
                0x06021ac0                slSetSprite
 *fill*         0x06021b38        0x8 
 SLPROG         0x06021b40     0x1218 ../../saturnringlib/../modules/sgl/LIB/LIBSGL.A(sglC08.o)
                0x06021b40                slPutPolygon
                0x060227bc                MsCalcDepthFlat
 *fill*         0x06022d58        0x8 
 SLPROG         0x06022d60       0x40 ../../saturnringlib/../modules/sgl/LIB/LIBSGL.A(sglC20.o)
                0x06022d60                SpriteEntry
 SLPROG         0x06022da0       0x84 ../../saturnringlib/../modules/sgl/LIB/LIBSGL.A(sglD00.o)
                0x06022da0                slCpuDMACopy
                0x06022da0                slDMACopy
                0x06022dfa                CSH_AllClr
                0x06022dfa                slCashPurge
 *fill*         0x06022e24        0xc 
 SLPROG         0x06022e30       0xa0 ../../saturnringlib/../modules/sgl/LIB/LIBSGL.A(sglD01.o)
                0x06022e30                slDMAXCopy
 SLPROG         0x06022ed0        0xc ../../saturnringlib/../modules/sgl/LIB/LIBSGL.A(sglD03.o)
                0x06022ed0                slDMAStatus
 *fill*         0x06022edc        0x4 
 SLPROG         0x06022ee0       0x20 ../../saturnringlib/../modules/sgl/LIB/LIBSGL.A(sglD15.o)
                0x06022ee0                CSH_Purge
 SLPROG         0x06022f00       0x84 ../../saturnringlib/../modules/sgl/LIB/LIBSGL.A(sglD16.o)
                0x06022f00                DMA_ScuSetPrm
                0x06022f48                DMA_SCU_PRM0
 *fill*         0x06022f84        0xc 
 SLPROG         0x06022f90       0x88 ../../saturnringlib/../modules/sgl/LIB/LIBSGL.A(sglD17.o)
                0x06022f90                DMA_ScuStart
 *fill*         0x06023018        0x8 
 SLPROG         0x06023020       0x34 ../../saturnringlib/../modules/sgl/LIB/LIBSGL.A(sglD18.o)
                0x06023020                DMA_ScuGetStatus
 *fill*         0x06023054        0xc 
 SLPROG         0x06023060       0x4e ../../saturnringlib/../modules/sgl/LIB/LIBSGL.A(sglF00.o)
                0x06023060                slCurScrn
                0x06023070                slCurColor
                0x0602307a                slLocate
                0x060230ac                CurrentScreen
 *fill*         0x060230ae        0x2 
 SLPROG         0x060230b0      0x1d0 ../../saturnringlib/../modules/sgl/LIB/LIBSGL.A(sglG00.o)
                0x060230b0                slInitSound
                0x060231b4                slWaitSound
                0x060231cc                slSndFlush
 SLPROG         0x06023280      0xfc8 ../../saturnringlib/../modules/sgl/LIB/LIBSGL.A(sglH00.o)
                0x06023298                slGetPortDir1
                0x060232a0                slGetPortDir2
                0x060232a8                slSetPortDir1
                0x060232d2                slSetPortDir2
                0x0602330c                slGetPortData1
                0x06023314                slGetPortData2
                0x0602331c                slSetPortData1
                0x06023326                slSetPortData2
                0x06023338                slGetPortSelect1
                0x06023342                slGetPortSelect2
                0x0602334c                slSetPortSelect1
                0x06023380                slSetPortSelect2
                0x060233bc                slGetPortExt1
                0x060233c6                slGetPortExt2
                0x060233d0                slSetPortExt1
                0x06023400                slSetPortExt2
                0x06023574                slSmpcDirectAccess
                0x060235f4                slInitPeripheral
                0x06023686                slSetResultBuffer
                0x06023712                slCheckIntBackSet
                0x0602371e                slIntBackCancel
                0x06023748                slCheckReset
                0x06023752                slClearReset
                0x06023918                slSmpcCashSend
                0x060239d4                slSmpcCashBlow
                0x06023ab0                slGetOptimize
                0x06023aba                slSetOptimize
                0x06023ae0                slGetPortMode1
                0x06023aec                slGetPortMode2
                0x06023afa                slSetPortMode1
                0x06023b38                slSetPortMode2
                0x06023cc4                slRequestCommand
                0x06023d34                Smpc_Status
                0x06023d38                Smpc_Result
                0x06023d3c                Smpc_Peripheral
                0x06023d42                Per_Connect1
                0x06023d43                Per_Connect2
                0x06023d64                SmpcStatusBuf
 *fill*         0x06024248        0x8 
 SLPROG         0x06024250      0x470 ../../saturnringlib/../modules/sgl/LIB/LIBSGL.A(sglH02.o)
                0x06024640                smpc_pfr_tbl
                0x06024680                smpc_ptf_tbl
 SLPROG         0x060246c0       0x60 ../../saturnringlib/../modules/sgl/LIB/LIBSGL.A(sglH04.o)
                0x060246c0                slComPrmIntBack
                0x060246d4                slComPrmSetMemory
                0x060246ea                slComPrmSetTime
 SLPROG         0x06024720      0x3a4 ../../saturnringlib/../modules/sgl/LIB/LIBSGL.A(sglI01.o)
                0x06024720                slInitSynch
                0x0602473a                slSynch
                0x06024830                slRandom
                0x0602484e                PCM_EndCheck
                0x0602490a                RetPCMBuf
                0x060249a4                PCM_Buf
                0x06024a44                Sound_Buf
 *fill*         0x06024ac4        0xc 
 SLPROG         0x06024ad0       0x10 ../../saturnringlib/../modules/sgl/LIB/LIBSGL.A(sglI04.o)
                0x06024ad0                slIntFunction
 SLPROG         0x06024ae0       0x74 ../../saturnringlib/../modules/sgl/LIB/LIBSGL.A(sglJ00.o)
                0x06024ae0                InitSlaveSH
                0x06024b48                SlaveCommand
 *fill*         0x06024b54        0xc 
 SLPROG         0x06024b60      0x3d0 ../../saturnringlib/../modules/sgl/LIB/LIBSGL.A(sglJ01.o)
                0x06024b60                SlaveControl
                0x06024f1c                ErasePolygonData
 SLPROG         0x06024f30     0x12b8 ../../saturnringlib/../modules/sgl/LIB/LIBSGL.A(sglJ02.o)
                0x06024f30                sbMakePolygon
                0x06025118                sbCalcPolygon
                0x06025e50                SetTexture
                0x06025e5c                SetPolygon
                0x06025e64                SetPosition
                0x06025e9c                stvtc_4
                0x06025f54                stvtc_3
                0x06026164                stvtc_1
                0x06026178                stvtc_2
                0x0602618c                stvtc_0
 *fill*         0x060261e8        0x8 
 SLPROG         0x060261f0      0x140 ../../saturnringlib/../modules/sgl/LIB/LIBSGL.A(sglJ03.o)
                0x060261f0                sbMakeDMATable
 SLPROG         0x06026330      0x470 ../../saturnringlib/../modules/sgl/LIB/LIBSGL.A(sglJ04.o)
                0x0602638e                sbMakeSprite
                0x060263f4                sbMakeRotSprite
 SLPROG         0x060267a0       0x3c ../../saturnringlib/../modules/sgl/LIB/LIBSGL.A(sglJ05.o)
                0x060267a0                sbSortEntry
 *fill*         0x060267dc        0x4 
 SLPROG         0x060267e0      0x4b8 ../../saturnringlib/../modules/sgl/LIB/LIBSGL.A(sglM00.o)
                0x060267e0                slInitGouraud
                0x060268d4                slPutPolygonX
                0x0602691a                slGouraudTblCopy
                0x06026972                slSetGouraudTbl
                0x06026978                slSetGouraudColor
                0x060269f0                slSetAmbient
                0x06026a14                slSetFlatColor
 *fill*         0x06026c98        0x8 
 SLPROG         0x06026ca0       0x6a ../../saturnringlib/../modules/sgl/LIB/LIBSGL.A(sglM01.o)
                0x06026ca0                slSetDepthLimit
                0x06026ccc                slSetDepthTbl
                0x06026cfc                DepthWorkArea
 *fill*         0x06026d0a        0x6 
 SLPROG         0x06026d10       0x20 ../../saturnringlib/../modules/sgl/LIB/LIBSGL.A(sglA00.o)
                0x06026d10                set_imask
                0x06026d10                _builtin_set_imask
                0x06026d24                _builtin_get_imask
                0x06026d24                get_imask
 SLPROG         0x06026d30     0x411e ../../saturnringlib/../modules/sgl/LIB/LIBSGL.A(sglA01.o)
                0x06026d30                slSin
                0x06026d54                slCos
                0x06026d78                GetSinCos
                0x06026e0c                sin_cos_index_tbl
                0x06026e4c                sin_tbl
 *fill*         0x0602ae4e        0x2 
 SLPROG         0x0602ae50     0x215c ../../saturnringlib/../modules/sgl/LIB/LIBSGL.A(sglA03.o)
                0x0602ae50                slTan
 *fill*         0x0602cfac        0x4 
 SLPROG         0x0602cfb0       0x34 ../../saturnringlib/../modules/sgl/LIB/LIBSGL.A(sglA10.o)
                0x0602cfb0                slSquartDbl
 *fill*         0x0602cfe4        0xc 
 SLPROG         0x0602cff0      0x3c2 ../../saturnringlib/../modules/sgl/LIB/LIBSGL.A(sglA24.o)
                0x0602cff0                slInversMatrix
 *fill*         0x0602d3b2        0xe 
 SLPROG         0x0602d3c0       0x24 ../../saturnringlib/../modules/sgl/LIB/LIBSGL.A(sglA25.o)
                0x0602d3c0                slTransposeMatrix
 *fill*         0x0602d3e4        0xc 
 SLPROG         0x0602d3f0       0x70 ../../saturnringlib/../modules/sgl/LIB/LIBSGL.A(sglA28.o)
                0x0602d3f0                slScale
 SLPROG         0x0602d460       0x22 ../../saturnringlib/../modules/sgl/LIB/LIBSGL.A(sglA40.o)
                0x0602d460                slCalcVector
 *fill*         0x0602d482        0xe 
 SLPROG         0x0602d490      0xbd0 ../../saturnringlib/../modules/sgl/LIB/LIBSGL.A(sglB000.o)
                0x0602d490                slInitScroll
                0x0602d5b0                setASC_1to8
                0x0602d5e0                setASC_4to8
                0x0602d6f0                TVSizeTbl
                0x0602d770                TVModeTbl
                0x0602d948                SGL_ASCII_CG
 SLPROG         0x0602e060      0x134 ../../saturnringlib/../modules/sgl/LIB/LIBSGL.A(sglC00.o)
                0x0602e060                slInitSprite
 *fill*         0x0602e194        0xc 
 SLPROG         0x0602e1a0       0xac ../../saturnringlib/../modules/sgl/LIB/LIBSGL.A(sglC13.o)
                0x0602e1a0                slPutPolygonS
 *fill*         0x0602e24c        0x4 
 SLPROG         0x0602e250       0x10 ../../saturnringlib/../modules/sgl/LIB/LIBSGL.A(sglD02.o)
                0x0602e250                slDMAWait
 SLPROG         0x0602e260       0xc0 ../../saturnringlib/../modules/sgl/LIB/LIBSGL.A(sglD19.o)
                0x0602e260                DMA_ScuMemCopy
 SLPROG         0x0602e320      0x75c ../../saturnringlib/../modules/sgl/LIB/LIBSGL.A(sglI00.o)
                0x0602e610                slInitInterrupt
 *fill*         0x0602ea7c        0x4 
 SLPROG         0x0602ea80       0xf0 ../../saturnringlib/../modules/sgl/LIB/LIBSGL.A(sglH03.o)
                0x0602eae4                slSmpcIntBack
                0x0602eb70                        __slprog_end = .

.tors           0x0602eb70       0x20
                0x0602eb70                        ___ctors = .
 *(.ctors*)
 .ctors         0x0602eb70        0x4 src/camera_system.o
 .ctors         0x0602eb74        0x4 src/car_system.o
 .ctors         0x0602eb78        0x4 src/main.o
 .ctors         0x0602eb7c        0x4 src/mesh_renderer.o
                0x0602eb80                        ___ctors_end = .
                0x0602eb80                        ___dtors = .
 *(.dtors*)
 .dtors         0x0602eb80        0x4 src/camera_system.o
 .dtors         0x0602eb84        0x4 src/car_system.o
 .dtors         0x0602eb88        0x4 src/main.o
 .dtors         0x0602eb8c        0x4 src/mesh_renderer.o
                0x0602eb90                        ___dtors_end = .

.data           0x0602eb90      0x4e0
 *(.data*)
 .data          0x0602eb90       0x28 ../../saturnringlib/../modules/sgl/LIB/../SRC/workarea.o
                0x0602eb90                PCM_Work
                0x0602eb94                SlaveStack
                0x0602eb98                TransList
                0x0602eb9c                MasterStack
                0x0602eba0                SortList
                0x0602eba4                Zbuffer
                0x0602eba8                SpriteBuf
                0x0602ebac                Pbuffer
                0x0602ebb0                CLOfstBuf
                0x0602ebb4                CommandBuf
 .data          0x0602ebb8        0x0 src/camera_system.o
 .data._ZN3SRL5Input10Management11PeripheralsE
                0x0602ebb8      0x120 src/camera_system.o
                0x0602ebb8                SRL::Input::Management::Peripherals
 .data          0x0602ecd8        0x0 src/car_system.o
 .data          0x0602ecd8        0x0 src/exception_stubs.o
 .data          0x0602ecd8       0x40 src/main.o
                0x0602ecd8                shadingTable
 .data._ZZN3SRL5Input3Gun11SynchronizeEvE14secondPlayerId
                0x0602ed18        0x1 src/main.o
                0x0602ed18                SRL::Input::Gun::Synchronize()::secondPlayerId
 .data._ZZN3SRL5Input3Gun11SynchronizeEvE13firstPlayerId
                0x0602ed19        0x1 src/main.o
                0x0602ed19                SRL::Input::Gun::Synchronize()::firstPlayerId
 *fill*         0x0602ed1a        0x2 
 .data._ZN3SRL5Input10Management24PeripheralsPreviousStateE
                0x0602ed1c      0x120 src/main.o
                0x0602ed1c                SRL::Input::Management::PeripheralsPreviousState
 .data._ZN3SRL4VDP212ScrollScreenINS0_4RBG0ELs5ELt16EE12MapAllocSizeE
                0x0602ee3c        0x4 src/main.o
                0x0602ee3c                SRL::VDP2::ScrollScreen<SRL::VDP2::RBG0, (short)5, (unsigned short)16>::MapAllocSize
 .data._ZN3SRL4VDP212ScrollScreenINS0_4RBG0ELs5ELt16EE13CellAllocSizeE
                0x0602ee40        0x4 src/main.o
                0x0602ee40                SRL::VDP2::ScrollScreen<SRL::VDP2::RBG0, (short)5, (unsigned short)16>::CellAllocSize
 .data._ZN3SRL4VDP212ScrollScreenINS0_4RBG0ELs5ELt16EE4InfoE
                0x0602ee44       0x14 src/main.o
                0x0602ee44                SRL::VDP2::ScrollScreen<SRL::VDP2::RBG0, (short)5, (unsigned short)16>::Info
 .data._ZN3SRL4VDP212ScrollScreenINS0_4RBG0ELs5ELt16EE10MapAddressE
                0x0602ee58        0x4 src/main.o
                0x0602ee58                SRL::VDP2::ScrollScreen<SRL::VDP2::RBG0, (short)5, (unsigned short)16>::MapAddress
 .data._ZN3SRL4VDP212ScrollScreenINS0_4RBG0ELs5ELt16EE11CellAddressE
                0x0602ee5c        0x4 src/main.o
                0x0602ee5c                SRL::VDP2::ScrollScreen<SRL::VDP2::RBG0, (short)5, (unsigned short)16>::CellAddress
 .data._ZN3SRL4VDP212ScrollScreenINS0_4NBG0ELs1ELt1EE12MapAllocSizeE
                0x0602ee60        0x4 src/main.o
                0x0602ee60                SRL::VDP2::ScrollScreen<SRL::VDP2::NBG0, (short)1, (unsigned short)1>::MapAllocSize
 .data._ZN3SRL4VDP212ScrollScreenINS0_4NBG0ELs1ELt1EE13CellAllocSizeE
                0x0602ee64        0x4 src/main.o
                0x0602ee64                SRL::VDP2::ScrollScreen<SRL::VDP2::NBG0, (short)1, (unsigned short)1>::CellAllocSize
 .data._ZN3SRL4VDP212ScrollScreenINS0_4NBG0ELs1ELt1EE4InfoE
                0x0602ee68       0x14 src/main.o
                0x0602ee68                SRL::VDP2::ScrollScreen<SRL::VDP2::NBG0, (short)1, (unsigned short)1>::Info
 .data._ZN3SRL4VDP212ScrollScreenINS0_4NBG0ELs1ELt1EE10MapAddressE
                0x0602ee7c        0x4 src/main.o
                0x0602ee7c                SRL::VDP2::ScrollScreen<SRL::VDP2::NBG0, (short)1, (unsigned short)1>::MapAddress
 .data._ZN3SRL4VDP212ScrollScreenINS0_4NBG0ELs1ELt1EE11CellAddressE
                0x0602ee80        0x4 src/main.o
                0x0602ee80                SRL::VDP2::ScrollScreen<SRL::VDP2::NBG0, (short)1, (unsigned short)1>::CellAddress
 .data._ZN3SRL4VDP213ActiveScrollsE
                0x0602ee84        0x2 src/main.o
                0x0602ee84                SRL::VDP2::ActiveScrolls
 *fill*         0x0602ee86        0x2 
 .data._ZN3SRL4VDP24VRAM10bankCyclesE
                0x0602ee88        0x4 src/main.o
                0x0602ee88                SRL::VDP2::VRAM::bankCycles
 .data._ZN3SRL4VDP24VRAM10currentTopE
                0x0602ee8c       0x10 src/main.o
                0x0602ee8c                SRL::VDP2::VRAM::currentTop
 .data._ZN3SRL4VDP24VRAM10currentBotE
                0x0602ee9c       0x10 src/main.o
                0x0602ee9c                SRL::VDP2::VRAM::currentBot
 .data._ZN3SRL5ASCII7maxFontE
                0x0602eeac        0x1 src/main.o
                0x0602eeac                SRL::ASCII::maxFont
 .data._ZN3SRL5ASCII12maxYPositionE
                0x0602eead        0x1 src/main.o
                0x0602eead                SRL::ASCII::maxYPosition
 .data._ZN3SRL5ASCII12maxXPositionE
                0x0602eeae        0x1 src/main.o
                0x0602eeae                SRL::ASCII::maxXPosition
 *fill*         0x0602eeaf        0x1 
 .data._ZN3SRL5ASCII8fontBankE
                0x0602eeb0        0x2 src/main.o
                0x0602eeb0                SRL::ASCII::fontBank
 .data._ZN3SRL5ASCII9colorBankE
                0x0602eeb2        0x2 src/main.o
                0x0602eeb2                SRL::ASCII::colorBank
 .data._ZN3SRL5ASCII7tileMapE
                0x0602eeb4        0x4 src/main.o
                0x0602eeb4                SRL::ASCII::tileMap
 .data._ZN3SRL4CRAM11BaseAddressE
                0x0602eeb8        0x4 src/main.o
                0x0602eeb8                SRL::CRAM::BaseAddress
 .data          0x0602eebc        0x0 src/mesh_renderer.o
 *fill*         0x0602eebc        0x4 
 .data          0x0602eec0        0x0 ../../saturnringlib/../modules/sgl/LIB/LIBCD.A(CDC_CMN.O)
 .data          0x0602eec0        0x0 ../../saturnringlib/../modules/sgl/LIB/LIBCD.A(CDC_REG.O)
 .data          0x0602eec0        0x0 ../../saturnringlib/../modules/sgl/LIB/LIBCD.A(CDC_SUB.O)
 .data          0x0602eec0        0x0 ../../saturnringlib/../modules/sgl/LIB/LIBCD.A(GFS.O)
 .data          0x0602eec0        0x0 ../../saturnringlib/../modules/sgl/LIB/LIBCD.A(GFS_BUF.O)
 .data          0x0602eec0        0x0 ../../saturnringlib/../modules/sgl/LIB/LIBCD.A(GFS_CDB.O)
 .data          0x0602eec0        0x0 ../../saturnringlib/../modules/sgl/LIB/LIBCD.A(GFS_CDC.O)
 .data          0x0602eec0        0x0 ../../saturnringlib/../modules/sgl/LIB/LIBCD.A(GFS_CDF.O)
 .data          0x0602eec0        0x0 ../../saturnringlib/../modules/sgl/LIB/LIBCD.A(GFS_DIR.O)
 .data          0x0602eec0        0x0 ../../saturnringlib/../modules/sgl/LIB/LIBCD.A(GFS_TRN.O)
 .data          0x0602eec0        0x0 ../../saturnringlib/../modules/sgl/LIB/LIBCD.A(CDC_DRV.O)
 .data          0x0602eec0        0x0 ../../saturnringlib/../modules/sgl/LIB/LIBCD.A(CDC_DEV.O)
 .data          0x0602eec0        0x0 ../../saturnringlib/../modules/sgl/LIB/LIBCD.A(CDC_SEL.O)
 .data          0x0602eec0        0x0 ../../saturnringlib/../modules/sgl/LIB/LIBCD.A(CDC_BIF.O)
 .data          0x0602eec0        0x0 ../../saturnringlib/../modules/sgl/LIB/LIBCD.A(CDC_BIO.O)
 .data          0x0602eec0        0x0 ../../saturnringlib/../modules/sgl/LIB/LIBCD.A(CDC_CFS.O)
 .data          0x0602eec0        0x0 ../../saturnringlib/../modules/sgl/LIB/LIBSGL.A(sglA16.o)
 .data          0x0602eec0        0x0 ../../saturnringlib/../modules/sgl/LIB/LIBSGL.A(sglA17.o)
 .data          0x0602eec0        0x0 ../../saturnringlib/../modules/sgl/LIB/LIBSGL.A(sglA18.o)
 .data          0x0602eec0        0x0 ../../saturnringlib/../modules/sgl/LIB/LIBSGL.A(sglA19.o)
 .data          0x0602eec0        0x0 ../../saturnringlib/../modules/sgl/LIB/LIBSGL.A(sglA20.o)
 .data          0x0602eec0        0x0 ../../saturnringlib/../modules/sgl/LIB/LIBSGL.A(sglA21.o)
 .data          0x0602eec0        0x0 ../../saturnringlib/../modules/sgl/LIB/LIBSGL.A(sglA27.o)