Archive member included to satisfy reference by file (symbol)

../../saturnringlib/../modules/sgl/LIB/LIBCD.A(CDC_CMN.O)
                              src/main.o (CDC_CdInit)
../../saturnringlib/../modules/sgl/LIB/LIBCD.A(CDC_REG.O)
                              ../../saturnringlib/../modules/sgl/LIB/LIBCD.A(CDC_CMN.O) (CDREG_ClrHirqReq)
../../saturnringlib/../modules/sgl/LIB/LIBCD.A(CDC_SUB.O)
                              ../../saturnringlib/../modules/sgl/LIB/LIBCD.A(CDC_CMN.O) (CDSUB_UpdStatus)
../../saturnringlib/../modules/sgl/LIB/LIBCD.A(GFS.O)
                              src/main.o (GFS_Init)
../../saturnringlib/../modules/sgl/LIB/LIBCD.A(GFS_BUF.O)
                              ../../saturnringlib/../modules/sgl/LIB/LIBCD.A(GFS.O) (GFBF_GetNumData)
../../saturnringlib/../modules/sgl/LIB/LIBCD.A(GFS_CDB.O)
                              ../../saturnringlib/../modules/sgl/LIB/LIBCD.A(GFS.O) (GFCB_Close)
../../saturnringlib/../modules/sgl/LIB/LIBCD.A(GFS_CDC.O)
                              ../../saturnringlib/../modules/sgl/LIB/LIBCD.A(GFS.O) (GFCD_SetCdbfs)
../../saturnringlib/../modules/sgl/LIB/LIBCD.A(GFS_CDF.O)
                              ../../saturnringlib/../modules/sgl/LIB/LIBCD.A(GFS.O) (GFCF_Init)
../../saturnringlib/../modules/sgl/LIB/LIBCD.A(GFS_DIR.O)
                              ../../saturnringlib/../modules/sgl/LIB/LIBCD.A(GFS.O) (GFDR_SetupDirTbl)
../../saturnringlib/../modules/sgl/LIB/LIBCD.A(GFS_TRN.O)
                              ../../saturnringlib/../modules/sgl/LIB/LIBCD.A(GFS.O) (GFTR_Setup)
../../saturnringlib/../modules/sgl/LIB/LIBCD.A(CDC_DRV.O)
                              ../../saturnringlib/../modules/sgl/LIB/LIBCD.A(GFS_CDC.O) (CDC_CdPlay)
../../saturnringlib/../modules/sgl/LIB/LIBCD.A(CDC_DEV.O)
                              ../../saturnringlib/../modules/sgl/LIB/LIBCD.A(GFS_CDC.O) (CDC_CdSetCon)
../../saturnringlib/../modules/sgl/LIB/LIBCD.A(CDC_SEL.O)
                              ../../saturnringlib/../modules/sgl/LIB/LIBCD.A(GFS_CDC.O) (CDC_SetFiltRange)
../../saturnringlib/../modules/sgl/LIB/LIBCD.A(CDC_BIF.O)
                              ../../saturnringlib/../modules/sgl/LIB/LIBCD.A(GFS_CDC.O) (CDC_GetBufSiz)
../../saturnringlib/../modules/sgl/LIB/LIBCD.A(CDC_BIO.O)
                              ../../saturnringlib/../modules/sgl/LIB/LIBCD.A(GFS_CDC.O) (CDC_SetSctLen)
../../saturnringlib/../modules/sgl/LIB/LIBCD.A(CDC_CFS.O)
                              ../../saturnringlib/../modules/sgl/LIB/LIBCD.A(GFS_CDC.O) (CDC_ChgDir)
../../saturnringlib/../modules/sgl/LIB/LIBSGL.A(sglA16.o)
                              src/main.o (slLookAt)
../../saturnringlib/../modules/sgl/LIB/LIBSGL.A(sglA17.o)
                              ../../saturnringlib/../modules/sgl/LIB/LIBSGL.A(sglA16.o) (slRotZ)
../../saturnringlib/../modules/sgl/LIB/LIBSGL.A(sglA18.o)
                              src/main.o (slRotY)
../../saturnringlib/../modules/sgl/LIB/LIBSGL.A(sglA19.o)
                              src/main.o (slRotX)
../../saturnringlib/../modules/sgl/LIB/LIBSGL.A(sglA20.o)
                              src/main.o (slUnitMatrix)
../../saturnringlib/../modules/sgl/LIB/LIBSGL.A(sglA21.o)
                              src/main.o (slPushMatrix)
../../saturnringlib/../modules/sgl/LIB/LIBSGL.A(sglA27.o)
                              src/main.o (slTranslate)
../../saturnringlib/../modules/sgl/LIB/LIBSGL.A(sglA39.o)
                              src/main.o (slConvert3Dto2DFX)
../../saturnringlib/../modules/sgl/LIB/LIBSGL.A(sglB001.o)
                              src/main.o (slTVOn)
../../saturnringlib/../modules/sgl/LIB/LIBSGL.A(sglB002.o)
                              src/main.o (slColRAMMode)
../../saturnringlib/../modules/sgl/LIB/LIBSGL.A(sglB015.o)
                              src/main.o (slScrAutoDisp)
../../saturnringlib/../modules/sgl/LIB/LIBSGL.A(sglB016.o)
                              src/main.o (slBack1ColSet)
../../saturnringlib/../modules/sgl/LIB/LIBSGL.A(sglB034.o)
                              src/main.o (slMapNbg3)
../../saturnringlib/../modules/sgl/LIB/LIBSGL.A(sglB038.o)
                              src/main.o (slRparaInitSet)
../../saturnringlib/../modules/sgl/LIB/LIBSGL.A(sglB058.o)
                              src/main.o (slPlaneNbg3)
../../saturnringlib/../modules/sgl/LIB/LIBSGL.A(sglB063.o)
                              src/main.o (slPriority)
../../saturnringlib/../modules/sgl/LIB/LIBSGL.A(sglB200.o)
                              src/main.o (slCharNbg3)
../../saturnringlib/../modules/sgl/LIB/LIBSGL.A(sglC01.o)
                              src/main.o (slPerspective)
../../saturnringlib/../modules/sgl/LIB/LIBSGL.A(sglC02.o)
                              src/main.o (slLight)
../../saturnringlib/../modules/sgl/LIB/LIBSGL.A(sglC04.o)
                              src/main.o (slZdspLevel)
../../saturnringlib/../modules/sgl/LIB/LIBSGL.A(sglC05.o)
                              src/main.o (slSetSprite)
../../saturnringlib/../modules/sgl/LIB/LIBSGL.A(sglC08.o)
[...]
Memory Configuration

Name             Origin             Length             Attributes
*default*        0x00000000         0xffffffff

Linker script and memory map


SLSTART         0x06004000       0x30
                0x06004000                        ___Start = .
 *(SLSTART)
 SLSTART        0x06004000       0x28 ../../saturnringlib/../modules/sgl/LIB/LIBSGL.A(sglI00.o)
                0x06004000                SGL_Start
                0x06004002                slStartSGL

.text           0x06004040     0xedc0
 *(.text*)
 .text          0x06004040        0x0 ../../saturnringlib/../modules/sgl/LIB/../SRC/workarea.o
 .text          0x06004040       0x58 src/main.o
 .text._ZN3SRL5Input7Digital11IsConnectedEv
                0x06004098       0x28 src/main.o
                0x06004098                SRL::Input::Digital::IsConnected()
 .text._ZN3SRL5Input7Digital6IsHeldERKNS1_6ButtonE
                0x060040c0       0x1c src/main.o
                0x060040c0                SRL::Input::Digital::IsHeld(SRL::Input::Digital::Button const&)
 .text._ZN3SRL5Input7Digital11WasReleasedERKNS1_6ButtonE
                0x060040dc       0x2c src/main.o
                0x060040dc                SRL::Input::Digital::WasReleased(SRL::Input::Digital::Button const&)
 .text._ZN3SRL5Input7Digital10WasPressedERKNS1_6ButtonE
                0x06004108       0x2c src/main.o
                0x06004108                SRL::Input::Digital::WasPressed(SRL::Input::Digital::Button const&)
 .text._ZN3SRL7Scene3D21LightCopyGouraudTableEv
                0x06004134        0xc src/main.o
                0x06004134                SRL::Scene3D::LightCopyGouraudTable()
 .text._ZNK3SRL4Math5Types3FxpmlERKS2_.isra.0
                0x06004140       0x10 src/main.o
 .text._ZN3SRL4Math5Types3FxppLERKS2_.isra.0
                0x06004150        0x8 src/main.o
 .text._ZN3SRL4Core14VblankHandlingEv
                0x06004158      0x1b4 src/main.o
                0x06004158                SRL::Core::VblankHandling()
 .text._ZN3SRL4Math5Types3FxpC2Ev
                0x0600430c        0x8 src/main.o
                0x0600430c                SRL::Math::Types::Fxp::Fxp()
                0x0600430c                SRL::Math::Types::Fxp::Fxp()
 .text._ZN3SRL4Math5Types3FxpC2ERKS2_
                0x06004314        0x8 src/main.o
                0x06004314                SRL::Math::Types::Fxp::Fxp(SRL::Math::Types::Fxp const&)
                0x06004314                SRL::Math::Types::Fxp::Fxp(SRL::Math::Types::Fxp const&)
 .text._ZNK3SRL4Math5Types3Fxp8RawValueEv
                0x0600431c        0x4 src/main.o
                0x0600431c                SRL::Math::Types::Fxp::RawValue() const
 .text._ZN3SRL4Math5Types8Vector3DC2ERKS2_
                0x06004320       0x34 src/main.o
                0x06004320                SRL::Math::Types::Vector3D::Vector3D(SRL::Math::Types::Vector3D const&)
                0x06004320                SRL::Math::Types::Vector3D::Vector3D(SRL::Math::Types::Vector3D const&)
 .text.unlikely
                0x06004354        0x4 src/main.o
                0x06004354                std::__throw_length_error(char const*)
 .text._ZN3SRL6Memory4FreeEPv
                0x06004358      0x114 src/main.o
                0x06004358                SRL::Memory::Free(void*)
 .text._ZN3SRL4VDP210InitializeERKNS_5Types9HighColorE
                0x0600446c      0x1ac src/main.o
                0x0600446c                SRL::VDP2::Initialize(SRL::Types::HighColor const&)
 .text._ZN3SRL5Input3Gun11SynchronizeEv
                0x06004618      0x1d0 src/main.o
                0x06004618                SRL::Input::Gun::Synchronize()
 .text._ZN3SRL5Sound8Hardware10InitializeEv
                0x060047e8      0x774 src/main.o
                0x060047e8                SRL::Sound::Hardware::Initialize()
 .text._ZN3SRL4Core10InitializeERKNS_5Types9HighColorE
                0x06004f5c      0x120 src/main.o
                0x06004f5c                SRL::Core::Initialize(SRL::Types::HighColor const&)
 .text._ZN11ModelObjectC2EPKcj
                0x0600507c     0x2240 src/main.o
                0x0600507c                ModelObject::ModelObject(char const*, unsigned int)
                0x0600507c                ModelObject::ModelObject(char const*, unsigned int)
 .text._ZN6Camera13OrbitPositionEN3SRL4Math5Types5AngleES3_NS2_3FxpE
                0x060072bc      0x1b0 src/main.o
                0x060072bc                Camera::OrbitPosition(SRL::Math::Types::Angle, SRL::Math::Types::Angle, SRL::Math::Types::Fxp)
 .text._ZN6Camera13RefreshAnglesERNS_5StateE
                0x0600746c       0xa8 src/main.o
                0x0600746c                Camera::RefreshAngles(Camera::State&)
 .text._ZN6Camera11UpdateInputERNS_5StateERKNS_6TuningERN3SRL5Input7DigitalE
                0x06007514      0x614 src/main.o
                0x06007514                Camera::UpdateInput(Camera::State&, Camera::Tuning const&, SRL::Input::Digital&)
 .text._ZN3SRL5Debug5PrintIJsssEEEvhhPKcDpT_
                0x06007b28      0x18c src/main.o
                0x06007b28                void SRL::Debug::Print<short, short, short>(unsigned char, unsigned char, char const*, short, short, short)
 .text._ZNSt6vectorIPFvvESaIS1_EE7reserveEj
                0x06007cb4      0x150 src/main.o
                0x06007cb4                std::vector<void (*)(), std::allocator<void (*)()> >::reserve(unsigned int)
 .text.startup  0x06007e04     0x19b0 src/main.o
                0x06007e04                main
 .text.exit     0x060097b4       0x54 src/main.o
 *fill*         0x06009808        0x8 
 .text          0x06009810      0x3a0 ../../saturnringlib/../modules/sgl/LIB/LIBCD.A(CDC_CMN.O)
                0x06009810                CDC_GetCurStat
                0x06009860                CDC_GetLastStat
                0x06009878                CDC_GetPeriStat
                0x0600994c                CDC_GetHwInfo
                0x060099b4                CDC_TgetToc
                0x06009a04                CDC_GetSes
                0x06009a40                CDC_CdInit
                0x06009ac4                CDC_CdOpen
                0x06009aec                CDC_DataReady
                0x06009b58                CDC_DataEnd
 .text          0x06009bb0      0x2dc ../../saturnringlib/../modules/sgl/LIB/LIBCD.A(CDC_REG.O)
                0x06009bb0                CDC_GetDataPtr
                0x06009bc0                CDC_GetHirqReq
                0x06009bd4                CDC_ClrHirqReq
                0x06009c04                CDREG_ClrHirqReq
                0x06009c14                CDREG_InitHirqReq
                0x06009c3c                CDREG_SetHirqFlag
                0x06009c50                CDC_GetHirqMsk
                0x06009c64                CDC_SetHirqMsk
                0x06009c74                CDC_GetMpegPtr
                0x06009c84                CDREG_TgetData
                0x06009ce0                CDREG_CmdRsp
                0x06009de0                CDREG_WaitHirq
                0x06009e50                CDREG_ReadRsp
 *fill*         0x06009e8c        0x4 
 .text          0x06009e90      0x152 ../../saturnringlib/../modules/sgl/LIB/LIBCD.A(CDC_SUB.O)
                0x06009e90                CDSUB_UpdStatus
                0x06009ea8                CDSUB_UpdCdstat
                0x06009ec8                CDSUB_CdCmd
                0x06009f38                CDSUB_GetCdstat
                0x06009f78                CDSUB_RspToCdstat
                0x06009fc0                CDSUB_SoftTimer
 *fill*         0x06009fe2        0xe 
 .text          0x06009ff0     0x1adc ../../saturnringlib/../modules/sgl/LIB/LIBCD.A(GFS.O)
                0x06009ff0                gfs_version
                0x0600a010                GFS_Init
                0x0600a0f8                GFS_LoadDir
                0x0600a1a0                GFS_SetDir
                0x0600a208                GFS_NameToId
                0x0600a26c                GFS_IdToName
                0x0600a2d8                GFS_GetDirInfo
                0x0600a348                GFS_Reset
                0x0600a3cc                GFS_Open
                0x0600a480                GFS_Close
                0x0600a4b8                GFS_Seek
                0x0600a56c                GFS_Tell
                0x0600a5bc                GFS_IsEof
                0x0600a610                GFS_ByteToSct
                0x0600a66c                GFS_GetFileSize
                0x0600a6c8                GFS_GetFileInfo
                0x0600a73c                GFS_GetNumCdbuf
                0x0600a764                GFS_Load
                0x0600a828                GFS_Fread
                0x0600a8c4                gfs_waitRead
                0x0600a96c                GFS_NwFread
                0x0600aa78                GFS_NwCdRead
                0x0600aaf0                GFS_NwIsComplete
                0x0600ab28                GFS_NwStop
                0x0600ab94                GFS_NwGetStat
                0x0600ac10                gfs_recovRdErr
                0x0600ac40                GFS_NwExecOne
                0x0600ad00                GFS_NwExecServer
                0x0600ad7c                GFS_SetGmode
                0x0600ade0                GFS_SetTmode
                0x0600ae4c                GFS_SetReadPara
                0x0600aeb0                GFS_SetTransPara
                0x0600af1c                GFS_SetTrFunc
                0x0600af80                GFS_StartTrans
                0x0600afcc                GFS_CdMovePickup
                0x0600b038                GFS_SetErrFunc
                0x0600b064                GFS_GetErrStat
                0x0600b088                GFS_ConvTno
                0x0600b0b0                gfs_chgRoot
                0x0600b17c                gfs_aborttrans
                0x0600b188                gfs_mngSetupFuncTbl
                0x0600b1bc                gfs_mngInitWork
                0x0600b260                gfs_mngGetNumFile
                0x0600b2c8                GFS_mngAllocGrp
                0x0600b310                gfs_mngFreeGrp
                0x0600b31c                gfs_mngTermAccess
                0x0600b3a0                gfs_mngSetErrCode
                0x0600b420                gfs_svrSearchHndl
                0x0600b460                gfs_svrAddHndl
                0x0600b49c                gfs_svrRemoveHndl
                0x0600b4f8                GFS_OpenSub
                0x0600b550                gfs_loadVol
                0x0600b614                gfs_getRootDir
                0x0600b710                gfs_loadRootDir
                0x0600b798                gfs_flowIn
                0x0600b840                gfs_transData
                0x0600b8e4                GFS_GetFad
                0x0600b93c                gfs_SetSct
                0x0600b97c                gfs_GetFinfo
                0x0600b9bc                gfs_closeSub
                0x0600b9f8                gfs_getGmode
                0x0600ba04                gfs_isTaskDone
                0x0600ba58                gfs_convFinStat
 *fill*         0x0600bacc        0x4 
 .text          0x0600bad0      0x106 ../../saturnringlib/../modules/sgl/LIB/LIBCD.A(GFS_BUF.O)
                0x0600bb00                GFBF_GetTranData
                0x0600bb28                GFBF_GetNumData
                0x0600bb58                GFBF_GetSrcPk
                0x0600bb80                GFBF_GetSctData
                0x0600bba4                GFBF_RtnPk
                0x0600bbcc                gfbf_getSctDt
 *fill*         0x0600bbd6        0xa 
 .text          0x0600bbe0      0x600 ../../saturnringlib/../modules/sgl/LIB/LIBCD.A(GFS_CDB.O)
                0x0600bbe0                GFCB_Setup
                0x0600bd00                GFCB_Close
                0x0600bd28                GFCB_GetLenData
                0x0600bdd4                GFCB_GetLenRoom
                0x0600bde0                GFCB_SetFilt
                0x0600be48                GFCB_DeleteAllData
                0x0600be70                GFCB_Tell
                0x0600be80                gfcb_getSctNum
                0x0600bed0                GFCB_Seek
                0x0600bfcc                GFCB_GetSrcPack
                0x0600c0ac                GFCB_GetSctData
                0x0600c0e4                GFCB_GetDstPack
                0x0600c0f0                GFCB_RtnPk
                0x0600c138                GFCB_MovePickup
                0x0600c154                GFCB_SetCon
                0x0600c188                GFCB_GetPickup
                0x0600c1b0                GFCB_IsPuOwner
                0x0600c1c8                GFCB_UngetPickup
 .text          0x0600c1e0     0x1a10 ../../saturnringlib/../modules/sgl/LIB/LIBCD.A(GFS_CDC.O)
                0x0600c1e0                GFCD_SetCdbfs
                0x0600c20c                GFCD_Init
                0x0600c410                GFCD_AllocFilt
                0x0600c44c                GFCD_FreeFilt
                0x0600c47c                GFCD_AllocBuf
                0x0600c4b0                GFCD_FreeBuf
                0x0600c554                GFCD_GetBaseFad
                0x0600c588                GFCD_GetPickup
                0x0600c5bc                GFCD_UngetPickup
                0x0600c5e8                GFCD_IsPuOwner
                0x0600c60c                GFCD_SetFilt
                0x0600c6d0                GFCD_GetFilt
                0x0600c718                GFCD_SetCon
                0x0600c770                GFCD_Play
                0x0600c7d0                GFCD_GetLenData
                0x0600c838                GFCD_ReqData
                0x0600c894                GFCD_EndData
                0x0600c8dc                GFCD_DelSctData
                0x0600c934                GFCD_CheckDelSctData
                0x0600c964                GFCD_GetStat
                0x0600ca18                GFCD_MovePickup
                0x0600ca64                GFCD_MoveSctData
                0x0600cad8                GFCD_CheckMove
                0x0600cafc                GFCD_GetSctInfo
                0x0600cb44                GFCD_ChgDir
                0x0600cbb8                GFCD_SetFiltCon
                0x0600cca0                GFCD_GetFileInfo
                0x0600cd7c                GFCD_GetBufSiz
                0x0600cdb4                GFCD_ExecServer
                0x0600ce88                gfcd_isIdleTask
                0x0600cf14                gfcd_doTask
                0x0600cfc0                GFCD_SetTimer
                0x0600cfd4                GFCD_WaitServer
                0x0600d010                gfcd_doSetFiltTsk
                0x0600d1d4                gfcd_doSetConTsk
                0x0600d264                gfcd_doGetLenDataTsk
                0x0600d3b8                gfcd_doReqDataTsk
                0x0600d458                gfcd_doDelSctDataTsk
                0x0600d58c                gfcd_doMoveSctTsk
                0x0600d6f0                gfcd_doChgDirTsk
                0x0600d8ec                gfcd_doSetFiltConTsk
                0x0600da30                gfcd_checkEflag
                0x0600da54                gfcd_initCdbMng
                0x0600dad4                gfcd_setStat
                0x0600db00                GFCD_SetCsctFunc
                0x0600db1c                GFCD_ChkScdqFlag
                0x0600db40                GFCD_ClrScdqFlag
                0x0600db5c                GFCD_WaitScdqFlag
                0x0600dba0                GFCD_WaitPause
 .text          0x0600dbf0      0x8d8 ../../saturnringlib/../modules/sgl/LIB/LIBCD.A(GFS_CDF.O)
                0x0600dbf0                GFCF_Init
                0x0600dc90                GFCF_Setup
                0x0600ddd8                GFCF_SetSct
                0x0600de1c                GFCF_GetFileInfo
                0x0600de90                GFCF_FlowInBuf
                0x0600dfe4                GFCF_StopInBuf
                0x0600e084                GFCF_Recover
                0x0600e0cc                GFCF_Tell
                0x0600e0e4                GFCF_Seek
                0x0600e0fc                GFCF_MovePickup
                0x0600e198                GFCF_cnvIntlvOfs
                0x0600e1ec                GFCF_GetStat
                0x0600e284                gfcf_getSctSize
                0x0600e2c0                gfcf_isCdOk
                0x0600e380                gfcf_getPlayRange
 *fill*         0x0600e4c8        0x8 
 .text          0x0600e4d0      0x92c ../../saturnringlib/../modules/sgl/LIB/LIBCD.A(GFS_DIR.O)
                0x0600e4d0                GFDR_SetupDirTbl
                0x0600e544                GFDR_NameToId
                0x0600e5a4                GFDR_GetInfoDirId
                0x0600e5b8                GFDR_GetInfoDirName
                0x0600e5cc                GFDR_GetAtrDirId
                0x0600e5e4                GFDR_GetAtrDirName
                0x0600e5fc                GFDR_ChgRoot
                0x0600e614                GFDR_ChgDir
                0x0600e688                gfdr_setupDirIdTbl
                0x0600e70c                gfdr_setupDirNameTbl
                0x0600e7b8                gfdr_open
                0x0600e7e0                gfdr_read
                0x0600e8a0                gfdr_readByte
                0x0600e8cc                gfdr_readWord
                0x0600e8f8                gfdr_readWordNB
                0x0600e94c                gfdr_readLongNB
                0x0600e998                gfdr_readLongNM
                0x0600e9c0                gfdr_setNextRec
                0x0600ea44                gfdr_readDirEnt
                0x0600edc0                gfdr_setDirrecCd
 *fill*         0x0600edfc        0x4 
 .text          0x0600ee00      0x9c6 ../../saturnringlib/../modules/sgl/LIB/LIBCD.A(GFS_TRN.O)
                0x0600ee30                GFTR_Setup
                0x0600ee74                GFTR_SetMode
                0x0600ee88                GFTR_SetUnit
                0x0600ee94                GFTR_SetTransPara
                0x0600eec8                GFTR_GetTransPara
                0x0600eed4                GFTR_GetNumTrans
                0x0600eee0                GFTR_SetTransMax
                0x0600eeec                GFTR_Start
                0x0600eef8                GFTR_Pause
                0x0600ef04                GFTR_Stop
                0x0600efbc                GFTR_Exec
                0x0600f040                GFTR_Idle
                0x0600f0b8                GFTR_ExecSvr
                0x0600f1c0                gftr_getSrcPack
                0x0600f248                gftr_getDstPack
                0x0600f2a4                gftr_reqScu
                0x0600f2b0                gftr_execScu
                0x0600f34c                gftr_remScu
                0x0600f380                gfdma_canUse
                0x0600f38c                gfdma_exec
                0x0600f3fc                gfdma_getBytecnt
                0x0600f434                gftr_reqDma0
                0x0600f44c                gftr_execSdma0
                0x0600f470                gftr_remDma0
                0x0600f488                gftr_reqDma1
                0x0600f4a0                gftr_execSdma1
                0x0600f4c4                gftr_remDma1
                0x0600f4dc                gftr_reqCpu
                0x0600f4e8                gftr_execCpu
                0x0600f528                gftr_remCpu
                0x0600f534                gftr_reqTrn
                0x0600f5a4                gftr_execTrn
                0x0600f67c                gftr_remTrn
                0x0600f6f0                gftr_copyFrac
                0x0600f718                GFTR_GetLenData
                0x0600f724                GFTR_GetLenRoom
                0x0600f73c                GFTR_GetDstPack
                0x0600f770                GFTR_RtnDstPk
                0x0600f78c                GFTR_GetData
                0x0600f7a0                GFTR_SetData
                0x0600f7b4                GFTR_SetTransFunc
 *fill*         0x0600f7c6        0xa 
 .text          0x0600f7d0      0x130 ../../saturnringlib/../modules/sgl/LIB/LIBCD.A(CDC_DRV.O)
                0x0600f7d0                CDC_CdPlay
                0x0600f89c                CDC_CdSeek
                0x0600f8d0                CDC_CdScan
 .text          0x0600f900       0xa8 ../../saturnringlib/../modules/sgl/LIB/LIBCD.A(CDC_DEV.O)
                0x0600f900                CDC_CdSetCon
                0x0600f930                CDC_CdGetCon
                0x0600f96c                CDC_CdGetLastBuf
 *fill*         0x0600f9a8        0x8 
 .text          0x0600f9b0      0x2b8 ../../saturnringlib/../modules/sgl/LIB/LIBCD.A(CDC_SEL.O)
                0x0600f9b0                CDC_SetFiltRange
                0x0600f9e4                CDC_GetFiltRange
                0x0600fa3c                CDC_SetFiltSubh
                0x0600faac                CDC_GetFiltSubh
                0x0600fb28                CDC_SetFiltMode
                0x0600fb5c                CDC_GetFiltMode
                0x0600fba0                CDC_SetFiltCon
                0x0600fbe0                CDC_GetFiltCon
                0x0600fc34                CDC_ResetSelector
 *fill*         0x0600fc68        0x8 
 .text          0x0600fc70      0x270 ../../saturnringlib/../modules/sgl/LIB/LIBCD.A(CDC_BIF.O)
                0x0600fc70                CDC_GetBufSiz
                0x0600fccc                CDC_GetSctNum
                0x0600fd10                CDC_CalActSiz
                0x0600fd4c                CDC_GetActSiz
                0x0600fdcc                CDC_GetSctInfo
                0x0600fe4c                CDC_ExeFadSearch
                0x0600fe84                CDC_GetFadSearch
 .text          0x0600fee0      0x1e4 ../../saturnringlib/../modules/sgl/LIB/LIBCD.A(CDC_BIO.O)
                0x0600fee0                CDC_SetSctLen
                0x0600ff14                CDC_GetSctData
                0x0600ff50                CDC_DelSctData
                0x0600ff8c                CDC_GetdelSctData
                0x0600ffc8                CDC_PutSctData
                0x06010000                CDC_CopySctData
                0x06010044                CDC_MoveSctData
                0x06010088                CDC_GetCopyErr
 *fill*         0x060100c4        0xc 
 .text          0x060100d0      0x194 ../../saturnringlib/../modules/sgl/LIB/LIBCD.A(CDC_CFS.O)
                0x060100d0                CDC_ChgDir
                0x06010104                CDC_ReadDir
                0x06010138                CDC_GetFileScope
                0x06010198                CDC_TgetFileInfo
                0x060101f4                CDC_ReadFile
                0x06010228                CDC_AbortFile
 *fill*         0x06010264        0xc 
 .text          0x06010270        0x0 ../../saturnringlib/../modules/sgl/LIB/LIBSGL.A(sglA16.o)
 .text          0x06010270        0x0 ../../saturnringlib/../modules/sgl/LIB/LIBSGL.A(sglA17.o)
 .text          0x06010270        0x0 ../../saturnringlib/../modules/sgl/LIB/LIBSGL.A(sglA18.o)
 .text          0x06010270        0x0 ../../saturnringlib/../modules/sgl/LIB/LIBSGL.A(sglA19.o)
 .text          0x06010270        0x0 ../../saturnringlib/../modules/sgl/LIB/LIBSGL.A(sglA20.o)
 .text          0x06010270        0x0 ../../saturnringlib/../modules/sgl/LIB/LIBSGL.A(sglA21.o)
 .text          0x06010270        0x0 ../../saturnringlib/../modules/sgl/LIB/LIBSGL.A(sglA27.o)
 .text          0x06010270        0x0 ../../saturnringlib/../modules/sgl/LIB/LIBSGL.A(sglA39.o)
 .text          0x06010270        0x0 ../../saturnringlib/../modules/sgl/LIB/LIBSGL.A(sglB001.o)
 .text          0x06010270        0x0 ../../saturnringlib/../modules/sgl/LIB/LIBSGL.A(sglB002.o)
 .text          0x06010270        0x0 ../../saturnringlib/../modules/sgl/LIB/LIBSGL.A(sglB015.o)
 .text          0x06010270        0x0 ../../saturnringlib/../modules/sgl/LIB/LIBSGL.A(sglB016.o)
 .text          0x06010270        0x0 ../../saturnringlib/../modules/sgl/LIB/LIBSGL.A(sglB034.o)
 .text          0x06010270        0x0 ../../saturnringlib/../modules/sgl/LIB/LIBSGL.A(sglB038.o)
 .text          0x06010270        0x0 ../../saturnringlib/../modules/sgl/LIB/LIBSGL.A(sglB058.o)
 .text          0x06010270        0x0 ../../saturnringlib/../modules/sgl/LIB/LIBSGL.A(sglB063.o)
 .text          0x06010270        0x0 ../../saturnringlib/../modules/sgl/LIB/LIBSGL.A(sglB200.o)
 .text          0x06010270        0x0 ../../saturnringlib/../modules/sgl/LIB/LIBSGL.A(sglC01.o)
 .text          0x06010270        0x0 ../../saturnringlib/../modules/sgl/LIB/LIBSGL.A(sglC02.o)
 .text          0x06010270        0x0 ../../saturnringlib/../modules/sgl/LIB/LIBSGL.A(sglC04.o)
 .text          0x06010270        0x0 ../../saturnringlib/../modules/sgl/LIB/LIBSGL.A(sglC05.o)
 .text          0x06010270        0x0 ../../saturnringlib/../modules/sgl/LIB/LIBSGL.A(sglC08.o)
 .text          0x06010270        0x0 ../../saturnringlib/../modules/sgl/LIB/LIBSGL.A(sglC20.o)
 .text          0x06010270        0x0 ../../saturnringlib/../modules/sgl/LIB/LIBSGL.A(sglD00.o)
 .text          0x06010270        0x0 ../../saturnringlib/../modules/sgl/LIB/LIBSGL.A(sglD01.o)
 .text          0x06010270        0x0 ../../saturnringlib/../modules/sgl/LIB/LIBSGL.A(sglD03.o)
 .text          0x06010270        0x0 ../../saturnringlib/../modules/sgl/LIB/LIBSGL.A(sglD15.o)
 .text          0x06010270        0x0 ../../saturnringlib/../modules/sgl/LIB/LIBSGL.A(sglD16.o)
 .text          0x06010270        0x0 ../../saturnringlib/../modules/sgl/LIB/LIBSGL.A(sglD17.o)
 .text          0x06010270        0x0 ../../saturnringlib/../modules/sgl/LIB/LIBSGL.A(sglD18.o)
 .text          0x06010270        0x0 ../../saturnringlib/../modules/sgl/LIB/LIBSGL.A(sglG00.o)
 .text          0x06010270        0x0 ../../saturnringlib/../modules/sgl/LIB/LIBSGL.A(sglH00.o)
 .text          0x06010270        0x0 ../../saturnringlib/../modules/sgl/LIB/LIBSGL.A(sglH02.o)
 .text          0x06010270        0x0 ../../saturnringlib/../modules/sgl/LIB/LIBSGL.A(sglH04.o)
 .text          0x06010270        0x0 ../../saturnringlib/../modules/sgl/LIB/LIBSGL.A(sglI01.o)
 .text          0x06010270        0x0 ../../saturnringlib/../modules/sgl/LIB/LIBSGL.A(sglI04.o)
 .text          0x06010270      0x128 ../../saturnringlib/../modules/sgl/LIB/LIBSGL.A(sglIc0.o)
                0x06010270                slInitSystem
 *fill*         0x06010398        0x8 
 .text          0x060103a0        0x0 ../../saturnringlib/../modules/sgl/LIB/LIBSGL.A(sglJ00.o)
 .text          0x060103a0        0x0 ../../saturnringlib/../modules/sgl/LIB/LIBSGL.A(sglJ01.o)
 .text          0x060103a0        0x0 ../../saturnringlib/../modules/sgl/LIB/LIBSGL.A(sglJ02.o)
 .text          0x060103a0        0x0 ../../saturnringlib/../modules/sgl/LIB/LIBSGL.A(sglJ03.o)
 .text          0x060103a0        0x0 ../../saturnringlib/../modules/sgl/LIB/LIBSGL.A(sglJ04.o)
 .text          0x060103a0        0x0 ../../saturnringlib/../modules/sgl/LIB/LIBSGL.A(sglJ05.o)
 .text          0x060103a0        0x0 ../../saturnringlib/../modules/sgl/LIB/LIBSGL.A(sglK01.o)
 .text          0x060103a0        0x0 ../../saturnringlib/../modules/sgl/LIB/LIBSGL.A(sglM00.o)
 .text          0x060103a0        0x0 ../../saturnringlib/../modules/sgl/LIB/LIBSGL.A(sglM01.o)
 .text          0x060103a0        0x0 ../../saturnringlib/../modules/sgl/LIB/LIBSGL.A(sglA00.o)
 .text          0x060103a0        0x0 ../../saturnringlib/../modules/sgl/LIB/LIBSGL.A(sglA01.o)
 .text          0x060103a0        0x0 ../../saturnringlib/../modules/sgl/LIB/LIBSGL.A(sglA03.o)
 .text          0x060103a0        0x0 ../../saturnringlib/../modules/sgl/LIB/LIBSGL.A(sglA10.o)
 .text          0x060103a0        0x0 ../../saturnringlib/../modules/sgl/LIB/LIBSGL.A(sglA25.o)
 .text          0x060103a0        0x0 ../../saturnringlib/../modules/sgl/LIB/LIBSGL.A(sglA40.o)
 .text          0x060103a0        0x0 ../../saturnringlib/../modules/sgl/LIB/LIBSGL.A(sglB000.o)
 .text          0x060103a0        0x0 ../../saturnringlib/../modules/sgl/LIB/LIBSGL.A(sglB035.o)
 .text          0x060103a0        0x0 ../../saturnringlib/../modules/sgl/LIB/LIBSGL.A(sglC00.o)
 .text          0x060103a0        0x0 ../../saturnringlib/../modules/sgl/LIB/LIBSGL.A(sglC13.o)
 .text          0x060103a0        0x0 ../../saturnringlib/../modules/sgl/LIB/LIBSGL.A(sglD02.o)
 .text          0x060103a0        0x0 ../../saturnringlib/../modules/sgl/LIB/LIBSGL.A(sglD19.o)
 .text          0x060103a0        0x0 ../../saturnringlib/../modules/sgl/LIB/LIBSGL.A(sglI00.o)
 .text          0x060103a0        0x0 ../../saturnringlib/../modules/sgl/LIB/LIBSGL.A(sglH03.o)
 .text          0x060103a0     0x10b4 ../../saturnringlib/../modules/sgl/LIB/LIBSND.A(snd_main.o)
                0x060103a0                SND_Init
                0x06010518                SND_MoveData
                0x06010564                SND_ChgMap
                0x0601063c                SND_SetTlVl
                0x0601069c                SND_ChgEfct
                0x060106fc                SND_ChgMix
                0x06010768                SND_ChgMixPrm
                0x060107f0                SND_ChkHard
                0x0601088c                SND_StopDsp
                0x060108e0                SND_OffAllSound
                0x06010934                SND_StartSeq
                0x060109b8                SND_StopSeq
                0x06010a18                SND_PauseSeq
                0x06010a78                SND_ContSeq
                0x06010ad8                SND_SetSeqVl
                0x06010b50                SND_ChgTempo
                0x06010bcc                SND_CtrlDirMidi
                0x06010c84                SND_SetSeqPan
                0x06010cf8                SND_StartPcm
                0x06010e08                SND_StopPcm
                0x06010e68                SND_ChgPcm
                0x06010f38                SND_StartVlAnl
                0x06010f8c                SND_StopVlAnl
                0x06010fe0                SND_SetCdDaLev
                0x0601105c                SND_SetCdDaPan
                0x060110d8                SND_GetSeqStat
                0x06011100                SND_GetSeqPlayPos
                0x0601111c                SND_GetPcmPlayAdr
                0x06011144                SND_GetAnlTlVl
                0x06011160                SND_GetAnlHzVl
                0x0601131c                SND_SetQSound
                0x06011388                SND_Set3D_Stat
                0x06011400                SND_Set3D_Init
 .text          0x06011454       0x52 C:/saturn/SaturnRingLib-main/Compiler/sh2eb-elf/bin/../lib/gcc/sh-elf/14.2.0\libgcc.a(_ashiftrt.o)
                0x06011454                __ashiftrt_r4_31
                0x06011454                __ashiftrt_r4_32
                0x0601145a                __ashiftrt_r4_30
                0x0601145c                __ashiftrt_r4_29
                0x0601145e                __ashiftrt_r4_28
                0x06011460                __ashiftrt_r4_27
                0x06011462                __ashiftrt_r4_26
                0x06011464                __ashiftrt_r4_25
                0x06011466                __ashiftrt_r4_24
                0x0601146e                __ashiftrt_r4_23
                0x06011470                __ashiftrt_r4_22
                0x06011472                __ashiftrt_r4_21
                0x06011474                __ashiftrt_r4_20
                0x06011476                __ashiftrt_r4_19
                0x06011478                __ashiftrt_r4_18
                0x0601147a                __ashiftrt_r4_17
                0x0601147c                __ashiftrt_r4_16
                0x06011482                __ashiftrt_r4_15
                0x06011484                __ashiftrt_r4_14
                0x06011486                __ashiftrt_r4_13
                0x06011488                __ashiftrt_r4_12
                0x0601148a                __ashiftrt_r4_11
                0x0601148c                __ashiftrt_r4_10
                0x0601148e                __ashiftrt_r4_9
                0x06011490                __ashiftrt_r4_8
                0x06011492                __ashiftrt_r4_7
                0x06011494                __ashiftrt_r4_6
                0x06011496                __ashiftrt_r4_5
                0x06011498                __ashiftrt_r4_4
                0x0601149a                __ashiftrt_r4_3
                0x0601149c                __ashiftrt_r4_2
                0x0601149e                __ashiftrt_r4_1
                0x060114a2                __ashiftrt_r4_0
 *fill*         0x060114a6        0x2 
 .text          0x060114a8       0x80 C:/saturn/SaturnRingLib-main/Compiler/sh2eb-elf/bin/../lib/gcc/sh-elf/14.2.0\libgcc.a(_ashiftrt_n.o)
                0x060114a8                __ashrsi3
 .text          0x06011528       0xbc C:/saturn/SaturnRingLib-main/Compiler/sh2eb-elf/bin/../lib/gcc/sh-elf/14.2.0\libgcc.a(_ashiftlt.o)
                0x06011528                __ashlsi3
                0x0601152c                __ashlsi3_r0
 .text          0x060115e4       0xa0 C:/saturn/SaturnRingLib-main/Compiler/sh2eb-elf/bin/../lib/gcc/sh-elf/14.2.0\libgcc.a(_sdivsi3.o)
                0x060115e4                __sdivsi3
 .text          0x06011684       0x6c C:/saturn/SaturnRingLib-main/Compiler/sh2eb-elf/bin/../lib/gcc/sh-elf/14.2.0\libgcc.a(_udivsi3.o)
                0x060116a6                __udivsi3
 .text          0x060116f0       0x18 C:/saturn/SaturnRingLib-main/Compiler/sh2eb-elf/bin/../lib/gcc/sh-elf/14.2.0/../../../../sh-elf/lib\libc.a(libc_a-abort.o)
                0x060116f0                abort
 .text          0x06011708      0x108 C:/saturn/SaturnRingLib-main/Compiler/sh2eb-elf/bin/../lib/gcc/sh-elf/14.2.0/../../../../sh-elf/lib\libc.a(libc_a-snprintf.o)
                0x06011708                _snprintf_r
                0x06011708                _sniprintf_r
                0x06011788                snprintf
                0x06011788                sniprintf
 .text          0x06011810       0x1e C:/saturn/SaturnRingLib-main/Compiler/sh2eb-elf/bin/../lib/gcc/sh-elf/14.2.0/../../../../sh-elf/lib\libc.a(libc_a-memcmp.o)
                0x06011810                memcmp
 .text          0x0601182e       0x26 C:/saturn/SaturnRingLib-main/Compiler/sh2eb-elf/bin/../lib/gcc/sh-elf/14.2.0/../../../../sh-elf/lib\libc.a(libc_a-strncmp.o)
                0x0601182e                strncmp
 .text          0x06011854       0x32 C:/saturn/SaturnRingLib-main/Compiler/sh2eb-elf/bin/../lib/gcc/sh-elf/14.2.0/../../../../sh-elf/lib\libc.a(libc_a-strncpy.o)
                0x06011854                strncpy
 *fill*         0x06011886        0x2 
 .text          0x06011888      0x1a8 C:/saturn/SaturnRingLib-main/Compiler/sh2eb-elf/bin/../lib/gcc/sh-elf/14.2.0/../../../../sh-elf/lib\libc.a(libc_a-signal.o)
                0x06011888                _init_signal_r
                0x060118c8                _signal_r
                0x06011914                _raise_r
                0x06011984                __sigtramp_r
                0x060119e4                raise
                0x060119f8                signal
                0x06011a0c                _init_signal
                0x06011a1c                __sigtramp
 .text          0x06011a30        0x0 C:/saturn/SaturnRingLib-main/Compiler/sh2eb-elf/bin/../lib/gcc/sh-elf/14.2.0/../../../../sh-elf/lib\libc.a(libc_a-impure.o)
 .text          0x06011a30       0x40 C:/saturn/SaturnRingLib-main/Compiler/sh2eb-elf/bin/../lib/gcc/sh-elf/14.2.0/../../../../sh-elf/lib\libc.a(libc_a-signalr.o)
                0x06011a30                _kill_r
                0x06011a64                _getpid_r
 .text          0x06011a70       0x94 C:/saturn/SaturnRingLib-main/Compiler/sh2eb-elf/bin/../lib/gcc/sh-elf/14.2.0/../../../../sh-elf/lib\libc.a(libc_a-memcpy.o)
                0x06011a70                memcpy
 .text          0x06011b04       0x40 C:/saturn/SaturnRingLib-main/Compiler/sh2eb-elf/bin/../lib/gcc/sh-elf/14.2.0/../../../../sh-elf/lib\libc.a(libc_a-memset.o)
                0x06011b04                memset
 .text          0x06011b44      0x194 C:/saturn/SaturnRingLib-main/Compiler/sh2eb-elf/bin/../lib/gcc/sh-elf/14.2.0/../../../../sh-elf/lib\libc.a(libc_a-mallocr.o)
                0x06011ba0                _malloc_r
 .text          0x06011cd8        0x8 C:/saturn/SaturnRingLib-main/Compiler/sh2eb-elf/bin/../lib/gcc/sh-elf/14.2.0/../../../../sh-elf/lib\libc.a(libc_a-mlock.o)
                0x06011cd8                __malloc_lock
                0x06011cdc                __malloc_unlock
 .text          0x06011ce0      0x42c C:/saturn/SaturnRingLib-main/Compiler/sh2eb-elf/bin/../lib/gcc/sh-elf/14.2.0/../../../../sh-elf/lib\libc.a(libc_a-nano-svfprintf.o)
                0x06011ce0                __ssputs_r
                0x06011dd4                __ssprint_r
                0x06011efc                _svfprintf_r
                0x06011efc                _svfiprintf_r
 .text          0x0601210c      0x374 C:/saturn/SaturnRingLib-main/Compiler/sh2eb-elf/bin/../lib/gcc/sh-elf/14.2.0/../../../../sh-elf/lib\libc.a(libc_a-nano-vfprintf_i.o)
                0x0601210c                _printf_common
                0x0601220c                _printf_i
 .text          0x06012480      0x1fc C:/saturn/SaturnRingLib-main/Compiler/sh2eb-elf/bin/../lib/gcc/sh-elf/14.2.0/../../../../sh-elf/lib\libc.a(libc_a-findfp.o)
                0x06012588                __sfp
                0x06012654                __sinit
 .text          0x0601267c       0x58 C:/saturn/SaturnRingLib-main/Compiler/sh2eb-elf/bin/../lib/gcc/sh-elf/14.2.0/../../../../sh-elf/lib\libc.a(libc_a-fwalk.o)
                0x0601267c                _fwalk_sglue
 .text          0x060126d4       0xdc C:/saturn/SaturnRingLib-main/Compiler/sh2eb-elf/bin/../lib/gcc/sh-elf/14.2.0/../../../../sh-elf/lib\libc.a(libc_a-stdio.o)
                0x060126d4                __sread
                0x0601270c                __seofread
                0x06012710                __swrite
                0x06012760                __sseek
                0x060127a0                __sclose
 .text          0x060127b0       0x1c C:/saturn/SaturnRingLib-main/Compiler/sh2eb-elf/bin/../lib/gcc/sh-elf/14.2.0/../../../../sh-elf/lib\libc.a(libc_a-memchr.o)
                0x060127b0                memchr
 .text          0x060127cc       0x3c C:/saturn/SaturnRingLib-main/Compiler/sh2eb-elf/bin/../lib/gcc/sh-elf/14.2.0/../../../../sh-elf/lib\libc.a(libc_a-memmove.o)
                0x060127cc                memmove
 .text          0x06012808       0x30 C:/saturn/SaturnRingLib-main/Compiler/sh2eb-elf/bin/../lib/gcc/sh-elf/14.2.0/../../../../sh-elf/lib\libc.a(libc_a-closer.o)
                0x06012808                _close_r
 .text          0x06012838       0xa4 C:/saturn/SaturnRingLib-main/Compiler/sh2eb-elf/bin/../lib/gcc/sh-elf/14.2.0/../../../../sh-elf/lib\libc.a(libc_a-reent.o)
                0x06012838                _reclaim_reent
 .text          0x060128dc       0x34 C:/saturn/SaturnRingLib-main/Compiler/sh2eb-elf/bin/../lib/gcc/sh-elf/14.2.0/../../../../sh-elf/lib\libc.a(libc_a-lseekr.o)
                0x060128dc                _lseek_r
 .text          0x06012910       0x34 C:/saturn/SaturnRingLib-main/Compiler/sh2eb-elf/bin/../lib/gcc/sh-elf/14.2.0/../../../../sh-elf/lib\libc.a(libc_a-readr.o)
                0x06012910                _read_r
 .text          0x06012944       0x30 C:/saturn/SaturnRingLib-main/Compiler/sh2eb-elf/bin/../lib/gcc/sh-elf/14.2.0/../../../../sh-elf/lib\libc.a(libc_a-sbrkr.o)
                0x06012944                _sbrk_r
 .text          0x06012974       0x34 C:/saturn/SaturnRingLib-main/Compiler/sh2eb-elf/bin/../lib/gcc/sh-elf/14.2.0/../../../../sh-elf/lib\libc.a(libc_a-writer.o)
                0x06012974                _write_r
 .text          0x060129a8       0xc4 C:/saturn/SaturnRingLib-main/Compiler/sh2eb-elf/bin/../lib/gcc/sh-elf/14.2.0/../../../../sh-elf/lib\libc.a(libc_a-freer.o)
                0x060129a8                _free_r
 .text          0x06012a6c       0x98 C:/saturn/SaturnRingLib-main/Compiler/sh2eb-elf/bin/../lib/gcc/sh-elf/14.2.0/../../../../sh-elf/lib\libc.a(libc_a-reallocr.o)
                0x06012a6c                _realloc_r
 .text          0x06012b04      0x1a8 C:/saturn/SaturnRingLib-main/Compiler/sh2eb-elf/bin/../lib/gcc/sh-elf/14.2.0/../../../../sh-elf/lib\libc.a(libc_a-fflush.o)
                0x06012b04                __sflush_r
                0x06012c3c                _fflush_r
                0x06012c7c                fflush
 .text          0x06012cac       0x16 C:/saturn/SaturnRingLib-main/Compiler/sh2eb-elf/bin/../lib/gcc/sh-elf/14.2.0/../../../../sh-elf/lib\libc.a(libc_a-msizer.o)
                0x06012cac                _malloc_usable_size_r
 *fill*         0x06012cc2        0x2 
 .text          0x06012cc4       0xbc C:/saturn/SaturnRingLib-main/Compiler/sh2eb-elf/bin/../lib/gcc/sh-elf/14.2.0\libgcc.a(_lshiftrt.o)
                0x06012cc4                __lshrsi3
                0x06012cc8                __lshrsi3_r0
 .text          0x06012d80       0x10 C:/saturn/SaturnRingLib-main/Compiler/sh2eb-elf/bin/../lib/gcc/sh-elf/14.2.0/../../../../sh-elf/lib\libnosys.a(close.o)
                0x06012d80                _close
 .text          0x06012d90       0x10 C:/saturn/SaturnRingLib-main/Compiler/sh2eb-elf/bin/../lib/gcc/sh-elf/14.2.0/../../../../sh-elf/lib\libnosys.a(getpid.o)
                0x06012d90                _getpid
 .text          0x06012da0       0x10 C:/saturn/SaturnRingLib-main/Compiler/sh2eb-elf/bin/../lib/gcc/sh-elf/14.2.0/../../../../sh-elf/lib\libnosys.a(kill.o)
                0x06012da0                _kill
 .text          0x06012db0       0x10 C:/saturn/SaturnRingLib-main/Compiler/sh2eb-elf/bin/../lib/gcc/sh-elf/14.2.0/../../../../sh-elf/lib\libnosys.a(lseek.o)
                0x06012db0                _lseek
 .text          0x06012dc0       0x10 C:/saturn/SaturnRingLib-main/Compiler/sh2eb-elf/bin/../lib/gcc/sh-elf/14.2.0/../../../../sh-elf/lib\libnosys.a(read.o)
                0x06012dc0                _read
 .text          0x06012dd0       0x18 C:/saturn/SaturnRingLib-main/Compiler/sh2eb-elf/bin/../lib/gcc/sh-elf/14.2.0/../../../../sh-elf/lib\libnosys.a(sbrk.o)
                0x06012dd0                _sbrk
 .text          0x06012de8       0x10 C:/saturn/SaturnRingLib-main/Compiler/sh2eb-elf/bin/../lib/gcc/sh-elf/14.2.0/../../../../sh-elf/lib\libnosys.a(write.o)
                0x06012de8                _write
 .text          0x06012df8        0x4 C:/saturn/SaturnRingLib-main/Compiler/sh2eb-elf/bin/../lib/gcc/sh-elf/14.2.0/../../../../sh-elf/lib\libnosys.a(_exit.o)
                0x06012df8                _exit
 *(.strings*)
 *(SEGA_P)
 *(.eh_frame_hdr*)
 *(.eh_frame*)
                0x06012dfc                        __etext = .

COMMON          0x06012e00       0x28
 *(COMMON)
 COMMON         0x06012e00        0xc ../../saturnringlib/../modules/sgl/LIB/LIBCD.A(GFS.O)
                0x06012e00                GFMC_base
                0x06012e04                gfs_mng_ptr
                0x06012e08                gfs_use_scudma
 COMMON         0x06012e0c        0xc ../../saturnringlib/../modules/sgl/LIB/LIBCD.A(GFS_CDC.O)
                0x06012e0c                gfcd_fatal_err
                0x06012e10                gfcd_work
                0x06012e14                gfcd_playflag
 COMMON         0x06012e18        0x8 ../../saturnringlib/../modules/sgl/LIB/LIBCD.A(GFS_CDF.O)
                0x06012e18                gfcf_fad
                0x06012e1c                gfcf_stat
 COMMON         0x06012e20        0x8 ../../saturnringlib/../modules/sgl/LIB/LIBSND.A(snd_main.o)
                0x06012e20                snd_adr_sys_int_work
                0x06012e24                snd_msk_work_work

SLPROG          0x06012e40     0xdc60
                0x06012e40                        __slprog_start = .
 *(SLPROG)
 SLPROG         0x06012e40       0xd0 ../../saturnringlib/../modules/sgl/LIB/LIBSGL.A(sglA16.o)
                0x06012e40                slLookAt
 SLPROG         0x06012f10       0x78 ../../saturnringlib/../modules/sgl/LIB/LIBSGL.A(sglA17.o)
                0x06012f10                slRotZ
                0x06012f1a                slRotZSC
 *fill*         0x06012f88        0x8 
 SLPROG         0x06012f90       0x78 ../../saturnringlib/../modules/sgl/LIB/LIBSGL.A(sglA18.o)
                0x06012f90                slRotY
                0x06012f9a                slRotYSC
 *fill*         0x06013008        0x8 
 SLPROG         0x06013010       0x78 ../../saturnringlib/../modules/sgl/LIB/LIBSGL.A(sglA19.o)
                0x06013010                slRotX
                0x0601301a                slRotXSC
 *fill*         0x06013088        0x8 
 SLPROG         0x06013090      0x42c ../../saturnringlib/../modules/sgl/LIB/LIBSGL.A(sglA20.o)
                0x06013090                slInitMatrix
                0x0601309a                slPushUnitMatrix
                0x060130ae                slUnitMatrix
 *fill*         0x060134bc        0x4 
 SLPROG         0x060134c0       0x48 ../../saturnringlib/../modules/sgl/LIB/LIBSGL.A(sglA21.o)
                0x060134c0                slPushMatrix
                0x060134f4                slDecMatrixPtr
                0x060134f4                slPopMatrix
 *fill*         0x06013508        0x8 
 SLPROG         0x06013510       0x50 ../../saturnringlib/../modules/sgl/LIB/LIBSGL.A(sglA27.o)
                0x06013510                slTranslate
 SLPROG         0x06013560       0x98 ../../saturnringlib/../modules/sgl/LIB/LIBSGL.A(sglA39.o)
                0x06013560                slConvert3Dto2DFX
 *fill*         0x060135f8        0x8 
 SLPROG         0x06013600       0x20 ../../saturnringlib/../modules/sgl/LIB/LIBSGL.A(sglB001.o)
                0x06013600                slTVOn
                0x0601360a                slTVOff
 SLPROG         0x06013620       0x1e ../../saturnringlib/../modules/sgl/LIB/LIBSGL.A(sglB002.o)
                0x06013620                slColRAMMode
 *fill*         0x0601363e        0x2 
 SLPROG         0x06013640      0x40c ../../saturnringlib/../modules/sgl/LIB/LIBSGL.A(sglB015.o)
                0x06013640                slScrAutoDisp
 *fill*         0x06013a4c        0x4 
 SLPROG         0x06013a50        0xc ../../saturnringlib/../modules/sgl/LIB/LIBSGL.A(sglB016.o)
                0x06013a50                slBack1ColSet
 *fill*         0x06013a5c        0x4 
 SLPROG         0x06013a60       0xb4 ../../saturnringlib/../modules/sgl/LIB/LIBSGL.A(sglB034.o)
                0x06013a60                slMapNbg3
 *fill*         0x06013b14        0xc 
 SLPROG         0x06013b20       0x70 ../../saturnringlib/../modules/sgl/LIB/LIBSGL.A(sglB038.o)
                0x06013b20                slRparaInitSet
 SLPROG         0x06013b90       0x10 ../../saturnringlib/../modules/sgl/LIB/LIBSGL.A(sglB058.o)
                0x06013b90                slPlaneNbg3
 SLPROG         0x06013ba0        0xc ../../saturnringlib/../modules/sgl/LIB/LIBSGL.A(sglB063.o)
                0x06013ba0                slPriority
 *fill*         0x06013bac        0x4 
 SLPROG         0x06013bb0      0x114 ../../saturnringlib/../modules/sgl/LIB/LIBSGL.A(sglB200.o)
                0x06013bb0                slCharRbg0
                0x06013bbc                slCharNbg0
                0x06013bc8                slCharNbg1
                0x06013bd4                slCharNbg2
                0x06013bea                slCharNbg3
                0x06013c02                slPageRbg0
                0x06013c18                slPageNbg1
                0x06013c20                slPageNbg2
                0x06013c28                slPageNbg3
                0x06013c34                slPageNbg0
 *fill*         0x06013cc4        0xc 
 SLPROG         0x06013cd0       0x6c ../../saturnringlib/../modules/sgl/LIB/LIBSGL.A(sglC01.o)
                0x06013cd0                slPerspective
 *fill*         0x06013d3c        0x4 
 SLPROG         0x06013d40       0x30 ../../saturnringlib/../modules/sgl/LIB/LIBSGL.A(sglC02.o)
                0x06013d40                slLight
 SLPROG         0x06013d70       0x2c ../../saturnringlib/../modules/sgl/LIB/LIBSGL.A(sglC04.o)
                0x06013d70                slZdspLevel
 *fill*         0x06013d9c        0x4 
 SLPROG         0x06013da0       0x78 ../../saturnringlib/../modules/sgl/LIB/LIBSGL.A(sglC05.o)
                0x06013da0                slSetSprite
 *fill*         0x06013e18        0x8 
 SLPROG         0x06013e20     0x1218 ../../saturnringlib/../modules/sgl/LIB/LIBSGL.A(sglC08.o)
                0x06013e20                slPutPolygon
                0x06014a9c                MsCalcDepthFlat
 *fill*         0x06015038        0x8 
 SLPROG         0x06015040       0x40 ../../saturnringlib/../modules/sgl/LIB/LIBSGL.A(sglC20.o)
                0x06015040                SpriteEntry
 SLPROG         0x06015080       0x84 ../../saturnringlib/../modules/sgl/LIB/LIBSGL.A(sglD00.o)
                0x06015080                slCpuDMACopy
                0x06015080                slDMACopy
                0x060150da                CSH_AllClr
                0x060150da                slCashPurge
 *fill*         0x06015104        0xc 
 SLPROG         0x06015110       0xa0 ../../saturnringlib/../modules/sgl/LIB/LIBSGL.A(sglD01.o)
                0x06015110                slDMAXCopy
 SLPROG         0x060151b0        0xc ../../saturnringlib/../modules/sgl/LIB/LIBSGL.A(sglD03.o)
                0x060151b0                slDMAStatus
 *fill*         0x060151bc        0x4 
 SLPROG         0x060151c0       0x20 ../../saturnringlib/../modules/sgl/LIB/LIBSGL.A(sglD15.o)
                0x060151c0                CSH_Purge
 SLPROG         0x060151e0       0x84 ../../saturnringlib/../modules/sgl/LIB/LIBSGL.A(sglD16.o)
                0x060151e0                DMA_ScuSetPrm
                0x06015228                DMA_SCU_PRM0
 *fill*         0x06015264        0xc 
 SLPROG         0x06015270       0x88 ../../saturnringlib/../modules/sgl/LIB/LIBSGL.A(sglD17.o)
                0x06015270                DMA_ScuStart
 *fill*         0x060152f8        0x8 
 SLPROG         0x06015300       0x34 ../../saturnringlib/../modules/sgl/LIB/LIBSGL.A(sglD18.o)
                0x06015300                DMA_ScuGetStatus
 *fill*         0x06015334        0xc 
 SLPROG         0x06015340      0x1d0 ../../saturnringlib/../modules/sgl/LIB/LIBSGL.A(sglG00.o)
                0x06015340                slInitSound
                0x06015444                slWaitSound
                0x0601545c                slSndFlush
 SLPROG         0x06015510      0xfc8 ../../saturnringlib/../modules/sgl/LIB/LIBSGL.A(sglH00.o)
                0x06015528                slGetPortDir1
                0x06015530                slGetPortDir2
                0x06015538                slSetPortDir1
                0x06015562                slSetPortDir2
                0x0601559c                slGetPortData1
                0x060155a4                slGetPortData2
                0x060155ac                slSetPortData1
                0x060155b6                slSetPortData2
                0x060155c8                slGetPortSelect1
                0x060155d2                slGetPortSelect2
                0x060155dc                slSetPortSelect1
                0x06015610                slSetPortSelect2
                0x0601564c                slGetPortExt1
                0x06015656                slGetPortExt2
                0x06015660                slSetPortExt1
                0x06015690                slSetPortExt2
                0x06015804                slSmpcDirectAccess
                0x06015884                slInitPeripheral
                0x06015916                slSetResultBuffer
                0x060159a2                slCheckIntBackSet
                0x060159ae                slIntBackCancel
                0x060159d8                slCheckReset
                0x060159e2                slClearReset
                0x06015ba8                slSmpcCashSend
                0x06015c64                slSmpcCashBlow
                0x06015d40                slGetOptimize
                0x06015d4a                slSetOptimize
                0x06015d70                slGetPortMode1
                0x06015d7c                slGetPortMode2
                0x06015d8a                slSetPortMode1
                0x06015dc8                slSetPortMode2
                0x06015f54                slRequestCommand
                0x06015fc4                Smpc_Status
                0x06015fc8                Smpc_Result
                0x06015fcc                Smpc_Peripheral
                0x06015fd2                Per_Connect1
                0x06015fd3                Per_Connect2
                0x06015ff4                SmpcStatusBuf
 *fill*         0x060164d8        0x8 
 SLPROG         0x060164e0      0x470 ../../saturnringlib/../modules/sgl/LIB/LIBSGL.A(sglH02.o)
                0x060168d0                smpc_pfr_tbl
                0x06016910                smpc_ptf_tbl
 SLPROG         0x06016950       0x60 ../../saturnringlib/../modules/sgl/LIB/LIBSGL.A(sglH04.o)
                0x06016950                slComPrmIntBack
                0x06016964                slComPrmSetMemory
                0x0601697a                slComPrmSetTime
 SLPROG         0x060169b0      0x3a4 ../../saturnringlib/../modules/sgl/LIB/LIBSGL.A(sglI01.o)
                0x060169b0                slInitSynch
                0x060169ca                slSynch
                0x06016ac0                slRandom
                0x06016ade                PCM_EndCheck
                0x06016b9a                RetPCMBuf
                0x06016c34                PCM_Buf
                0x06016cd4                Sound_Buf
 *fill*         0x06016d54        0xc 
 SLPROG         0x06016d60       0x10 ../../saturnringlib/../modules/sgl/LIB/LIBSGL.A(sglI04.o)
                0x06016d60                slIntFunction
 SLPROG         0x06016d70       0x74 ../../saturnringlib/../modules/sgl/LIB/LIBSGL.A(sglJ00.o)
                0x06016d70                InitSlaveSH
                0x06016dd8                SlaveCommand
 *fill*         0x06016de4        0xc 
 SLPROG         0x06016df0      0x3d0 ../../saturnringlib/../modules/sgl/LIB/LIBSGL.A(sglJ01.o)
                0x06016df0                SlaveControl
                0x060171ac                ErasePolygonData
 SLPROG         0x060171c0     0x12b8 ../../saturnringlib/../modules/sgl/LIB/LIBSGL.A(sglJ02.o)
                0x060171c0                sbMakePolygon
                0x060173a8                sbCalcPolygon
                0x060180e0                SetTexture
                0x060180ec                SetPolygon
                0x060180f4                SetPosition
                0x0601812c                stvtc_4
                0x060181e4                stvtc_3
                0x060183f4                stvtc_1
                0x06018408                stvtc_2
                0x0601841c                stvtc_0
 *fill*         0x06018478        0x8 
 SLPROG         0x06018480      0x140 ../../saturnringlib/../modules/sgl/LIB/LIBSGL.A(sglJ03.o)
                0x06018480                sbMakeDMATable
 SLPROG         0x060185c0      0x470 ../../saturnringlib/../modules/sgl/LIB/LIBSGL.A(sglJ04.o)
                0x0601861e                sbMakeSprite
                0x06018684                sbMakeRotSprite
 SLPROG         0x06018a30       0x3c ../../saturnringlib/../modules/sgl/LIB/LIBSGL.A(sglJ05.o)
                0x06018a30                sbSortEntry
 *fill*         0x06018a6c        0x4 
 SLPROG         0x06018a70      0x4b8 ../../saturnringlib/../modules/sgl/LIB/LIBSGL.A(sglM00.o)
                0x06018a70                slInitGouraud
                0x06018b64                slPutPolygonX
                0x06018baa                slGouraudTblCopy
                0x06018c02                slSetGouraudTbl
                0x06018c08                slSetGouraudColor
                0x06018c80                slSetAmbient
                0x06018ca4                slSetFlatColor
 *fill*         0x06018f28        0x8 
 SLPROG         0x06018f30       0x6a ../../saturnringlib/../modules/sgl/LIB/LIBSGL.A(sglM01.o)
                0x06018f30                slSetDepthLimit
                0x06018f5c                slSetDepthTbl
                0x06018f8c                DepthWorkArea
 *fill*         0x06018f9a        0x6 
 SLPROG         0x06018fa0       0x20 ../../saturnringlib/../modules/sgl/LIB/LIBSGL.A(sglA00.o)
                0x06018fa0                set_imask
                0x06018fa0                _builtin_set_imask
                0x06018fb4                _builtin_get_imask
                0x06018fb4                get_imask
 SLPROG         0x06018fc0     0x411e ../../saturnringlib/../modules/sgl/LIB/LIBSGL.A(sglA01.o)
                0x06018fc0                slSin
                0x06018fe4                slCos
                0x06019008                GetSinCos
                0x0601909c                sin_cos_index_tbl
                0x060190dc                sin_tbl
 *fill*         0x0601d0de        0x2 
 SLPROG         0x0601d0e0     0x215c ../../saturnringlib/../modules/sgl/LIB/LIBSGL.A(sglA03.o)
                0x0601d0e0                slTan
 *fill*         0x0601f23c        0x4 
 SLPROG         0x0601f240       0x34 ../../saturnringlib/../modules/sgl/LIB/LIBSGL.A(sglA10.o)
                0x0601f240                slSquartDbl
 *fill*         0x0601f274        0xc 
 SLPROG         0x0601f280       0x24 ../../saturnringlib/../modules/sgl/LIB/LIBSGL.A(sglA25.o)
                0x0601f280                slTransposeMatrix
 *fill*         0x0601f2a4        0xc 
 SLPROG         0x0601f2b0       0x22 ../../saturnringlib/../modules/sgl/LIB/LIBSGL.A(sglA40.o)
                0x0601f2b0                slCalcVector
 *fill*         0x0601f2d2        0xe 
 SLPROG         0x0601f2e0      0xbd0 ../../saturnringlib/../modules/sgl/LIB/LIBSGL.A(sglB000.o)
                0x0601f2e0                slInitScroll
                0x0601f400                setASC_1to8
                0x0601f430                setASC_4to8
                0x0601f540                TVSizeTbl
                0x0601f5c0                TVModeTbl
                0x0601f798                SGL_ASCII_CG
 SLPROG         0x0601feb0       0xd4 ../../saturnringlib/../modules/sgl/LIB/LIBSGL.A(sglB035.o)
                0x0601feb0                sl1MapRA
                0x0601ff42                rbank_set
 *fill*         0x0601ff84        0xc 
 SLPROG         0x0601ff90      0x134 ../../saturnringlib/../modules/sgl/LIB/LIBSGL.A(sglC00.o)
                0x0601ff90                slInitSprite
 *fill*         0x060200c4        0xc 
 SLPROG         0x060200d0       0xac ../../saturnringlib/../modules/sgl/LIB/LIBSGL.A(sglC13.o)
                0x060200d0                slPutPolygonS
 *fill*         0x0602017c        0x4 
 SLPROG         0x06020180       0x10 ../../saturnringlib/../modules/sgl/LIB/LIBSGL.A(sglD02.o)
                0x06020180                slDMAWait
 SLPROG         0x06020190       0xc0 ../../saturnringlib/../modules/sgl/LIB/LIBSGL.A(sglD19.o)
                0x06020190                DMA_ScuMemCopy
 SLPROG         0x06020250      0x75c ../../saturnringlib/../modules/sgl/LIB/LIBSGL.A(sglI00.o)
                0x06020540                slInitInterrupt
 *fill*         0x060209ac        0x4 
 SLPROG         0x060209b0       0xf0 ../../saturnringlib/../modules/sgl/LIB/LIBSGL.A(sglH03.o)
                0x06020a14                slSmpcIntBack
                0x06020aa0                        __slprog_end = .

.tors           0x06020aa0       0x10
                0x06020aa0                        ___ctors = .
 *(.ctors*)
 .ctors         0x06020aa0        0x4 src/main.o
                0x06020aa4                        ___ctors_end = .
                0x06020aa4                        ___dtors = .
 *(.dtors*)
 .dtors         0x06020aa4        0x4 src/main.o
                0x06020aa8                        ___dtors_end = .

.data           0x06020ab0      0x470
 *(.data*)
 .data          0x06020ab0       0x28 ../../saturnringlib/../modules/sgl/LIB/../SRC/workarea.o
                0x06020ab0                PCM_Work
                0x06020ab4                SlaveStack
                0x06020ab8                TransList
                0x06020abc                MasterStack
                0x06020ac0                SortList
                0x06020ac4                Zbuffer
                0x06020ac8                SpriteBuf
                0x06020acc                Pbuffer
                0x06020ad0                CLOfstBuf
                0x06020ad4                CommandBuf
 .data          0x06020ad8       0x40 src/main.o
                0x06020ad8                shadingTable
 .data._ZZN3SRL5Input3Gun11SynchronizeEvE14secondPlayerId
                0x06020b18        0x1 src/main.o
                0x06020b18                SRL::Input::Gun::Synchronize()::secondPlayerId
 .data._ZZN3SRL5Input3Gun11SynchronizeEvE13firstPlayerId
                0x06020b19        0x1 src/main.o
                0x06020b19                SRL::Input::Gun::Synchronize()::firstPlayerId
 *fill*         0x06020b1a        0x2 
 .data._ZN3SRL5Input10Management11PeripheralsE
                0x06020b1c      0x120 src/main.o
                0x06020b1c                SRL::Input::Management::Peripherals
 .data._ZN3SRL5Input10Management24PeripheralsPreviousStateE
                0x06020c3c      0x120 src/main.o
                0x06020c3c                SRL::Input::Management::PeripheralsPreviousState
 .data._ZN3SRL4VDP213ActiveScrollsE
                0x06020d5c        0x2 src/main.o
                0x06020d5c                SRL::VDP2::ActiveScrolls
 .data._ZN3SRL5ASCII7maxFontE
                0x06020d5e        0x1 src/main.o
                0x06020d5e                SRL::ASCII::maxFont
 .data._ZN3SRL5ASCII12maxYPositionE
                0x06020d5f        0x1 src/main.o
                0x06020d5f                SRL::ASCII::maxYPosition
 .data._ZN3SRL5ASCII12maxXPositionE
                0x06020d60        0x1 src/main.o
                0x06020d60                SRL::ASCII::maxXPosition
 *fill*         0x06020d61        0x1 
 .data._ZN3SRL5ASCII8fontBankE
                0x06020d62        0x2 src/main.o
                0x06020d62                SRL::ASCII::fontBank
 .data._ZN3SRL5ASCII9colorBankE
                0x06020d64        0x2 src/main.o
                0x06020d64                SRL::ASCII::colorBank
 *fill*         0x06020d66        0x2 
 .data._ZN3SRL5ASCII7tileMapE
                0x06020d68        0x4 src/main.o
                0x06020d68                SRL::ASCII::tileMap
 .data._ZN3SRL4CRAM11BaseAddressE
                0x06020d6c        0x4 src/main.o
                0x06020d6c                SRL::CRAM::BaseAddress
 .data          0x06020d70        0x0 ../../saturnringlib/../modules/sgl/LIB/LIBCD.A(CDC_CMN.O)
 .data          0x06020d70        0x0 ../../saturnringlib/../modules/sgl/LIB/LIBCD.A(CDC_REG.O)
 .data          0x06020d70        0x0 ../../saturnringlib/../modules/sgl/LIB/LIBCD.A(CDC_SUB.O)
 .data          0x06020d70        0x0 ../../saturnringlib/../modules/sgl/LIB/LIBCD.A(GFS.O)
 .data          0x06020d70        0x0 ../../saturnringlib/../modules/sgl/LIB/LIBCD.A(GFS_BUF.O)
 .data          0x06020d70        0x0 ../../saturnringlib/../modules/sgl/LIB/LIBCD.A(GFS_CDB.O)
 .data          0x06020d70        0x0 ../../saturnringlib/../modules/sgl/LIB/LIBCD.A(GFS_CDC.O)
 .data          0x06020d70        0x0 ../../saturnringlib/../modules/sgl/LIB/LIBCD.A(GFS_CDF.O)
 .data          0x06020d70        0x0 ../../saturnringlib/../modules/sgl/LIB/LIBCD.A(GFS_DIR.O)
 .data          0x06020d70        0x0 ../../saturnringlib/../modules/sgl/LIB/LIBCD.A(GFS_TRN.O)
 .data          0x06020d70        0x0 ../../saturnringlib/../modules/sgl/LIB/LIBCD.A(CDC_DRV.O)
 .data          0x06020d70        0x0 ../../saturnringlib/../modules/sgl/LIB/LIBCD.A(CDC_DEV.O)
 .data          0x06020d70        0x0 ../../saturnringlib/../modules/sgl/LIB/LIBCD.A(CDC_SEL.O)
 .data          0x06020d70        0x0 ../../saturnringlib/../modules/sgl/LIB/LIBCD.A(CDC_BIF.O)
 .data          0x06020d70        0x0 ../../saturnringlib/../modules/sgl/LIB/LIBCD.A(CDC_BIO.O)
 .data          0x06020d70        0x0 ../../saturnringlib/../modules/sgl/LIB/LIBCD.A(CDC_CFS.O)
 .data          0x06020d70        0x0 ../../saturnringlib/../modules/sgl/LIB/LIBSGL.A(sglA16.o)
 .data          0x06020d70        0x0 ../../saturnringlib/../modules/sgl/LIB/LIBSGL.A(sglA17.o)
 .data          0x06020d70        0x0 ../../saturnringlib/../modules/sgl/LIB/LIBSGL.A(sglA18.o)
 .data          0x06020d70        0x0 ../../saturnringlib/../modules/sgl/LIB/LIBSGL.A(sglA19.o)
 .data          0x06020d70        0x0 ../../saturnringlib/../modules/sgl/LIB/LIBSGL.A(sglA20.o)
 .data          0x06020d70        0x0 ../../saturnringlib/../modules/sgl/LIB/LIBSGL.A(sglA21.o)
 .data          0x06020d70        0x0 ../../saturnringlib/../modules/sgl/LIB/LIBSGL.A(sglA27.o)
 .data          0x06020d70        0x0 ../../saturnringlib/../modules/sgl/LIB/LIBSGL.A(sglA39.o)
 .data          0x06020d70        0x0 ../../saturnringlib/../modules/sgl/LIB/LIBSGL.A(sglB001.o)
 .data          0x06020d70        0x0 ../../saturnringlib/../modules/sgl/LIB/LIBSGL.A(sglB002.o)
 .data          0x06020d70        0x0 ../../saturnringlib/../modules/sgl/LIB/LIBSGL.A(sglB015.o)
 .data          0x06020d70        0x0 ../../saturnringlib/../modules/sgl/LIB/LIBSGL.A(sglB016.o)
 .data          0x06020d70        0x0 ../../saturnringlib/../modules/sgl/LIB/LIBSGL.A(sglB034.o)
 .data          0x06020d70        0x0 ../../saturnringlib/../modules/sgl/LIB/LIBSGL.A(sglB038.o)
 .data          0x06020d70        0x0 ../../saturnringlib/../modules/sgl/LIB/LIBSGL.A(sglB058.o)
 .data          0x06020d70        0x0 ../../saturnringlib/../modules/sgl/LIB/LIBSGL.A(sglB063.o)
 .data          0x06020d70        0x0 ../../saturnringlib/../modules/sgl/LIB/LIBSGL.A(sglB200.o)
 .data          0x06020d70        0x0 ../../saturnringlib/../modules/sgl/LIB/LIBSGL.A(sglC01.o)
 .data          0x06020d70        0x0 ../../saturnringlib/../modules/sgl/LIB/LIBSGL.A(sglC02.o)
 .data          0x06020d70        0x0 ../../saturnringlib/../modules/sgl/LIB/LIBSGL.A(sglC04.o)
 .data          0x06020d70        0x0 ../../saturnringlib/../modules/sgl/LIB/LIBSGL.A(sglC05.o)
 .data          0x06020d70        0x0 ../../saturnringlib/../modules/sgl/LIB/LIBSGL.A(sglC08.o)
 .data          0x06020d70        0x0 ../../saturnringlib/../modules/sgl/LIB/LIBSGL.A(sglC20.o)
 .data          0x06020d70        0x0 ../../saturnringlib/../modules/sgl/LIB/LIBSGL.A(sglD00.o)
 .data          0x06020d70        0x0 ../../saturnringlib/../modules/sgl/LIB/LIBSGL.A(sglD01.o)
 .data          0x06020d70        0x0 ../../saturnringlib/../modules/sgl/LIB/LIBSGL.A(sglD03.o)
 .data          0x06020d70        0x0 ../../saturnringlib/../modules/sgl/LIB/LIBSGL.A(sglD15.o)
 .data          0x06020d70        0x0 ../../saturnringlib/../modules/sgl/LIB/LIBSGL.A(sglD16.o)
 .data          0x06020d70        0x0 ../../saturnringlib/../modules/sgl/LIB/LIBSGL.A(sglD17.o)
 .data          0x06020d70        0x0 ../../saturnringlib/../modules/sgl/LIB/LIBSGL.A(sglD18.o)
 .data          0x06020d70        0x0 ../../saturnringlib/../modules/sgl/LIB/LIBSGL.A(sglG00.o)
 .data          0x06020d70        0x0 ../../saturnringlib/../modules/sgl/LIB/LIBSGL.A(sglH00.o)
 .data          0x06020d70        0x0 ../../saturnringlib/../modules/sgl/LIB/LIBSGL.A(sglH02.o)
 .data          0x06020d70        0x0 ../../saturnringlib/../modules/sgl/LIB/LIBSGL.A(sglH04.o)
 .data          0x06020d70        0x0 ../../saturnringlib/../modules/sgl/LIB/LIBSGL.A(sglI01.o)
 .data          0x06020d70        0x0 ../../saturnringlib/../modules/sgl/LIB/LIBSGL.A(sglI04.o)
 .data          0x06020d70       0x80 ../../saturnringlib/../modules/sgl/LIB/LIBSGL.A(sglIc0.o)
                0x06020d70                IntPrioMask
 .data          0x06020df0        0x0 ../../saturnringlib/../modules/sgl/LIB/LIBSGL.A(sglJ00.o)
 .data          0x06020df0        0x0 ../../saturnringlib/../modules/sgl/LIB/LIBSGL.A(sglJ01.o)
 .data          0x06020df0        0x0 ../../saturnringlib/../modules/sgl/LIB/LIBSGL.A(sglJ02.o)
 .data          0x06020df0        0x0 ../../saturnringlib/../modules/sgl/LIB/LIBSGL.A(sglJ03.o)
 .data          0x06020df0        0x0 ../../saturnringlib/../modules/sgl/LIB/LIBSGL.A(sglJ04.o)
 .data          0x06020df0        0x0 ../../saturnringlib/../modules/sgl/LIB/LIBSGL.A(sglJ05.o)
 .data          0x06020df0        0x0 ../../saturnringlib/../modules/sgl/LIB/LIBSGL.A(sglK01.o)
 .data          0x06020df0        0x0 ../../saturnringlib/../modules/sgl/LIB/LIBSGL.A(sglM00.o)
 .data          0x06020df0        0x0 ../../saturnringlib/../modules/sgl/LIB/LIBSGL.A(sglM01.o)
 .data          0x06020df0        0x0 ../../saturnringlib/../modules/sgl/LIB/LIBSGL.A(sglA00.o)
 .data          0x06020df0        0x0 ../../saturnringlib/../modules/sgl/LIB/LIBSGL.A(sglA01.o)
 .data          0x06020df0        0x0 ../../saturnringlib/../modules/sgl/LIB/LIBSGL.A(sglA03.o)
 .data          0x06020df0        0x0 ../../saturnringlib/../modules/sgl/LIB/LIBSGL.A(sglA10.o)
 .data          0x06020df0        0x0 ../../saturnringlib/../modules/sgl/LIB/LIBSGL.A(sglA25.o)
 .data          0x06020df0        0x0 ../../saturnringlib/../modules/sgl/LIB/LIBSGL.A(sglA40.o)
 .data          0x06020df0        0x0 ../../saturnringlib/../modules/sgl/LIB/LIBSGL.A(sglB000.o)
 .data          0x06020df0        0x0 ../../saturnringlib/../modules/sgl/LIB/LIBSGL.A(sglB035.o)
 .data          0x06020df0        0x0 ../../saturnringlib/../modules/sgl/LIB/LIBSGL.A(sglC00.o)
 .data          0x06020df0        0x0 ../../saturnringlib/../modules/sgl/LIB/LIBSGL.A(sglC13.o)
 .data          0x06020df0        0x0 ../../saturnringlib/../modules/sgl/LIB/LIBSGL.A(sglD02.o)
 .data          0x06020df0        0x0 ../../saturnringlib/../modules/sgl/LIB/LIBSGL.A(sglD19.o)
 .data          0x06020df0        0x0 ../../saturnringlib/../modules/sgl/LIB/LIBSGL.A(sglI00.o)
 .data          0x06020df0        0x0 ../../saturnringlib/../modules/sgl/LIB/LIBSGL.A(sglH03.o)
 .data          0x06020df0        0x0 ../../saturnringlib/../modules/sgl/LIB/LIBSND.A(snd_main.o)
 .data          0x06020df0        0x0 C:/saturn/SaturnRingLib-main/Compiler/sh2eb-elf/bin/../lib/gcc/sh-elf/14.2.0\libgcc.a(_ashiftrt.o)
 .data          0x06020df0        0x0 C:/saturn/SaturnRingLib-main/Compiler/sh2eb-elf/bin/../lib/gcc/sh-elf/14.2.0\libgcc.a(_ashiftrt_n.o)
 .data          0x06020df0        0x0 C:/saturn/SaturnRingLib-main/Compiler/sh2eb-elf/bin/../lib/gcc/sh-elf/14.2.0\libgcc.a(_ashiftlt.o)
 .data          0x06020df0        0x0 C:/saturn/SaturnRingLib-main/Compiler/sh2eb-elf/bin/../lib/gcc/sh-elf/14.2.0\libgcc.a(_sdivsi3.o)
 .data          0x06020df0        0x0 C:/saturn/SaturnRingLib-main/Compiler/sh2eb-elf/bin/../lib/gcc/sh-elf/14.2.0\libgcc.a(_udivsi3.o)
 .data          0x06020df0        0x0 C:/saturn/SaturnRingLib-main/Compiler/sh2eb-elf/bin/../lib/gcc/sh-elf/14.2.0/../../../../sh-elf/lib\libc.a(libc_a-abort.o)
 .data          0x06020df0        0x0 C:/saturn/SaturnRingLib-main/Compiler/sh2eb-elf/bin/../lib/gcc/sh-elf/14.2.0/../../../../sh-elf/lib\libc.a(libc_a-snprintf.o)
 .data          0x06020df0        0x0 C:/saturn/SaturnRingLib-main/Compiler/sh2eb-elf/bin/../lib/gcc/sh-elf/14.2.0/../../../../sh-elf/lib\libc.a(libc_a-memcmp.o)
 .data          0x06020df0        0x0 C:/saturn/SaturnRingLib-main/Compiler/sh2eb-elf/bin/../lib/gcc/sh-elf/14.2.0/../../../../sh-elf/lib\libc.a(libc_a-strncmp.o)
 .data          0x06020df0        0x0 C:/saturn/SaturnRingLib-main/Compiler/sh2eb-elf/bin/../lib/gcc/sh-elf/14.2.0/../../../../sh-elf/lib\libc.a(libc_a-strncpy.o)
 .data          0x06020df0        0x0 C:/saturn/SaturnRingLib-main/Compiler/sh2eb-elf/bin/../lib/gcc/sh-elf/14.2.0/../../../../sh-elf/lib\libc.a(libc_a-signal.o)
 .data          0x06020df0      0x120 C:/saturn/SaturnRingLib-main/Compiler/sh2eb-elf/bin/../lib/gcc/sh-elf/14.2.0/../../../../sh-elf/lib\libc.a(libc_a-impure.o)
                0x06020df0                _impure_ptr
                0x06020df4                _impure_data
 .data          0x06020f10        0x0 C:/saturn/SaturnRingLib-main/Compiler/sh2eb-elf/bin/../lib/gcc/sh-elf/14.2.0/../../../../sh-elf/lib\libc.a(libc_a-signalr.o)
 .data          0x06020f10        0x0 C:/saturn/SaturnRingLib-main/Compiler/sh2eb-elf/bin/../lib/gcc/sh-elf/14.2.0/../../../../sh-elf/lib\libc.a(libc_a-memcpy.o)
 .data          0x06020f10        0x0 C:/saturn/SaturnRingLib-main/Compiler/sh2eb-elf/bin/../lib/gcc/sh-elf/14.2.0/../../../../sh-elf/lib\libc.a(libc_a-memset.o)
 .data          0x06020f10        0x0 C:/saturn/SaturnRingLib-main/Compiler/sh2eb-elf/bin/../lib/gcc/sh-elf/14.2.0/../../../../sh-elf/lib\libc.a(libc_a-mallocr.o)
 .data          0x06020f10        0x0 C:/saturn/SaturnRingLib-main/Compiler/sh2eb-elf/bin/../lib/gcc/sh-elf/14.2.0/../../../../sh-elf/lib\libc.a(libc_a-mlock.o)
 .data          0x06020f10        0x0 C:/saturn/SaturnRingLib-main/Compiler/sh2eb-elf/bin/../lib/gcc/sh-elf/14.2.0/../../../../sh-elf/lib\libc.a(libc_a-nano-svfprintf.o)
 .data          0x06020f10        0x0 C:/saturn/SaturnRingLib-main/Compiler/sh2eb-elf/bin/../lib/gcc/sh-elf/14.2.0/../../../../sh-elf/lib\libc.a(libc_a-nano-vfprintf_i.o)
 .data          0x06020f10        0xc C:/saturn/SaturnRingLib-main/Compiler/sh2eb-elf/bin/../lib/gcc/sh-elf/14.2.0/../../../../sh-elf/lib\libc.a(libc_a-findfp.o)
                0x06020f10                __sglue
 .data          0x06020f1c        0x0 C:/saturn/SaturnRingLib-main/Compiler/sh2eb-elf/bin/../lib/gcc/sh-elf/14.2.0/../../../../sh-elf/lib\libc.a(libc_a-fwalk.o)
 .data          0x06020f1c        0x0 C:/saturn/SaturnRingLib-main/Compiler/sh2eb-elf/bin/../lib/gcc/sh-elf/14.2.0/../../../../sh-elf/lib\libc.a(libc_a-stdio.o)
 .data          0x06020f1c        0x0 C:/saturn/SaturnRingLib-main/Compiler/sh2eb-elf/bin/../lib/gcc/sh-elf/14.2.0/../../../../sh-elf/lib\libc.a(libc_a-memchr.o)
 .data          0x06020f1c        0x0 C:/saturn/SaturnRingLib-main/Compiler/sh2eb-elf/bin/../lib/gcc/sh-elf/14.2.0/../../../../sh-elf/lib\libc.a(libc_a-memmove.o)
 .data          0x06020f1c        0x0 C:/saturn/SaturnRingLib-main/Compiler/sh2eb-elf/bin/../lib/gcc/sh-elf/14.2.0/../../../../sh-elf/lib\libc.a(libc_a-closer.o)
 .data          0x06020f1c        0x0 C:/saturn/SaturnRingLib-main/Compiler/sh2eb-elf/bin/../lib/gcc/sh-elf/14.2.0/../../../../sh-elf/lib\libc.a(libc_a-reent.o)
 .data          0x06020f1c        0x0 C:/saturn/SaturnRingLib-main/Compiler/sh2eb-elf/bin/../lib/gcc/sh-elf/14.2.0/../../../../sh-elf/lib\libc.a(libc_a-lseekr.o)
 .data          0x06020f1c        0x0 C:/saturn/SaturnRingLib-main/Compiler/sh2eb-elf/bin/../lib/gcc/sh-elf/14.2.0/../../../../sh-elf/lib\libc.a(libc_a-readr.o)
 .data          0x06020f1c        0x0 C:/saturn/SaturnRingLib-main/Compiler/sh2eb-elf/bin/../lib/gcc/sh-elf/14.2.0/../../../../sh-elf/lib\libc.a(libc_a-sbrkr.o)
 .data          0x06020f1c        0x0 C:/saturn/SaturnRingLib-main/Compiler/sh2eb-elf/bin/../lib/gcc/sh-elf/14.2.0/../../../../sh-elf/lib\libc.a(libc_a-writer.o)
 .data          0x06020f1c        0x0 C:/saturn/SaturnRingLib-main/Compiler/sh2eb-elf/bin/../lib/gcc/sh-elf/14.2.0/../../../../sh-elf/lib\libc.a(libc_a-freer.o)
 .data          0x06020f1c        0x0 C:/saturn/SaturnRingLib-main/Compiler/sh2eb-elf/bin/../lib/gcc/sh-elf/14.2.0/../../../../sh-elf/lib\libc.a(libc_a-reallocr.o)
 .data          0x06020f1c        0x0 C:/saturn/SaturnRingLib-main/Compiler/sh2eb-elf/bin/../lib/gcc/sh-elf/14.2.0/../../../../sh-elf/lib\libc.a(libc_a-fflush.o)
 .data          0x06020f1c        0x0 C:/saturn/SaturnRingLib-main/Compiler/sh2eb-elf/bin/../lib/gcc/sh-elf/14.2.0/../../../../sh-elf/lib\libc.a(libc_a-msizer.o)
 .data          0x06020f1c        0x0 C:/saturn/SaturnRingLib-main/Compiler/sh2eb-elf/bin/../lib/gcc/sh-elf/14.2.0\libgcc.a(_lshiftrt.o)
 .data          0x06020f1c        0x0 C:/saturn/SaturnRingLib-main/Compiler/sh2eb-elf/bin/../lib/gcc/sh-elf/14.2.0/../../../../sh-elf/lib\libnosys.a(close.o)
 .data          0x06020f1c        0x0 C:/saturn/SaturnRingLib-main/Compiler/sh2eb-elf/bin/../lib/gcc/sh-elf/14.2.0/../../../../sh-elf/lib\libnosys.a(getpid.o)
 .data          0x06020f1c        0x0 C:/saturn/SaturnRingLib-main/Compiler/sh2eb-elf/bin/../lib/gcc/sh-elf/14.2.0/../../../../sh-elf/lib\libnosys.a(kill.o)
 .data          0x06020f1c        0x0 C:/saturn/SaturnRingLib-main/Compiler/sh2eb-elf/bin/../lib/gcc/sh-elf/14.2.0/../../../../sh-elf/lib\libnosys.a(lseek.o)
 .data          0x06020f1c        0x0 C:/saturn/SaturnRingLib-main/Compiler/sh2eb-elf/bin/../lib/gcc/sh-elf/14.2.0/../../../../sh-elf/lib\libnosys.a(read.o)
 .data          0x06020f1c        0x0 C:/saturn/SaturnRingLib-main/Compiler/sh2eb-elf/bin/../lib/gcc/sh-elf/14.2.0/../../../../sh-elf/lib\libnosys.a(sbrk.o)
 .data          0x06020f1c        0x0 C:/saturn/SaturnRingLib-main/Compiler/sh2eb-elf/bin/../lib/gcc/sh-elf/14.2.0/../../../../sh-elf/lib\libnosys.a(write.o)
 .data          0x06020f1c        0x0 C:/saturn/SaturnRingLib-main/Compiler/sh2eb-elf/bin/../lib/gcc/sh-elf/14.2.0/../../../../sh-elf/lib\libnosys.a(_exit.o)
                0x06020f1c                        __edata = .

.rodata         0x06020f20      0x390
 *(.rodata*)
 .rodata        0x06020f20       0x18 ../../saturnringlib/../modules/sgl/LIB/../SRC/workarea.o
                0x06020f20                PCM_WkSize
                0x06020f24                MaxVertices
                0x06020f26                MaxPolygons
                0x06020f28                SortListSize
                0x06020f2c                SpriteBufSize
                0x06020f30                EventSize
                0x06020f32                MaxEvents
                0x06020f34                WorkSize
                0x06020f36                MaxWorks
 .rodata._ZN3SRL5Sound8Hardware10InitializeEv.str1.4
                0x06020f38       0x25 src/main.o
 *fill*         0x06020f5d        0x3 
 .rodata._ZN11ModelObjectC2EPKcj.str1.4
                0x06020f60       0x26 src/main.o
 *fill*         0x06020f86        0x2 
 .rodata.str1.4
                0x06020f88       0xc5 src/main.o
 *fill*         0x0602104d        0x3 
 .rodata._ZTVN3SRL5Input7DigitalE
                0x06021050       0x18 src/main.o
                0x06021050                vtable for SRL::Input::Digital
 .rodata._ZN3SRL4Math12Trigonometry8sinTableE
                0x06021068      0x200 src/main.o
                0x06021068                SRL::Math::Trigonometry::sinTable
 .rodata.str1.4
                0x06021268       0x13 C:/saturn/SaturnRingLib-main/Compiler/sh2eb-elf/bin/../lib/gcc/sh-elf/14.2.0/../../../../sh-elf/lib\libc.a(libc_a-nano-svfprintf.o)
 *fill*         0x0602127b        0x1 
 .rodata.str1.4
                0x0602127c       0x25 C:/saturn/SaturnRingLib-main/Compiler/sh2eb-elf/bin/../lib/gcc/sh-elf/14.2.0/../../../../sh-elf/lib\libc.a(libc_a-nano-vfprintf_i.o)

.bss            0x060212b0     0x6928
                0x060212b0                        __bstart = .
 *(.bss*)
 .bss           0x060212b0      0x320 ../../saturnringlib/../modules/sgl/LIB/../SRC/workarea.o
                0x060212b0                RemainWork
                0x060212c0                WorkBuf
                0x060213c0                RemainEvent
                0x060213d0                EventBuf
 .bss           0x060215d0        0x0 src/main.o
 .bss._ZGVN3SRL4Core8OnVblankE
                0x060215d0        0x8 src/main.o
                0x060215d0                guard variable for SRL::Core::OnVblank
 .bss._ZGVN3SRL4VDP212ScrollScreenINS0_4RBG0ELs5ELt16EE11TilePaletteE
                0x060215d8        0x8 src/main.o
                0x060215d8                guard variable for SRL::VDP2::ScrollScreen<SRL::VDP2::RBG0, (short)5, (unsigned short)16>::TilePalette
 .bss._ZGVN3SRL4VDP212ScrollScreenINS0_4NBG3ELs2ELt8EE11TilePaletteE
                0x060215e0        0x8 src/main.o
                0x060215e0                guard variable for SRL::VDP2::ScrollScreen<SRL::VDP2::NBG3, (short)2, (unsigned short)8>::TilePalette
 .bss._ZGVN3SRL4VDP212ScrollScreenINS0_4NBG2ELs3ELt4EE11TilePaletteE
                0x060215e8        0x8 src/main.o
                0x060215e8                guard variable for SRL::VDP2::ScrollScreen<SRL::VDP2::NBG2, (short)3, (unsigned short)4>::TilePalette
 .bss._ZGVN3SRL4VDP212ScrollScreenINS0_4NBG1ELs0ELt2EE11TilePaletteE
                0x060215f0        0x8 src/main.o
                0x060215f0                guard variable for SRL::VDP2::ScrollScreen<SRL::VDP2::NBG1, (short)0, (unsigned short)2>::TilePalette
 .bss._ZGVN3SRL4VDP212ScrollScreenINS0_4NBG0ELs1ELt1EE11TilePaletteE
                0x060215f8        0x8 src/main.o
                0x060215f8                guard variable for SRL::VDP2::ScrollScreen<SRL::VDP2::NBG0, (short)1, (unsigned short)1>::TilePalette
 .bss._ZGVN3SRL4VDP18MetadataE
                0x06021600        0x8 src/main.o
                0x06021600                guard variable for SRL::VDP1::Metadata
 .bss._ZGVN3SRL4VDP18TexturesE
                0x06021608        0x8 src/main.o
                0x06021608                guard variable for SRL::VDP1::Textures
 .bss._ZN3SRL7Scene2D7EffectsE
                0x06021610        0x4 src/main.o
                0x06021610                SRL::Scene2D::Effects
 .bss._ZN3SRL4Core8OnVblankE
                0x06021614       0x18 src/main.o
                0x06021614                SRL::Core::OnVblank
 .bss._ZN3SRL5Input3Gun26Player2MegadriveGunControlE
                0x0602162c        0x1 src/main.o
                0x0602162c                SRL::Input::Gun::Player2MegadriveGunControl
 .bss._ZN3SRL5Input3Gun26Player1MegadriveGunControlE
                0x0602162d        0x1 src/main.o
                0x0602162d                SRL::Input::Gun::Player1MegadriveGunControl
 *fill*         0x0602162e        0x2 
 .bss._ZN3SRL4VDP212ScrollScreenINS0_4RBG0ELs5ELt16EE11TilePaletteE
                0x06021630        0x8 src/main.o
                0x06021630                SRL::VDP2::ScrollScreen<SRL::VDP2::RBG0, (short)5, (unsigned short)16>::TilePalette
 .bss._ZN3SRL4VDP212ScrollScreenINS0_4NBG3ELs2ELt8EE11TilePaletteE
                0x06021638        0x8 src/main.o
                0x06021638                SRL::VDP2::ScrollScreen<SRL::VDP2::NBG3, (short)2, (unsigned short)8>::TilePalette
 .bss._ZN3SRL4VDP212ScrollScreenINS0_4NBG2ELs3ELt4EE11TilePaletteE
                0x06021640        0x8 src/main.o
                0x06021640                SRL::VDP2::ScrollScreen<SRL::VDP2::NBG2, (short)3, (unsigned short)4>::TilePalette
 .bss._ZN3SRL4VDP212ScrollScreenINS0_4NBG1ELs0ELt2EE11TilePaletteE
                0x06021648        0x8 src/main.o
                0x06021648                SRL::VDP2::ScrollScreen<SRL::VDP2::NBG1, (short)0, (unsigned short)2>::TilePalette
 .bss._ZN3SRL4VDP212ScrollScreenINS0_4NBG0ELs1ELt1EE11TilePaletteE
                0x06021650        0x8 src/main.o
                0x06021650                SRL::VDP2::ScrollScreen<SRL::VDP2::NBG0, (short)1, (unsigned short)1>::TilePalette
 .bss._ZN3SRL4VDP18MetadataE
                0x06021658     0x1f40 src/main.o
                0x06021658                SRL::VDP1::Metadata
 .bss._ZN3SRL4VDP18TexturesE
                0x06023598     0x1f40 src/main.o
                0x06023598                SRL::VDP1::Textures
 .bss._ZN3SRL4VDP111HeapPointerE
                0x060254d8        0x2 src/main.o
                0x060254d8                SRL::VDP1::HeapPointer
 *fill*         0x060254da        0x2 
 .bss._ZN3SRL5Debug10lineBufferE
                0x060254dc       0x2d src/main.o
                0x060254dc                SRL::Debug::lineBuffer
 *fill*         0x06025509        0x1 
 .bss._ZN3SRL4CRAM14AllocationMaskE
                0x0602550a       0x10 src/main.o
                0x0602550a                SRL::CRAM::AllocationMask
 .bss._ZN3SRL2Cd13isInitializedE
                0x0602551a        0x1 src/main.o
                0x0602551a                SRL::Cd::isInitialized
 *fill*         0x0602551b        0x1 
 .bss._ZN3SRL2Cd7GfsWorkE
                0x0602551c      0xd08 src/main.o
                0x0602551c                SRL::Cd::GfsWork
 .bss._ZN3SRL2Cd17GfsDirectoryNamesE
                0x06026224     0x1800 src/main.o
                0x06026224                SRL::Cd::GfsDirectoryNames
 .bss._ZN3SRL2Cd14GfsDirectoriesE
                0x06027a24        0xc src/main.o
                0x06027a24                SRL::Cd::GfsDirectories
 .bss._ZN3SRL6Memory10LowWorkRam4zoneE
                0x06027a30        0x8 src/main.o
                0x06027a30                SRL::Memory::LowWorkRam::zone
 .bss._ZN3SRL6Memory11HighWorkRam4zoneE
                0x06027a38        0x8 src/main.o
                0x06027a38                SRL::Memory::HighWorkRam::zone
 .bss           0x06027a40        0x0 ../../saturnringlib/../modules/sgl/LIB/LIBCD.A(CDC_CMN.O)
 .bss           0x06027a40        0x2 ../../saturnringlib/../modules/sgl/LIB/LIBCD.A(CDC_REG.O)
 *fill*         0x06027a42        0xe 
 .bss           0x06027a50        0xc ../../saturnringlib/../modules/sgl/LIB/LIBCD.A(CDC_SUB.O)
 *fill*         0x06027a5c        0x4 
 .bss           0x06027a60        0x0 ../../saturnringlib/../modules/sgl/LIB/LIBCD.A(GFS.O)
 .bss           0x06027a60        0x0 ../../saturnringlib/../modules/sgl/LIB/LIBCD.A(GFS_BUF.O)
 .bss           0x06027a60        0x0 ../../saturnringlib/../modules/sgl/LIB/LIBCD.A(GFS_CDB.O)
 .bss           0x06027a60        0x0 ../../saturnringlib/../modules/sgl/LIB/LIBCD.A(GFS_CDC.O)
 .bss           0x06027a60        0x0 ../../saturnringlib/../modules/sgl/LIB/LIBCD.A(GFS_CDF.O)
 .bss           0x06027a60        0x0 ../../saturnringlib/../modules/sgl/LIB/LIBCD.A(GFS_DIR.O)
 .bss           0x06027a60        0xc ../../saturnringlib/../modules/sgl/LIB/LIBCD.A(GFS_TRN.O)
 *fill*         0x06027a6c        0x4 
 .bss           0x06027a70        0x0 ../../saturnringlib/../modules/sgl/LIB/LIBCD.A(CDC_DRV.O)
 .bss           0x06027a70        0x0 ../../saturnringlib/../modules/sgl/LIB/LIBCD.A(CDC_DEV.O)
 .bss           0x06027a70        0x0 ../../saturnringlib/../modules/sgl/LIB/LIBCD.A(CDC_SEL.O)
 .bss           0x06027a70        0x0 ../../saturnringlib/../modules/sgl/LIB/LIBCD.A(CDC_BIF.O)
 .bss           0x06027a70        0x0 ../../saturnringlib/../modules/sgl/LIB/LIBCD.A(CDC_BIO.O)
 .bss           0x06027a70        0x0 ../../saturnringlib/../modules/sgl/LIB/LIBCD.A(CDC_CFS.O)
 .bss           0x06027a70        0x0 ../../saturnringlib/../modules/sgl/LIB/LIBSGL.A(sglA16.o)
 .bss           0x06027a70        0x0 ../../saturnringlib/../modules/sgl/LIB/LIBSGL.A(sglA17.o)
 .bss           0x06027a70        0x0 ../../saturnringlib/../modules/sgl/LIB/LIBSGL.A(sglA18.o)
 .bss           0x06027a70        0x0 ../../saturnringlib/../modules/sgl/LIB/LIBSGL.A(sglA19.o)
 .bss           0x06027a70        0x0 ../../saturnringlib/../modules/sgl/LIB/LIBSGL.A(sglA20.o)
 .bss           0x06027a70        0x0 ../../saturnringlib/../modules/sgl/LIB/LIBSGL.A(sglA21.o)
 .bss           0x06027a70        0x0 ../../saturnringlib/../modules/sgl/LIB/LIBSGL.A(sglA27.o)
 .bss           0x06027a70        0x0 ../../saturnringlib/../modules/sgl/LIB/LIBSGL.A(sglA39.o)
 .bss           0x06027a70        0x0 ../../saturnringlib/../modules/sgl/LIB/LIBSGL.A(sglB001.o)
 .bss           0x06027a70        0x0 ../../saturnringlib/../modules/sgl/LIB/LIBSGL.A(sglB002.o)
 .bss           0x06027a70        0x0 ../../saturnringlib/../modules/sgl/LIB/LIBSGL.A(sglB015.o)
 .bss           0x06027a70        0x0 ../../saturnringlib/../modules/sgl/LIB/LIBSGL.A(sglB016.o)
 .bss           0x06027a70        0x0 ../../saturnringlib/../modules/sgl/LIB/LIBSGL.A(sglB034.o)
 .bss           0x06027a70        0x0 ../../saturnringlib/../modules/sgl/LIB/LIBSGL.A(sglB038.o)
 .bss           0x06027a70        0x0 ../../saturnringlib/../modules/sgl/LIB/LIBSGL.A(sglB058.o)
 .bss           0x06027a70        0x0 ../../saturnringlib/../modules/sgl/LIB/LIBSGL.A(sglB063.o)
 .bss           0x06027a70        0x0 ../../saturnringlib/../modules/sgl/LIB/LIBSGL.A(sglB200.o)
 .bss           0x06027a70        0x0 ../../saturnringlib/../modules/sgl/LIB/LIBSGL.A(sglC01.o)
 .bss           0x06027a70        0x0 ../../saturnringlib/../modules/sgl/LIB/LIBSGL.A(sglC02.o)
 .bss           0x06027a70        0x0 ../../saturnringlib/../modules/sgl/LIB/LIBSGL.A(sglC04.o)
 .bss           0x06027a70        0x0 ../../saturnringlib/../modules/sgl/LIB/LIBSGL.A(sglC05.o)
 .bss           0x06027a70        0x0 ../../saturnringlib/../modules/sgl/LIB/LIBSGL.A(sglC08.o)
 .bss           0x06027a70        0x0 ../../saturnringlib/../modules/sgl/LIB/LIBSGL.A(sglC20.o)
 .bss           0x06027a70        0x0 ../../saturnringlib/../modules/sgl/LIB/LIBSGL.A(sglD00.o)
 .bss           0x06027a70        0x0 ../../saturnringlib/../modules/sgl/LIB/LIBSGL.A(sglD01.o)
 .bss           0x06027a70        0x0 ../../saturnringlib/../modules/sgl/LIB/LIBSGL.A(sglD03.o)
 .bss           0x06027a70        0x0 ../../saturnringlib/../modules/sgl/LIB/LIBSGL.A(sglD15.o)
 .bss           0x06027a70        0x0 ../../saturnringlib/../modules/sgl/LIB/LIBSGL.A(sglD16.o)
 .bss           0x06027a70        0x0 ../../saturnringlib/../modules/sgl/LIB/LIBSGL.A(sglD17.o)
 .bss           0x06027a70        0x0 ../../saturnringlib/../modules/sgl/LIB/LIBSGL.A(sglD18.o)
 .bss           0x06027a70        0x0 ../../saturnringlib/../modules/sgl/LIB/LIBSGL.A(sglG00.o)
 .bss           0x06027a70        0x0 ../../saturnringlib/../modules/sgl/LIB/LIBSGL.A(sglH00.o)
 .bss           0x06027a70        0x0 ../../saturnringlib/../modules/sgl/LIB/LIBSGL.A(sglH02.o)
 .bss           0x06027a70        0x0 ../../saturnringlib/../modules/sgl/LIB/LIBSGL.A(sglH04.o)
 .bss           0x06027a70        0x0 ../../saturnringlib/../modules/sgl/LIB/LIBSGL.A(sglI01.o)
 .bss           0x06027a70        0x0 ../../saturnringlib/../modules/sgl/LIB/LIBSGL.A(sglI04.o)
 .bss           0x06027a70        0x0 ../../saturnringlib/../modules/sgl/LIB/LIBSGL.A(sglIc0.o)
 .bss           0x06027a70        0x0 ../../saturnringlib/../modules/sgl/LIB/LIBSGL.A(sglJ00.o)
 .bss           0x06027a70        0x0 ../../saturnringlib/../modules/sgl/LIB/LIBSGL.A(sglJ01.o)
 .bss           0x06027a70        0x0 ../../saturnringlib/../modules/sgl/LIB/LIBSGL.A(sglJ02.o)
 .bss           0x06027a70        0x0 ../../saturnringlib/../modules/sgl/LIB/LIBSGL.A(sglJ03.o)
 .bss           0x06027a70        0x0 ../../saturnringlib/../modules/sgl/LIB/LIBSGL.A(sglJ04.o)
 .bss           0x06027a70        0x0 ../../saturnringlib/../modules/sgl/LIB/LIBSGL.A(sglJ05.o)
 .bss           0x06027a70        0x0 ../../saturnringlib/../modules/sgl/LIB/LIBSGL.A(sglK01.o)
 .bss           0x06027a70        0x0 ../../saturnringlib/../modules/sgl/LIB/LIBSGL.A(sglM00.o)
 .bss           0x06027a70        0x0 ../../saturnringlib/../modules/sgl/LIB/LIBSGL.A(sglM01.o)
 .bss           0x06027a70        0x0 ../../saturnringlib/../modules/sgl/LIB/LIBSGL.A(sglA00.o)
 .bss           0x06027a70        0x0 ../../saturnringlib/../modules/sgl/LIB/LIBSGL.A(sglA01.o)
 .bss           0x06027a70        0x0 ../../saturnringlib/../modules/sgl/LIB/LIBSGL.A(sglA03.o)
 .bss           0x06027a70        0x0 ../../saturnringlib/../modules/sgl/LIB/LIBSGL.A(sglA10.o)
 .bss           0x06027a70        0x0 ../../saturnringlib/../modules/sgl/LIB/LIBSGL.A(sglA25.o)
 .bss           0x06027a70        0x0 ../../saturnringlib/../modules/sgl/LIB/LIBSGL.A(sglA40.o)
 .bss           0x06027a70        0x0 ../../saturnringlib/../modules/sgl/LIB/LIBSGL.A(sglB000.o)
 .bss           0x06027a70        0x0 ../../saturnringlib/../modules/sgl/LIB/LIBSGL.A(sglB035.o)
 .bss           0x06027a70        0x0 ../../saturnringlib/../modules/sgl/LIB/LIBSGL.A(sglC00.o)
 .bss           0x06027a70        0x0 ../../saturnringlib/../modules/sgl/LIB/LIBSGL.A(sglC13.o)
 .bss           0x06027a70        0x0 ../../saturnringlib/../modules/sgl/LIB/LIBSGL.A(sglD02.o)
 .bss           0x06027a70        0x0 ../../saturnringlib/../modules/sgl/LIB/LIBSGL.A(sglD19.o)
 .bss           0x06027a70        0x0 ../../saturnringlib/../modules/sgl/LIB/LIBSGL.A(sglI00.o)
 .bss           0x06027a70        0x0 ../../saturnringlib/../modules/sgl/LIB/LIBSGL.A(sglH03.o)
 .bss           0x06027a70       0x28 ../../saturnringlib/../modules/sgl/LIB/LIBSND.A(snd_main.o)
 .bss           0x06027a98        0x0 C:/saturn/SaturnRingLib-main/Compiler/sh2eb-elf/bin/../lib/gcc/sh-elf/14.2.0\libgcc.a(_ashiftrt.o)
 .bss           0x06027a98        0x0 C:/saturn/SaturnRingLib-main/Compiler/sh2eb-elf/bin/../lib/gcc/sh-elf/14.2.0\libgcc.a(_ashiftrt_n.o)
 .bss           0x06027a98        0x0 C:/saturn/SaturnRingLib-main/Compiler/sh2eb-elf/bin/../lib/gcc/sh-elf/14.2.0\libgcc.a(_ashiftlt.o)
 .bss           0x06027a98        0x0 C:/saturn/SaturnRingLib-main/Compiler/sh2eb-elf/bin/../lib/gcc/sh-elf/14.2.0\libgcc.a(_sdivsi3.o)
 .bss           0x06027a98        0x0 C:/saturn/SaturnRingLib-main/Compiler/sh2eb-elf/bin/../lib/gcc/sh-elf/14.2.0\libgcc.a(_udivsi3.o)
 .bss           0x06027a98        0x0 C:/saturn/SaturnRingLib-main/Compiler/sh2eb-elf/bin/../lib/gcc/sh-elf/14.2.0/../../../../sh-elf/lib\libc.a(libc_a-abort.o)
 .bss           0x06027a98        0x0 C:/saturn/SaturnRingLib-main/Compiler/sh2eb-elf/bin/../lib/gcc/sh-elf/14.2.0/../../../../sh-elf/lib\libc.a(libc_a-snprintf.o)
 .bss           0x06027a98        0x0 C:/saturn/SaturnRingLib-main/Compiler/sh2eb-elf/bin/../lib/gcc/sh-elf/14.2.0/../../../../sh-elf/lib\libc.a(libc_a-memcmp.o)
 .bss           0x06027a98        0x0 C:/saturn/SaturnRingLib-main/Compiler/sh2eb-elf/bin/../lib/gcc/sh-elf/14.2.0/../../../../sh-elf/lib\libc.a(libc_a-strncmp.o)
 .bss           0x06027a98        0x0 C:/saturn/SaturnRingLib-main/Compiler/sh2eb-elf/bin/../lib/gcc/sh-elf/14.2.0/../../../../sh-elf/lib\libc.a(libc_a-strncpy.o)
 .bss           0x06027a98        0x0 C:/saturn/SaturnRingLib-main/Compiler/sh2eb-elf/bin/../lib/gcc/sh-elf/14.2.0/../../../../sh-elf/lib\libc.a(libc_a-signal.o)