Archive member included to satisfy reference by file (symbol)

../../saturnringlib/../modules/sgl/LIB/LIBCD.A(CDC_CMN.O)
                              src/main.o (CDC_CdInit)
../../saturnringlib/../modules/sgl/LIB/LIBCD.A(CDC_REG.O)
                              ../../saturnringlib/../modules/sgl/LIB/LIBCD.A(CDC_CMN.O) (CDREG_ClrHirqReq)
../../saturnringlib/../modules/sgl/LIB/LIBCD.A(CDC_SUB.O)
                              ../../saturnringlib/../modules/sgl/LIB/LIBCD.A(CDC_CMN.O) (CDSUB_UpdStatus)
../../saturnringlib/../modules/sgl/LIB/LIBCD.A(GFS.O)
                              src/main.o (GFS_Init)
../../saturnringlib/../modules/sgl/LIB/LIBCD.A(GFS_BUF.O)
                              ../../saturnringlib/../modules/sgl/LIB/LIBCD.A(GFS.O) (GFBF_GetNumData)
../../saturnringlib/../modules/sgl/LIB/LIBCD.A(GFS_CDB.O)
                              ../../saturnringlib/../modules/sgl/LIB/LIBCD.A(GFS.O) (GFCB_Close)
../../saturnringlib/../modules/sgl/LIB/LIBCD.A(GFS_CDC.O)
                              ../../saturnringlib/../modules/sgl/LIB/LIBCD.A(GFS.O) (GFCD_SetCdbfs)
../../saturnringlib/../modules/sgl/LIB/LIBCD.A(GFS_CDF.O)
                              ../../saturnringlib/../modules/sgl/LIB/LIBCD.A(GFS.O) (GFCF_Init)
../../saturnringlib/../modules/sgl/LIB/LIBCD.A(GFS_DIR.O)
                              ../../saturnringlib/../modules/sgl/LIB/LIBCD.A(GFS.O) (GFDR_SetupDirTbl)
../../saturnringlib/../modules/sgl/LIB/LIBCD.A(GFS_TRN.O)
                              ../../saturnringlib/../modules/sgl/LIB/LIBCD.A(GFS.O) (GFTR_Setup)
../../saturnringlib/../modules/sgl/LIB/LIBCD.A(CDC_DRV.O)
                              ../../saturnringlib/../modules/sgl/LIB/LIBCD.A(GFS_CDC.O) (CDC_CdPlay)
../../saturnringlib/../modules/sgl/LIB/LIBCD.A(CDC_DEV.O)
                              ../../saturnringlib/../modules/sgl/LIB/LIBCD.A(GFS_CDC.O) (CDC_CdSetCon)
../../saturnringlib/../modules/sgl/LIB/LIBCD.A(CDC_SEL.O)
                              ../../saturnringlib/../modules/sgl/LIB/LIBCD.A(GFS_CDC.O) (CDC_SetFiltRange)
../../saturnringlib/../modules/sgl/LIB/LIBCD.A(CDC_BIF.O)
                              ../../saturnringlib/../modules/sgl/LIB/LIBCD.A(GFS_CDC.O) (CDC_GetBufSiz)
../../saturnringlib/../modules/sgl/LIB/LIBCD.A(CDC_BIO.O)
                              ../../saturnringlib/../modules/sgl/LIB/LIBCD.A(GFS_CDC.O) (CDC_SetSctLen)
../../saturnringlib/../modules/sgl/LIB/LIBCD.A(CDC_CFS.O)
                              ../../saturnringlib/../modules/sgl/LIB/LIBCD.A(GFS_CDC.O) (CDC_ChgDir)
../../saturnringlib/../modules/sgl/LIB/LIBSGL.A(sglA16.o)
                              src/main.o (slLookAt)
../../saturnringlib/../modules/sgl/LIB/LIBSGL.A(sglA17.o)
                              ../../saturnringlib/../modules/sgl/LIB/LIBSGL.A(sglA16.o) (slRotZ)
../../saturnringlib/../modules/sgl/LIB/LIBSGL.A(sglA18.o)
                              src/main.o (slRotY)
../../saturnringlib/../modules/sgl/LIB/LIBSGL.A(sglA19.o)
                              src/main.o (slRotX)
../../saturnringlib/../modules/sgl/LIB/LIBSGL.A(sglA20.o)
                              src/main.o (slUnitMatrix)
../../saturnringlib/../modules/sgl/LIB/LIBSGL.A(sglA21.o)
                              src/main.o (slPushMatrix)
../../saturnringlib/../modules/sgl/LIB/LIBSGL.A(sglA27.o)
                              src/main.o (slTranslate)
../../saturnringlib/../modules/sgl/LIB/LIBSGL.A(sglA39.o)
                              src/main.o (slConvert3Dto2DFX)
../../saturnringlib/../modules/sgl/LIB/LIBSGL.A(sglB001.o)
                              src/main.o (slTVOn)
../../saturnringlib/../modules/sgl/LIB/LIBSGL.A(sglB002.o)
                              src/main.o (slColRAMMode)
../../saturnringlib/../modules/sgl/LIB/LIBSGL.A(sglB015.o)
                              src/main.o (slScrAutoDisp)
../../saturnringlib/../modules/sgl/LIB/LIBSGL.A(sglB016.o)
                              src/main.o (slBack1ColSet)
../../saturnringlib/../modules/sgl/LIB/LIBSGL.A(sglB031.o)
                              src/main.o (slMapNbg0)
../../saturnringlib/../modules/sgl/LIB/LIBSGL.A(sglB034.o)
                              src/main.o (slMapNbg3)
../../saturnringlib/../modules/sgl/LIB/LIBSGL.A(sglB035.o)
                              src/main.o (sl1MapRA)
../../saturnringlib/../modules/sgl/LIB/LIBSGL.A(sglB038.o)
                              src/main.o (slRparaInitSet)
../../saturnringlib/../modules/sgl/LIB/LIBSGL.A(sglB040.o)
                              src/main.o (slKtableRA)
../../saturnringlib/../modules/sgl/LIB/LIBSGL.A(sglB042.o)
                              src/main.o (slCurRpara)
../../saturnringlib/../modules/sgl/LIB/LIBSGL.A(sglB043.o)
                              src/main.o (slRparaMode)
../../saturnringlib/../modules/sgl/LIB/LIBSGL.A(sglB044.o)
                              src/main.o (slScrMatSet)
../../saturnringlib/../modules/sgl/LIB/LIBSGL.A(sglB045.o)
                              src/main.o (slScrMatConv)
../../saturnringlib/../modules/sgl/LIB/LIBSGL.A(sglB047.o)
[...]
Memory Configuration

Name             Origin             Length             Attributes
*default*        0x00000000         0xffffffff

Linker script and memory map


SLSTART         0x06004000       0x30
                0x06004000                        ___Start = .
 *(SLSTART)
 SLSTART        0x06004000       0x28 ../../saturnringlib/../modules/sgl/LIB/LIBSGL.A(sglI00.o)
                0x06004000                SGL_Start
                0x06004002                slStartSGL

.text           0x06004040    0x15ef0
 *(.text*)
 .text          0x06004040        0x0 ../../saturnringlib/../modules/sgl/LIB/../SRC/workarea.o
 .text          0x06004040      0x648 src/main.o
 .text._ZN3SRL7Tilemap10Interfaces8Bmp2Tile11GetCellDataEv
                0x06004688        0x4 src/main.o
                0x06004688                SRL::Tilemap::Interfaces::Bmp2Tile::GetCellData()
 .text._ZN3SRL7Tilemap10Interfaces8Bmp2Tile10GetMapDataEv
                0x0600468c        0x4 src/main.o
                0x0600468c                SRL::Tilemap::Interfaces::Bmp2Tile::GetMapData()
 .text._ZN3SRL7Tilemap10Interfaces8Bmp2Tile10GetPalDataEv
                0x06004690        0x4 src/main.o
                0x06004690                SRL::Tilemap::Interfaces::Bmp2Tile::GetPalData()
 .text._ZN3SRL7Tilemap10Interfaces8Bmp2Tile7GetInfoEv
                0x06004694       0x18 src/main.o
                0x06004694                SRL::Tilemap::Interfaces::Bmp2Tile::GetInfo()
 .text._ZN3SRL5Input7Digital11IsConnectedEv
                0x060046ac       0x28 src/main.o
                0x060046ac                SRL::Input::Digital::IsConnected()
 .text._ZN3SRL5Input7Digital6IsHeldERKNS1_6ButtonE
                0x060046d4       0x1c src/main.o
                0x060046d4                SRL::Input::Digital::IsHeld(SRL::Input::Digital::Button const&)
 .text._ZN3SRL5Input7Digital11WasReleasedERKNS1_6ButtonE
                0x060046f0       0x2c src/main.o
                0x060046f0                SRL::Input::Digital::WasReleased(SRL::Input::Digital::Button const&)
 .text._ZN3SRL5Input7Digital10WasPressedERKNS1_6ButtonE
                0x0600471c       0x2c src/main.o
                0x0600471c                SRL::Input::Digital::WasPressed(SRL::Input::Digital::Button const&)
 .text._ZN3SRL6Bitmap3TGA7GetDataEv
                0x06004748        0x4 src/main.o
                0x06004748                SRL::Bitmap::TGA::GetData()
 .text._ZN3SRL6Bitmap3TGA7GetInfoEv
                0x0600474c       0x34 src/main.o
                0x0600474c                SRL::Bitmap::TGA::GetInfo()
 .text._ZN3SRL7Scene3D21LightCopyGouraudTableEv
                0x06004780        0xc src/main.o
                0x06004780                SRL::Scene3D::LightCopyGouraudTable()
 .text._ZNK3SRL4Math5Types3FxpdvERKS2_.isra.0
                0x0600478c       0x1c src/main.o
 .text._ZN3SRL4Math5Types3FxpmIERKS2_.isra.0
                0x060047a8        0x8 src/main.o
 .text._ZN3SRL4Core14VblankHandlingEv
                0x060047b0      0x1b4 src/main.o
                0x060047b0                SRL::Core::VblankHandling()
 .text._ZN3SRL4Math5Types3FxpC2Ev
                0x06004964        0x8 src/main.o
                0x06004964                SRL::Math::Types::Fxp::Fxp()
                0x06004964                SRL::Math::Types::Fxp::Fxp()
 .text._ZN3SRL4Math5Types3FxpC2ERKS2_
                0x0600496c        0x8 src/main.o
                0x0600496c                SRL::Math::Types::Fxp::Fxp(SRL::Math::Types::Fxp const&)
                0x0600496c                SRL::Math::Types::Fxp::Fxp(SRL::Math::Types::Fxp const&)
 .text._ZNK3SRL4Math5Types3Fxp8RawValueEv
                0x06004974        0x4 src/main.o
                0x06004974                SRL::Math::Types::Fxp::RawValue() const
 .text._ZN3SRL4Math5Types8Vector3DC2ERKS2_
                0x06004978       0x34 src/main.o
                0x06004978                SRL::Math::Types::Vector3D::Vector3D(SRL::Math::Types::Vector3D const&)
                0x06004978                SRL::Math::Types::Vector3D::Vector3D(SRL::Math::Types::Vector3D const&)
 .text.unlikely
                0x060049ac        0x4 src/main.o
                0x060049ac                std::__throw_length_error(char const*)
 .text._ZN3SRL6Memory12SimpleMalloc6MallocERKNS0_10MemoryZoneEj
                0x060049b0       0xdc src/main.o
                0x060049b0                SRL::Memory::SimpleMalloc::Malloc(SRL::Memory::MemoryZone const&, unsigned int)
 .text._ZN3SRL6Memory4FreeEPv
                0x06004a8c      0x114 src/main.o
                0x06004a8c                SRL::Memory::Free(void*)
 .text._ZN3SRL6Memory15PlacementMallocEjm
                0x06004ba0      0x19c src/main.o
                0x06004ba0                SRL::Memory::PlacementMalloc(unsigned int, unsigned long)
 .text._ZN3SRL4VDP24VRAM8AllocateEmmNS0_8VramBankEh
                0x06004d3c       0x68 src/main.o
                0x06004d3c                SRL::VDP2::VRAM::Allocate(unsigned long, unsigned long, SRL::VDP2::VramBank, unsigned char)
 .text._ZN3SRL4VDP210InitializeERKNS_5Types9HighColorE
                0x06004da4      0x1ac src/main.o
                0x06004da4                SRL::VDP2::Initialize(SRL::Types::HighColor const&)
 .text._ZN3SRL5Input3Gun11SynchronizeEv
                0x06004f50      0x1d0 src/main.o
                0x06004f50                SRL::Input::Gun::Synchronize()
 .text._ZN3SRL5Sound8Hardware10InitializeEv
                0x06005120      0x6c8 src/main.o
                0x06005120                SRL::Sound::Hardware::Initialize()
 .text._ZN3SRL4Core10InitializeERKNS_5Types9HighColorE
                0x060057e8      0x120 src/main.o
                0x060057e8                SRL::Core::Initialize(SRL::Types::HighColor const&)
 .text._ZN3SRL6Bitmap3TGA13DecodePaletteEPhPKNS1_9TgaHeaderEl
                0x06005908      0x4b8 src/main.o
                0x06005908                SRL::Bitmap::TGA::DecodePalette(unsigned char*, SRL::Bitmap::TGA::TgaHeader const*, long)
 .text._ZN3SRL6Bitmap3TGA17DecodeRlePalettedEPhPKNS1_9TgaHeaderERNS1_8ForRangeES7_
                0x06005dc0      0x330 src/main.o
                0x06005dc0                SRL::Bitmap::TGA::DecodeRlePaletted(unsigned char*, SRL::Bitmap::TGA::TgaHeader const*, SRL::Bitmap::TGA::ForRange&, SRL::Bitmap::TGA::ForRange&)
 .text._ZN11ModelObjectC2EPKcj
                0x060060f0     0x1b8c src/main.o
                0x060060f0                ModelObject::ModelObject(char const*, unsigned int)
                0x060060f0                ModelObject::ModelObject(char const*, unsigned int)
 .text._ZN6Camera13OrbitPositionEN3SRL4Math5Types5AngleES3_NS2_3FxpE
                0x06007c7c      0x1b0 src/main.o
                0x06007c7c                Camera::OrbitPosition(SRL::Math::Types::Angle, SRL::Math::Types::Angle, SRL::Math::Types::Fxp)
 .text._ZN6Camera13RefreshAnglesERNS_5StateE
                0x06007e2c       0xa8 src/main.o
                0x06007e2c                Camera::RefreshAngles(Camera::State&)
 .text._ZN6Camera11UpdateInputERNS_5StateERKNS_6TuningERN3SRL5Input7DigitalE
                0x06007ed4      0x7a8 src/main.o
                0x06007ed4                Camera::UpdateInput(Camera::State&, Camera::Tuning const&, SRL::Input::Digital&)
 .text._ZN11CarRenderer6RenderEv
                0x0600867c      0x470 src/main.o
                0x0600867c                CarRenderer::Render()
 .text._ZN11CarRenderer18ComputeMeshCentersEv
                0x06008aec      0x77c src/main.o
                0x06008aec                CarRenderer::ComputeMeshCenters()
 .text._ZN13SkyBackground6UpdateEll
                0x06009268      0x180 src/main.o
                0x06009268                SkyBackground::Update(long, long)
 .text._ZN17SkyBackgroundDome6UpdateElll
                0x060093e8      0x180 src/main.o
                0x060093e8                SkyBackgroundDome::Update(long, long, long)
 .text._ZN3SRL5Debug12AssertScreenIJEEEvPKcS3_S3_DpT_
                0x06009568      0x618 src/main.o
                0x06009568                void SRL::Debug::AssertScreen<>(char const*, char const*, char const*)
 .text._ZN3SRL4VDP24VRAM16AutoAllocateCellERNS_7Tilemap11TilemapInfoEt
                0x06009b80      0x1fc src/main.o
                0x06009b80                SRL::VDP2::VRAM::AutoAllocateCell(SRL::Tilemap::TilemapInfo&, unsigned short)
 .text._ZN3SRL7Tilemap10Interfaces8Bmp2Tile13ConvertBitmapERNS0_11TilemapInfoERNS_6Bitmap7IBitmapEib.isra.0
                0x06009d7c      0x3f4 src/main.o
 .text._ZN3SRL5Debug12AssertScreenIJlEEEvPKcS3_S3_DpT_
                0x0600a170      0x6ec src/main.o
                0x0600a170                void SRL::Debug::AssertScreen<long>(char const*, char const*, char const*, long)
 .text._ZN3SRL7Tilemap10Interfaces8Bmp2TileC2ERNS_6Bitmap7IBitmapEh
                0x0600a85c      0x558 src/main.o
                0x0600a85c                SRL::Tilemap::Interfaces::Bmp2Tile::Bmp2Tile(SRL::Bitmap::IBitmap&, unsigned char)
                0x0600a85c                SRL::Tilemap::Interfaces::Bmp2Tile::Bmp2Tile(SRL::Bitmap::IBitmap&, unsigned char)
 .text._ZN3SRL5Debug12AssertScreenIJssEEEvPKcS3_S3_DpT_
                0x0600adb4      0x700 src/main.o
                0x0600adb4                void SRL::Debug::AssertScreen<short, short>(char const*, char const*, char const*, short, short)
 .text._ZN3SRL5Debug12AssertScreenIJaEEEvPKcS3_S3_DpT_
                0x0600b4b4      0x6f0 src/main.o
                0x0600b4b4                void SRL::Debug::AssertScreen<signed char>(char const*, char const*, char const*, signed char)
 .text._ZN3SRL6Bitmap3TGA8LoadDataEPNS_2Cd4FileEPNS1_14LoaderSettingsE
                0x0600bba4      0xfd0 src/main.o
                0x0600bba4                SRL::Bitmap::TGA::LoadData(SRL::Cd::File*, SRL::Bitmap::TGA::LoaderSettings*)
 .text._ZN3SRL5Debug5PrintIJmmmiEEEvhhPKcDpT_
                0x0600cb74      0x180 src/main.o
                0x0600cb74                void SRL::Debug::Print<unsigned long, unsigned long, unsigned long, int>(unsigned char, unsigned char, char const*, unsigned long, unsigned long, unsigned long, int)
 .text._ZN3SRL5Debug5PrintIJsssEEEvhhPKcDpT_
                0x0600ccf4      0x18c src/main.o
                0x0600ccf4                void SRL::Debug::Print<short, short, short>(unsigned char, unsigned char, char const*, short, short, short)
 .text._ZN3SRL4VDP212ScrollScreenINS0_4RBG0ELs5ELt16EE11LoadTilemapERNS_7Tilemap8ITilemapE
                0x0600ce80      0x4d8 src/main.o
                0x0600ce80                SRL::VDP2::ScrollScreen<SRL::VDP2::RBG0, (short)5, (unsigned short)16>::LoadTilemap(SRL::Tilemap::ITilemap&)
 .text._ZNSt6vectorIPFvvESaIS1_EE7reserveEj
                0x0600d358      0x150 src/main.o
                0x0600d358                std::vector<void (*)(), std::allocator<void (*)()> >::reserve(unsigned int)
 .text._ZN3SRL4VDP212ScrollScreenINS0_4NBG0ELs1ELt1EE12SetMapLayoutEhhhh
                0x0600d4a8      0x210 src/main.o
                0x0600d4a8                SRL::VDP2::ScrollScreen<SRL::VDP2::NBG0, (short)1, (unsigned short)1>::SetMapLayout(unsigned char, unsigned char, unsigned char, unsigned char)
 .text._ZN3SRL4VDP212ScrollScreenINS0_4NBG0ELs1ELt1EE11LoadTilemapERNS_7Tilemap8ITilemapE
                0x0600d6b8      0x5b0 src/main.o
                0x0600d6b8                SRL::VDP2::ScrollScreen<SRL::VDP2::NBG0, (short)1, (unsigned short)1>::LoadTilemap(SRL::Tilemap::ITilemap&)
 .text.startup  0x0600dc68     0x2c04 src/main.o
                0x0600dc68                main
 .text.exit     0x0601086c       0x54 src/main.o
 .text          0x060108c0      0x3a0 ../../saturnringlib/../modules/sgl/LIB/LIBCD.A(CDC_CMN.O)
                0x060108c0                CDC_GetCurStat
                0x06010910                CDC_GetLastStat
                0x06010928                CDC_GetPeriStat
                0x060109fc                CDC_GetHwInfo
                0x06010a64                CDC_TgetToc
                0x06010ab4                CDC_GetSes
                0x06010af0                CDC_CdInit
                0x06010b74                CDC_CdOpen
                0x06010b9c                CDC_DataReady
                0x06010c08                CDC_DataEnd
 .text          0x06010c60      0x2dc ../../saturnringlib/../modules/sgl/LIB/LIBCD.A(CDC_REG.O)
                0x06010c60                CDC_GetDataPtr
                0x06010c70                CDC_GetHirqReq
                0x06010c84                CDC_ClrHirqReq
                0x06010cb4                CDREG_ClrHirqReq
                0x06010cc4                CDREG_InitHirqReq
                0x06010cec                CDREG_SetHirqFlag
                0x06010d00                CDC_GetHirqMsk
                0x06010d14                CDC_SetHirqMsk
                0x06010d24                CDC_GetMpegPtr
                0x06010d34                CDREG_TgetData
                0x06010d90                CDREG_CmdRsp
                0x06010e90                CDREG_WaitHirq
                0x06010f00                CDREG_ReadRsp
 *fill*         0x06010f3c        0x4 
 .text          0x06010f40      0x152 ../../saturnringlib/../modules/sgl/LIB/LIBCD.A(CDC_SUB.O)
                0x06010f40                CDSUB_UpdStatus
                0x06010f58                CDSUB_UpdCdstat
                0x06010f78                CDSUB_CdCmd
                0x06010fe8                CDSUB_GetCdstat
                0x06011028                CDSUB_RspToCdstat
                0x06011070                CDSUB_SoftTimer
 *fill*         0x06011092        0xe 
 .text          0x060110a0     0x1adc ../../saturnringlib/../modules/sgl/LIB/LIBCD.A(GFS.O)
                0x060110a0                gfs_version
                0x060110c0                GFS_Init
                0x060111a8                GFS_LoadDir
                0x06011250                GFS_SetDir
                0x060112b8                GFS_NameToId
                0x0601131c                GFS_IdToName
                0x06011388                GFS_GetDirInfo
                0x060113f8                GFS_Reset
                0x0601147c                GFS_Open
                0x06011530                GFS_Close
                0x06011568                GFS_Seek
                0x0601161c                GFS_Tell
                0x0601166c                GFS_IsEof
                0x060116c0                GFS_ByteToSct
                0x0601171c                GFS_GetFileSize
                0x06011778                GFS_GetFileInfo
                0x060117ec                GFS_GetNumCdbuf
                0x06011814                GFS_Load
                0x060118d8                GFS_Fread
                0x06011974                gfs_waitRead
                0x06011a1c                GFS_NwFread
                0x06011b28                GFS_NwCdRead
                0x06011ba0                GFS_NwIsComplete
                0x06011bd8                GFS_NwStop
                0x06011c44                GFS_NwGetStat
                0x06011cc0                gfs_recovRdErr
                0x06011cf0                GFS_NwExecOne
                0x06011db0                GFS_NwExecServer
                0x06011e2c                GFS_SetGmode
                0x06011e90                GFS_SetTmode
                0x06011efc                GFS_SetReadPara
                0x06011f60                GFS_SetTransPara
                0x06011fcc                GFS_SetTrFunc
                0x06012030                GFS_StartTrans
                0x0601207c                GFS_CdMovePickup
                0x060120e8                GFS_SetErrFunc
                0x06012114                GFS_GetErrStat
                0x06012138                GFS_ConvTno
                0x06012160                gfs_chgRoot
                0x0601222c                gfs_aborttrans
                0x06012238                gfs_mngSetupFuncTbl
                0x0601226c                gfs_mngInitWork
                0x06012310                gfs_mngGetNumFile
                0x06012378                GFS_mngAllocGrp
                0x060123c0                gfs_mngFreeGrp
                0x060123cc                gfs_mngTermAccess
                0x06012450                gfs_mngSetErrCode
                0x060124d0                gfs_svrSearchHndl
                0x06012510                gfs_svrAddHndl
                0x0601254c                gfs_svrRemoveHndl
                0x060125a8                GFS_OpenSub
                0x06012600                gfs_loadVol
                0x060126c4                gfs_getRootDir
                0x060127c0                gfs_loadRootDir
                0x06012848                gfs_flowIn
                0x060128f0                gfs_transData
                0x06012994                GFS_GetFad
                0x060129ec                gfs_SetSct
                0x06012a2c                gfs_GetFinfo
                0x06012a6c                gfs_closeSub
                0x06012aa8                gfs_getGmode
                0x06012ab4                gfs_isTaskDone
                0x06012b08                gfs_convFinStat
 *fill*         0x06012b7c        0x4 
 .text          0x06012b80      0x106 ../../saturnringlib/../modules/sgl/LIB/LIBCD.A(GFS_BUF.O)
                0x06012bb0                GFBF_GetTranData
                0x06012bd8                GFBF_GetNumData
                0x06012c08                GFBF_GetSrcPk
                0x06012c30                GFBF_GetSctData
                0x06012c54                GFBF_RtnPk
                0x06012c7c                gfbf_getSctDt
 *fill*         0x06012c86        0xa 
 .text          0x06012c90      0x600 ../../saturnringlib/../modules/sgl/LIB/LIBCD.A(GFS_CDB.O)
                0x06012c90                GFCB_Setup
                0x06012db0                GFCB_Close
                0x06012dd8                GFCB_GetLenData
                0x06012e84                GFCB_GetLenRoom
                0x06012e90                GFCB_SetFilt
                0x06012ef8                GFCB_DeleteAllData
                0x06012f20                GFCB_Tell
                0x06012f30                gfcb_getSctNum
                0x06012f80                GFCB_Seek
                0x0601307c                GFCB_GetSrcPack
                0x0601315c                GFCB_GetSctData
                0x06013194                GFCB_GetDstPack
                0x060131a0                GFCB_RtnPk
                0x060131e8                GFCB_MovePickup
                0x06013204                GFCB_SetCon
                0x06013238                GFCB_GetPickup
                0x06013260                GFCB_IsPuOwner
                0x06013278                GFCB_UngetPickup
 .text          0x06013290     0x1a10 ../../saturnringlib/../modules/sgl/LIB/LIBCD.A(GFS_CDC.O)
                0x06013290                GFCD_SetCdbfs
                0x060132bc                GFCD_Init
                0x060134c0                GFCD_AllocFilt
                0x060134fc                GFCD_FreeFilt
                0x0601352c                GFCD_AllocBuf
                0x06013560                GFCD_FreeBuf
                0x06013604                GFCD_GetBaseFad
                0x06013638                GFCD_GetPickup
                0x0601366c                GFCD_UngetPickup
                0x06013698                GFCD_IsPuOwner
                0x060136bc                GFCD_SetFilt
                0x06013780                GFCD_GetFilt
                0x060137c8                GFCD_SetCon
                0x06013820                GFCD_Play
                0x06013880                GFCD_GetLenData
                0x060138e8                GFCD_ReqData
                0x06013944                GFCD_EndData
                0x0601398c                GFCD_DelSctData
                0x060139e4                GFCD_CheckDelSctData
                0x06013a14                GFCD_GetStat
                0x06013ac8                GFCD_MovePickup
                0x06013b14                GFCD_MoveSctData
                0x06013b88                GFCD_CheckMove
                0x06013bac                GFCD_GetSctInfo
                0x06013bf4                GFCD_ChgDir
                0x06013c68                GFCD_SetFiltCon
                0x06013d50                GFCD_GetFileInfo
                0x06013e2c                GFCD_GetBufSiz
                0x06013e64                GFCD_ExecServer
                0x06013f38                gfcd_isIdleTask
                0x06013fc4                gfcd_doTask
                0x06014070                GFCD_SetTimer
                0x06014084                GFCD_WaitServer
                0x060140c0                gfcd_doSetFiltTsk
                0x06014284                gfcd_doSetConTsk
                0x06014314                gfcd_doGetLenDataTsk
                0x06014468                gfcd_doReqDataTsk
                0x06014508                gfcd_doDelSctDataTsk
                0x0601463c                gfcd_doMoveSctTsk
                0x060147a0                gfcd_doChgDirTsk
                0x0601499c                gfcd_doSetFiltConTsk
                0x06014ae0                gfcd_checkEflag
                0x06014b04                gfcd_initCdbMng
                0x06014b84                gfcd_setStat
                0x06014bb0                GFCD_SetCsctFunc
                0x06014bcc                GFCD_ChkScdqFlag
                0x06014bf0                GFCD_ClrScdqFlag
                0x06014c0c                GFCD_WaitScdqFlag
                0x06014c50                GFCD_WaitPause
 .text          0x06014ca0      0x8d8 ../../saturnringlib/../modules/sgl/LIB/LIBCD.A(GFS_CDF.O)
                0x06014ca0                GFCF_Init
                0x06014d40                GFCF_Setup
                0x06014e88                GFCF_SetSct
                0x06014ecc                GFCF_GetFileInfo
                0x06014f40                GFCF_FlowInBuf
                0x06015094                GFCF_StopInBuf
                0x06015134                GFCF_Recover
                0x0601517c                GFCF_Tell
                0x06015194                GFCF_Seek
                0x060151ac                GFCF_MovePickup
                0x06015248                GFCF_cnvIntlvOfs
                0x0601529c                GFCF_GetStat
                0x06015334                gfcf_getSctSize
                0x06015370                gfcf_isCdOk
                0x06015430                gfcf_getPlayRange
 *fill*         0x06015578        0x8 
 .text          0x06015580      0x92c ../../saturnringlib/../modules/sgl/LIB/LIBCD.A(GFS_DIR.O)
                0x06015580                GFDR_SetupDirTbl
                0x060155f4                GFDR_NameToId
                0x06015654                GFDR_GetInfoDirId
                0x06015668                GFDR_GetInfoDirName
                0x0601567c                GFDR_GetAtrDirId
                0x06015694                GFDR_GetAtrDirName
                0x060156ac                GFDR_ChgRoot
                0x060156c4                GFDR_ChgDir
                0x06015738                gfdr_setupDirIdTbl
                0x060157bc                gfdr_setupDirNameTbl
                0x06015868                gfdr_open
                0x06015890                gfdr_read
                0x06015950                gfdr_readByte
                0x0601597c                gfdr_readWord
                0x060159a8                gfdr_readWordNB
                0x060159fc                gfdr_readLongNB
                0x06015a48                gfdr_readLongNM
                0x06015a70                gfdr_setNextRec
                0x06015af4                gfdr_readDirEnt
                0x06015e70                gfdr_setDirrecCd
 *fill*         0x06015eac        0x4 
 .text          0x06015eb0      0x9c6 ../../saturnringlib/../modules/sgl/LIB/LIBCD.A(GFS_TRN.O)
                0x06015ee0                GFTR_Setup
                0x06015f24                GFTR_SetMode
                0x06015f38                GFTR_SetUnit
                0x06015f44                GFTR_SetTransPara
                0x06015f78                GFTR_GetTransPara
                0x06015f84                GFTR_GetNumTrans
                0x06015f90                GFTR_SetTransMax
                0x06015f9c                GFTR_Start
                0x06015fa8                GFTR_Pause
                0x06015fb4                GFTR_Stop
                0x0601606c                GFTR_Exec
                0x060160f0                GFTR_Idle
                0x06016168                GFTR_ExecSvr
                0x06016270                gftr_getSrcPack
                0x060162f8                gftr_getDstPack
                0x06016354                gftr_reqScu
                0x06016360                gftr_execScu
                0x060163fc                gftr_remScu
                0x06016430                gfdma_canUse
                0x0601643c                gfdma_exec
                0x060164ac                gfdma_getBytecnt
                0x060164e4                gftr_reqDma0
                0x060164fc                gftr_execSdma0
                0x06016520                gftr_remDma0
                0x06016538                gftr_reqDma1
                0x06016550                gftr_execSdma1
                0x06016574                gftr_remDma1
                0x0601658c                gftr_reqCpu
                0x06016598                gftr_execCpu
                0x060165d8                gftr_remCpu
                0x060165e4                gftr_reqTrn
                0x06016654                gftr_execTrn
                0x0601672c                gftr_remTrn
                0x060167a0                gftr_copyFrac
                0x060167c8                GFTR_GetLenData
                0x060167d4                GFTR_GetLenRoom
                0x060167ec                GFTR_GetDstPack
                0x06016820                GFTR_RtnDstPk
                0x0601683c                GFTR_GetData
                0x06016850                GFTR_SetData
                0x06016864                GFTR_SetTransFunc
 *fill*         0x06016876        0xa 
 .text          0x06016880      0x130 ../../saturnringlib/../modules/sgl/LIB/LIBCD.A(CDC_DRV.O)
                0x06016880                CDC_CdPlay
                0x0601694c                CDC_CdSeek
                0x06016980                CDC_CdScan
 .text          0x060169b0       0xa8 ../../saturnringlib/../modules/sgl/LIB/LIBCD.A(CDC_DEV.O)
                0x060169b0                CDC_CdSetCon
                0x060169e0                CDC_CdGetCon
                0x06016a1c                CDC_CdGetLastBuf
 *fill*         0x06016a58        0x8 
 .text          0x06016a60      0x2b8 ../../saturnringlib/../modules/sgl/LIB/LIBCD.A(CDC_SEL.O)
                0x06016a60                CDC_SetFiltRange
                0x06016a94                CDC_GetFiltRange
                0x06016aec                CDC_SetFiltSubh
                0x06016b5c                CDC_GetFiltSubh
                0x06016bd8                CDC_SetFiltMode
                0x06016c0c                CDC_GetFiltMode
                0x06016c50                CDC_SetFiltCon
                0x06016c90                CDC_GetFiltCon
                0x06016ce4                CDC_ResetSelector
 *fill*         0x06016d18        0x8 
 .text          0x06016d20      0x270 ../../saturnringlib/../modules/sgl/LIB/LIBCD.A(CDC_BIF.O)
                0x06016d20                CDC_GetBufSiz
                0x06016d7c                CDC_GetSctNum
                0x06016dc0                CDC_CalActSiz
                0x06016dfc                CDC_GetActSiz
                0x06016e7c                CDC_GetSctInfo
                0x06016efc                CDC_ExeFadSearch
                0x06016f34                CDC_GetFadSearch
 .text          0x06016f90      0x1e4 ../../saturnringlib/../modules/sgl/LIB/LIBCD.A(CDC_BIO.O)
                0x06016f90                CDC_SetSctLen
                0x06016fc4                CDC_GetSctData
                0x06017000                CDC_DelSctData
                0x0601703c                CDC_GetdelSctData
                0x06017078                CDC_PutSctData
                0x060170b0                CDC_CopySctData
                0x060170f4                CDC_MoveSctData
                0x06017138                CDC_GetCopyErr
 *fill*         0x06017174        0xc 
 .text          0x06017180      0x194 ../../saturnringlib/../modules/sgl/LIB/LIBCD.A(CDC_CFS.O)
                0x06017180                CDC_ChgDir
                0x060171b4                CDC_ReadDir
                0x060171e8                CDC_GetFileScope
                0x06017248                CDC_TgetFileInfo
                0x060172a4                CDC_ReadFile
                0x060172d8                CDC_AbortFile
 *fill*         0x06017314        0xc 
 .text          0x06017320        0x0 ../../saturnringlib/../modules/sgl/LIB/LIBSGL.A(sglA16.o)
 .text          0x06017320        0x0 ../../saturnringlib/../modules/sgl/LIB/LIBSGL.A(sglA17.o)
 .text          0x06017320        0x0 ../../saturnringlib/../modules/sgl/LIB/LIBSGL.A(sglA18.o)
 .text          0x06017320        0x0 ../../saturnringlib/../modules/sgl/LIB/LIBSGL.A(sglA19.o)
 .text          0x06017320        0x0 ../../saturnringlib/../modules/sgl/LIB/LIBSGL.A(sglA20.o)
 .text          0x06017320        0x0 ../../saturnringlib/../modules/sgl/LIB/LIBSGL.A(sglA21.o)
 .text          0x06017320        0x0 ../../saturnringlib/../modules/sgl/LIB/LIBSGL.A(sglA27.o)
 .text          0x06017320        0x0 ../../saturnringlib/../modules/sgl/LIB/LIBSGL.A(sglA39.o)
 .text          0x06017320        0x0 ../../saturnringlib/../modules/sgl/LIB/LIBSGL.A(sglB001.o)
 .text          0x06017320        0x0 ../../saturnringlib/../modules/sgl/LIB/LIBSGL.A(sglB002.o)
 .text          0x06017320        0x0 ../../saturnringlib/../modules/sgl/LIB/LIBSGL.A(sglB015.o)
 .text          0x06017320        0x0 ../../saturnringlib/../modules/sgl/LIB/LIBSGL.A(sglB016.o)
 .text          0x06017320        0x0 ../../saturnringlib/../modules/sgl/LIB/LIBSGL.A(sglB031.o)
 .text          0x06017320        0x0 ../../saturnringlib/../modules/sgl/LIB/LIBSGL.A(sglB034.o)
 .text          0x06017320        0x0 ../../saturnringlib/../modules/sgl/LIB/LIBSGL.A(sglB035.o)
 .text          0x06017320        0x0 ../../saturnringlib/../modules/sgl/LIB/LIBSGL.A(sglB038.o)
 .text          0x06017320        0x0 ../../saturnringlib/../modules/sgl/LIB/LIBSGL.A(sglB040.o)
 .text          0x06017320        0x0 ../../saturnringlib/../modules/sgl/LIB/LIBSGL.A(sglB042.o)
 .text          0x06017320        0x0 ../../saturnringlib/../modules/sgl/LIB/LIBSGL.A(sglB043.o)
 .text          0x06017320        0x0 ../../saturnringlib/../modules/sgl/LIB/LIBSGL.A(sglB044.o)
 .text          0x06017320        0x0 ../../saturnringlib/../modules/sgl/LIB/LIBSGL.A(sglB045.o)
 .text          0x06017320        0x0 ../../saturnringlib/../modules/sgl/LIB/LIBSGL.A(sglB047.o)
 .text          0x06017320        0x0 ../../saturnringlib/../modules/sgl/LIB/LIBSGL.A(sglB055.o)
 .text          0x06017320        0x0 ../../saturnringlib/../modules/sgl/LIB/LIBSGL.A(sglB058.o)
 .text          0x06017320        0x0 ../../saturnringlib/../modules/sgl/LIB/LIBSGL.A(sglB059.o)
 .text          0x06017320        0x0 ../../saturnringlib/../modules/sgl/LIB/LIBSGL.A(sglB063.o)
 .text          0x06017320        0x0 ../../saturnringlib/../modules/sgl/LIB/LIBSGL.A(sglB070.o)
 .text          0x06017320        0x0 ../../saturnringlib/../modules/sgl/LIB/LIBSGL.A(sglB112.o)
 .text          0x06017320        0x0 ../../saturnringlib/../modules/sgl/LIB/LIBSGL.A(sglB200.o)
 .text          0x06017320        0x0 ../../saturnringlib/../modules/sgl/LIB/LIBSGL.A(sglC01.o)
 .text          0x06017320        0x0 ../../saturnringlib/../modules/sgl/LIB/LIBSGL.A(sglC02.o)
 .text          0x06017320        0x0 ../../saturnringlib/../modules/sgl/LIB/LIBSGL.A(sglC04.o)
 .text          0x06017320        0x0 ../../saturnringlib/../modules/sgl/LIB/LIBSGL.A(sglC05.o)
 .text          0x06017320        0x0 ../../saturnringlib/../modules/sgl/LIB/LIBSGL.A(sglC08.o)
 .text          0x06017320        0x0 ../../saturnringlib/../modules/sgl/LIB/LIBSGL.A(sglC20.o)
 .text          0x06017320        0x0 ../../saturnringlib/../modules/sgl/LIB/LIBSGL.A(sglD00.o)
 .text          0x06017320        0x0 ../../saturnringlib/../modules/sgl/LIB/LIBSGL.A(sglD01.o)
 .text          0x06017320        0x0 ../../saturnringlib/../modules/sgl/LIB/LIBSGL.A(sglD03.o)
 .text          0x06017320        0x0 ../../saturnringlib/../modules/sgl/LIB/LIBSGL.A(sglD15.o)
 .text          0x06017320        0x0 ../../saturnringlib/../modules/sgl/LIB/LIBSGL.A(sglD16.o)
 .text          0x06017320        0x0 ../../saturnringlib/../modules/sgl/LIB/LIBSGL.A(sglD17.o)
 .text          0x06017320        0x0 ../../saturnringlib/../modules/sgl/LIB/LIBSGL.A(sglD18.o)
 .text          0x06017320        0x0 ../../saturnringlib/../modules/sgl/LIB/LIBSGL.A(sglF00.o)
 .text          0x06017320        0x0 ../../saturnringlib/../modules/sgl/LIB/LIBSGL.A(sglG00.o)
 .text          0x06017320        0x0 ../../saturnringlib/../modules/sgl/LIB/LIBSGL.A(sglH00.o)
 .text          0x06017320        0x0 ../../saturnringlib/../modules/sgl/LIB/LIBSGL.A(sglH02.o)
 .text          0x06017320        0x0 ../../saturnringlib/../modules/sgl/LIB/LIBSGL.A(sglH04.o)
 .text          0x06017320        0x0 ../../saturnringlib/../modules/sgl/LIB/LIBSGL.A(sglI01.o)
 .text          0x06017320        0x0 ../../saturnringlib/../modules/sgl/LIB/LIBSGL.A(sglI04.o)
 .text          0x06017320      0x128 ../../saturnringlib/../modules/sgl/LIB/LIBSGL.A(sglIc0.o)
                0x06017320                slInitSystem
 *fill*         0x06017448        0x8 
 .text          0x06017450        0x0 ../../saturnringlib/../modules/sgl/LIB/LIBSGL.A(sglJ00.o)
 .text          0x06017450        0x0 ../../saturnringlib/../modules/sgl/LIB/LIBSGL.A(sglJ01.o)
 .text          0x06017450        0x0 ../../saturnringlib/../modules/sgl/LIB/LIBSGL.A(sglJ02.o)
 .text          0x06017450        0x0 ../../saturnringlib/../modules/sgl/LIB/LIBSGL.A(sglJ03.o)
 .text          0x06017450        0x0 ../../saturnringlib/../modules/sgl/LIB/LIBSGL.A(sglJ04.o)
 .text          0x06017450        0x0 ../../saturnringlib/../modules/sgl/LIB/LIBSGL.A(sglJ05.o)
 .text          0x06017450        0x0 ../../saturnringlib/../modules/sgl/LIB/LIBSGL.A(sglK01.o)
 .text          0x06017450        0x0 ../../saturnringlib/../modules/sgl/LIB/LIBSGL.A(sglM00.o)
 .text          0x06017450        0x0 ../../saturnringlib/../modules/sgl/LIB/LIBSGL.A(sglM01.o)
 .text          0x06017450        0x0 ../../saturnringlib/../modules/sgl/LIB/LIBSGL.A(sglA00.o)
 .text          0x06017450        0x0 ../../saturnringlib/../modules/sgl/LIB/LIBSGL.A(sglA01.o)
 .text          0x06017450        0x0 ../../saturnringlib/../modules/sgl/LIB/LIBSGL.A(sglA03.o)
 .text          0x06017450        0x0 ../../saturnringlib/../modules/sgl/LIB/LIBSGL.A(sglA10.o)
 .text          0x06017450        0x0 ../../saturnringlib/../modules/sgl/LIB/LIBSGL.A(sglA24.o)
 .text          0x06017450        0x0 ../../saturnringlib/../modules/sgl/LIB/LIBSGL.A(sglA25.o)
 .text          0x06017450        0x0 ../../saturnringlib/../modules/sgl/LIB/LIBSGL.A(sglA28.o)
 .text          0x06017450        0x0 ../../saturnringlib/../modules/sgl/LIB/LIBSGL.A(sglA40.o)
 .text          0x06017450        0x0 ../../saturnringlib/../modules/sgl/LIB/LIBSGL.A(sglB000.o)
 .text          0x06017450        0x0 ../../saturnringlib/../modules/sgl/LIB/LIBSGL.A(sglC00.o)
 .text          0x06017450        0x0 ../../saturnringlib/../modules/sgl/LIB/LIBSGL.A(sglC13.o)
 .text          0x06017450        0x0 ../../saturnringlib/../modules/sgl/LIB/LIBSGL.A(sglD02.o)
 .text          0x06017450        0x0 ../../saturnringlib/../modules/sgl/LIB/LIBSGL.A(sglD19.o)
 .text          0x06017450        0x0 ../../saturnringlib/../modules/sgl/LIB/LIBSGL.A(sglI00.o)
 .text          0x06017450        0x0 ../../saturnringlib/../modules/sgl/LIB/LIBSGL.A(sglH03.o)
 .text          0x06017450     0x10b4 ../../saturnringlib/../modules/sgl/LIB/LIBSND.A(snd_main.o)
                0x06017450                SND_Init
                0x060175c8                SND_MoveData
                0x06017614                SND_ChgMap
                0x060176ec                SND_SetTlVl
                0x0601774c                SND_ChgEfct
                0x060177ac                SND_ChgMix
                0x06017818                SND_ChgMixPrm
                0x060178a0                SND_ChkHard
                0x0601793c                SND_StopDsp
                0x06017990                SND_OffAllSound
                0x060179e4                SND_StartSeq
                0x06017a68                SND_StopSeq
                0x06017ac8                SND_PauseSeq
                0x06017b28                SND_ContSeq
                0x06017b88                SND_SetSeqVl
                0x06017c00                SND_ChgTempo
                0x06017c7c                SND_CtrlDirMidi
                0x06017d34                SND_SetSeqPan
                0x06017da8                SND_StartPcm
                0x06017eb8                SND_StopPcm
                0x06017f18                SND_ChgPcm
                0x06017fe8                SND_StartVlAnl
                0x0601803c                SND_StopVlAnl
                0x06018090                SND_SetCdDaLev
                0x0601810c                SND_SetCdDaPan
                0x06018188                SND_GetSeqStat
                0x060181b0                SND_GetSeqPlayPos
                0x060181cc                SND_GetPcmPlayAdr
                0x060181f4                SND_GetAnlTlVl
                0x06018210                SND_GetAnlHzVl
                0x060183cc                SND_SetQSound
                0x06018438                SND_Set3D_Stat
                0x060184b0                SND_Set3D_Init
 .text          0x06018504       0x52 C:/saturn/SaturnRingLib-main/Compiler/sh2eb-elf/bin/../lib/gcc/sh-elf/14.2.0\libgcc.a(_ashiftrt.o)
                0x06018504                __ashiftrt_r4_31
                0x06018504                __ashiftrt_r4_32
                0x0601850a                __ashiftrt_r4_30
                0x0601850c                __ashiftrt_r4_29
                0x0601850e                __ashiftrt_r4_28
                0x06018510                __ashiftrt_r4_27
                0x06018512                __ashiftrt_r4_26
                0x06018514                __ashiftrt_r4_25
                0x06018516                __ashiftrt_r4_24
                0x0601851e                __ashiftrt_r4_23
                0x06018520                __ashiftrt_r4_22
                0x06018522                __ashiftrt_r4_21
                0x06018524                __ashiftrt_r4_20
                0x06018526                __ashiftrt_r4_19
                0x06018528                __ashiftrt_r4_18
                0x0601852a                __ashiftrt_r4_17
                0x0601852c                __ashiftrt_r4_16
                0x06018532                __ashiftrt_r4_15
                0x06018534                __ashiftrt_r4_14
                0x06018536                __ashiftrt_r4_13
                0x06018538                __ashiftrt_r4_12
                0x0601853a                __ashiftrt_r4_11
                0x0601853c                __ashiftrt_r4_10
                0x0601853e                __ashiftrt_r4_9
                0x06018540                __ashiftrt_r4_8
                0x06018542                __ashiftrt_r4_7
                0x06018544                __ashiftrt_r4_6
                0x06018546                __ashiftrt_r4_5
                0x06018548                __ashiftrt_r4_4
                0x0601854a                __ashiftrt_r4_3
                0x0601854c                __ashiftrt_r4_2
                0x0601854e                __ashiftrt_r4_1
                0x06018552                __ashiftrt_r4_0
 *fill*         0x06018556        0x2 
 .text          0x06018558       0x80 C:/saturn/SaturnRingLib-main/Compiler/sh2eb-elf/bin/../lib/gcc/sh-elf/14.2.0\libgcc.a(_ashiftrt_n.o)
                0x06018558                __ashrsi3
 .text          0x060185d8       0xbc C:/saturn/SaturnRingLib-main/Compiler/sh2eb-elf/bin/../lib/gcc/sh-elf/14.2.0\libgcc.a(_ashiftlt.o)
                0x060185d8                __ashlsi3
                0x060185dc                __ashlsi3_r0
 .text          0x06018694       0xbc C:/saturn/SaturnRingLib-main/Compiler/sh2eb-elf/bin/../lib/gcc/sh-elf/14.2.0\libgcc.a(_lshiftrt.o)
                0x06018694                __lshrsi3
                0x06018698                __lshrsi3_r0
 .text          0x06018750       0x78 C:/saturn/SaturnRingLib-main/Compiler/sh2eb-elf/bin/../lib/gcc/sh-elf/14.2.0\libgcc.a(_movmem.o)
                0x06018750                __movmem
                0x06018750                __movstr
                0x06018784                __movstrSI64
                0x06018784                __movmemSI64
                0x06018788                __movstrSI60
                0x06018788                __movmemSI60
                0x0601878c                __movstrSI56
                0x0601878c                __movmemSI56
                0x06018790                __movstrSI52
                0x06018790                __movmemSI52
                0x06018794                __movstrSI48
                0x06018794                __movmemSI48
                0x06018798                __movmemSI44
                0x06018798                __movstrSI44
                0x0601879c                __movstrSI40
                0x0601879c                __movmemSI40
                0x060187a0                __movmemSI36
                0x060187a0                __movstrSI36
                0x060187a4                __movmemSI32
                0x060187a4                __movstrSI32
                0x060187a8                __movstrSI28
                0x060187a8                __movmemSI28
                0x060187ac                __movmemSI24
                0x060187ac                __movstrSI24
                0x060187b0                __movstrSI20
                0x060187b0                __movmemSI20
                0x060187b4                __movstrSI16
                0x060187b4                __movmemSI16
                0x060187b8                __movstrSI12
                0x060187b8                __movmemSI12
                0x060187bc                __movmemSI8
                0x060187bc                __movstrSI8
                0x060187c0                __movmemSI4
                0x060187c0                __movstrSI4
 .text          0x060187c8       0xa0 C:/saturn/SaturnRingLib-main/Compiler/sh2eb-elf/bin/../lib/gcc/sh-elf/14.2.0\libgcc.a(_sdivsi3.o)
                0x060187c8                __sdivsi3
 .text          0x06018868       0x6c C:/saturn/SaturnRingLib-main/Compiler/sh2eb-elf/bin/../lib/gcc/sh-elf/14.2.0\libgcc.a(_udivsi3.o)
                0x0601888a                __udivsi3
 .text          0x060188d4       0x18 C:/saturn/SaturnRingLib-main/Compiler/sh2eb-elf/bin/../lib/gcc/sh-elf/14.2.0/../../../../sh-elf/lib\libc.a(libc_a-abort.o)
                0x060188d4                abort
 .text          0x060188ec      0x108 C:/saturn/SaturnRingLib-main/Compiler/sh2eb-elf/bin/../lib/gcc/sh-elf/14.2.0/../../../../sh-elf/lib\libc.a(libc_a-snprintf.o)
                0x060188ec                _snprintf_r
                0x060188ec                _sniprintf_r
                0x0601896c                snprintf
                0x0601896c                sniprintf
 .text          0x060189f4       0x1e C:/saturn/SaturnRingLib-main/Compiler/sh2eb-elf/bin/../lib/gcc/sh-elf/14.2.0/../../../../sh-elf/lib\libc.a(libc_a-memcmp.o)
                0x060189f4                memcmp
 .text          0x06018a12       0x26 C:/saturn/SaturnRingLib-main/Compiler/sh2eb-elf/bin/../lib/gcc/sh-elf/14.2.0/../../../../sh-elf/lib\libc.a(libc_a-strncmp.o)
                0x06018a12                strncmp
 .text          0x06018a38       0x32 C:/saturn/SaturnRingLib-main/Compiler/sh2eb-elf/bin/../lib/gcc/sh-elf/14.2.0/../../../../sh-elf/lib\libc.a(libc_a-strncpy.o)
                0x06018a38                strncpy
 *fill*         0x06018a6a        0x2 
 .text          0x06018a6c      0x1a8 C:/saturn/SaturnRingLib-main/Compiler/sh2eb-elf/bin/../lib/gcc/sh-elf/14.2.0/../../../../sh-elf/lib\libc.a(libc_a-signal.o)
                0x06018a6c                _init_signal_r
                0x06018aac                _signal_r
                0x06018af8                _raise_r
                0x06018b68                __sigtramp_r
                0x06018bc8                raise
                0x06018bdc                signal
                0x06018bf0                _init_signal
                0x06018c00                __sigtramp
 .text          0x06018c14        0x0 C:/saturn/SaturnRingLib-main/Compiler/sh2eb-elf/bin/../lib/gcc/sh-elf/14.2.0/../../../../sh-elf/lib\libc.a(libc_a-impure.o)
 .text          0x06018c14       0x40 C:/saturn/SaturnRingLib-main/Compiler/sh2eb-elf/bin/../lib/gcc/sh-elf/14.2.0/../../../../sh-elf/lib\libc.a(libc_a-signalr.o)
                0x06018c14                _kill_r
                0x06018c48                _getpid_r
 .text          0x06018c54       0x94 C:/saturn/SaturnRingLib-main/Compiler/sh2eb-elf/bin/../lib/gcc/sh-elf/14.2.0/../../../../sh-elf/lib\libc.a(libc_a-memcpy.o)
                0x06018c54                memcpy
 .text          0x06018ce8       0x40 C:/saturn/SaturnRingLib-main/Compiler/sh2eb-elf/bin/../lib/gcc/sh-elf/14.2.0/../../../../sh-elf/lib\libc.a(libc_a-memset.o)
                0x06018ce8                memset
 .text          0x06018d28      0x194 C:/saturn/SaturnRingLib-main/Compiler/sh2eb-elf/bin/../lib/gcc/sh-elf/14.2.0/../../../../sh-elf/lib\libc.a(libc_a-mallocr.o)
                0x06018d84                _malloc_r
 .text          0x06018ebc        0x8 C:/saturn/SaturnRingLib-main/Compiler/sh2eb-elf/bin/../lib/gcc/sh-elf/14.2.0/../../../../sh-elf/lib\libc.a(libc_a-mlock.o)
                0x06018ebc                __malloc_lock
                0x06018ec0                __malloc_unlock
 .text          0x06018ec4      0x42c C:/saturn/SaturnRingLib-main/Compiler/sh2eb-elf/bin/../lib/gcc/sh-elf/14.2.0/../../../../sh-elf/lib\libc.a(libc_a-nano-svfprintf.o)
                0x06018ec4                __ssputs_r
                0x06018fb8                __ssprint_r
                0x060190e0                _svfprintf_r
                0x060190e0                _svfiprintf_r
 .text          0x060192f0      0x374 C:/saturn/SaturnRingLib-main/Compiler/sh2eb-elf/bin/../lib/gcc/sh-elf/14.2.0/../../../../sh-elf/lib\libc.a(libc_a-nano-vfprintf_i.o)
                0x060192f0                _printf_common
                0x060193f0                _printf_i
 .text          0x06019664      0x1fc C:/saturn/SaturnRingLib-main/Compiler/sh2eb-elf/bin/../lib/gcc/sh-elf/14.2.0/../../../../sh-elf/lib\libc.a(libc_a-findfp.o)
                0x0601976c                __sfp
                0x06019838                __sinit
 .text          0x06019860       0x58 C:/saturn/SaturnRingLib-main/Compiler/sh2eb-elf/bin/../lib/gcc/sh-elf/14.2.0/../../../../sh-elf/lib\libc.a(libc_a-fwalk.o)
                0x06019860                _fwalk_sglue
 .text          0x060198b8       0xdc C:/saturn/SaturnRingLib-main/Compiler/sh2eb-elf/bin/../lib/gcc/sh-elf/14.2.0/../../../../sh-elf/lib\libc.a(libc_a-stdio.o)
                0x060198b8                __sread
                0x060198f0                __seofread
                0x060198f4                __swrite
                0x06019944                __sseek
                0x06019984                __sclose
 .text          0x06019994       0x1c C:/saturn/SaturnRingLib-main/Compiler/sh2eb-elf/bin/../lib/gcc/sh-elf/14.2.0/../../../../sh-elf/lib\libc.a(libc_a-memchr.o)
                0x06019994                memchr
 .text          0x060199b0       0x3c C:/saturn/SaturnRingLib-main/Compiler/sh2eb-elf/bin/../lib/gcc/sh-elf/14.2.0/../../../../sh-elf/lib\libc.a(libc_a-memmove.o)
                0x060199b0                memmove
 .text          0x060199ec       0x30 C:/saturn/SaturnRingLib-main/Compiler/sh2eb-elf/bin/../lib/gcc/sh-elf/14.2.0/../../../../sh-elf/lib\libc.a(libc_a-closer.o)
                0x060199ec                _close_r
 .text          0x06019a1c       0xa4 C:/saturn/SaturnRingLib-main/Compiler/sh2eb-elf/bin/../lib/gcc/sh-elf/14.2.0/../../../../sh-elf/lib\libc.a(libc_a-reent.o)
                0x06019a1c                _reclaim_reent
 .text          0x06019ac0       0x34 C:/saturn/SaturnRingLib-main/Compiler/sh2eb-elf/bin/../lib/gcc/sh-elf/14.2.0/../../../../sh-elf/lib\libc.a(libc_a-lseekr.o)
                0x06019ac0                _lseek_r
 .text          0x06019af4       0x34 C:/saturn/SaturnRingLib-main/Compiler/sh2eb-elf/bin/../lib/gcc/sh-elf/14.2.0/../../../../sh-elf/lib\libc.a(libc_a-readr.o)
                0x06019af4                _read_r
 .text          0x06019b28       0x30 C:/saturn/SaturnRingLib-main/Compiler/sh2eb-elf/bin/../lib/gcc/sh-elf/14.2.0/../../../../sh-elf/lib\libc.a(libc_a-sbrkr.o)
                0x06019b28                _sbrk_r
 .text          0x06019b58       0x34 C:/saturn/SaturnRingLib-main/Compiler/sh2eb-elf/bin/../lib/gcc/sh-elf/14.2.0/../../../../sh-elf/lib\libc.a(libc_a-writer.o)
                0x06019b58                _write_r
 .text          0x06019b8c       0xc4 C:/saturn/SaturnRingLib-main/Compiler/sh2eb-elf/bin/../lib/gcc/sh-elf/14.2.0/../../../../sh-elf/lib\libc.a(libc_a-freer.o)
                0x06019b8c                _free_r
 .text          0x06019c50       0x98 C:/saturn/SaturnRingLib-main/Compiler/sh2eb-elf/bin/../lib/gcc/sh-elf/14.2.0/../../../../sh-elf/lib\libc.a(libc_a-reallocr.o)
                0x06019c50                _realloc_r
 .text          0x06019ce8      0x1a8 C:/saturn/SaturnRingLib-main/Compiler/sh2eb-elf/bin/../lib/gcc/sh-elf/14.2.0/../../../../sh-elf/lib\libc.a(libc_a-fflush.o)
                0x06019ce8                __sflush_r
                0x06019e20                _fflush_r
                0x06019e60                fflush
 .text          0x06019e90       0x16 C:/saturn/SaturnRingLib-main/Compiler/sh2eb-elf/bin/../lib/gcc/sh-elf/14.2.0/../../../../sh-elf/lib\libc.a(libc_a-msizer.o)
                0x06019e90                _malloc_usable_size_r
 *fill*         0x06019ea6        0x2 
 .text          0x06019ea8       0x10 C:/saturn/SaturnRingLib-main/Compiler/sh2eb-elf/bin/../lib/gcc/sh-elf/14.2.0/../../../../sh-elf/lib\libnosys.a(close.o)
                0x06019ea8                _close
 .text          0x06019eb8       0x10 C:/saturn/SaturnRingLib-main/Compiler/sh2eb-elf/bin/../lib/gcc/sh-elf/14.2.0/../../../../sh-elf/lib\libnosys.a(getpid.o)
                0x06019eb8                _getpid
 .text          0x06019ec8       0x10 C:/saturn/SaturnRingLib-main/Compiler/sh2eb-elf/bin/../lib/gcc/sh-elf/14.2.0/../../../../sh-elf/lib\libnosys.a(kill.o)
                0x06019ec8                _kill
 .text          0x06019ed8       0x10 C:/saturn/SaturnRingLib-main/Compiler/sh2eb-elf/bin/../lib/gcc/sh-elf/14.2.0/../../../../sh-elf/lib\libnosys.a(lseek.o)
                0x06019ed8                _lseek
 .text          0x06019ee8       0x10 C:/saturn/SaturnRingLib-main/Compiler/sh2eb-elf/bin/../lib/gcc/sh-elf/14.2.0/../../../../sh-elf/lib\libnosys.a(read.o)
                0x06019ee8                _read
 .text          0x06019ef8       0x18 C:/saturn/SaturnRingLib-main/Compiler/sh2eb-elf/bin/../lib/gcc/sh-elf/14.2.0/../../../../sh-elf/lib\libnosys.a(sbrk.o)
                0x06019ef8                _sbrk
 .text          0x06019f10       0x10 C:/saturn/SaturnRingLib-main/Compiler/sh2eb-elf/bin/../lib/gcc/sh-elf/14.2.0/../../../../sh-elf/lib\libnosys.a(write.o)
                0x06019f10                _write
 .text          0x06019f20        0x4 C:/saturn/SaturnRingLib-main/Compiler/sh2eb-elf/bin/../lib/gcc/sh-elf/14.2.0/../../../../sh-elf/lib\libnosys.a(_exit.o)
                0x06019f20                _exit
 *(.strings*)
 *(SEGA_P)
 *(.eh_frame_hdr*)
 *(.eh_frame*)
                0x06019f24                        __etext = .

COMMON          0x06019f30       0x28
 *(COMMON)
 COMMON         0x06019f30        0xc ../../saturnringlib/../modules/sgl/LIB/LIBCD.A(GFS.O)
                0x06019f30                GFMC_base
                0x06019f34                gfs_mng_ptr
                0x06019f38                gfs_use_scudma
 COMMON         0x06019f3c        0xc ../../saturnringlib/../modules/sgl/LIB/LIBCD.A(GFS_CDC.O)
                0x06019f3c                gfcd_fatal_err
                0x06019f40                gfcd_work
                0x06019f44                gfcd_playflag
 COMMON         0x06019f48        0x8 ../../saturnringlib/../modules/sgl/LIB/LIBCD.A(GFS_CDF.O)
                0x06019f48                gfcf_fad
                0x06019f4c                gfcf_stat
 COMMON         0x06019f50        0x8 ../../saturnringlib/../modules/sgl/LIB/LIBSND.A(snd_main.o)
                0x06019f50                snd_adr_sys_int_work
                0x06019f54                snd_msk_work_work

SLPROG          0x06019f60     0xe7f0
                0x06019f60                        __slprog_start = .
 *(SLPROG)
 SLPROG         0x06019f60       0xd0 ../../saturnringlib/../modules/sgl/LIB/LIBSGL.A(sglA16.o)
                0x06019f60                slLookAt
 SLPROG         0x0601a030       0x78 ../../saturnringlib/../modules/sgl/LIB/LIBSGL.A(sglA17.o)
                0x0601a030                slRotZ
                0x0601a03a                slRotZSC
 *fill*         0x0601a0a8        0x8 
 SLPROG         0x0601a0b0       0x78 ../../saturnringlib/../modules/sgl/LIB/LIBSGL.A(sglA18.o)
                0x0601a0b0                slRotY
                0x0601a0ba                slRotYSC
 *fill*         0x0601a128        0x8 
 SLPROG         0x0601a130       0x78 ../../saturnringlib/../modules/sgl/LIB/LIBSGL.A(sglA19.o)
                0x0601a130                slRotX
                0x0601a13a                slRotXSC
 *fill*         0x0601a1a8        0x8 
 SLPROG         0x0601a1b0      0x42c ../../saturnringlib/../modules/sgl/LIB/LIBSGL.A(sglA20.o)
                0x0601a1b0                slInitMatrix
                0x0601a1ba                slPushUnitMatrix
                0x0601a1ce                slUnitMatrix
 *fill*         0x0601a5dc        0x4 
 SLPROG         0x0601a5e0       0x48 ../../saturnringlib/../modules/sgl/LIB/LIBSGL.A(sglA21.o)
                0x0601a5e0                slPushMatrix
                0x0601a614                slDecMatrixPtr
                0x0601a614                slPopMatrix
 *fill*         0x0601a628        0x8 
 SLPROG         0x0601a630       0x50 ../../saturnringlib/../modules/sgl/LIB/LIBSGL.A(sglA27.o)
                0x0601a630                slTranslate
 SLPROG         0x0601a680       0x98 ../../saturnringlib/../modules/sgl/LIB/LIBSGL.A(sglA39.o)
                0x0601a680                slConvert3Dto2DFX
 *fill*         0x0601a718        0x8 
 SLPROG         0x0601a720       0x20 ../../saturnringlib/../modules/sgl/LIB/LIBSGL.A(sglB001.o)
                0x0601a720                slTVOn
                0x0601a72a                slTVOff
 SLPROG         0x0601a740       0x1e ../../saturnringlib/../modules/sgl/LIB/LIBSGL.A(sglB002.o)
                0x0601a740                slColRAMMode
 *fill*         0x0601a75e        0x2 
 SLPROG         0x0601a760      0x40c ../../saturnringlib/../modules/sgl/LIB/LIBSGL.A(sglB015.o)
                0x0601a760                slScrAutoDisp
 *fill*         0x0601ab6c        0x4 
 SLPROG         0x0601ab70        0xc ../../saturnringlib/../modules/sgl/LIB/LIBSGL.A(sglB016.o)
                0x0601ab70                slBack1ColSet
 *fill*         0x0601ab7c        0x4 
 SLPROG         0x0601ab80       0xb0 ../../saturnringlib/../modules/sgl/LIB/LIBSGL.A(sglB031.o)
                0x0601ab80                slMapNbg0
 SLPROG         0x0601ac30       0xb4 ../../saturnringlib/../modules/sgl/LIB/LIBSGL.A(sglB034.o)
                0x0601ac30                slMapNbg3
 *fill*         0x0601ace4        0xc 
 SLPROG         0x0601acf0       0xd4 ../../saturnringlib/../modules/sgl/LIB/LIBSGL.A(sglB035.o)
                0x0601acf0                sl1MapRA
                0x0601ad82                rbank_set
 *fill*         0x0601adc4        0xc 
 SLPROG         0x0601add0       0x70 ../../saturnringlib/../modules/sgl/LIB/LIBSGL.A(sglB038.o)
                0x0601add0                slRparaInitSet
 SLPROG         0x0601ae40       0x58 ../../saturnringlib/../modules/sgl/LIB/LIBSGL.A(sglB040.o)
                0x0601ae40                slKtableRA
 *fill*         0x0601ae98        0x8 
 SLPROG         0x0601aea0       0x10 ../../saturnringlib/../modules/sgl/LIB/LIBSGL.A(sglB042.o)
                0x0601aea0                slCurRpara
 SLPROG         0x0601aeb0        0x8 ../../saturnringlib/../modules/sgl/LIB/LIBSGL.A(sglB043.o)
                0x0601aeb0                slRparaMode
 *fill*         0x0601aeb8        0x8 
 SLPROG         0x0601aec0      0x4e4 ../../saturnringlib/../modules/sgl/LIB/LIBSGL.A(sglB044.o)
                0x0601aec0                slScrMatSet
 *fill*         0x0601b3a4        0xc 
 SLPROG         0x0601b3b0       0x28 ../../saturnringlib/../modules/sgl/LIB/LIBSGL.A(sglB045.o)
                0x0601b3b0                slScrMatConv
 *fill*         0x0601b3d8        0x8 
 SLPROG         0x0601b3e0        0xc ../../saturnringlib/../modules/sgl/LIB/LIBSGL.A(sglB047.o)
                0x0601b3e0                slOverRA
 *fill*         0x0601b3ec        0x4 
 SLPROG         0x0601b3f0        0xc ../../saturnringlib/../modules/sgl/LIB/LIBSGL.A(sglB055.o)
                0x0601b3f0                slPlaneNbg0
 *fill*         0x0601b3fc        0x4 
 SLPROG         0x0601b400       0x10 ../../saturnringlib/../modules/sgl/LIB/LIBSGL.A(sglB058.o)
                0x0601b400                slPlaneNbg3
 SLPROG         0x0601b410        0xc ../../saturnringlib/../modules/sgl/LIB/LIBSGL.A(sglB059.o)
                0x0601b410                slPlaneRA
 *fill*         0x0601b41c        0x4 
 SLPROG         0x0601b420        0xc ../../saturnringlib/../modules/sgl/LIB/LIBSGL.A(sglB063.o)
                0x0601b420                slPriority
 *fill*         0x0601b42c        0x4 
 SLPROG         0x0601b430       0x34 ../../saturnringlib/../modules/sgl/LIB/LIBSGL.A(sglB070.o)
                0x0601b430                slScrPosNbg0
 *fill*         0x0601b464        0xc 
 SLPROG         0x0601b470       0x3c ../../saturnringlib/../modules/sgl/LIB/LIBSGL.A(sglB112.o)
                0x0601b470                slScrScaleNbg0
                0x0601b476                slScrScaleNbg1
                0x0601b47c                slScrScaleR
 *fill*         0x0601b4ac        0x4 
 SLPROG         0x0601b4b0      0x114 ../../saturnringlib/../modules/sgl/LIB/LIBSGL.A(sglB200.o)
                0x0601b4b0                slCharRbg0
                0x0601b4bc                slCharNbg0
                0x0601b4c8                slCharNbg1
                0x0601b4d4                slCharNbg2
                0x0601b4ea                slCharNbg3
                0x0601b502                slPageRbg0
                0x0601b518                slPageNbg1
                0x0601b520                slPageNbg2
                0x0601b528                slPageNbg3
                0x0601b534                slPageNbg0
 *fill*         0x0601b5c4        0xc 
 SLPROG         0x0601b5d0       0x6c ../../saturnringlib/../modules/sgl/LIB/LIBSGL.A(sglC01.o)
                0x0601b5d0                slPerspective
 *fill*         0x0601b63c        0x4 
 SLPROG         0x0601b640       0x30 ../../saturnringlib/../modules/sgl/LIB/LIBSGL.A(sglC02.o)
                0x0601b640                slLight
 SLPROG         0x0601b670       0x2c ../../saturnringlib/../modules/sgl/LIB/LIBSGL.A(sglC04.o)
                0x0601b670                slZdspLevel
 *fill*         0x0601b69c        0x4 
 SLPROG         0x0601b6a0       0x78 ../../saturnringlib/../modules/sgl/LIB/LIBSGL.A(sglC05.o)
                0x0601b6a0                slSetSprite
 *fill*         0x0601b718        0x8 
 SLPROG         0x0601b720     0x1218 ../../saturnringlib/../modules/sgl/LIB/LIBSGL.A(sglC08.o)
                0x0601b720                slPutPolygon
                0x0601c39c                MsCalcDepthFlat
 *fill*         0x0601c938        0x8 
 SLPROG         0x0601c940       0x40 ../../saturnringlib/../modules/sgl/LIB/LIBSGL.A(sglC20.o)
                0x0601c940                SpriteEntry
 SLPROG         0x0601c980       0x84 ../../saturnringlib/../modules/sgl/LIB/LIBSGL.A(sglD00.o)
                0x0601c980                slCpuDMACopy
                0x0601c980                slDMACopy
                0x0601c9da                CSH_AllClr
                0x0601c9da                slCashPurge
 *fill*         0x0601ca04        0xc 
 SLPROG         0x0601ca10       0xa0 ../../saturnringlib/../modules/sgl/LIB/LIBSGL.A(sglD01.o)
                0x0601ca10                slDMAXCopy
 SLPROG         0x0601cab0        0xc ../../saturnringlib/../modules/sgl/LIB/LIBSGL.A(sglD03.o)
                0x0601cab0                slDMAStatus
 *fill*         0x0601cabc        0x4 
 SLPROG         0x0601cac0       0x20 ../../saturnringlib/../modules/sgl/LIB/LIBSGL.A(sglD15.o)
                0x0601cac0                CSH_Purge
 SLPROG         0x0601cae0       0x84 ../../saturnringlib/../modules/sgl/LIB/LIBSGL.A(sglD16.o)
                0x0601cae0                DMA_ScuSetPrm
                0x0601cb28                DMA_SCU_PRM0
 *fill*         0x0601cb64        0xc 
 SLPROG         0x0601cb70       0x88 ../../saturnringlib/../modules/sgl/LIB/LIBSGL.A(sglD17.o)
                0x0601cb70                DMA_ScuStart
 *fill*         0x0601cbf8        0x8 
 SLPROG         0x0601cc00       0x34 ../../saturnringlib/../modules/sgl/LIB/LIBSGL.A(sglD18.o)
                0x0601cc00                DMA_ScuGetStatus
 *fill*         0x0601cc34        0xc 
 SLPROG         0x0601cc40       0x4e ../../saturnringlib/../modules/sgl/LIB/LIBSGL.A(sglF00.o)
                0x0601cc40                slCurScrn
                0x0601cc50                slCurColor
                0x0601cc5a                slLocate
                0x0601cc8c                CurrentScreen
 *fill*         0x0601cc8e        0x2 
 SLPROG         0x0601cc90      0x1d0 ../../saturnringlib/../modules/sgl/LIB/LIBSGL.A(sglG00.o)
                0x0601cc90                slInitSound
                0x0601cd94                slWaitSound
                0x0601cdac                slSndFlush
 SLPROG         0x0601ce60      0xfc8 ../../saturnringlib/../modules/sgl/LIB/LIBSGL.A(sglH00.o)
                0x0601ce78                slGetPortDir1
                0x0601ce80                slGetPortDir2
                0x0601ce88                slSetPortDir1
                0x0601ceb2                slSetPortDir2
                0x0601ceec                slGetPortData1
                0x0601cef4                slGetPortData2
                0x0601cefc                slSetPortData1
                0x0601cf06                slSetPortData2
                0x0601cf18                slGetPortSelect1
                0x0601cf22                slGetPortSelect2
                0x0601cf2c                slSetPortSelect1
                0x0601cf60                slSetPortSelect2
                0x0601cf9c                slGetPortExt1
                0x0601cfa6                slGetPortExt2
                0x0601cfb0                slSetPortExt1
                0x0601cfe0                slSetPortExt2
                0x0601d154                slSmpcDirectAccess
                0x0601d1d4                slInitPeripheral
                0x0601d266                slSetResultBuffer
                0x0601d2f2                slCheckIntBackSet
                0x0601d2fe                slIntBackCancel
                0x0601d328                slCheckReset
                0x0601d332                slClearReset
                0x0601d4f8                slSmpcCashSend
                0x0601d5b4                slSmpcCashBlow
                0x0601d690                slGetOptimize
                0x0601d69a                slSetOptimize
                0x0601d6c0                slGetPortMode1
                0x0601d6cc                slGetPortMode2
                0x0601d6da                slSetPortMode1
                0x0601d718                slSetPortMode2
                0x0601d8a4                slRequestCommand
                0x0601d914                Smpc_Status
                0x0601d918                Smpc_Result
                0x0601d91c                Smpc_Peripheral
                0x0601d922                Per_Connect1
                0x0601d923                Per_Connect2
                0x0601d944                SmpcStatusBuf
 *fill*         0x0601de28        0x8 
 SLPROG         0x0601de30      0x470 ../../saturnringlib/../modules/sgl/LIB/LIBSGL.A(sglH02.o)
                0x0601e220                smpc_pfr_tbl
                0x0601e260                smpc_ptf_tbl
 SLPROG         0x0601e2a0       0x60 ../../saturnringlib/../modules/sgl/LIB/LIBSGL.A(sglH04.o)
                0x0601e2a0                slComPrmIntBack
                0x0601e2b4                slComPrmSetMemory
                0x0601e2ca                slComPrmSetTime
 SLPROG         0x0601e300      0x3a4 ../../saturnringlib/../modules/sgl/LIB/LIBSGL.A(sglI01.o)
                0x0601e300                slInitSynch
                0x0601e31a                slSynch
                0x0601e410                slRandom
                0x0601e42e                PCM_EndCheck
                0x0601e4ea                RetPCMBuf
                0x0601e584                PCM_Buf
                0x0601e624                Sound_Buf
 *fill*         0x0601e6a4        0xc 
 SLPROG         0x0601e6b0       0x10 ../../saturnringlib/../modules/sgl/LIB/LIBSGL.A(sglI04.o)
                0x0601e6b0                slIntFunction
 SLPROG         0x0601e6c0       0x74 ../../saturnringlib/../modules/sgl/LIB/LIBSGL.A(sglJ00.o)
                0x0601e6c0                InitSlaveSH
                0x0601e728                SlaveCommand
 *fill*         0x0601e734        0xc 
 SLPROG         0x0601e740      0x3d0 ../../saturnringlib/../modules/sgl/LIB/LIBSGL.A(sglJ01.o)
                0x0601e740                SlaveControl
                0x0601eafc                ErasePolygonData
 SLPROG         0x0601eb10     0x12b8 ../../saturnringlib/../modules/sgl/LIB/LIBSGL.A(sglJ02.o)
                0x0601eb10                sbMakePolygon
                0x0601ecf8                sbCalcPolygon
                0x0601fa30                SetTexture
                0x0601fa3c                SetPolygon
                0x0601fa44                SetPosition
                0x0601fa7c                stvtc_4
                0x0601fb34                stvtc_3
                0x0601fd44                stvtc_1
                0x0601fd58                stvtc_2
                0x0601fd6c                stvtc_0
 *fill*         0x0601fdc8        0x8 
 SLPROG         0x0601fdd0      0x140 ../../saturnringlib/../modules/sgl/LIB/LIBSGL.A(sglJ03.o)
                0x0601fdd0                sbMakeDMATable
 SLPROG         0x0601ff10      0x470 ../../saturnringlib/../modules/sgl/LIB/LIBSGL.A(sglJ04.o)
                0x0601ff6e                sbMakeSprite
                0x0601ffd4                sbMakeRotSprite
 SLPROG         0x06020380       0x3c ../../saturnringlib/../modules/sgl/LIB/LIBSGL.A(sglJ05.o)
                0x06020380                sbSortEntry
 *fill*         0x060203bc        0x4 
 SLPROG         0x060203c0      0x4b8 ../../saturnringlib/../modules/sgl/LIB/LIBSGL.A(sglM00.o)
                0x060203c0                slInitGouraud
                0x060204b4                slPutPolygonX
                0x060204fa                slGouraudTblCopy
                0x06020552                slSetGouraudTbl
                0x06020558                slSetGouraudColor
                0x060205d0                slSetAmbient
                0x060205f4                slSetFlatColor
 *fill*         0x06020878        0x8 
 SLPROG         0x06020880       0x6a ../../saturnringlib/../modules/sgl/LIB/LIBSGL.A(sglM01.o)
                0x06020880                slSetDepthLimit
                0x060208ac                slSetDepthTbl
                0x060208dc                DepthWorkArea
 *fill*         0x060208ea        0x6 
 SLPROG         0x060208f0       0x20 ../../saturnringlib/../modules/sgl/LIB/LIBSGL.A(sglA00.o)
                0x060208f0                set_imask
                0x060208f0                _builtin_set_imask
                0x06020904                _builtin_get_imask
                0x06020904                get_imask
 SLPROG         0x06020910     0x411e ../../saturnringlib/../modules/sgl/LIB/LIBSGL.A(sglA01.o)
                0x06020910                slSin
                0x06020934                slCos
                0x06020958                GetSinCos
                0x060209ec                sin_cos_index_tbl
                0x06020a2c                sin_tbl
 *fill*         0x06024a2e        0x2 
 SLPROG         0x06024a30     0x215c ../../saturnringlib/../modules/sgl/LIB/LIBSGL.A(sglA03.o)
                0x06024a30                slTan
 *fill*         0x06026b8c        0x4 
 SLPROG         0x06026b90       0x34 ../../saturnringlib/../modules/sgl/LIB/LIBSGL.A(sglA10.o)
                0x06026b90                slSquartDbl
 *fill*         0x06026bc4        0xc 
 SLPROG         0x06026bd0      0x3c2 ../../saturnringlib/../modules/sgl/LIB/LIBSGL.A(sglA24.o)
                0x06026bd0                slInversMatrix
 *fill*         0x06026f92        0xe 
 SLPROG         0x06026fa0       0x24 ../../saturnringlib/../modules/sgl/LIB/LIBSGL.A(sglA25.o)
                0x06026fa0                slTransposeMatrix
 *fill*         0x06026fc4        0xc 
 SLPROG         0x06026fd0       0x70 ../../saturnringlib/../modules/sgl/LIB/LIBSGL.A(sglA28.o)
                0x06026fd0                slScale
 SLPROG         0x06027040       0x22 ../../saturnringlib/../modules/sgl/LIB/LIBSGL.A(sglA40.o)
                0x06027040                slCalcVector
 *fill*         0x06027062        0xe 
 SLPROG         0x06027070      0xbd0 ../../saturnringlib/../modules/sgl/LIB/LIBSGL.A(sglB000.o)
                0x06027070                slInitScroll
                0x06027190                setASC_1to8
                0x060271c0                setASC_4to8
                0x060272d0                TVSizeTbl
                0x06027350                TVModeTbl
                0x06027528                SGL_ASCII_CG
 SLPROG         0x06027c40      0x134 ../../saturnringlib/../modules/sgl/LIB/LIBSGL.A(sglC00.o)
                0x06027c40                slInitSprite
 *fill*         0x06027d74        0xc 
 SLPROG         0x06027d80       0xac ../../saturnringlib/../modules/sgl/LIB/LIBSGL.A(sglC13.o)
                0x06027d80                slPutPolygonS
 *fill*         0x06027e2c        0x4 
 SLPROG         0x06027e30       0x10 ../../saturnringlib/../modules/sgl/LIB/LIBSGL.A(sglD02.o)
                0x06027e30                slDMAWait
 SLPROG         0x06027e40       0xc0 ../../saturnringlib/../modules/sgl/LIB/LIBSGL.A(sglD19.o)
                0x06027e40                DMA_ScuMemCopy
 SLPROG         0x06027f00      0x75c ../../saturnringlib/../modules/sgl/LIB/LIBSGL.A(sglI00.o)
                0x060281f0                slInitInterrupt
 *fill*         0x0602865c        0x4 
 SLPROG         0x06028660       0xf0 ../../saturnringlib/../modules/sgl/LIB/LIBSGL.A(sglH03.o)
                0x060286c4                slSmpcIntBack
                0x06028750                        __slprog_end = .

.tors           0x06028750       0x10
                0x06028750                        ___ctors = .
 *(.ctors*)
 .ctors         0x06028750        0x4 src/main.o
                0x06028754                        ___ctors_end = .
                0x06028754                        ___dtors = .
 *(.dtors*)
 .dtors         0x06028754        0x4 src/main.o
                0x06028758                        ___dtors_end = .

.data           0x06028760      0x4e0
 *(.data*)
 .data          0x06028760       0x28 ../../saturnringlib/../modules/sgl/LIB/../SRC/workarea.o
                0x06028760                PCM_Work
                0x06028764                SlaveStack
                0x06028768                TransList
                0x0602876c                MasterStack
                0x06028770                SortList
                0x06028774                Zbuffer
                0x06028778                SpriteBuf
                0x0602877c                Pbuffer
                0x06028780                CLOfstBuf
                0x06028784                CommandBuf
 .data          0x06028788       0x40 src/main.o
                0x06028788                shadingTable
 .data._ZZN3SRL5Input3Gun11SynchronizeEvE14secondPlayerId
                0x060287c8        0x1 src/main.o
                0x060287c8                SRL::Input::Gun::Synchronize()::secondPlayerId
 .data._ZZN3SRL5Input3Gun11SynchronizeEvE13firstPlayerId
                0x060287c9        0x1 src/main.o
                0x060287c9                SRL::Input::Gun::Synchronize()::firstPlayerId
 *fill*         0x060287ca        0x2 
 .data._ZN3SRL5Input10Management11PeripheralsE
                0x060287cc      0x120 src/main.o
                0x060287cc                SRL::Input::Management::Peripherals
 .data._ZN3SRL5Input10Management24PeripheralsPreviousStateE
                0x060288ec      0x120 src/main.o
                0x060288ec                SRL::Input::Management::PeripheralsPreviousState
 .data._ZN3SRL4VDP212ScrollScreenINS0_4RBG0ELs5ELt16EE12MapAllocSizeE
                0x06028a0c        0x4 src/main.o
                0x06028a0c                SRL::VDP2::ScrollScreen<SRL::VDP2::RBG0, (short)5, (unsigned short)16>::MapAllocSize
 .data._ZN3SRL4VDP212ScrollScreenINS0_4RBG0ELs5ELt16EE13CellAllocSizeE
                0x06028a10        0x4 src/main.o
                0x06028a10                SRL::VDP2::ScrollScreen<SRL::VDP2::RBG0, (short)5, (unsigned short)16>::CellAllocSize
 .data._ZN3SRL4VDP212ScrollScreenINS0_4RBG0ELs5ELt16EE4InfoE
                0x06028a14       0x14 src/main.o
                0x06028a14                SRL::VDP2::ScrollScreen<SRL::VDP2::RBG0, (short)5, (unsigned short)16>::Info
 .data._ZN3SRL4VDP212ScrollScreenINS0_4RBG0ELs5ELt16EE10MapAddressE
                0x06028a28        0x4 src/main.o
                0x06028a28                SRL::VDP2::ScrollScreen<SRL::VDP2::RBG0, (short)5, (unsigned short)16>::MapAddress
 .data._ZN3SRL4VDP212ScrollScreenINS0_4RBG0ELs5ELt16EE11CellAddressE
                0x06028a2c        0x4 src/main.o
                0x06028a2c                SRL::VDP2::ScrollScreen<SRL::VDP2::RBG0, (short)5, (unsigned short)16>::CellAddress
 .data._ZN3SRL4VDP212ScrollScreenINS0_4NBG0ELs1ELt1EE12MapAllocSizeE
                0x06028a30        0x4 src/main.o
                0x06028a30                SRL::VDP2::ScrollScreen<SRL::VDP2::NBG0, (short)1, (unsigned short)1>::MapAllocSize
 .data._ZN3SRL4VDP212ScrollScreenINS0_4NBG0ELs1ELt1EE13CellAllocSizeE
                0x06028a34        0x4 src/main.o
                0x06028a34                SRL::VDP2::ScrollScreen<SRL::VDP2::NBG0, (short)1, (unsigned short)1>::CellAllocSize
 .data._ZN3SRL4VDP212ScrollScreenINS0_4NBG0ELs1ELt1EE4InfoE
                0x06028a38       0x14 src/main.o
                0x06028a38                SRL::VDP2::ScrollScreen<SRL::VDP2::NBG0, (short)1, (unsigned short)1>::Info
 .data._ZN3SRL4VDP212ScrollScreenINS0_4NBG0ELs1ELt1EE10MapAddressE
                0x06028a4c        0x4 src/main.o
                0x06028a4c                SRL::VDP2::ScrollScreen<SRL::VDP2::NBG0, (short)1, (unsigned short)1>::MapAddress
 .data._ZN3SRL4VDP212ScrollScreenINS0_4NBG0ELs1ELt1EE11CellAddressE
                0x06028a50        0x4 src/main.o
                0x06028a50                SRL::VDP2::ScrollScreen<SRL::VDP2::NBG0, (short)1, (unsigned short)1>::CellAddress
 .data._ZN3SRL4VDP213ActiveScrollsE
                0x06028a54        0x2 src/main.o
                0x06028a54                SRL::VDP2::ActiveScrolls
 *fill*         0x06028a56        0x2 
 .data._ZN3SRL4VDP24VRAM10bankCyclesE
                0x06028a58        0x4 src/main.o
                0x06028a58                SRL::VDP2::VRAM::bankCycles
 .data._ZN3SRL4VDP24VRAM10currentTopE
                0x06028a5c       0x10 src/main.o
                0x06028a5c                SRL::VDP2::VRAM::currentTop
 .data._ZN3SRL4VDP24VRAM10currentBotE
                0x06028a6c       0x10 src/main.o
                0x06028a6c                SRL::VDP2::VRAM::currentBot
 .data._ZN3SRL5ASCII7maxFontE
                0x06028a7c        0x1 src/main.o
                0x06028a7c                SRL::ASCII::maxFont
 .data._ZN3SRL5ASCII12maxYPositionE
                0x06028a7d        0x1 src/main.o
                0x06028a7d                SRL::ASCII::maxYPosition
 .data._ZN3SRL5ASCII12maxXPositionE
                0x06028a7e        0x1 src/main.o
                0x06028a7e                SRL::ASCII::maxXPosition
 *fill*         0x06028a7f        0x1 
 .data._ZN3SRL5ASCII8fontBankE
                0x06028a80        0x2 src/main.o
                0x06028a80                SRL::ASCII::fontBank
 .data._ZN3SRL5ASCII9colorBankE
                0x06028a82        0x2 src/main.o
                0x06028a82                SRL::ASCII::colorBank
 .data._ZN3SRL5ASCII7tileMapE
                0x06028a84        0x4 src/main.o
                0x06028a84                SRL::ASCII::tileMap
 .data._ZN3SRL4CRAM11BaseAddressE
                0x06028a88        0x4 src/main.o
                0x06028a88                SRL::CRAM::BaseAddress
 *fill*         0x06028a8c        0x4 
 .data          0x06028a90        0x0 ../../saturnringlib/../modules/sgl/LIB/LIBCD.A(CDC_CMN.O)
 .data          0x06028a90        0x0 ../../saturnringlib/../modules/sgl/LIB/LIBCD.A(CDC_REG.O)
 .data          0x06028a90        0x0 ../../saturnringlib/../modules/sgl/LIB/LIBCD.A(CDC_SUB.O)
 .data          0x06028a90        0x0 ../../saturnringlib/../modules/sgl/LIB/LIBCD.A(GFS.O)
 .data          0x06028a90        0x0 ../../saturnringlib/../modules/sgl/LIB/LIBCD.A(GFS_BUF.O)
 .data          0x06028a90        0x0 ../../saturnringlib/../modules/sgl/LIB/LIBCD.A(GFS_CDB.O)
 .data          0x06028a90        0x0 ../../saturnringlib/../modules/sgl/LIB/LIBCD.A(GFS_CDC.O)
 .data          0x06028a90        0x0 ../../saturnringlib/../modules/sgl/LIB/LIBCD.A(GFS_CDF.O)
 .data          0x06028a90        0x0 ../../saturnringlib/../modules/sgl/LIB/LIBCD.A(GFS_DIR.O)
 .data          0x06028a90        0x0 ../../saturnringlib/../modules/sgl/LIB/LIBCD.A(GFS_TRN.O)
 .data          0x06028a90        0x0 ../../saturnringlib/../modules/sgl/LIB/LIBCD.A(CDC_DRV.O)
 .data          0x06028a90        0x0 ../../saturnringlib/../modules/sgl/LIB/LIBCD.A(CDC_DEV.O)
 .data          0x06028a90        0x0 ../../saturnringlib/../modules/sgl/LIB/LIBCD.A(CDC_SEL.O)
 .data          0x06028a90        0x0 ../../saturnringlib/../modules/sgl/LIB/LIBCD.A(CDC_BIF.O)
 .data          0x06028a90        0x0 ../../saturnringlib/../modules/sgl/LIB/LIBCD.A(CDC_BIO.O)
 .data          0x06028a90        0x0 ../../saturnringlib/../modules/sgl/LIB/LIBCD.A(CDC_CFS.O)
 .data          0x06028a90        0x0 ../../saturnringlib/../modules/sgl/LIB/LIBSGL.A(sglA16.o)
 .data          0x06028a90        0x0 ../../saturnringlib/../modules/sgl/LIB/LIBSGL.A(sglA17.o)
 .data          0x06028a90        0x0 ../../saturnringlib/../modules/sgl/LIB/LIBSGL.A(sglA18.o)
 .data          0x06028a90        0x0 ../../saturnringlib/../modules/sgl/LIB/LIBSGL.A(sglA19.o)
 .data          0x06028a90        0x0 ../../saturnringlib/../modules/sgl/LIB/LIBSGL.A(sglA20.o)
 .data          0x06028a90        0x0 ../../saturnringlib/../modules/sgl/LIB/LIBSGL.A(sglA21.o)
 .data          0x06028a90        0x0 ../../saturnringlib/../modules/sgl/LIB/LIBSGL.A(sglA27.o)
 .data          0x06028a90        0x0 ../../saturnringlib/../modules/sgl/LIB/LIBSGL.A(sglA39.o)
 .data          0x06028a90        0x0 ../../saturnringlib/../modules/sgl/LIB/LIBSGL.A(sglB001.o)
 .data          0x06028a90        0x0 ../../saturnringlib/../modules/sgl/LIB/LIBSGL.A(sglB002.o)
 .data          0x06028a90        0x0 ../../saturnringlib/../modules/sgl/LIB/LIBSGL.A(sglB015.o)
 .data          0x06028a90        0x0 ../../saturnringlib/../modules/sgl/LIB/LIBSGL.A(sglB016.o)
 .data          0x06028a90        0x0 ../../saturnringlib/../modules/sgl/LIB/LIBSGL.A(sglB031.o)
 .data          0x06028a90        0x0 ../../saturnringlib/../modules/sgl/LIB/LIBSGL.A(sglB034.o)
 .data          0x06028a90        0x0 ../../saturnringlib/../modules/sgl/LIB/LIBSGL.A(sglB035.o)
 .data          0x06028a90        0x0 ../../saturnringlib/../modules/sgl/LIB/LIBSGL.A(sglB038.o)
 .data          0x06028a90        0x0 ../../saturnringlib/../modules/sgl/LIB/LIBSGL.A(sglB040.o)
 .data          0x06028a90        0x0 ../../saturnringlib/../modules/sgl/LIB/LIBSGL.A(sglB042.o)
 .data          0x06028a90        0x0 ../../saturnringlib/../modules/sgl/LIB/LIBSGL.A(sglB043.o)
 .data          0x06028a90        0x0 ../../saturnringlib/../modules/sgl/LIB/LIBSGL.A(sglB044.o)
 .data          0x06028a90        0x0 ../../saturnringlib/../modules/sgl/LIB/LIBSGL.A(sglB045.o)
 .data          0x06028a90        0x0 ../../saturnringlib/../modules/sgl/LIB/LIBSGL.A(sglB047.o)
 .data          0x06028a90        0x0 ../../saturnringlib/../modules/sgl/LIB/LIBSGL.A(sglB055.o)
 .data          0x06028a90        0x0 ../../saturnringlib/../modules/sgl/LIB/LIBSGL.A(sglB058.o)
 .data          0x06028a90        0x0 ../../saturnringlib/../modules/sgl/LIB/LIBSGL.A(sglB059.o)
 .data          0x06028a90        0x0 ../../saturnringlib/../modules/sgl/LIB/LIBSGL.A(sglB063.o)
 .data          0x06028a90        0x0 ../../saturnringlib/../modules/sgl/LIB/LIBSGL.A(sglB070.o)
 .data          0x06028a90        0x0 ../../saturnringlib/../modules/sgl/LIB/LIBSGL.A(sglB112.o)
 .data          0x06028a90        0x0 ../../saturnringlib/../modules/sgl/LIB/LIBSGL.A(sglB200.o)
 .data          0x06028a90        0x0 ../../saturnringlib/../modules/sgl/LIB/LIBSGL.A(sglC01.o)
 .data          0x06028a90        0x0 ../../saturnringlib/../modules/sgl/LIB/LIBSGL.A(sglC02.o)
 .data          0x06028a90        0x0 ../../saturnringlib/../modules/sgl/LIB/LIBSGL.A(sglC04.o)
 .data          0x06028a90        0x0 ../../saturnringlib/../modules/sgl/LIB/LIBSGL.A(sglC05.o)
 .data          0x06028a90        0x0 ../../saturnringlib/../modules/sgl/LIB/LIBSGL.A(sglC08.o)
 .data          0x06028a90        0x0 ../../saturnringlib/../modules/sgl/LIB/LIBSGL.A(sglC20.o)
 .data          0x06028a90        0x0 ../../saturnringlib/../modules/sgl/LIB/LIBSGL.A(sglD00.o)
 .data          0x06028a90        0x0 ../../saturnringlib/../modules/sgl/LIB/LIBSGL.A(sglD01.o)
 .data          0x06028a90        0x0 ../../saturnringlib/../modules/sgl/LIB/LIBSGL.A(sglD03.o)
 .data          0x06028a90        0x0 ../../saturnringlib/../modules/sgl/LIB/LIBSGL.A(sglD15.o)
 .data          0x06028a90        0x0 ../../saturnringlib/../modules/sgl/LIB/LIBSGL.A(sglD16.o)
 .data          0x06028a90        0x0 ../../saturnringlib/../modules/sgl/LIB/LIBSGL.A(sglD17.o)
 .data          0x06028a90        0x0 ../../saturnringlib/../modules/sgl/LIB/LIBSGL.A(sglD18.o)
 .data          0x06028a90        0x0 ../../saturnringlib/../modules/sgl/LIB/LIBSGL.A(sglF00.o)
 .data          0x06028a90        0x0 ../../saturnringlib/../modules/sgl/LIB/LIBSGL.A(sglG00.o)
 .data          0x06028a90        0x0 ../../saturnringlib/../modules/sgl/LIB/LIBSGL.A(sglH00.o)
 .data          0x06028a90        0x0 ../../saturnringlib/../modules/sgl/LIB/LIBSGL.A(sglH02.o)
 .data          0x06028a90        0x0 ../../saturnringlib/../modules/sgl/LIB/LIBSGL.A(sglH04.o)
 .data          0x06028a90        0x0 ../../saturnringlib/../modules/sgl/LIB/LIBSGL.A(sglI01.o)
 .data          0x06028a90        0x0 ../../saturnringlib/../modules/sgl/LIB/LIBSGL.A(sglI04.o)
 .data          0x06028a90       0x80 ../../saturnringlib/../modules/sgl/LIB/LIBSGL.A(sglIc0.o)
                0x06028a90                IntPrioMask
 .data          0x06028b10        0x0 ../../saturnringlib/../modules/sgl/LIB/LIBSGL.A(sglJ00.o)
 .data          0x06028b10        0x0 ../../saturnringlib/../modules/sgl/LIB/LIBSGL.A(sglJ01.o)
 .data          0x06028b10        0x0 ../../saturnringlib/../modules/sgl/LIB/LIBSGL.A(sglJ02.o)
 .data          0x06028b10        0x0 ../../saturnringlib/../modules/sgl/LIB/LIBSGL.A(sglJ03.o)
 .data          0x06028b10        0x0 ../../saturnringlib/../modules/sgl/LIB/LIBSGL.A(sglJ04.o)
 .data          0x06028b10        0x0 ../../saturnringlib/../modules/sgl/LIB/LIBSGL.A(sglJ05.o)
 .data          0x06028b10        0x0 ../../saturnringlib/../modules/sgl/LIB/LIBSGL.A(sglK01.o)
 .data          0x06028b10        0x0 ../../saturnringlib/../modules/sgl/LIB/LIBSGL.A(sglM00.o)
 .data          0x06028b10        0x0 ../../saturnringlib/../modules/sgl/LIB/LIBSGL.A(sglM01.o)
 .data          0x06028b10        0x0 ../../saturnringlib/../modules/sgl/LIB/LIBSGL.A(sglA00.o)
 .data          0x06028b10        0x0 ../../saturnringlib/../modules/sgl/LIB/LIBSGL.A(sglA01.o)
 .data          0x06028b10        0x0 ../../saturnringlib/../modules/sgl/LIB/LIBSGL.A(sglA03.o)
 .data          0x06028b10        0x0 ../../saturnringlib/../modules/sgl/LIB/LIBSGL.A(sglA10.o)
 .data          0x06028b10        0x0 ../../saturnringlib/../modules/sgl/LIB/LIBSGL.A(sglA24.o)
 .data          0x06028b10        0x0 ../../saturnringlib/../modules/sgl/LIB/LIBSGL.A(sglA25.o)
 .data          0x06028b10        0x0 ../../saturnringlib/../modules/sgl/LIB/LIBSGL.A(sglA28.o)
 .data          0x06028b10        0x0 ../../saturnringlib/../modules/sgl/LIB/LIBSGL.A(sglA40.o)
 .data          0x06028b10        0x0 ../../saturnringlib/../modules/sgl/LIB/LIBSGL.A(sglB000.o)
 .data          0x06028b10        0x0 ../../saturnringlib/../modules/sgl/LIB/LIBSGL.A(sglC00.o)
 .data          0x06028b10        0x0 ../../saturnringlib/../modules/sgl/LIB/LIBSGL.A(sglC13.o)
 .data          0x06028b10        0x0 ../../saturnringlib/../modules/sgl/LIB/LIBSGL.A(sglD02.o)
 .data          0x06028b10        0x0 ../../saturnringlib/../modules/sgl/LIB/LIBSGL.A(sglD19.o)
 .data          0x06028b10        0x0 ../../saturnringlib/../modules/sgl/LIB/LIBSGL.A(sglI00.o)
 .data          0x06028b10        0x0 ../../saturnringlib/../modules/sgl/LIB/LIBSGL.A(sglH03.o)
 .data          0x06028b10        0x0 ../../saturnringlib/../modules/sgl/LIB/LIBSND.A(snd_main.o)
 .data          0x06028b10        0x0 C:/saturn/SaturnRingLib-main/Compiler/sh2eb-elf/bin/../lib/gcc/sh-elf/14.2.0\libgcc.a(_ashiftrt.o)
 .data          0x06028b10        0x0 C:/saturn/SaturnRingLib-main/Compiler/sh2eb-elf/bin/../lib/gcc/sh-elf/14.2.0\libgcc.a(_ashiftrt_n.o)
 .data          0x06028b10        0x0 C:/saturn/SaturnRingLib-main/Compiler/sh2eb-elf/bin/../lib/gcc/sh-elf/14.2.0\libgcc.a(_ashiftlt.o)
 .data          0x06028b10        0x0 C:/saturn/SaturnRingLib-main/Compiler/sh2eb-elf/bin/../lib/gcc/sh-elf/14.2.0\libgcc.a(_lshiftrt.o)
 .data          0x06028b10        0x0 C:/saturn/SaturnRingLib-main/Compiler/sh2eb-elf/bin/../lib/gcc/sh-elf/14.2.0\libgcc.a(_movmem.o)
 .data          0x06028b10        0x0 C:/saturn/SaturnRingLib-main/Compiler/sh2eb-elf/bin/../lib/gcc/sh-elf/14.2.0\libgcc.a(_sdivsi3.o)
 .data          0x06028b10        0x0 C:/saturn/SaturnRingLib-main/Compiler/sh2eb-elf/bin/../lib/gcc/sh-elf/14.2.0\libgcc.a(_udivsi3.o)
 .data          0x06028b10        0x0 C:/saturn/SaturnRingLib-main/Compiler/sh2eb-elf/bin/../lib/gcc/sh-elf/14.2.0/../../../../sh-elf/lib\libc.a(libc_a-abort.o)
 .data          0x06028b10        0x0 C:/saturn/SaturnRingLib-main/Compiler/sh2eb-elf/bin/../lib/gcc/sh-elf/14.2.0/../../../../sh-elf/lib\libc.a(libc_a-snprintf.o)
 .data          0x06028b10        0x0 C:/saturn/SaturnRingLib-main/Compiler/sh2eb-elf/bin/../lib/gcc/sh-elf/14.2.0/../../../../sh-elf/lib\libc.a(libc_a-memcmp.o)
 .data          0x06028b10        0x0 C:/saturn/SaturnRingLib-main/Compiler/sh2eb-elf/bin/../lib/gcc/sh-elf/14.2.0/../../../../sh-elf/lib\libc.a(libc_a-strncmp.o)
 .data          0x06028b10        0x0 C:/saturn/SaturnRingLib-main/Compiler/sh2eb-elf/bin/../lib/gcc/sh-elf/14.2.0/../../../../sh-elf/lib\libc.a(libc_a-strncpy.o)
 .data          0x06028b10        0x0 C:/saturn/SaturnRingLib-main/Compiler/sh2eb-elf/bin/../lib/gcc/sh-elf/14.2.0/../../../../sh-elf/lib\libc.a(libc_a-signal.o)
 .data          0x06028b10      0x120 C:/saturn/SaturnRingLib-main/Compiler/sh2eb-elf/bin/../lib/gcc/sh-elf/14.2.0/../../../../sh-elf/lib\libc.a(libc_a-impure.o)
                0x06028b10                _impure_ptr
                0x06028b14                _impure_data
 .data          0x06028c30        0x0 C:/saturn/SaturnRingLib-main/Compiler/sh2eb-elf/bin/../lib/gcc/sh-elf/14.2.0/../../../../sh-elf/lib\libc.a(libc_a-signalr.o)
 .data          0x06028c30        0x0 C:/saturn/SaturnRingLib-main/Compiler/sh2eb-elf/bin/../lib/gcc/sh-elf/14.2.0/../../../../sh-elf/lib\libc.a(libc_a-memcpy.o)
 .data          0x06028c30        0x0 C:/saturn/SaturnRingLib-main/Compiler/sh2eb-elf/bin/../lib/gcc/sh-elf/14.2.0/../../../../sh-elf/lib\libc.a(libc_a-memset.o)
 .data          0x06028c30        0x0 C:/saturn/SaturnRingLib-main/Compiler/sh2eb-elf/bin/../lib/gcc/sh-elf/14.2.0/../../../../sh-elf/lib\libc.a(libc_a-mallocr.o)
 .data          0x06028c30        0x0 C:/saturn/SaturnRingLib-main/Compiler/sh2eb-elf/bin/../lib/gcc/sh-elf/14.2.0/../../../../sh-elf/lib\libc.a(libc_a-mlock.o)
 .data          0x06028c30        0x0 C:/saturn/SaturnRingLib-main/Compiler/sh2eb-elf/bin/../lib/gcc/sh-elf/14.2.0/../../../../sh-elf/lib\libc.a(libc_a-nano-svfprintf.o)
 .data          0x06028c30        0x0 C:/saturn/SaturnRingLib-main/Compiler/sh2eb-elf/bin/../lib/gcc/sh-elf/14.2.0/../../../../sh-elf/lib\libc.a(libc_a-nano-vfprintf_i.o)
 .data          0x06028c30        0xc C:/saturn/SaturnRingLib-main/Compiler/sh2eb-elf/bin/../lib/gcc/sh-elf/14.2.0/../../../../sh-elf/lib\libc.a(libc_a-findfp.o)
                0x06028c30                __sglue
 .data          0x06028c3c        0x0 C:/saturn/SaturnRingLib-main/Compiler/sh2eb-elf/bin/../lib/gcc/sh-elf/14.2.0/../../../../sh-elf/lib\libc.a(libc_a-fwalk.o)
 .data          0x06028c3c        0x0 C:/saturn/SaturnRingLib-main/Compiler/sh2eb-elf/bin/../lib/gcc/sh-elf/14.2.0/../../../../sh-elf/lib\libc.a(libc_a-stdio.o)
 .data          0x06028c3c        0x0 C:/saturn/SaturnRingLib-main/Compiler/sh2eb-elf/bin/../lib/gcc/sh-elf/14.2.0/../../../../sh-elf/lib\libc.a(libc_a-memchr.o)
 .data          0x06028c3c        0x0 C:/saturn/SaturnRingLib-main/Compiler/sh2eb-elf/bin/../lib/gcc/sh-elf/14.2.0/../../../../sh-elf/lib\libc.a(libc_a-memmove.o)
 .data          0x06028c3c        0x0 C:/saturn/SaturnRingLib-main/Compiler/sh2eb-elf/bin/../lib/gcc/sh-elf/14.2.0/../../../../sh-elf/lib\libc.a(libc_a-closer.o)
 .data          0x06028c3c        0x0 C:/saturn/SaturnRingLib-main/Compiler/sh2eb-elf/bin/../lib/gcc/sh-elf/14.2.0/../../../../sh-elf/lib\libc.a(libc_a-reent.o)
 .data          0x06028c3c        0x0 C:/saturn/SaturnRingLib-main/Compiler/sh2eb-elf/bin/../lib/gcc/sh-elf/14.2.0/../../../../sh-elf/lib\libc.a(libc_a-lseekr.o)
 .data          0x06028c3c        0x0 C:/saturn/SaturnRingLib-main/Compiler/sh2eb-elf/bin/../lib/gcc/sh-elf/14.2.0/../../../../sh-elf/lib\libc.a(libc_a-readr.o)
 .data          0x06028c3c        0x0 C:/saturn/SaturnRingLib-main/Compiler/sh2eb-elf/bin/../lib/gcc/sh-elf/14.2.0/../../../../sh-elf/lib\libc.a(libc_a-sbrkr.o)
 .data          0x06028c3c        0x0 C:/saturn/SaturnRingLib-main/Compiler/sh2eb-elf/bin/../lib/gcc/sh-elf/14.2.0/../../../../sh-elf/lib\libc.a(libc_a-writer.o)
 .data          0x06028c3c        0x0 C:/saturn/SaturnRingLib-main/Compiler/sh2eb-elf/bin/../lib/gcc/sh-elf/14.2.0/../../../../sh-elf/lib\libc.a(libc_a-freer.o)
 .data          0x06028c3c        0x0 C:/saturn/SaturnRingLib-main/Compiler/sh2eb-elf/bin/../lib/gcc/sh-elf/14.2.0/../../../../sh-elf/lib\libc.a(libc_a-reallocr.o)
 .data          0x06028c3c        0x0 C:/saturn/SaturnRingLib-main/Compiler/sh2eb-elf/bin/../lib/gcc/sh-elf/14.2.0/../../../../sh-elf/lib\libc.a(libc_a-fflush.o)
 .data          0x06028c3c        0x0 C:/saturn/SaturnRingLib-main/Compiler/sh2eb-elf/bin/../lib/gcc/sh-elf/14.2.0/../../../../sh-elf/lib\libc.a(libc_a-msizer.o)
 .data          0x06028c3c        0x0 C:/saturn/SaturnRingLib-main/Compiler/sh2eb-elf/bin/../lib/gcc/sh-elf/14.2.0/../../../../sh-elf/lib\libnosys.a(close.o)
 .data          0x06028c3c        0x0 C:/saturn/SaturnRingLib-main/Compiler/sh2eb-elf/bin/../lib/gcc/sh-elf/14.2.0/../../../../sh-elf/lib\libnosys.a(getpid.o)
 .data          0x06028c3c        0x0 C:/saturn/SaturnRingLib-main/Compiler/sh2eb-elf/bin/../lib/gcc/sh-elf/14.2.0/../../../../sh-elf/lib\libnosys.a(kill.o)
 .data          0x06028c3c        0x0 C:/saturn/SaturnRingLib-main/Compiler/sh2eb-elf/bin/../lib/gcc/sh-elf/14.2.0/../../../../sh-elf/lib\libnosys.a(lseek.o)
 .data          0x06028c3c        0x0 C:/saturn/SaturnRingLib-main/Compiler/sh2eb-elf/bin/../lib/gcc/sh-elf/14.2.0/../../../../sh-elf/lib\libnosys.a(read.o)
 .data          0x06028c3c        0x0 C:/saturn/SaturnRingLib-main/Compiler/sh2eb-elf/bin/../lib/gcc/sh-elf/14.2.0/../../../../sh-elf/lib\libnosys.a(sbrk.o)
 .data          0x06028c3c        0x0 C:/saturn/SaturnRingLib-main/Compiler/sh2eb-elf/bin/../lib/gcc/sh-elf/14.2.0/../../../../sh-elf/lib\libnosys.a(write.o)
 .data          0x06028c3c        0x0 C:/saturn/SaturnRingLib-main/Compiler/sh2eb-elf/bin/../lib/gcc/sh-elf/14.2.0/../../../../sh-elf/lib\libnosys.a(_exit.o)
                0x06028c3c                        __edata = .

.rodata         0x06028c40      0x980
 *(.rodata*)
 .rodata        0x06028c40       0x18 ../../saturnringlib/../modules/sgl/LIB/../SRC/workarea.o
                0x06028c40                PCM_WkSize