Archive member included to satisfy reference by file (symbol)

../../saturnringlib/../modules/sgl/LIB/LIBCD.A(CDC_CMN.O)
                              src/main.o (CDC_CdInit)
../../saturnringlib/../modules/sgl/LIB/LIBCD.A(CDC_REG.O)
                              ../../saturnringlib/../modules/sgl/LIB/LIBCD.A(CDC_CMN.O) (CDREG_ClrHirqReq)
../../saturnringlib/../modules/sgl/LIB/LIBCD.A(CDC_SUB.O)
                              ../../saturnringlib/../modules/sgl/LIB/LIBCD.A(CDC_CMN.O) (CDSUB_UpdStatus)
../../saturnringlib/../modules/sgl/LIB/LIBCD.A(GFS.O)
                              src/main.o (GFS_Init)
../../saturnringlib/../modules/sgl/LIB/LIBCD.A(GFS_BUF.O)
                              ../../saturnringlib/../modules/sgl/LIB/LIBCD.A(GFS.O) (GFBF_GetNumData)
../../saturnringlib/../modules/sgl/LIB/LIBCD.A(GFS_CDB.O)
                              ../../saturnringlib/../modules/sgl/LIB/LIBCD.A(GFS.O) (GFCB_Close)
../../saturnringlib/../modules/sgl/LIB/LIBCD.A(GFS_CDC.O)
                              ../../saturnringlib/../modules/sgl/LIB/LIBCD.A(GFS.O) (GFCD_SetCdbfs)
../../saturnringlib/../modules/sgl/LIB/LIBCD.A(GFS_CDF.O)
                              ../../saturnringlib/../modules/sgl/LIB/LIBCD.A(GFS.O) (GFCF_Init)
../../saturnringlib/../modules/sgl/LIB/LIBCD.A(GFS_DIR.O)
                              ../../saturnringlib/../modules/sgl/LIB/LIBCD.A(GFS.O) (GFDR_SetupDirTbl)
../../saturnringlib/../modules/sgl/LIB/LIBCD.A(GFS_TRN.O)
                              ../../saturnringlib/../modules/sgl/LIB/LIBCD.A(GFS.O) (GFTR_Setup)
../../saturnringlib/../modules/sgl/LIB/LIBCD.A(CDC_DRV.O)
                              ../../saturnringlib/../modules/sgl/LIB/LIBCD.A(GFS_CDC.O) (CDC_CdPlay)
../../saturnringlib/../modules/sgl/LIB/LIBCD.A(CDC_DEV.O)
                              ../../saturnringlib/../modules/sgl/LIB/LIBCD.A(GFS_CDC.O) (CDC_CdSetCon)
../../saturnringlib/../modules/sgl/LIB/LIBCD.A(CDC_SEL.O)
                              ../../saturnringlib/../modules/sgl/LIB/LIBCD.A(GFS_CDC.O) (CDC_SetFiltRange)
../../saturnringlib/../modules/sgl/LIB/LIBCD.A(CDC_BIF.O)
                              ../../saturnringlib/../modules/sgl/LIB/LIBCD.A(GFS_CDC.O) (CDC_GetBufSiz)
../../saturnringlib/../modules/sgl/LIB/LIBCD.A(CDC_BIO.O)
                              ../../saturnringlib/../modules/sgl/LIB/LIBCD.A(GFS_CDC.O) (CDC_SetSctLen)
../../saturnringlib/../modules/sgl/LIB/LIBCD.A(CDC_CFS.O)
                              ../../saturnringlib/../modules/sgl/LIB/LIBCD.A(GFS_CDC.O) (CDC_ChgDir)
../../saturnringlib/../modules/sgl/LIB/LIBSGL.A(sglA16.o)
                              src/main.o (slLookAt)
../../saturnringlib/../modules/sgl/LIB/LIBSGL.A(sglA17.o)
                              ../../saturnringlib/../modules/sgl/LIB/LIBSGL.A(sglA16.o) (slRotZ)
../../saturnringlib/../modules/sgl/LIB/LIBSGL.A(sglA18.o)
                              src/main.o (slRotY)
../../saturnringlib/../modules/sgl/LIB/LIBSGL.A(sglA19.o)
                              src/main.o (slRotX)
../../saturnringlib/../modules/sgl/LIB/LIBSGL.A(sglA20.o)
                              src/main.o (slUnitMatrix)
../../saturnringlib/../modules/sgl/LIB/LIBSGL.A(sglA21.o)
                              src/main.o (slPushMatrix)
../../saturnringlib/../modules/sgl/LIB/LIBSGL.A(sglA27.o)
                              src/main.o (slTranslate)
../../saturnringlib/../modules/sgl/LIB/LIBSGL.A(sglB001.o)
                              src/main.o (slTVOn)
../../saturnringlib/../modules/sgl/LIB/LIBSGL.A(sglB002.o)
                              src/main.o (slColRAMMode)
../../saturnringlib/../modules/sgl/LIB/LIBSGL.A(sglB015.o)
                              src/main.o (slScrAutoDisp)
../../saturnringlib/../modules/sgl/LIB/LIBSGL.A(sglB016.o)
                              src/main.o (slBack1ColSet)
../../saturnringlib/../modules/sgl/LIB/LIBSGL.A(sglB031.o)
                              src/main.o (slMapNbg0)
../../saturnringlib/../modules/sgl/LIB/LIBSGL.A(sglB034.o)
                              src/main.o (slMapNbg3)
../../saturnringlib/../modules/sgl/LIB/LIBSGL.A(sglB035.o)
                              src/main.o (sl1MapRA)
../../saturnringlib/../modules/sgl/LIB/LIBSGL.A(sglB038.o)
                              src/main.o (slRparaInitSet)
../../saturnringlib/../modules/sgl/LIB/LIBSGL.A(sglB042.o)
                              src/main.o (slCurRpara)
../../saturnringlib/../modules/sgl/LIB/LIBSGL.A(sglB043.o)
                              src/main.o (slRparaMode)
../../saturnringlib/../modules/sgl/LIB/LIBSGL.A(sglB044.o)
                              src/main.o (slScrMatSet)
../../saturnringlib/../modules/sgl/LIB/LIBSGL.A(sglB045.o)
                              src/main.o (slScrMatConv)
../../saturnringlib/../modules/sgl/LIB/LIBSGL.A(sglB047.o)
                              src/main.o (slOverRA)
../../saturnringlib/../modules/sgl/LIB/LIBSGL.A(sglB055.o)
                              src/main.o (slPlaneNbg0)
../../saturnringlib/../modules/sgl/LIB/LIBSGL.A(sglB058.o)
[...]
Memory Configuration

Name             Origin             Length             Attributes
*default*        0x00000000         0xffffffff

Linker script and memory map


SLSTART         0x06004000       0x30
                0x06004000                        ___Start = .
 *(SLSTART)
 SLSTART        0x06004000       0x28 ../../saturnringlib/../modules/sgl/LIB/LIBSGL.A(sglI00.o)
                0x06004000                SGL_Start
                0x06004002                slStartSGL

.text           0x06004040    0x192b0
 *(.text*)
 .text          0x06004040        0x0 ../../saturnringlib/../modules/sgl/LIB/../SRC/workarea.o
 .text          0x06004040     0x3398 src/main.o
                0x0600478c                __throw_bad_array_new_length
                0x06004790                __throw_bad_alloc
                0x06004794                GameApp::Run()
 .text._ZN3SRL7Tilemap10Interfaces8Bmp2Tile11GetCellDataEv
                0x060073d8        0x4 src/main.o
                0x060073d8                SRL::Tilemap::Interfaces::Bmp2Tile::GetCellData()
 .text._ZN3SRL7Tilemap10Interfaces8Bmp2Tile10GetMapDataEv
                0x060073dc        0x4 src/main.o
                0x060073dc                SRL::Tilemap::Interfaces::Bmp2Tile::GetMapData()
 .text._ZN3SRL7Tilemap10Interfaces8Bmp2Tile10GetPalDataEv
                0x060073e0        0x4 src/main.o
                0x060073e0                SRL::Tilemap::Interfaces::Bmp2Tile::GetPalData()
 .text._ZN3SRL7Tilemap10Interfaces8Bmp2Tile7GetInfoEv
                0x060073e4       0x18 src/main.o
                0x060073e4                SRL::Tilemap::Interfaces::Bmp2Tile::GetInfo()
 .text._ZN3SRL5Input7Digital11IsConnectedEv
                0x060073fc       0x28 src/main.o
                0x060073fc                SRL::Input::Digital::IsConnected()
 .text._ZN3SRL5Input7Digital6IsHeldERKNS1_6ButtonE
                0x06007424       0x1c src/main.o
                0x06007424                SRL::Input::Digital::IsHeld(SRL::Input::Digital::Button const&)
 .text._ZN3SRL5Input7Digital11WasReleasedERKNS1_6ButtonE
                0x06007440       0x2c src/main.o
                0x06007440                SRL::Input::Digital::WasReleased(SRL::Input::Digital::Button const&)
 .text._ZN3SRL5Input7Digital10WasPressedERKNS1_6ButtonE
                0x0600746c       0x2c src/main.o
                0x0600746c                SRL::Input::Digital::WasPressed(SRL::Input::Digital::Button const&)
 .text._ZN3SRL6Bitmap3TGA7GetDataEv
                0x06007498        0x4 src/main.o
                0x06007498                SRL::Bitmap::TGA::GetData()
 .text._ZN3SRL6Bitmap3TGA7GetInfoEv
                0x0600749c       0x34 src/main.o
                0x0600749c                SRL::Bitmap::TGA::GetInfo()
 .text._ZN3SRL7Scene3D21LightCopyGouraudTableEv
                0x060074d0        0xc src/main.o
                0x060074d0                SRL::Scene3D::LightCopyGouraudTable()
 .text._ZN3SRL4Math5Types3FxpmIERKS2_.isra.0
                0x060074dc        0x8 src/main.o
 .text._ZN3SRL4Core14VblankHandlingEv
                0x060074e4      0x1b4 src/main.o
                0x060074e4                SRL::Core::VblankHandling()
 .text._ZN3SRL4Math5Types3FxpC2Ev
                0x06007698        0x8 src/main.o
                0x06007698                SRL::Math::Types::Fxp::Fxp()
                0x06007698                SRL::Math::Types::Fxp::Fxp()
 .text._ZN3SRL4Math5Types3FxpC2ERKS2_
                0x060076a0        0x8 src/main.o
                0x060076a0                SRL::Math::Types::Fxp::Fxp(SRL::Math::Types::Fxp const&)
                0x060076a0                SRL::Math::Types::Fxp::Fxp(SRL::Math::Types::Fxp const&)
 .text._ZNK3SRL4Math5Types3Fxp8RawValueEv
                0x060076a8        0x4 src/main.o
                0x060076a8                SRL::Math::Types::Fxp::RawValue() const
 .text._ZN3SRL4Math5Types8Vector3DC2ERKS2_
                0x060076ac       0x34 src/main.o
                0x060076ac                SRL::Math::Types::Vector3D::Vector3D(SRL::Math::Types::Vector3D const&)
                0x060076ac                SRL::Math::Types::Vector3D::Vector3D(SRL::Math::Types::Vector3D const&)
 .text._ZNK3SRL4Math5Types8Vector3DplERKS2_
                0x060076e0       0x64 src/main.o
                0x060076e0                SRL::Math::Types::Vector3D::operator+(SRL::Math::Types::Vector3D const&) const
 .text.unlikely
                0x06007744        0x4 src/main.o
                0x06007744                std::__throw_length_error(char const*)
                0x06007748                std::__throw_bad_alloc()
                0x06007748                std::__throw_bad_array_new_length()
 .text._ZN3SRL6Memory12SimpleMalloc4FreeERKNS0_10MemoryZoneEPv
                0x06007748       0x7c src/main.o
                0x06007748                SRL::Memory::SimpleMalloc::Free(SRL::Memory::MemoryZone const&, void*)
 .text._ZN3SRL6Memory12SimpleMalloc6MallocERKNS0_10MemoryZoneEj
                0x060077c4       0xdc src/main.o
                0x060077c4                SRL::Memory::SimpleMalloc::Malloc(SRL::Memory::MemoryZone const&, unsigned int)
 .text._ZN3SRL6Memory7CartRam12GetFreeSpaceEv
                0x060078a0       0x40 src/main.o
                0x060078a0                SRL::Memory::CartRam::GetFreeSpace()
 .text._ZN3SRL6Memory4FreeEPv
                0x060078e0       0x7c src/main.o
                0x060078e0                SRL::Memory::Free(void*)
 .text._ZN3SRL6Memory15PlacementMallocEjm
                0x0600795c       0x7c src/main.o
                0x0600795c                SRL::Memory::PlacementMalloc(unsigned int, unsigned long)
 .text._ZN3SRL2Cd4FileC2EPKc
                0x060079d8       0xd4 src/main.o
                0x060079d8                SRL::Cd::File::File(char const*)
                0x060079d8                SRL::Cd::File::File(char const*)
 .text._ZN3SRL2Cd4File5CloseEv
                0x06007aac       0xac src/main.o
                0x06007aac                SRL::Cd::File::Close()
 .text._ZN3SRL2Cd4File4ReadElPv
                0x06007b58      0x10c src/main.o
                0x06007b58                SRL::Cd::File::Read(long, void*)
 .text._ZN3SRL4VDP24VRAM8AllocateEmmNS0_8VramBankEh
                0x06007c64       0x68 src/main.o
                0x06007c64                SRL::VDP2::VRAM::Allocate(unsigned long, unsigned long, SRL::VDP2::VramBank, unsigned char)
 .text._ZN3SRL4VDP210InitializeERKNS_5Types9HighColorE
                0x06007ccc      0x1ac src/main.o
                0x06007ccc                SRL::VDP2::Initialize(SRL::Types::HighColor const&)
 .text._ZN3SRL5Input3Gun11SynchronizeEv
                0x06007e78      0x1d0 src/main.o
                0x06007e78                SRL::Input::Gun::Synchronize()
 .text._ZN3SRL5Sound8Hardware10InitializeEv
                0x06008048      0x3b8 src/main.o
                0x06008048                SRL::Sound::Hardware::Initialize()
 .text._ZN3SRL4Core10InitializeERKNS_5Types9HighColorE
                0x06008400      0x1e8 src/main.o
                0x06008400                SRL::Core::Initialize(SRL::Types::HighColor const&)
 .text._ZN3SRL6Bitmap3TGA13DecodePaletteEPhPKNS1_9TgaHeaderEl
                0x060085e8      0x338 src/main.o
                0x060085e8                SRL::Bitmap::TGA::DecodePalette(unsigned char*, SRL::Bitmap::TGA::TgaHeader const*, long)
 .text._ZN3SRL5Types10SmoothMeshD2Ev
                0x06008920       0xbc src/main.o
                0x06008920                SRL::Types::SmoothMesh::~SmoothMesh()
                0x06008920                SRL::Types::SmoothMesh::~SmoothMesh()
 .text._ZN11ModelObject18LoadFlatMeshStreamERN3SRL2Cd4FileEj
                0x060089dc      0x600 src/main.o
                0x060089dc                ModelObject::LoadFlatMeshStream(SRL::Cd::File&, unsigned int)
 .text._ZN11ModelObject18LoadFlatMeshBufferEPPcj
                0x06008fdc      0x460 src/main.o
                0x06008fdc                ModelObject::LoadFlatMeshBuffer(char**, unsigned int)
 .text._ZN11ModelObject20LoadSmoothMeshStreamERN3SRL2Cd4FileEPjj
                0x0600943c      0x7c4 src/main.o
                0x0600943c                ModelObject::LoadSmoothMeshStream(SRL::Cd::File&, unsigned int*, unsigned int)
 .text._ZN11ModelObject20LoadSmoothMeshBufferEPPcPjj
                0x06009c00      0x718 src/main.o
                0x06009c00                ModelObject::LoadSmoothMeshBuffer(char**, unsigned int*, unsigned int)
 .text._ZN11ModelObject10LoadBufferEPKcj
                0x0600a318      0x738 src/main.o
                0x0600a318                ModelObject::LoadBuffer(char const*, unsigned int)
 .text._ZN11ModelObjectD2Ev
                0x0600aa50      0x2cc src/main.o
                0x0600aa50                ModelObject::~ModelObject()
                0x0600aa50                ModelObject::~ModelObject()
 .text._ZN6Camera13OrbitPositionEN3SRL4Math5Types5AngleES3_NS2_3FxpE
                0x0600ad1c      0x1b0 src/main.o
                0x0600ad1c                Camera::OrbitPosition(SRL::Math::Types::Angle, SRL::Math::Types::Angle, SRL::Math::Types::Fxp)
 .text._ZN6Camera13RefreshAnglesERNS_5StateE
                0x0600aecc       0xa8 src/main.o
                0x0600aecc                Camera::RefreshAngles(Camera::State&)
 .text._ZN6Camera11UpdateInputERNS_5StateERKNS_6TuningERN3SRL5Input7DigitalE
                0x0600af74      0x7a8 src/main.o
                0x0600af74                Camera::UpdateInput(Camera::State&, Camera::Tuning const&, SRL::Input::Digital&)
 .text._ZN11CarRenderer6RenderEv
                0x0600b71c      0x174 src/main.o
                0x0600b71c                CarRenderer::Render()
 .text._ZN13TrackRenderer5ResetEv
                0x0600b890      0x45c src/main.o
                0x0600b890                TrackRenderer::Reset()
 .text._ZN13SkyBackground6UpdateEll
                0x0600bcec      0x180 src/main.o
                0x0600bcec                SkyBackground::Update(long, long)
 .text._ZN17SkyBackgroundDome6UpdateElll
                0x0600be6c      0x180 src/main.o
                0x0600be6c                SkyBackgroundDome::Update(long, long, long)
 .text._ZN3SRL5Debug12AssertScreenIJEEEvPKcS3_S3_DpT_
                0x0600bfec      0x498 src/main.o
                0x0600bfec                void SRL::Debug::AssertScreen<>(char const*, char const*, char const*)
 .text._ZN3SRL4VDP24VRAM16AutoAllocateCellERNS_7Tilemap11TilemapInfoEt
                0x0600c484      0x188 src/main.o
                0x0600c484                SRL::VDP2::VRAM::AutoAllocateCell(SRL::Tilemap::TilemapInfo&, unsigned short)
 .text._ZN3SRL7Tilemap10Interfaces8Bmp2Tile13ConvertBitmapERNS0_11TilemapInfoERNS_6Bitmap7IBitmapEib.isra.0
                0x0600c60c      0x3f4 src/main.o
 .text._ZN3SRL5Debug12AssertScreenIJlEEEvPKcS3_S3_DpT_
                0x0600ca00      0x4fc src/main.o
                0x0600ca00                void SRL::Debug::AssertScreen<long>(char const*, char const*, char const*, long)
 .text._ZN3SRL7Tilemap10Interfaces8Bmp2TileC2ERNS_6Bitmap7IBitmapEh
                0x0600cefc      0x258 src/main.o
                0x0600cefc                SRL::Tilemap::Interfaces::Bmp2Tile::Bmp2Tile(SRL::Bitmap::IBitmap&, unsigned char)
                0x0600cefc                SRL::Tilemap::Interfaces::Bmp2Tile::Bmp2Tile(SRL::Bitmap::IBitmap&, unsigned char)
 .text._ZN3SRL5Debug5PrintIJiEEEvhhPKcDpT_
                0x0600d154       0xac src/main.o
                0x0600d154                void SRL::Debug::Print<int>(unsigned char, unsigned char, char const*, int)
 .text._ZN3SRL5Debug12AssertScreenIJaEEEvPKcS3_S3_DpT_
                0x0600d200      0x500 src/main.o
                0x0600d200                void SRL::Debug::AssertScreen<signed char>(char const*, char const*, char const*, signed char)
 .text._ZN3SRL6Bitmap3TGA8LoadDataEPNS_2Cd4FileEPNS1_14LoaderSettingsE
                0x0600d700      0xe20 src/main.o
                0x0600d700                SRL::Bitmap::TGA::LoadData(SRL::Cd::File*, SRL::Bitmap::TGA::LoaderSettings*)
 .text._ZN3SRL5Debug5PrintIJPKcEEEvhhS3_DpT_
                0x0600e520       0xac src/main.o
                0x0600e520                void SRL::Debug::Print<char const*>(unsigned char, unsigned char, char const*, char const*)
 .text._ZN3SRL5Debug5PrintIJmmmEEEvhhPKcDpT_
                0x0600e5cc       0xc8 src/main.o
                0x0600e5cc                void SRL::Debug::Print<unsigned long, unsigned long, unsigned long>(unsigned char, unsigned char, char const*, unsigned long, unsigned long, unsigned long)
 .text._ZN11ModelObject13LoadStreamingEPKcj
                0x0600e694      0x93c src/main.o
                0x0600e694                ModelObject::LoadStreaming(char const*, unsigned int)
 .text._ZN11ModelObjectC2EPKcjbjbbb
                0x0600efd0      0x2cc src/main.o
                0x0600efd0                ModelObject::ModelObject(char const*, unsigned int, bool, unsigned int, bool, bool, bool)
                0x0600efd0                ModelObject::ModelObject(char const*, unsigned int, bool, unsigned int, bool, bool, bool)
 .text._Z13LoadCarToCartPKPKcjb
                0x0600f29c      0xc20 src/main.o
                0x0600f29c                LoadCarToCart(char const* const*, unsigned int, bool)
 .text._ZN3SRL4VDP212ScrollScreenINS0_4RBG0ELs5ELt16EE11LoadTilemapERNS_7Tilemap8ITilemapE
                0x0600febc      0x494 src/main.o
                0x0600febc                SRL::VDP2::ScrollScreen<SRL::VDP2::RBG0, (short)5, (unsigned short)16>::LoadTilemap(SRL::Tilemap::ITilemap&)
 .text._ZN3SRL5Debug5PrintIJlEEEvhhPKcDpT_
                0x06010350       0xac src/main.o
                0x06010350                void SRL::Debug::Print<long>(unsigned char, unsigned char, char const*, long)
 .text._ZN3SRL4VDP212ScrollScreenINS0_4NBG0ELs1ELt1EE12SetMapLayoutEhhhh
                0x060103fc      0x210 src/main.o
                0x060103fc                SRL::VDP2::ScrollScreen<SRL::VDP2::NBG0, (short)1, (unsigned short)1>::SetMapLayout(unsigned char, unsigned char, unsigned char, unsigned char)
 .text._ZN3SRL4VDP212ScrollScreenINS0_4NBG0ELs1ELt1EE11LoadTilemapERNS_7Tilemap8ITilemapE
                0x0601060c      0x550 src/main.o
                0x0601060c                SRL::VDP2::ScrollScreen<SRL::VDP2::NBG0, (short)1, (unsigned short)1>::LoadTilemap(SRL::Tilemap::ITilemap&)
 .text._ZN13TrackRenderer11SmoothCacheC2ERKS0_
                0x06010b5c      0x1d4 src/main.o
                0x06010b5c                TrackRenderer::SmoothCache::SmoothCache(TrackRenderer::SmoothCache const&)
                0x06010b5c                TrackRenderer::SmoothCache::SmoothCache(TrackRenderer::SmoothCache const&)
 .text._ZNSt6vectorIN13TrackRenderer11SmoothCacheESaIS1_EE14_M_fill_assignEjRKS1_
                0x06010d30      0x3c0 src/main.o
                0x06010d30                std::vector<TrackRenderer::SmoothCache, std::allocator<TrackRenderer::SmoothCache> >::_M_fill_assign(unsigned int, TrackRenderer::SmoothCache const&)
 .text._ZN13TrackRenderer9FlatCacheC2ERKS0_
                0x060110f0      0x174 src/main.o
                0x060110f0                TrackRenderer::FlatCache::FlatCache(TrackRenderer::FlatCache const&)
                0x060110f0                TrackRenderer::FlatCache::FlatCache(TrackRenderer::FlatCache const&)
 .text._ZNSt6vectorIN13TrackRenderer9FlatCacheESaIS1_EE14_M_fill_assignEjRKS1_
                0x06011264      0x3a0 src/main.o
                0x06011264                std::vector<TrackRenderer::FlatCache, std::allocator<TrackRenderer::FlatCache> >::_M_fill_assign(unsigned int, TrackRenderer::FlatCache const&)
 .text._Z15LoadTrackToCartPKPKcjj
                0x06011604     0x1d60 src/main.o
                0x06011604                LoadTrackToCart(char const* const*, unsigned int, unsigned int)
 .text.startup  0x06013364      0x1e0 src/main.o
                0x06013364                main
 .text.exit     0x06013544       0x54 src/main.o
 *fill*         0x06013598        0x8 
 .text          0x060135a0      0x3a0 ../../saturnringlib/../modules/sgl/LIB/LIBCD.A(CDC_CMN.O)
                0x060135a0                CDC_GetCurStat
                0x060135f0                CDC_GetLastStat
                0x06013608                CDC_GetPeriStat
                0x060136dc                CDC_GetHwInfo
                0x06013744                CDC_TgetToc
                0x06013794                CDC_GetSes
                0x060137d0                CDC_CdInit
                0x06013854                CDC_CdOpen
                0x0601387c                CDC_DataReady
                0x060138e8                CDC_DataEnd
 .text          0x06013940      0x2dc ../../saturnringlib/../modules/sgl/LIB/LIBCD.A(CDC_REG.O)
                0x06013940                CDC_GetDataPtr
                0x06013950                CDC_GetHirqReq
                0x06013964                CDC_ClrHirqReq
                0x06013994                CDREG_ClrHirqReq
                0x060139a4                CDREG_InitHirqReq
                0x060139cc                CDREG_SetHirqFlag
                0x060139e0                CDC_GetHirqMsk
                0x060139f4                CDC_SetHirqMsk
                0x06013a04                CDC_GetMpegPtr
                0x06013a14                CDREG_TgetData
                0x06013a70                CDREG_CmdRsp
                0x06013b70                CDREG_WaitHirq
                0x06013be0                CDREG_ReadRsp
 *fill*         0x06013c1c        0x4 
 .text          0x06013c20      0x152 ../../saturnringlib/../modules/sgl/LIB/LIBCD.A(CDC_SUB.O)
                0x06013c20                CDSUB_UpdStatus
                0x06013c38                CDSUB_UpdCdstat
                0x06013c58                CDSUB_CdCmd
                0x06013cc8                CDSUB_GetCdstat
                0x06013d08                CDSUB_RspToCdstat
                0x06013d50                CDSUB_SoftTimer
 *fill*         0x06013d72        0xe 
 .text          0x06013d80     0x1adc ../../saturnringlib/../modules/sgl/LIB/LIBCD.A(GFS.O)
                0x06013d80                gfs_version
                0x06013da0                GFS_Init
                0x06013e88                GFS_LoadDir
                0x06013f30                GFS_SetDir
                0x06013f98                GFS_NameToId
                0x06013ffc                GFS_IdToName
                0x06014068                GFS_GetDirInfo
                0x060140d8                GFS_Reset
                0x0601415c                GFS_Open
                0x06014210                GFS_Close
                0x06014248                GFS_Seek
                0x060142fc                GFS_Tell
                0x0601434c                GFS_IsEof
                0x060143a0                GFS_ByteToSct
                0x060143fc                GFS_GetFileSize
                0x06014458                GFS_GetFileInfo
                0x060144cc                GFS_GetNumCdbuf
                0x060144f4                GFS_Load
                0x060145b8                GFS_Fread
                0x06014654                gfs_waitRead
                0x060146fc                GFS_NwFread
                0x06014808                GFS_NwCdRead
                0x06014880                GFS_NwIsComplete
                0x060148b8                GFS_NwStop
                0x06014924                GFS_NwGetStat
                0x060149a0                gfs_recovRdErr
                0x060149d0                GFS_NwExecOne
                0x06014a90                GFS_NwExecServer
                0x06014b0c                GFS_SetGmode
                0x06014b70                GFS_SetTmode
                0x06014bdc                GFS_SetReadPara
                0x06014c40                GFS_SetTransPara
                0x06014cac                GFS_SetTrFunc
                0x06014d10                GFS_StartTrans
                0x06014d5c                GFS_CdMovePickup
                0x06014dc8                GFS_SetErrFunc
                0x06014df4                GFS_GetErrStat
                0x06014e18                GFS_ConvTno
                0x06014e40                gfs_chgRoot
                0x06014f0c                gfs_aborttrans
                0x06014f18                gfs_mngSetupFuncTbl
                0x06014f4c                gfs_mngInitWork
                0x06014ff0                gfs_mngGetNumFile
                0x06015058                GFS_mngAllocGrp
                0x060150a0                gfs_mngFreeGrp
                0x060150ac                gfs_mngTermAccess
                0x06015130                gfs_mngSetErrCode
                0x060151b0                gfs_svrSearchHndl
                0x060151f0                gfs_svrAddHndl
                0x0601522c                gfs_svrRemoveHndl
                0x06015288                GFS_OpenSub
                0x060152e0                gfs_loadVol
                0x060153a4                gfs_getRootDir
                0x060154a0                gfs_loadRootDir
                0x06015528                gfs_flowIn
                0x060155d0                gfs_transData
                0x06015674                GFS_GetFad
                0x060156cc                gfs_SetSct
                0x0601570c                gfs_GetFinfo
                0x0601574c                gfs_closeSub
                0x06015788                gfs_getGmode
                0x06015794                gfs_isTaskDone
                0x060157e8                gfs_convFinStat
 *fill*         0x0601585c        0x4 
 .text          0x06015860      0x106 ../../saturnringlib/../modules/sgl/LIB/LIBCD.A(GFS_BUF.O)
                0x06015890                GFBF_GetTranData
                0x060158b8                GFBF_GetNumData
                0x060158e8                GFBF_GetSrcPk
                0x06015910                GFBF_GetSctData
                0x06015934                GFBF_RtnPk
                0x0601595c                gfbf_getSctDt
 *fill*         0x06015966        0xa 
 .text          0x06015970      0x600 ../../saturnringlib/../modules/sgl/LIB/LIBCD.A(GFS_CDB.O)
                0x06015970                GFCB_Setup
                0x06015a90                GFCB_Close
                0x06015ab8                GFCB_GetLenData
                0x06015b64                GFCB_GetLenRoom
                0x06015b70                GFCB_SetFilt
                0x06015bd8                GFCB_DeleteAllData
                0x06015c00                GFCB_Tell
                0x06015c10                gfcb_getSctNum
                0x06015c60                GFCB_Seek
                0x06015d5c                GFCB_GetSrcPack
                0x06015e3c                GFCB_GetSctData
                0x06015e74                GFCB_GetDstPack
                0x06015e80                GFCB_RtnPk
                0x06015ec8                GFCB_MovePickup
                0x06015ee4                GFCB_SetCon
                0x06015f18                GFCB_GetPickup
                0x06015f40                GFCB_IsPuOwner
                0x06015f58                GFCB_UngetPickup
 .text          0x06015f70     0x1a10 ../../saturnringlib/../modules/sgl/LIB/LIBCD.A(GFS_CDC.O)
                0x06015f70                GFCD_SetCdbfs
                0x06015f9c                GFCD_Init
                0x060161a0                GFCD_AllocFilt
                0x060161dc                GFCD_FreeFilt
                0x0601620c                GFCD_AllocBuf
                0x06016240                GFCD_FreeBuf
                0x060162e4                GFCD_GetBaseFad
                0x06016318                GFCD_GetPickup
                0x0601634c                GFCD_UngetPickup
                0x06016378                GFCD_IsPuOwner
                0x0601639c                GFCD_SetFilt
                0x06016460                GFCD_GetFilt
                0x060164a8                GFCD_SetCon
                0x06016500                GFCD_Play
                0x06016560                GFCD_GetLenData
                0x060165c8                GFCD_ReqData
                0x06016624                GFCD_EndData
                0x0601666c                GFCD_DelSctData
                0x060166c4                GFCD_CheckDelSctData
                0x060166f4                GFCD_GetStat
                0x060167a8                GFCD_MovePickup
                0x060167f4                GFCD_MoveSctData
                0x06016868                GFCD_CheckMove
                0x0601688c                GFCD_GetSctInfo
                0x060168d4                GFCD_ChgDir
                0x06016948                GFCD_SetFiltCon
                0x06016a30                GFCD_GetFileInfo
                0x06016b0c                GFCD_GetBufSiz
                0x06016b44                GFCD_ExecServer
                0x06016c18                gfcd_isIdleTask
                0x06016ca4                gfcd_doTask
                0x06016d50                GFCD_SetTimer
                0x06016d64                GFCD_WaitServer
                0x06016da0                gfcd_doSetFiltTsk
                0x06016f64                gfcd_doSetConTsk
                0x06016ff4                gfcd_doGetLenDataTsk
                0x06017148                gfcd_doReqDataTsk
                0x060171e8                gfcd_doDelSctDataTsk
                0x0601731c                gfcd_doMoveSctTsk
                0x06017480                gfcd_doChgDirTsk
                0x0601767c                gfcd_doSetFiltConTsk
                0x060177c0                gfcd_checkEflag
                0x060177e4                gfcd_initCdbMng
                0x06017864                gfcd_setStat
                0x06017890                GFCD_SetCsctFunc
                0x060178ac                GFCD_ChkScdqFlag
                0x060178d0                GFCD_ClrScdqFlag
                0x060178ec                GFCD_WaitScdqFlag
                0x06017930                GFCD_WaitPause
 .text          0x06017980      0x8d8 ../../saturnringlib/../modules/sgl/LIB/LIBCD.A(GFS_CDF.O)
                0x06017980                GFCF_Init
                0x06017a20                GFCF_Setup
                0x06017b68                GFCF_SetSct
                0x06017bac                GFCF_GetFileInfo
                0x06017c20                GFCF_FlowInBuf
                0x06017d74                GFCF_StopInBuf
                0x06017e14                GFCF_Recover
                0x06017e5c                GFCF_Tell
                0x06017e74                GFCF_Seek
                0x06017e8c                GFCF_MovePickup
                0x06017f28                GFCF_cnvIntlvOfs
                0x06017f7c                GFCF_GetStat
                0x06018014                gfcf_getSctSize
                0x06018050                gfcf_isCdOk
                0x06018110                gfcf_getPlayRange
 *fill*         0x06018258        0x8 
 .text          0x06018260      0x92c ../../saturnringlib/../modules/sgl/LIB/LIBCD.A(GFS_DIR.O)
                0x06018260                GFDR_SetupDirTbl
                0x060182d4                GFDR_NameToId
                0x06018334                GFDR_GetInfoDirId
                0x06018348                GFDR_GetInfoDirName
                0x0601835c                GFDR_GetAtrDirId
                0x06018374                GFDR_GetAtrDirName
                0x0601838c                GFDR_ChgRoot
                0x060183a4                GFDR_ChgDir
                0x06018418                gfdr_setupDirIdTbl
                0x0601849c                gfdr_setupDirNameTbl
                0x06018548                gfdr_open
                0x06018570                gfdr_read
                0x06018630                gfdr_readByte
                0x0601865c                gfdr_readWord
                0x06018688                gfdr_readWordNB
                0x060186dc                gfdr_readLongNB
                0x06018728                gfdr_readLongNM
                0x06018750                gfdr_setNextRec
                0x060187d4                gfdr_readDirEnt
                0x06018b50                gfdr_setDirrecCd
 *fill*         0x06018b8c        0x4 
 .text          0x06018b90      0x9c6 ../../saturnringlib/../modules/sgl/LIB/LIBCD.A(GFS_TRN.O)
                0x06018bc0                GFTR_Setup
                0x06018c04                GFTR_SetMode
                0x06018c18                GFTR_SetUnit
                0x06018c24                GFTR_SetTransPara
                0x06018c58                GFTR_GetTransPara
                0x06018c64                GFTR_GetNumTrans
                0x06018c70                GFTR_SetTransMax
                0x06018c7c                GFTR_Start
                0x06018c88                GFTR_Pause
                0x06018c94                GFTR_Stop
                0x06018d4c                GFTR_Exec
                0x06018dd0                GFTR_Idle
                0x06018e48                GFTR_ExecSvr
                0x06018f50                gftr_getSrcPack
                0x06018fd8                gftr_getDstPack
                0x06019034                gftr_reqScu
                0x06019040                gftr_execScu
                0x060190dc                gftr_remScu
                0x06019110                gfdma_canUse
                0x0601911c                gfdma_exec
                0x0601918c                gfdma_getBytecnt
                0x060191c4                gftr_reqDma0
                0x060191dc                gftr_execSdma0
                0x06019200                gftr_remDma0
                0x06019218                gftr_reqDma1
                0x06019230                gftr_execSdma1
                0x06019254                gftr_remDma1
                0x0601926c                gftr_reqCpu
                0x06019278                gftr_execCpu
                0x060192b8                gftr_remCpu
                0x060192c4                gftr_reqTrn
                0x06019334                gftr_execTrn
                0x0601940c                gftr_remTrn
                0x06019480                gftr_copyFrac
                0x060194a8                GFTR_GetLenData
                0x060194b4                GFTR_GetLenRoom
                0x060194cc                GFTR_GetDstPack
                0x06019500                GFTR_RtnDstPk
                0x0601951c                GFTR_GetData
                0x06019530                GFTR_SetData
                0x06019544                GFTR_SetTransFunc
 *fill*         0x06019556        0xa 
 .text          0x06019560      0x130 ../../saturnringlib/../modules/sgl/LIB/LIBCD.A(CDC_DRV.O)
                0x06019560                CDC_CdPlay
                0x0601962c                CDC_CdSeek
                0x06019660                CDC_CdScan
 .text          0x06019690       0xa8 ../../saturnringlib/../modules/sgl/LIB/LIBCD.A(CDC_DEV.O)
                0x06019690                CDC_CdSetCon
                0x060196c0                CDC_CdGetCon
                0x060196fc                CDC_CdGetLastBuf
 *fill*         0x06019738        0x8 
 .text          0x06019740      0x2b8 ../../saturnringlib/../modules/sgl/LIB/LIBCD.A(CDC_SEL.O)
                0x06019740                CDC_SetFiltRange
                0x06019774                CDC_GetFiltRange
                0x060197cc                CDC_SetFiltSubh
                0x0601983c                CDC_GetFiltSubh
                0x060198b8                CDC_SetFiltMode
                0x060198ec                CDC_GetFiltMode
                0x06019930                CDC_SetFiltCon
                0x06019970                CDC_GetFiltCon
                0x060199c4                CDC_ResetSelector
 *fill*         0x060199f8        0x8 
 .text          0x06019a00      0x270 ../../saturnringlib/../modules/sgl/LIB/LIBCD.A(CDC_BIF.O)
                0x06019a00                CDC_GetBufSiz
                0x06019a5c                CDC_GetSctNum
                0x06019aa0                CDC_CalActSiz
                0x06019adc                CDC_GetActSiz
                0x06019b5c                CDC_GetSctInfo
                0x06019bdc                CDC_ExeFadSearch
                0x06019c14                CDC_GetFadSearch
 .text          0x06019c70      0x1e4 ../../saturnringlib/../modules/sgl/LIB/LIBCD.A(CDC_BIO.O)
                0x06019c70                CDC_SetSctLen
                0x06019ca4                CDC_GetSctData
                0x06019ce0                CDC_DelSctData
                0x06019d1c                CDC_GetdelSctData
                0x06019d58                CDC_PutSctData
                0x06019d90                CDC_CopySctData
                0x06019dd4                CDC_MoveSctData
                0x06019e18                CDC_GetCopyErr
 *fill*         0x06019e54        0xc 
 .text          0x06019e60      0x194 ../../saturnringlib/../modules/sgl/LIB/LIBCD.A(CDC_CFS.O)
                0x06019e60                CDC_ChgDir
                0x06019e94                CDC_ReadDir
                0x06019ec8                CDC_GetFileScope
                0x06019f28                CDC_TgetFileInfo
                0x06019f84                CDC_ReadFile
                0x06019fb8                CDC_AbortFile
 *fill*         0x06019ff4        0xc 
 .text          0x0601a000        0x0 ../../saturnringlib/../modules/sgl/LIB/LIBSGL.A(sglA16.o)
 .text          0x0601a000        0x0 ../../saturnringlib/../modules/sgl/LIB/LIBSGL.A(sglA17.o)
 .text          0x0601a000        0x0 ../../saturnringlib/../modules/sgl/LIB/LIBSGL.A(sglA18.o)
 .text          0x0601a000        0x0 ../../saturnringlib/../modules/sgl/LIB/LIBSGL.A(sglA19.o)
 .text          0x0601a000        0x0 ../../saturnringlib/../modules/sgl/LIB/LIBSGL.A(sglA20.o)
 .text          0x0601a000        0x0 ../../saturnringlib/../modules/sgl/LIB/LIBSGL.A(sglA21.o)
 .text          0x0601a000        0x0 ../../saturnringlib/../modules/sgl/LIB/LIBSGL.A(sglA27.o)
 .text          0x0601a000        0x0 ../../saturnringlib/../modules/sgl/LIB/LIBSGL.A(sglB001.o)
 .text          0x0601a000        0x0 ../../saturnringlib/../modules/sgl/LIB/LIBSGL.A(sglB002.o)
 .text          0x0601a000        0x0 ../../saturnringlib/../modules/sgl/LIB/LIBSGL.A(sglB015.o)
 .text          0x0601a000        0x0 ../../saturnringlib/../modules/sgl/LIB/LIBSGL.A(sglB016.o)
 .text          0x0601a000        0x0 ../../saturnringlib/../modules/sgl/LIB/LIBSGL.A(sglB031.o)
 .text          0x0601a000        0x0 ../../saturnringlib/../modules/sgl/LIB/LIBSGL.A(sglB034.o)
 .text          0x0601a000        0x0 ../../saturnringlib/../modules/sgl/LIB/LIBSGL.A(sglB035.o)
 .text          0x0601a000        0x0 ../../saturnringlib/../modules/sgl/LIB/LIBSGL.A(sglB038.o)
 .text          0x0601a000        0x0 ../../saturnringlib/../modules/sgl/LIB/LIBSGL.A(sglB042.o)
 .text          0x0601a000        0x0 ../../saturnringlib/../modules/sgl/LIB/LIBSGL.A(sglB043.o)
 .text          0x0601a000        0x0 ../../saturnringlib/../modules/sgl/LIB/LIBSGL.A(sglB044.o)
 .text          0x0601a000        0x0 ../../saturnringlib/../modules/sgl/LIB/LIBSGL.A(sglB045.o)
 .text          0x0601a000        0x0 ../../saturnringlib/../modules/sgl/LIB/LIBSGL.A(sglB047.o)
 .text          0x0601a000        0x0 ../../saturnringlib/../modules/sgl/LIB/LIBSGL.A(sglB055.o)
 .text          0x0601a000        0x0 ../../saturnringlib/../modules/sgl/LIB/LIBSGL.A(sglB058.o)
 .text          0x0601a000        0x0 ../../saturnringlib/../modules/sgl/LIB/LIBSGL.A(sglB059.o)
 .text          0x0601a000        0x0 ../../saturnringlib/../modules/sgl/LIB/LIBSGL.A(sglB063.o)
 .text          0x0601a000        0x0 ../../saturnringlib/../modules/sgl/LIB/LIBSGL.A(sglB070.o)
 .text          0x0601a000        0x0 ../../saturnringlib/../modules/sgl/LIB/LIBSGL.A(sglB112.o)
 .text          0x0601a000        0x0 ../../saturnringlib/../modules/sgl/LIB/LIBSGL.A(sglB200.o)
 .text          0x0601a000        0x0 ../../saturnringlib/../modules/sgl/LIB/LIBSGL.A(sglC01.o)
 .text          0x0601a000        0x0 ../../saturnringlib/../modules/sgl/LIB/LIBSGL.A(sglC02.o)
 .text          0x0601a000        0x0 ../../saturnringlib/../modules/sgl/LIB/LIBSGL.A(sglC04.o)
 .text          0x0601a000        0x0 ../../saturnringlib/../modules/sgl/LIB/LIBSGL.A(sglC08.o)
 .text          0x0601a000        0x0 ../../saturnringlib/../modules/sgl/LIB/LIBSGL.A(sglD00.o)
 .text          0x0601a000        0x0 ../../saturnringlib/../modules/sgl/LIB/LIBSGL.A(sglD01.o)
 .text          0x0601a000        0x0 ../../saturnringlib/../modules/sgl/LIB/LIBSGL.A(sglD03.o)
 .text          0x0601a000        0x0 ../../saturnringlib/../modules/sgl/LIB/LIBSGL.A(sglD15.o)
 .text          0x0601a000        0x0 ../../saturnringlib/../modules/sgl/LIB/LIBSGL.A(sglD16.o)
 .text          0x0601a000        0x0 ../../saturnringlib/../modules/sgl/LIB/LIBSGL.A(sglD17.o)
 .text          0x0601a000        0x0 ../../saturnringlib/../modules/sgl/LIB/LIBSGL.A(sglD18.o)
 .text          0x0601a000        0x0 ../../saturnringlib/../modules/sgl/LIB/LIBSGL.A(sglF00.o)
 .text          0x0601a000        0x0 ../../saturnringlib/../modules/sgl/LIB/LIBSGL.A(sglG00.o)
 .text          0x0601a000        0x0 ../../saturnringlib/../modules/sgl/LIB/LIBSGL.A(sglH00.o)
 .text          0x0601a000        0x0 ../../saturnringlib/../modules/sgl/LIB/LIBSGL.A(sglH02.o)
 .text          0x0601a000        0x0 ../../saturnringlib/../modules/sgl/LIB/LIBSGL.A(sglH04.o)
 .text          0x0601a000        0x0 ../../saturnringlib/../modules/sgl/LIB/LIBSGL.A(sglI01.o)
 .text          0x0601a000        0x0 ../../saturnringlib/../modules/sgl/LIB/LIBSGL.A(sglI04.o)
 .text          0x0601a000      0x128 ../../saturnringlib/../modules/sgl/LIB/LIBSGL.A(sglIc0.o)
                0x0601a000                slInitSystem
 *fill*         0x0601a128        0x8 
 .text          0x0601a130        0x0 ../../saturnringlib/../modules/sgl/LIB/LIBSGL.A(sglJ00.o)
 .text          0x0601a130        0x0 ../../saturnringlib/../modules/sgl/LIB/LIBSGL.A(sglJ01.o)
 .text          0x0601a130        0x0 ../../saturnringlib/../modules/sgl/LIB/LIBSGL.A(sglJ02.o)
 .text          0x0601a130        0x0 ../../saturnringlib/../modules/sgl/LIB/LIBSGL.A(sglJ03.o)
 .text          0x0601a130        0x0 ../../saturnringlib/../modules/sgl/LIB/LIBSGL.A(sglJ04.o)
 .text          0x0601a130        0x0 ../../saturnringlib/../modules/sgl/LIB/LIBSGL.A(sglJ05.o)
 .text          0x0601a130        0x0 ../../saturnringlib/../modules/sgl/LIB/LIBSGL.A(sglK01.o)
 .text          0x0601a130        0x0 ../../saturnringlib/../modules/sgl/LIB/LIBSGL.A(sglM00.o)
 .text          0x0601a130        0x0 ../../saturnringlib/../modules/sgl/LIB/LIBSGL.A(sglM01.o)
 .text          0x0601a130        0x0 ../../saturnringlib/../modules/sgl/LIB/LIBSGL.A(sglA00.o)
 .text          0x0601a130        0x0 ../../saturnringlib/../modules/sgl/LIB/LIBSGL.A(sglA01.o)
 .text          0x0601a130        0x0 ../../saturnringlib/../modules/sgl/LIB/LIBSGL.A(sglA03.o)
 .text          0x0601a130        0x0 ../../saturnringlib/../modules/sgl/LIB/LIBSGL.A(sglA10.o)
 .text          0x0601a130        0x0 ../../saturnringlib/../modules/sgl/LIB/LIBSGL.A(sglA24.o)
 .text          0x0601a130        0x0 ../../saturnringlib/../modules/sgl/LIB/LIBSGL.A(sglA25.o)
 .text          0x0601a130        0x0 ../../saturnringlib/../modules/sgl/LIB/LIBSGL.A(sglA28.o)
 .text          0x0601a130        0x0 ../../saturnringlib/../modules/sgl/LIB/LIBSGL.A(sglA40.o)
 .text          0x0601a130        0x0 ../../saturnringlib/../modules/sgl/LIB/LIBSGL.A(sglB000.o)
 .text          0x0601a130        0x0 ../../saturnringlib/../modules/sgl/LIB/LIBSGL.A(sglC00.o)
 .text          0x0601a130        0x0 ../../saturnringlib/../modules/sgl/LIB/LIBSGL.A(sglC13.o)
 .text          0x0601a130        0x0 ../../saturnringlib/../modules/sgl/LIB/LIBSGL.A(sglD02.o)
 .text          0x0601a130        0x0 ../../saturnringlib/../modules/sgl/LIB/LIBSGL.A(sglD19.o)
 .text          0x0601a130        0x0 ../../saturnringlib/../modules/sgl/LIB/LIBSGL.A(sglI00.o)
 .text          0x0601a130        0x0 ../../saturnringlib/../modules/sgl/LIB/LIBSGL.A(sglH03.o)
 .text          0x0601a130     0x10b4 ../../saturnringlib/../modules/sgl/LIB/LIBSND.A(snd_main.o)
                0x0601a130                SND_Init
                0x0601a2a8                SND_MoveData
                0x0601a2f4                SND_ChgMap
                0x0601a3cc                SND_SetTlVl
                0x0601a42c                SND_ChgEfct
                0x0601a48c                SND_ChgMix
                0x0601a4f8                SND_ChgMixPrm
                0x0601a580                SND_ChkHard
                0x0601a61c                SND_StopDsp
                0x0601a670                SND_OffAllSound
                0x0601a6c4                SND_StartSeq
                0x0601a748                SND_StopSeq
                0x0601a7a8                SND_PauseSeq
                0x0601a808                SND_ContSeq
                0x0601a868                SND_SetSeqVl
                0x0601a8e0                SND_ChgTempo
                0x0601a95c                SND_CtrlDirMidi
                0x0601aa14                SND_SetSeqPan
                0x0601aa88                SND_StartPcm
                0x0601ab98                SND_StopPcm
                0x0601abf8                SND_ChgPcm
                0x0601acc8                SND_StartVlAnl
                0x0601ad1c                SND_StopVlAnl
                0x0601ad70                SND_SetCdDaLev
                0x0601adec                SND_SetCdDaPan
                0x0601ae68                SND_GetSeqStat
                0x0601ae90                SND_GetSeqPlayPos
                0x0601aeac                SND_GetPcmPlayAdr
                0x0601aed4                SND_GetAnlTlVl
                0x0601aef0                SND_GetAnlHzVl
                0x0601b0ac                SND_SetQSound
                0x0601b118                SND_Set3D_Stat
                0x0601b190                SND_Set3D_Init
 .text          0x0601b1e4       0x52 C:/saturn/SaturnRingLib-main/Compiler/sh2eb-elf/bin/../lib/gcc/sh-elf/14.2.0\libgcc.a(_ashiftrt.o)
                0x0601b1e4                __ashiftrt_r4_31
                0x0601b1e4                __ashiftrt_r4_32
                0x0601b1ea                __ashiftrt_r4_30
                0x0601b1ec                __ashiftrt_r4_29
                0x0601b1ee                __ashiftrt_r4_28
                0x0601b1f0                __ashiftrt_r4_27
                0x0601b1f2                __ashiftrt_r4_26
                0x0601b1f4                __ashiftrt_r4_25
                0x0601b1f6                __ashiftrt_r4_24
                0x0601b1fe                __ashiftrt_r4_23
                0x0601b200                __ashiftrt_r4_22
                0x0601b202                __ashiftrt_r4_21
                0x0601b204                __ashiftrt_r4_20
                0x0601b206                __ashiftrt_r4_19
                0x0601b208                __ashiftrt_r4_18
                0x0601b20a                __ashiftrt_r4_17
                0x0601b20c                __ashiftrt_r4_16
                0x0601b212                __ashiftrt_r4_15
                0x0601b214                __ashiftrt_r4_14
                0x0601b216                __ashiftrt_r4_13
                0x0601b218                __ashiftrt_r4_12
                0x0601b21a                __ashiftrt_r4_11
                0x0601b21c                __ashiftrt_r4_10
                0x0601b21e                __ashiftrt_r4_9
                0x0601b220                __ashiftrt_r4_8
                0x0601b222                __ashiftrt_r4_7
                0x0601b224                __ashiftrt_r4_6
                0x0601b226                __ashiftrt_r4_5
                0x0601b228                __ashiftrt_r4_4
                0x0601b22a                __ashiftrt_r4_3
                0x0601b22c                __ashiftrt_r4_2
                0x0601b22e                __ashiftrt_r4_1
                0x0601b232                __ashiftrt_r4_0
 *fill*         0x0601b236        0x2 
 .text          0x0601b238       0x80 C:/saturn/SaturnRingLib-main/Compiler/sh2eb-elf/bin/../lib/gcc/sh-elf/14.2.0\libgcc.a(_ashiftrt_n.o)
                0x0601b238                __ashrsi3
 .text          0x0601b2b8       0xbc C:/saturn/SaturnRingLib-main/Compiler/sh2eb-elf/bin/../lib/gcc/sh-elf/14.2.0\libgcc.a(_ashiftlt.o)
                0x0601b2b8                __ashlsi3
                0x0601b2bc                __ashlsi3_r0
 .text          0x0601b374       0xbc C:/saturn/SaturnRingLib-main/Compiler/sh2eb-elf/bin/../lib/gcc/sh-elf/14.2.0\libgcc.a(_lshiftrt.o)
                0x0601b374                __lshrsi3
                0x0601b378                __lshrsi3_r0
 .text          0x0601b430       0x78 C:/saturn/SaturnRingLib-main/Compiler/sh2eb-elf/bin/../lib/gcc/sh-elf/14.2.0\libgcc.a(_movmem.o)
                0x0601b430                __movmem
                0x0601b430                __movstr
                0x0601b464                __movstrSI64
                0x0601b464                __movmemSI64
                0x0601b468                __movstrSI60
                0x0601b468                __movmemSI60
                0x0601b46c                __movstrSI56
                0x0601b46c                __movmemSI56
                0x0601b470                __movstrSI52
                0x0601b470                __movmemSI52
                0x0601b474                __movstrSI48
                0x0601b474                __movmemSI48
                0x0601b478                __movmemSI44
                0x0601b478                __movstrSI44
                0x0601b47c                __movstrSI40
                0x0601b47c                __movmemSI40
                0x0601b480                __movmemSI36
                0x0601b480                __movstrSI36
                0x0601b484                __movmemSI32
                0x0601b484                __movstrSI32
                0x0601b488                __movstrSI28
                0x0601b488                __movmemSI28
                0x0601b48c                __movmemSI24
                0x0601b48c                __movstrSI24
                0x0601b490                __movstrSI20
                0x0601b490                __movmemSI20
                0x0601b494                __movstrSI16
                0x0601b494                __movmemSI16
                0x0601b498                __movstrSI12
                0x0601b498                __movmemSI12
                0x0601b49c                __movmemSI8
                0x0601b49c                __movstrSI8
                0x0601b4a0                __movmemSI4
                0x0601b4a0                __movstrSI4
 .text          0x0601b4a8       0xa0 C:/saturn/SaturnRingLib-main/Compiler/sh2eb-elf/bin/../lib/gcc/sh-elf/14.2.0\libgcc.a(_sdivsi3.o)
                0x0601b4a8                __sdivsi3
 .text          0x0601b548       0x6c C:/saturn/SaturnRingLib-main/Compiler/sh2eb-elf/bin/../lib/gcc/sh-elf/14.2.0\libgcc.a(_udivsi3.o)
                0x0601b56a                __udivsi3
 .text          0x0601b5b4       0x3c C:/saturn/SaturnRingLib-main/Compiler/sh2eb-elf/bin/../lib/gcc/sh-elf/14.2.0\libgcc.a(_sf_to_df.o)
                0x0601b5b4                __extendsfdf2
 .text          0x0601b5f0      0x224 C:/saturn/SaturnRingLib-main/Compiler/sh2eb-elf/bin/../lib/gcc/sh-elf/14.2.0\libgcc.a(_mul_df.o)
                0x0601b5f0                __muldf3
 .text          0x0601b814       0xa8 C:/saturn/SaturnRingLib-main/Compiler/sh2eb-elf/bin/../lib/gcc/sh-elf/14.2.0\libgcc.a(_df_to_si.o)
                0x0601b814                __fixdfsi
 .text          0x0601b8bc       0x28 C:/saturn/SaturnRingLib-main/Compiler/sh2eb-elf/bin/../lib/gcc/sh-elf/14.2.0\libgcc.a(_make_df.o)
                0x0601b8bc                __make_dp
 .text          0x0601b8e4        0x0 C:/saturn/SaturnRingLib-main/Compiler/sh2eb-elf/bin/../lib/gcc/sh-elf/14.2.0\libgcc.a(_thenan_df.o)
 .text          0x0601b8e4       0xa4 C:/saturn/SaturnRingLib-main/Compiler/sh2eb-elf/bin/../lib/gcc/sh-elf/14.2.0\libgcc.a(_unpack_sf.o)
                0x0601b8e4                __unpack_f
 .text          0x0601b988      0x238 C:/saturn/SaturnRingLib-main/Compiler/sh2eb-elf/bin/../lib/gcc/sh-elf/14.2.0\libgcc.a(_pack_df.o)
                0x0601b988                __pack_d
 .text          0x0601bbc0       0xd4 C:/saturn/SaturnRingLib-main/Compiler/sh2eb-elf/bin/../lib/gcc/sh-elf/14.2.0\libgcc.a(_unpack_df.o)
                0x0601bbc0                __unpack_d
 .text          0x0601bc94       0x18 C:/saturn/SaturnRingLib-main/Compiler/sh2eb-elf/bin/../lib/gcc/sh-elf/14.2.0/../../../../sh-elf/lib\libc.a(libc_a-abort.o)
                0x0601bc94                abort
 .text          0x0601bcac      0x108 C:/saturn/SaturnRingLib-main/Compiler/sh2eb-elf/bin/../lib/gcc/sh-elf/14.2.0/../../../../sh-elf/lib\libc.a(libc_a-snprintf.o)
                0x0601bcac                _snprintf_r
                0x0601bcac                _sniprintf_r
                0x0601bd2c                snprintf
                0x0601bd2c                sniprintf
 .text          0x0601bdb4       0x1e C:/saturn/SaturnRingLib-main/Compiler/sh2eb-elf/bin/../lib/gcc/sh-elf/14.2.0/../../../../sh-elf/lib\libc.a(libc_a-memcmp.o)
                0x0601bdb4                memcmp
 .text          0x0601bdd2       0x3c C:/saturn/SaturnRingLib-main/Compiler/sh2eb-elf/bin/../lib/gcc/sh-elf/14.2.0/../../../../sh-elf/lib\libc.a(libc_a-memmove.o)
                0x0601bdd2                memmove
 .text          0x0601be0e       0x26 C:/saturn/SaturnRingLib-main/Compiler/sh2eb-elf/bin/../lib/gcc/sh-elf/14.2.0/../../../../sh-elf/lib\libc.a(libc_a-strncmp.o)
                0x0601be0e                strncmp
 .text          0x0601be34       0x32 C:/saturn/SaturnRingLib-main/Compiler/sh2eb-elf/bin/../lib/gcc/sh-elf/14.2.0/../../../../sh-elf/lib\libc.a(libc_a-strncpy.o)
                0x0601be34                strncpy
 *fill*         0x0601be66        0x2 
 .text          0x0601be68      0x1a8 C:/saturn/SaturnRingLib-main/Compiler/sh2eb-elf/bin/../lib/gcc/sh-elf/14.2.0/../../../../sh-elf/lib\libc.a(libc_a-signal.o)
                0x0601be68                _init_signal_r
                0x0601bea8                _signal_r
                0x0601bef4                _raise_r
                0x0601bf64                __sigtramp_r
                0x0601bfc4                raise
                0x0601bfd8                signal
                0x0601bfec                _init_signal
                0x0601bffc                __sigtramp
 .text          0x0601c010        0x0 C:/saturn/SaturnRingLib-main/Compiler/sh2eb-elf/bin/../lib/gcc/sh-elf/14.2.0/../../../../sh-elf/lib\libc.a(libc_a-impure.o)
 .text          0x0601c010       0x40 C:/saturn/SaturnRingLib-main/Compiler/sh2eb-elf/bin/../lib/gcc/sh-elf/14.2.0/../../../../sh-elf/lib\libc.a(libc_a-signalr.o)
                0x0601c010                _kill_r
                0x0601c044                _getpid_r
 .text          0x0601c050       0x94 C:/saturn/SaturnRingLib-main/Compiler/sh2eb-elf/bin/../lib/gcc/sh-elf/14.2.0/../../../../sh-elf/lib\libc.a(libc_a-memcpy.o)
                0x0601c050                memcpy
 .text          0x0601c0e4       0x40 C:/saturn/SaturnRingLib-main/Compiler/sh2eb-elf/bin/../lib/gcc/sh-elf/14.2.0/../../../../sh-elf/lib\libc.a(libc_a-memset.o)
                0x0601c0e4                memset
 .text          0x0601c124      0x194 C:/saturn/SaturnRingLib-main/Compiler/sh2eb-elf/bin/../lib/gcc/sh-elf/14.2.0/../../../../sh-elf/lib\libc.a(libc_a-mallocr.o)
                0x0601c180                _malloc_r
 .text          0x0601c2b8        0x8 C:/saturn/SaturnRingLib-main/Compiler/sh2eb-elf/bin/../lib/gcc/sh-elf/14.2.0/../../../../sh-elf/lib\libc.a(libc_a-mlock.o)
                0x0601c2b8                __malloc_lock
                0x0601c2bc                __malloc_unlock
 .text          0x0601c2c0      0x42c C:/saturn/SaturnRingLib-main/Compiler/sh2eb-elf/bin/../lib/gcc/sh-elf/14.2.0/../../../../sh-elf/lib\libc.a(libc_a-nano-svfprintf.o)
                0x0601c2c0                __ssputs_r
                0x0601c3b4                __ssprint_r
                0x0601c4dc                _svfprintf_r
                0x0601c4dc                _svfiprintf_r
 .text          0x0601c6ec      0x374 C:/saturn/SaturnRingLib-main/Compiler/sh2eb-elf/bin/../lib/gcc/sh-elf/14.2.0/../../../../sh-elf/lib\libc.a(libc_a-nano-vfprintf_i.o)
                0x0601c6ec                _printf_common
                0x0601c7ec                _printf_i
 .text          0x0601ca60      0x1fc C:/saturn/SaturnRingLib-main/Compiler/sh2eb-elf/bin/../lib/gcc/sh-elf/14.2.0/../../../../sh-elf/lib\libc.a(libc_a-findfp.o)
                0x0601cb68                __sfp
                0x0601cc34                __sinit
 .text          0x0601cc5c       0x58 C:/saturn/SaturnRingLib-main/Compiler/sh2eb-elf/bin/../lib/gcc/sh-elf/14.2.0/../../../../sh-elf/lib\libc.a(libc_a-fwalk.o)
                0x0601cc5c                _fwalk_sglue
 .text          0x0601ccb4       0xdc C:/saturn/SaturnRingLib-main/Compiler/sh2eb-elf/bin/../lib/gcc/sh-elf/14.2.0/../../../../sh-elf/lib\libc.a(libc_a-stdio.o)
                0x0601ccb4                __sread
                0x0601ccec                __seofread
                0x0601ccf0                __swrite
                0x0601cd40                __sseek
                0x0601cd80                __sclose
 .text          0x0601cd90       0x1c C:/saturn/SaturnRingLib-main/Compiler/sh2eb-elf/bin/../lib/gcc/sh-elf/14.2.0/../../../../sh-elf/lib\libc.a(libc_a-memchr.o)
                0x0601cd90                memchr
 .text          0x0601cdac       0x30 C:/saturn/SaturnRingLib-main/Compiler/sh2eb-elf/bin/../lib/gcc/sh-elf/14.2.0/../../../../sh-elf/lib\libc.a(libc_a-closer.o)
                0x0601cdac                _close_r
 .text          0x0601cddc       0xa4 C:/saturn/SaturnRingLib-main/Compiler/sh2eb-elf/bin/../lib/gcc/sh-elf/14.2.0/../../../../sh-elf/lib\libc.a(libc_a-reent.o)
                0x0601cddc                _reclaim_reent
 .text          0x0601ce80       0x34 C:/saturn/SaturnRingLib-main/Compiler/sh2eb-elf/bin/../lib/gcc/sh-elf/14.2.0/../../../../sh-elf/lib\libc.a(libc_a-lseekr.o)
                0x0601ce80                _lseek_r
 .text          0x0601ceb4       0x34 C:/saturn/SaturnRingLib-main/Compiler/sh2eb-elf/bin/../lib/gcc/sh-elf/14.2.0/../../../../sh-elf/lib\libc.a(libc_a-readr.o)
                0x0601ceb4                _read_r
 .text          0x0601cee8       0x30 C:/saturn/SaturnRingLib-main/Compiler/sh2eb-elf/bin/../lib/gcc/sh-elf/14.2.0/../../../../sh-elf/lib\libc.a(libc_a-sbrkr.o)
                0x0601cee8                _sbrk_r
 .text          0x0601cf18       0x34 C:/saturn/SaturnRingLib-main/Compiler/sh2eb-elf/bin/../lib/gcc/sh-elf/14.2.0/../../../../sh-elf/lib\libc.a(libc_a-writer.o)
                0x0601cf18                _write_r
 .text          0x0601cf4c       0xc4 C:/saturn/SaturnRingLib-main/Compiler/sh2eb-elf/bin/../lib/gcc/sh-elf/14.2.0/../../../../sh-elf/lib\libc.a(libc_a-freer.o)
                0x0601cf4c                _free_r
 .text          0x0601d010       0x98 C:/saturn/SaturnRingLib-main/Compiler/sh2eb-elf/bin/../lib/gcc/sh-elf/14.2.0/../../../../sh-elf/lib\libc.a(libc_a-reallocr.o)
                0x0601d010                _realloc_r
 .text          0x0601d0a8      0x1a8 C:/saturn/SaturnRingLib-main/Compiler/sh2eb-elf/bin/../lib/gcc/sh-elf/14.2.0/../../../../sh-elf/lib\libc.a(libc_a-fflush.o)
                0x0601d0a8                __sflush_r
                0x0601d1e0                _fflush_r
                0x0601d220                fflush
 .text          0x0601d250       0x16 C:/saturn/SaturnRingLib-main/Compiler/sh2eb-elf/bin/../lib/gcc/sh-elf/14.2.0/../../../../sh-elf/lib\libc.a(libc_a-msizer.o)
                0x0601d250                _malloc_usable_size_r
 *fill*         0x0601d266        0x2 
 .text          0x0601d268       0x10 C:/saturn/SaturnRingLib-main/Compiler/sh2eb-elf/bin/../lib/gcc/sh-elf/14.2.0/../../../../sh-elf/lib\libnosys.a(close.o)
                0x0601d268                _close
 .text          0x0601d278       0x10 C:/saturn/SaturnRingLib-main/Compiler/sh2eb-elf/bin/../lib/gcc/sh-elf/14.2.0/../../../../sh-elf/lib\libnosys.a(getpid.o)
                0x0601d278                _getpid
 .text          0x0601d288       0x10 C:/saturn/SaturnRingLib-main/Compiler/sh2eb-elf/bin/../lib/gcc/sh-elf/14.2.0/../../../../sh-elf/lib\libnosys.a(kill.o)
                0x0601d288                _kill
 .text          0x0601d298       0x10 C:/saturn/SaturnRingLib-main/Compiler/sh2eb-elf/bin/../lib/gcc/sh-elf/14.2.0/../../../../sh-elf/lib\libnosys.a(lseek.o)
                0x0601d298                _lseek
 .text          0x0601d2a8       0x10 C:/saturn/SaturnRingLib-main/Compiler/sh2eb-elf/bin/../lib/gcc/sh-elf/14.2.0/../../../../sh-elf/lib\libnosys.a(read.o)
                0x0601d2a8                _read
 .text          0x0601d2b8       0x18 C:/saturn/SaturnRingLib-main/Compiler/sh2eb-elf/bin/../lib/gcc/sh-elf/14.2.0/../../../../sh-elf/lib\libnosys.a(sbrk.o)
                0x0601d2b8                _sbrk
 .text          0x0601d2d0       0x10 C:/saturn/SaturnRingLib-main/Compiler/sh2eb-elf/bin/../lib/gcc/sh-elf/14.2.0/../../../../sh-elf/lib\libnosys.a(write.o)
                0x0601d2d0                _write
 .text          0x0601d2e0        0x4 C:/saturn/SaturnRingLib-main/Compiler/sh2eb-elf/bin/../lib/gcc/sh-elf/14.2.0/../../../../sh-elf/lib\libnosys.a(_exit.o)
                0x0601d2e0                _exit
 *(.strings*)
 *(SEGA_P)
 *(.eh_frame_hdr*)
 *(.eh_frame*)
                0x0601d2e4                        __etext = .

COMMON          0x0601d2f0       0x28
 *(COMMON)
 COMMON         0x0601d2f0        0xc ../../saturnringlib/../modules/sgl/LIB/LIBCD.A(GFS.O)
                0x0601d2f0                GFMC_base
                0x0601d2f4                gfs_mng_ptr
                0x0601d2f8                gfs_use_scudma
 COMMON         0x0601d2fc        0xc ../../saturnringlib/../modules/sgl/LIB/LIBCD.A(GFS_CDC.O)
                0x0601d2fc                gfcd_fatal_err
                0x0601d300                gfcd_work
                0x0601d304                gfcd_playflag
 COMMON         0x0601d308        0x8 ../../saturnringlib/../modules/sgl/LIB/LIBCD.A(GFS_CDF.O)
                0x0601d308                gfcf_fad
                0x0601d30c                gfcf_stat
 COMMON         0x0601d310        0x8 ../../saturnringlib/../modules/sgl/LIB/LIBSND.A(snd_main.o)
                0x0601d310                snd_adr_sys_int_work
                0x0601d314                snd_msk_work_work

SLPROG          0x0601d320     0xe630
                0x0601d320                        __slprog_start = .
 *(SLPROG)
 SLPROG         0x0601d320       0xd0 ../../saturnringlib/../modules/sgl/LIB/LIBSGL.A(sglA16.o)
                0x0601d320                slLookAt
 SLPROG         0x0601d3f0       0x78 ../../saturnringlib/../modules/sgl/LIB/LIBSGL.A(sglA17.o)
                0x0601d3f0                slRotZ
                0x0601d3fa                slRotZSC
 *fill*         0x0601d468        0x8 
 SLPROG         0x0601d470       0x78 ../../saturnringlib/../modules/sgl/LIB/LIBSGL.A(sglA18.o)
                0x0601d470                slRotY
                0x0601d47a                slRotYSC
 *fill*         0x0601d4e8        0x8 
 SLPROG         0x0601d4f0       0x78 ../../saturnringlib/../modules/sgl/LIB/LIBSGL.A(sglA19.o)
                0x0601d4f0                slRotX
                0x0601d4fa                slRotXSC
 *fill*         0x0601d568        0x8 
 SLPROG         0x0601d570      0x42c ../../saturnringlib/../modules/sgl/LIB/LIBSGL.A(sglA20.o)
                0x0601d570                slInitMatrix
                0x0601d57a                slPushUnitMatrix
                0x0601d58e                slUnitMatrix
 *fill*         0x0601d99c        0x4 
 SLPROG         0x0601d9a0       0x48 ../../saturnringlib/../modules/sgl/LIB/LIBSGL.A(sglA21.o)
                0x0601d9a0                slPushMatrix
                0x0601d9d4                slDecMatrixPtr
                0x0601d9d4                slPopMatrix
 *fill*         0x0601d9e8        0x8 
 SLPROG         0x0601d9f0       0x50 ../../saturnringlib/../modules/sgl/LIB/LIBSGL.A(sglA27.o)
                0x0601d9f0                slTranslate
 SLPROG         0x0601da40       0x20 ../../saturnringlib/../modules/sgl/LIB/LIBSGL.A(sglB001.o)
                0x0601da40                slTVOn
                0x0601da4a                slTVOff
 SLPROG         0x0601da60       0x1e ../../saturnringlib/../modules/sgl/LIB/LIBSGL.A(sglB002.o)
                0x0601da60                slColRAMMode
 *fill*         0x0601da7e        0x2 
 SLPROG         0x0601da80      0x40c ../../saturnringlib/../modules/sgl/LIB/LIBSGL.A(sglB015.o)
                0x0601da80                slScrAutoDisp
 *fill*         0x0601de8c        0x4 
 SLPROG         0x0601de90        0xc ../../saturnringlib/../modules/sgl/LIB/LIBSGL.A(sglB016.o)
                0x0601de90                slBack1ColSet
 *fill*         0x0601de9c        0x4 
 SLPROG         0x0601dea0       0xb0 ../../saturnringlib/../modules/sgl/LIB/LIBSGL.A(sglB031.o)
                0x0601dea0                slMapNbg0
 SLPROG         0x0601df50       0xb4 ../../saturnringlib/../modules/sgl/LIB/LIBSGL.A(sglB034.o)
                0x0601df50                slMapNbg3
 *fill*         0x0601e004        0xc 
 SLPROG         0x0601e010       0xd4 ../../saturnringlib/../modules/sgl/LIB/LIBSGL.A(sglB035.o)
                0x0601e010                sl1MapRA
                0x0601e0a2                rbank_set
 *fill*         0x0601e0e4        0xc 
 SLPROG         0x0601e0f0       0x70 ../../saturnringlib/../modules/sgl/LIB/LIBSGL.A(sglB038.o)
                0x0601e0f0                slRparaInitSet
 SLPROG         0x0601e160       0x10 ../../saturnringlib/../modules/sgl/LIB/LIBSGL.A(sglB042.o)
                0x0601e160                slCurRpara
 SLPROG         0x0601e170        0x8 ../../saturnringlib/../modules/sgl/LIB/LIBSGL.A(sglB043.o)
                0x0601e170                slRparaMode
 *fill*         0x0601e178        0x8 
 SLPROG         0x0601e180      0x4e4 ../../saturnringlib/../modules/sgl/LIB/LIBSGL.A(sglB044.o)
                0x0601e180                slScrMatSet
 *fill*         0x0601e664        0xc 
 SLPROG         0x0601e670       0x28 ../../saturnringlib/../modules/sgl/LIB/LIBSGL.A(sglB045.o)
                0x0601e670                slScrMatConv
 *fill*         0x0601e698        0x8 
 SLPROG         0x0601e6a0        0xc ../../saturnringlib/../modules/sgl/LIB/LIBSGL.A(sglB047.o)
                0x0601e6a0                slOverRA
 *fill*         0x0601e6ac        0x4 
 SLPROG         0x0601e6b0        0xc ../../saturnringlib/../modules/sgl/LIB/LIBSGL.A(sglB055.o)
                0x0601e6b0                slPlaneNbg0
 *fill*         0x0601e6bc        0x4 
 SLPROG         0x0601e6c0       0x10 ../../saturnringlib/../modules/sgl/LIB/LIBSGL.A(sglB058.o)
                0x0601e6c0                slPlaneNbg3
 SLPROG         0x0601e6d0        0xc ../../saturnringlib/../modules/sgl/LIB/LIBSGL.A(sglB059.o)
                0x0601e6d0                slPlaneRA
 *fill*         0x0601e6dc        0x4 
 SLPROG         0x0601e6e0        0xc ../../saturnringlib/../modules/sgl/LIB/LIBSGL.A(sglB063.o)
                0x0601e6e0                slPriority
 *fill*         0x0601e6ec        0x4 
 SLPROG         0x0601e6f0       0x34 ../../saturnringlib/../modules/sgl/LIB/LIBSGL.A(sglB070.o)
                0x0601e6f0                slScrPosNbg0
 *fill*         0x0601e724        0xc 
 SLPROG         0x0601e730       0x3c ../../saturnringlib/../modules/sgl/LIB/LIBSGL.A(sglB112.o)
                0x0601e730                slScrScaleNbg0
                0x0601e736                slScrScaleNbg1
                0x0601e73c                slScrScaleR
 *fill*         0x0601e76c        0x4 
 SLPROG         0x0601e770      0x114 ../../saturnringlib/../modules/sgl/LIB/LIBSGL.A(sglB200.o)
                0x0601e770                slCharRbg0
                0x0601e77c                slCharNbg0
                0x0601e788                slCharNbg1
                0x0601e794                slCharNbg2
                0x0601e7aa                slCharNbg3
                0x0601e7c2                slPageRbg0
                0x0601e7d8                slPageNbg1
                0x0601e7e0                slPageNbg2
                0x0601e7e8                slPageNbg3
                0x0601e7f4                slPageNbg0
 *fill*         0x0601e884        0xc 
 SLPROG         0x0601e890       0x6c ../../saturnringlib/../modules/sgl/LIB/LIBSGL.A(sglC01.o)
                0x0601e890                slPerspective
 *fill*         0x0601e8fc        0x4 
 SLPROG         0x0601e900       0x30 ../../saturnringlib/../modules/sgl/LIB/LIBSGL.A(sglC02.o)
                0x0601e900                slLight
 SLPROG         0x0601e930       0x2c ../../saturnringlib/../modules/sgl/LIB/LIBSGL.A(sglC04.o)
                0x0601e930                slZdspLevel
 *fill*         0x0601e95c        0x4 
 SLPROG         0x0601e960     0x1218 ../../saturnringlib/../modules/sgl/LIB/LIBSGL.A(sglC08.o)
                0x0601e960                slPutPolygon
                0x0601f5dc                MsCalcDepthFlat
 *fill*         0x0601fb78        0x8 
 SLPROG         0x0601fb80       0x84 ../../saturnringlib/../modules/sgl/LIB/LIBSGL.A(sglD00.o)
                0x0601fb80                slCpuDMACopy
                0x0601fb80                slDMACopy
                0x0601fbda                CSH_AllClr
                0x0601fbda                slCashPurge
 *fill*         0x0601fc04        0xc 
 SLPROG         0x0601fc10       0xa0 ../../saturnringlib/../modules/sgl/LIB/LIBSGL.A(sglD01.o)
                0x0601fc10                slDMAXCopy
 SLPROG         0x0601fcb0        0xc ../../saturnringlib/../modules/sgl/LIB/LIBSGL.A(sglD03.o)
                0x0601fcb0                slDMAStatus
 *fill*         0x0601fcbc        0x4 
 SLPROG         0x0601fcc0       0x20 ../../saturnringlib/../modules/sgl/LIB/LIBSGL.A(sglD15.o)
                0x0601fcc0                CSH_Purge
 SLPROG         0x0601fce0       0x84 ../../saturnringlib/../modules/sgl/LIB/LIBSGL.A(sglD16.o)
                0x0601fce0                DMA_ScuSetPrm
                0x0601fd28                DMA_SCU_PRM0
 *fill*         0x0601fd64        0xc 
 SLPROG         0x0601fd70       0x88 ../../saturnringlib/../modules/sgl/LIB/LIBSGL.A(sglD17.o)
                0x0601fd70                DMA_ScuStart
 *fill*         0x0601fdf8        0x8 
 SLPROG         0x0601fe00       0x34 ../../saturnringlib/../modules/sgl/LIB/LIBSGL.A(sglD18.o)
                0x0601fe00                DMA_ScuGetStatus
 *fill*         0x0601fe34        0xc 
 SLPROG         0x0601fe40       0x4e ../../saturnringlib/../modules/sgl/LIB/LIBSGL.A(sglF00.o)
                0x0601fe40                slCurScrn
                0x0601fe50                slCurColor
                0x0601fe5a                slLocate
                0x0601fe8c                CurrentScreen
 *fill*         0x0601fe8e        0x2 
 SLPROG         0x0601fe90      0x1d0 ../../saturnringlib/../modules/sgl/LIB/LIBSGL.A(sglG00.o)
                0x0601fe90                slInitSound
                0x0601ff94                slWaitSound
                0x0601ffac                slSndFlush
 SLPROG         0x06020060      0xfc8 ../../saturnringlib/../modules/sgl/LIB/LIBSGL.A(sglH00.o)
                0x06020078                slGetPortDir1
                0x06020080                slGetPortDir2
                0x06020088                slSetPortDir1
                0x060200b2                slSetPortDir2
                0x060200ec                slGetPortData1
                0x060200f4                slGetPortData2
                0x060200fc                slSetPortData1
                0x06020106                slSetPortData2
                0x06020118                slGetPortSelect1
                0x06020122                slGetPortSelect2
                0x0602012c                slSetPortSelect1
                0x06020160                slSetPortSelect2
                0x0602019c                slGetPortExt1
                0x060201a6                slGetPortExt2
                0x060201b0                slSetPortExt1
                0x060201e0                slSetPortExt2
                0x06020354                slSmpcDirectAccess
                0x060203d4                slInitPeripheral
                0x06020466                slSetResultBuffer
                0x060204f2                slCheckIntBackSet
                0x060204fe                slIntBackCancel
                0x06020528                slCheckReset
                0x06020532                slClearReset
                0x060206f8                slSmpcCashSend
                0x060207b4                slSmpcCashBlow
                0x06020890                slGetOptimize
                0x0602089a                slSetOptimize
                0x060208c0                slGetPortMode1
                0x060208cc                slGetPortMode2
                0x060208da                slSetPortMode1
                0x06020918                slSetPortMode2
                0x06020aa4                slRequestCommand
                0x06020b14                Smpc_Status
                0x06020b18                Smpc_Result
                0x06020b1c                Smpc_Peripheral
                0x06020b22                Per_Connect1
                0x06020b23                Per_Connect2
                0x06020b44                SmpcStatusBuf
 *fill*         0x06021028        0x8 
 SLPROG         0x06021030      0x470 ../../saturnringlib/../modules/sgl/LIB/LIBSGL.A(sglH02.o)
                0x06021420                smpc_pfr_tbl
                0x06021460                smpc_ptf_tbl
 SLPROG         0x060214a0       0x60 ../../saturnringlib/../modules/sgl/LIB/LIBSGL.A(sglH04.o)
                0x060214a0                slComPrmIntBack
                0x060214b4                slComPrmSetMemory
                0x060214ca                slComPrmSetTime
 SLPROG         0x06021500      0x3a4 ../../saturnringlib/../modules/sgl/LIB/LIBSGL.A(sglI01.o)
                0x06021500                slInitSynch
                0x0602151a                slSynch
                0x06021610                slRandom
                0x0602162e                PCM_EndCheck
                0x060216ea                RetPCMBuf
                0x06021784                PCM_Buf
                0x06021824                Sound_Buf
 *fill*         0x060218a4        0xc 
 SLPROG         0x060218b0       0x10 ../../saturnringlib/../modules/sgl/LIB/LIBSGL.A(sglI04.o)
                0x060218b0                slIntFunction
 SLPROG         0x060218c0       0x74 ../../saturnringlib/../modules/sgl/LIB/LIBSGL.A(sglJ00.o)
                0x060218c0                InitSlaveSH
                0x06021928                SlaveCommand
 *fill*         0x06021934        0xc 
 SLPROG         0x06021940      0x3d0 ../../saturnringlib/../modules/sgl/LIB/LIBSGL.A(sglJ01.o)
                0x06021940                SlaveControl
                0x06021cfc                ErasePolygonData
 SLPROG         0x06021d10     0x12b8 ../../saturnringlib/../modules/sgl/LIB/LIBSGL.A(sglJ02.o)
                0x06021d10                sbMakePolygon
                0x06021ef8                sbCalcPolygon
                0x06022c30                SetTexture
                0x06022c3c                SetPolygon
                0x06022c44                SetPosition
                0x06022c7c                stvtc_4
                0x06022d34                stvtc_3
                0x06022f44                stvtc_1
                0x06022f58                stvtc_2
                0x06022f6c                stvtc_0
 *fill*         0x06022fc8        0x8 
 SLPROG         0x06022fd0      0x140 ../../saturnringlib/../modules/sgl/LIB/LIBSGL.A(sglJ03.o)
                0x06022fd0                sbMakeDMATable
 SLPROG         0x06023110      0x470 ../../saturnringlib/../modules/sgl/LIB/LIBSGL.A(sglJ04.o)
                0x0602316e                sbMakeSprite
                0x060231d4                sbMakeRotSprite
 SLPROG         0x06023580       0x3c ../../saturnringlib/../modules/sgl/LIB/LIBSGL.A(sglJ05.o)
                0x06023580                sbSortEntry
 *fill*         0x060235bc        0x4 
 SLPROG         0x060235c0      0x4b8 ../../saturnringlib/../modules/sgl/LIB/LIBSGL.A(sglM00.o)
                0x060235c0                slInitGouraud
                0x060236b4                slPutPolygonX
                0x060236fa                slGouraudTblCopy
                0x06023752                slSetGouraudTbl
                0x06023758                slSetGouraudColor
                0x060237d0                slSetAmbient
                0x060237f4                slSetFlatColor
 *fill*         0x06023a78        0x8 
 SLPROG         0x06023a80       0x6a ../../saturnringlib/../modules/sgl/LIB/LIBSGL.A(sglM01.o)
                0x06023a80                slSetDepthLimit
                0x06023aac                slSetDepthTbl
                0x06023adc                DepthWorkArea
 *fill*         0x06023aea        0x6 
 SLPROG         0x06023af0       0x20 ../../saturnringlib/../modules/sgl/LIB/LIBSGL.A(sglA00.o)
                0x06023af0                set_imask
                0x06023af0                _builtin_set_imask
                0x06023b04                _builtin_get_imask
                0x06023b04                get_imask
 SLPROG         0x06023b10     0x411e ../../saturnringlib/../modules/sgl/LIB/LIBSGL.A(sglA01.o)
                0x06023b10                slSin
                0x06023b34                slCos
                0x06023b58                GetSinCos
                0x06023bec                sin_cos_index_tbl
                0x06023c2c                sin_tbl
 *fill*         0x06027c2e        0x2 
 SLPROG         0x06027c30     0x215c ../../saturnringlib/../modules/sgl/LIB/LIBSGL.A(sglA03.o)
                0x06027c30                slTan
 *fill*         0x06029d8c        0x4 
 SLPROG         0x06029d90       0x34 ../../saturnringlib/../modules/sgl/LIB/LIBSGL.A(sglA10.o)
                0x06029d90                slSquartDbl
 *fill*         0x06029dc4        0xc 
 SLPROG         0x06029dd0      0x3c2 ../../saturnringlib/../modules/sgl/LIB/LIBSGL.A(sglA24.o)
                0x06029dd0                slInversMatrix
 *fill*         0x0602a192        0xe 
 SLPROG         0x0602a1a0       0x24 ../../saturnringlib/../modules/sgl/LIB/LIBSGL.A(sglA25.o)
                0x0602a1a0                slTransposeMatrix
 *fill*         0x0602a1c4        0xc 
 SLPROG         0x0602a1d0       0x70 ../../saturnringlib/../modules/sgl/LIB/LIBSGL.A(sglA28.o)
                0x0602a1d0                slScale
 SLPROG         0x0602a240       0x22 ../../saturnringlib/../modules/sgl/LIB/LIBSGL.A(sglA40.o)
                0x0602a240                slCalcVector
 *fill*         0x0602a262        0xe 
 SLPROG         0x0602a270      0xbd0 ../../saturnringlib/../modules/sgl/LIB/LIBSGL.A(sglB000.o)
                0x0602a270                slInitScroll
                0x0602a390                setASC_1to8
                0x0602a3c0                setASC_4to8
                0x0602a4d0                TVSizeTbl
                0x0602a550                TVModeTbl
                0x0602a728                SGL_ASCII_CG
 SLPROG         0x0602ae40      0x134 ../../saturnringlib/../modules/sgl/LIB/LIBSGL.A(sglC00.o)
                0x0602ae40                slInitSprite
 *fill*         0x0602af74        0xc 
 SLPROG         0x0602af80       0xac ../../saturnringlib/../modules/sgl/LIB/LIBSGL.A(sglC13.o)
                0x0602af80                slPutPolygonS
 *fill*         0x0602b02c        0x4 
 SLPROG         0x0602b030       0x10 ../../saturnringlib/../modules/sgl/LIB/LIBSGL.A(sglD02.o)
                0x0602b030                slDMAWait
 SLPROG         0x0602b040       0xc0 ../../saturnringlib/../modules/sgl/LIB/LIBSGL.A(sglD19.o)
                0x0602b040                DMA_ScuMemCopy
 SLPROG         0x0602b100      0x75c ../../saturnringlib/../modules/sgl/LIB/LIBSGL.A(sglI00.o)
                0x0602b3f0                slInitInterrupt
 *fill*         0x0602b85c        0x4 
 SLPROG         0x0602b860       0xf0 ../../saturnringlib/../modules/sgl/LIB/LIBSGL.A(sglH03.o)
                0x0602b8c4                slSmpcIntBack
                0x0602b950                        __slprog_end = .

.tors           0x0602b950       0x10
                0x0602b950                        ___ctors = .
 *(.ctors*)
 .ctors         0x0602b950        0x4 src/main.o
                0x0602b954                        ___ctors_end = .
                0x0602b954                        ___dtors = .
 *(.dtors*)
 .dtors         0x0602b954        0x4 src/main.o
                0x0602b958                        ___dtors_end = .

.data           0x0602b960      0x500
 *(.data*)
 .data          0x0602b960       0x28 ../../saturnringlib/../modules/sgl/LIB/../SRC/workarea.o
                0x0602b960                PCM_Work
                0x0602b964                SlaveStack
                0x0602b968                TransList
                0x0602b96c                MasterStack
                0x0602b970                SortList
                0x0602b974                Zbuffer
                0x0602b978                SpriteBuf
                0x0602b97c                Pbuffer
                0x0602b980                CLOfstBuf
                0x0602b984                CommandBuf
 .data          0x0602b988       0x58 src/main.o
                0x0602b9a0                shadingTable
 .data._ZZN3SRL5Input3Gun11SynchronizeEvE14secondPlayerId
                0x0602b9e0        0x1 src/main.o
                0x0602b9e0                SRL::Input::Gun::Synchronize()::secondPlayerId
 .data._ZZN3SRL5Input3Gun11SynchronizeEvE13firstPlayerId
                0x0602b9e1        0x1 src/main.o
                0x0602b9e1                SRL::Input::Gun::Synchronize()::firstPlayerId
 *fill*         0x0602b9e2        0x2 
 .data._ZN3SRL5Input10Management11PeripheralsE
                0x0602b9e4      0x120 src/main.o
                0x0602b9e4                SRL::Input::Management::Peripherals
 .data._ZN3SRL5Input10Management24PeripheralsPreviousStateE
                0x0602bb04      0x120 src/main.o
                0x0602bb04                SRL::Input::Management::PeripheralsPreviousState
 .data._ZN3SRL4VDP212ScrollScreenINS0_4RBG0ELs5ELt16EE12MapAllocSizeE
                0x0602bc24        0x4 src/main.o
                0x0602bc24                SRL::VDP2::ScrollScreen<SRL::VDP2::RBG0, (short)5, (unsigned short)16>::MapAllocSize
 .data._ZN3SRL4VDP212ScrollScreenINS0_4RBG0ELs5ELt16EE13CellAllocSizeE
                0x0602bc28        0x4 src/main.o
                0x0602bc28                SRL::VDP2::ScrollScreen<SRL::VDP2::RBG0, (short)5, (unsigned short)16>::CellAllocSize
 .data._ZN3SRL4VDP212ScrollScreenINS0_4RBG0ELs5ELt16EE4InfoE
                0x0602bc2c       0x14 src/main.o
                0x0602bc2c                SRL::VDP2::ScrollScreen<SRL::VDP2::RBG0, (short)5, (unsigned short)16>::Info
 .data._ZN3SRL4VDP212ScrollScreenINS0_4RBG0ELs5ELt16EE10MapAddressE
                0x0602bc40        0x4 src/main.o
                0x0602bc40                SRL::VDP2::ScrollScreen<SRL::VDP2::RBG0, (short)5, (unsigned short)16>::MapAddress
 .data._ZN3SRL4VDP212ScrollScreenINS0_4RBG0ELs5ELt16EE11CellAddressE
                0x0602bc44        0x4 src/main.o
                0x0602bc44                SRL::VDP2::ScrollScreen<SRL::VDP2::RBG0, (short)5, (unsigned short)16>::CellAddress
 .data._ZN3SRL4VDP212ScrollScreenINS0_4NBG0ELs1ELt1EE12MapAllocSizeE
                0x0602bc48        0x4 src/main.o
                0x0602bc48                SRL::VDP2::ScrollScreen<SRL::VDP2::NBG0, (short)1, (unsigned short)1>::MapAllocSize
 .data._ZN3SRL4VDP212ScrollScreenINS0_4NBG0ELs1ELt1EE13CellAllocSizeE
                0x0602bc4c        0x4 src/main.o
                0x0602bc4c                SRL::VDP2::ScrollScreen<SRL::VDP2::NBG0, (short)1, (unsigned short)1>::CellAllocSize
 .data._ZN3SRL4VDP212ScrollScreenINS0_4NBG0ELs1ELt1EE4InfoE
                0x0602bc50       0x14 src/main.o
                0x0602bc50                SRL::VDP2::ScrollScreen<SRL::VDP2::NBG0, (short)1, (unsigned short)1>::Info
 .data._ZN3SRL4VDP212ScrollScreenINS0_4NBG0ELs1ELt1EE10MapAddressE
                0x0602bc64        0x4 src/main.o
                0x0602bc64                SRL::VDP2::ScrollScreen<SRL::VDP2::NBG0, (short)1, (unsigned short)1>::MapAddress
 .data._ZN3SRL4VDP212ScrollScreenINS0_4NBG0ELs1ELt1EE11CellAddressE
                0x0602bc68        0x4 src/main.o
                0x0602bc68                SRL::VDP2::ScrollScreen<SRL::VDP2::NBG0, (short)1, (unsigned short)1>::CellAddress
 .data._ZN3SRL4VDP213ActiveScrollsE
                0x0602bc6c        0x2 src/main.o
                0x0602bc6c                SRL::VDP2::ActiveScrolls
 *fill*         0x0602bc6e        0x2 
 .data._ZN3SRL4VDP24VRAM10bankCyclesE
                0x0602bc70        0x4 src/main.o
                0x0602bc70                SRL::VDP2::VRAM::bankCycles
 .data._ZN3SRL4VDP24VRAM10currentTopE
                0x0602bc74       0x10 src/main.o
                0x0602bc74                SRL::VDP2::VRAM::currentTop
 .data._ZN3SRL4VDP24VRAM10currentBotE
                0x0602bc84       0x10 src/main.o
                0x0602bc84                SRL::VDP2::VRAM::currentBot
 .data._ZN3SRL5ASCII7maxFontE
                0x0602bc94        0x1 src/main.o
                0x0602bc94                SRL::ASCII::maxFont
 .data._ZN3SRL5ASCII12maxYPositionE
                0x0602bc95        0x1 src/main.o
                0x0602bc95                SRL::ASCII::maxYPosition
 .data._ZN3SRL5ASCII12maxXPositionE
                0x0602bc96        0x1 src/main.o
                0x0602bc96                SRL::ASCII::maxXPosition
 *fill*         0x0602bc97        0x1 
 .data._ZN3SRL5ASCII8fontBankE
                0x0602bc98        0x2 src/main.o
                0x0602bc98                SRL::ASCII::fontBank
 .data._ZN3SRL5ASCII9colorBankE
                0x0602bc9a        0x2 src/main.o
                0x0602bc9a                SRL::ASCII::colorBank
 .data._ZN3SRL5ASCII7tileMapE
                0x0602bc9c        0x4 src/main.o
                0x0602bc9c                SRL::ASCII::tileMap
 .data._ZN3SRL4CRAM11BaseAddressE
                0x0602bca0        0x4 src/main.o
                0x0602bca0                SRL::CRAM::BaseAddress
 *fill*         0x0602bca4        0xc 
 .data          0x0602bcb0        0x0 ../../saturnringlib/../modules/sgl/LIB/LIBCD.A(CDC_CMN.O)
 .data          0x0602bcb0        0x0 ../../saturnringlib/../modules/sgl/LIB/LIBCD.A(CDC_REG.O)
 .data          0x0602bcb0        0x0 ../../saturnringlib/../modules/sgl/LIB/LIBCD.A(CDC_SUB.O)
 .data          0x0602bcb0        0x0 ../../saturnringlib/../modules/sgl/LIB/LIBCD.A(GFS.O)
 .data          0x0602bcb0        0x0 ../../saturnringlib/../modules/sgl/LIB/LIBCD.A(GFS_BUF.O)
 .data          0x0602bcb0        0x0 ../../saturnringlib/../modules/sgl/LIB/LIBCD.A(GFS_CDB.O)
 .data          0x0602bcb0        0x0 ../../saturnringlib/../modules/sgl/LIB/LIBCD.A(GFS_CDC.O)
 .data          0x0602bcb0        0x0 ../../saturnringlib/../modules/sgl/LIB/LIBCD.A(GFS_CDF.O)
 .data          0x0602bcb0        0x0 ../../saturnringlib/../modules/sgl/LIB/LIBCD.A(GFS_DIR.O)
 .data          0x0602bcb0        0x0 ../../saturnringlib/../modules/sgl/LIB/LIBCD.A(GFS_TRN.O)
 .data          0x0602bcb0        0x0 ../../saturnringlib/../modules/sgl/LIB/LIBCD.A(CDC_DRV.O)
 .data          0x0602bcb0        0x0 ../../saturnringlib/../modules/sgl/LIB/LIBCD.A(CDC_DEV.O)
 .data          0x0602bcb0        0x0 ../../saturnringlib/../modules/sgl/LIB/LIBCD.A(CDC_SEL.O)
 .data          0x0602bcb0        0x0 ../../saturnringlib/../modules/sgl/LIB/LIBCD.A(CDC_BIF.O)
 .data          0x0602bcb0        0x0 ../../saturnringlib/../modules/sgl/LIB/LIBCD.A(CDC_BIO.O)
 .data          0x0602bcb0        0x0 ../../saturnringlib/../modules/sgl/LIB/LIBCD.A(CDC_CFS.O)
 .data          0x0602bcb0        0x0 ../../saturnringlib/../modules/sgl/LIB/LIBSGL.A(sglA16.o)
 .data          0x0602bcb0        0x0 ../../saturnringlib/../modules/sgl/LIB/LIBSGL.A(sglA17.o)
 .data          0x0602bcb0        0x0 ../../saturnringlib/../modules/sgl/LIB/LIBSGL.A(sglA18.o)
 .data          0x0602bcb0        0x0 ../../saturnringlib/../modules/sgl/LIB/LIBSGL.A(sglA19.o)
 .data          0x0602bcb0        0x0 ../../saturnringlib/../modules/sgl/LIB/LIBSGL.A(sglA20.o)
 .data          0x0602bcb0        0x0 ../../saturnringlib/../modules/sgl/LIB/LIBSGL.A(sglA21.o)
 .data          0x0602bcb0        0x0 ../../saturnringlib/../modules/sgl/LIB/LIBSGL.A(sglA27.o)
 .data          0x0602bcb0        0x0 ../../saturnringlib/../modules/sgl/LIB/LIBSGL.A(sglB001.o)
 .data          0x0602bcb0        0x0 ../../saturnringlib/../modules/sgl/LIB/LIBSGL.A(sglB002.o)
 .data          0x0602bcb0        0x0 ../../saturnringlib/../modules/sgl/LIB/LIBSGL.A(sglB015.o)
 .data          0x0602bcb0        0x0 ../../saturnringlib/../modules/sgl/LIB/LIBSGL.A(sglB016.o)
 .data          0x0602bcb0        0x0 ../../saturnringlib/../modules/sgl/LIB/LIBSGL.A(sglB031.o)
 .data          0x0602bcb0        0x0 ../../saturnringlib/../modules/sgl/LIB/LIBSGL.A(sglB034.o)
 .data          0x0602bcb0        0x0 ../../saturnringlib/../modules/sgl/LIB/LIBSGL.A(sglB035.o)
 .data          0x0602bcb0        0x0 ../../saturnringlib/../modules/sgl/LIB/LIBSGL.A(sglB038.o)
 .data          0x0602bcb0        0x0 ../../saturnringlib/../modules/sgl/LIB/LIBSGL.A(sglB042.o)
 .data          0x0602bcb0        0x0 ../../saturnringlib/../modules/sgl/LIB/LIBSGL.A(sglB043.o)
 .data          0x0602bcb0        0x0 ../../saturnringlib/../modules/sgl/LIB/LIBSGL.A(sglB044.o)
 .data          0x0602bcb0        0x0 ../../saturnringlib/../modules/sgl/LIB/LIBSGL.A(sglB045.o)
 .data          0x0602bcb0        0x0 ../../saturnringlib/../modules/sgl/LIB/LIBSGL.A(sglB047.o)
 .data          0x0602bcb0        0x0 ../../saturnringlib/../modules/sgl/LIB/LIBSGL.A(sglB055.o)
 .data          0x0602bcb0        0x0 ../../saturnringlib/../modules/sgl/LIB/LIBSGL.A(sglB058.o)
 .data          0x0602bcb0        0x0 ../../saturnringlib/../modules/sgl/LIB/LIBSGL.A(sglB059.o)
 .data          0x0602bcb0        0x0 ../../saturnringlib/../modules/sgl/LIB/LIBSGL.A(sglB063.o)
 .data          0x0602bcb0        0x0 ../../saturnringlib/../modules/sgl/LIB/LIBSGL.A(sglB070.o)
 .data          0x0602bcb0        0x0 ../../saturnringlib/../modules/sgl/LIB/LIBSGL.A(sglB112.o)
 .data          0x0602bcb0        0x0 ../../saturnringlib/../modules/sgl/LIB/LIBSGL.A(sglB200.o)
 .data          0x0602bcb0        0x0 ../../saturnringlib/../modules/sgl/LIB/LIBSGL.A(sglC01.o)
 .data          0x0602bcb0        0x0 ../../saturnringlib/../modules/sgl/LIB/LIBSGL.A(sglC02.o)
 .data          0x0602bcb0        0x0 ../../saturnringlib/../modules/sgl/LIB/LIBSGL.A(sglC04.o)
 .data          0x0602bcb0        0x0 ../../saturnringlib/../modules/sgl/LIB/LIBSGL.A(sglC08.o)
 .data          0x0602bcb0        0x0 ../../saturnringlib/../modules/sgl/LIB/LIBSGL.A(sglD00.o)
 .data          0x0602bcb0        0x0 ../../saturnringlib/../modules/sgl/LIB/LIBSGL.A(sglD01.o)
 .data          0x0602bcb0        0x0 ../../saturnringlib/../modules/sgl/LIB/LIBSGL.A(sglD03.o)
 .data          0x0602bcb0        0x0 ../../saturnringlib/../modules/sgl/LIB/LIBSGL.A(sglD15.o)
 .data          0x0602bcb0        0x0 ../../saturnringlib/../modules/sgl/LIB/LIBSGL.A(sglD16.o)
 .data          0x0602bcb0        0x0 ../../saturnringlib/../modules/sgl/LIB/LIBSGL.A(sglD17.o)
 .data          0x0602bcb0        0x0 ../../saturnringlib/../modules/sgl/LIB/LIBSGL.A(sglD18.o)
 .data          0x0602bcb0        0x0 ../../saturnringlib/../modules/sgl/LIB/LIBSGL.A(sglF00.o)
 .data          0x0602bcb0        0x0 ../../saturnringlib/../modules/sgl/LIB/LIBSGL.A(sglG00.o)
 .data          0x0602bcb0        0x0 ../../saturnringlib/../modules/sgl/LIB/LIBSGL.A(sglH00.o)
 .data          0x0602bcb0        0x0 ../../saturnringlib/../modules/sgl/LIB/LIBSGL.A(sglH02.o)
 .data          0x0602bcb0        0x0 ../../saturnringlib/../modules/sgl/LIB/LIBSGL.A(sglH04.o)
 .data          0x0602bcb0        0x0 ../../saturnringlib/../modules/sgl/LIB/LIBSGL.A(sglI01.o)
 .data          0x0602bcb0        0x0 ../../saturnringlib/../modules/sgl/LIB/LIBSGL.A(sglI04.o)
 .data          0x0602bcb0       0x80 ../../saturnringlib/../modules/sgl/LIB/LIBSGL.A(sglIc0.o)
                0x0602bcb0                IntPrioMask
 .data          0x0602bd30        0x0 ../../saturnringlib/../modules/sgl/LIB/LIBSGL.A(sglJ00.o)
 .data          0x0602bd30        0x0 ../../saturnringlib/../modules/sgl/LIB/LIBSGL.A(sglJ01.o)
 .data          0x0602bd30        0x0 ../../saturnringlib/../modules/sgl/LIB/LIBSGL.A(sglJ02.o)
 .data          0x0602bd30        0x0 ../../saturnringlib/../modules/sgl/LIB/LIBSGL.A(sglJ03.o)
 .data          0x0602bd30        0x0 ../../saturnringlib/../modules/sgl/LIB/LIBSGL.A(sglJ04.o)
 .data          0x0602bd30        0x0 ../../saturnringlib/../modules/sgl/LIB/LIBSGL.A(sglJ05.o)
 .data          0x0602bd30        0x0 ../../saturnringlib/../modules/sgl/LIB/LIBSGL.A(sglK01.o)
 .data          0x0602bd30        0x0 ../../saturnringlib/../modules/sgl/LIB/LIBSGL.A(sglM00.o)
 .data          0x0602bd30        0x0 ../../saturnringlib/../modules/sgl/LIB/LIBSGL.A(sglM01.o)
 .data          0x0602bd30        0x0 ../../saturnringlib/../modules/sgl/LIB/LIBSGL.A(sglA00.o)
 .data          0x0602bd30        0x0 ../../saturnringlib/../modules/sgl/LIB/LIBSGL.A(sglA01.o)
 .data          0x0602bd30        0x0 ../../saturnringlib/../modules/sgl/LIB/LIBSGL.A(sglA03.o)
 .data          0x0602bd30        0x0 ../../saturnringlib/../modules/sgl/LIB/LIBSGL.A(sglA10.o)
 .data          0x0602bd30        0x0 ../../saturnringlib/../modules/sgl/LIB/LIBSGL.A(sglA24.o)
 .data          0x0602bd30        0x0 ../../saturnringlib/../modules/sgl/LIB/LIBSGL.A(sglA25.o)
 .data          0x0602bd30        0x0 ../../saturnringlib/../modules/sgl/LIB/LIBSGL.A(sglA28.o)
 .data          0x0602bd30        0x0 ../../saturnringlib/../modules/sgl/LIB/LIBSGL.A(sglA40.o)
 .data          0x0602bd30        0x0 ../../saturnringlib/../modules/sgl/LIB/LIBSGL.A(sglB000.o)
 .data          0x0602bd30        0x0 ../../saturnringlib/../modules/sgl/LIB/LIBSGL.A(sglC00.o)
 .data          0x0602bd30        0x0 ../../saturnringlib/../modules/sgl/LIB/LIBSGL.A(sglC13.o)
 .data          0x0602bd30        0x0 ../../saturnringlib/../modules/sgl/LIB/LIBSGL.A(sglD02.o)
 .data          0x0602bd30        0x0 ../../saturnringlib/../modules/sgl/LIB/LIBSGL.A(sglD19.o)
 .data          0x0602bd30        0x0 ../../saturnringlib/../modules/sgl/LIB/LIBSGL.A(sglI00.o)
 .data          0x0602bd30        0x0 ../../saturnringlib/../modules/sgl/LIB/LIBSGL.A(sglH03.o)
 .data          0x0602bd30        0x0 ../../saturnringlib/../modules/sgl/LIB/LIBSND.A(snd_main.o)
 .data          0x0602bd30        0x0 C:/saturn/SaturnRingLib-main/Compiler/sh2eb-elf/bin/../lib/gcc/sh-elf/14.2.0\libgcc.a(_ashiftrt.o)
 .data          0x0602bd30        0x0 C:/saturn/SaturnRingLib-main/Compiler/sh2eb-elf/bin/../lib/gcc/sh-elf/14.2.0\libgcc.a(_ashiftrt_n.o)
 .data          0x0602bd30        0x0 C:/saturn/SaturnRingLib-main/Compiler/sh2eb-elf/bin/../lib/gcc/sh-elf/14.2.0\libgcc.a(_ashiftlt.o)
 .data          0x0602bd30        0x0 C:/saturn/SaturnRingLib-main/Compiler/sh2eb-elf/bin/../lib/gcc/sh-elf/14.2.0\libgcc.a(_lshiftrt.o)
 .data          0x0602bd30        0x0 C:/saturn/SaturnRingLib-main/Compiler/sh2eb-elf/bin/../lib/gcc/sh-elf/14.2.0\libgcc.a(_movmem.o)
 .data          0x0602bd30        0x0 C:/saturn/SaturnRingLib-main/Compiler/sh2eb-elf/bin/../lib/gcc/sh-elf/14.2.0\libgcc.a(_sdivsi3.o)
 .data          0x0602bd30        0x0 C:/saturn/SaturnRingLib-main/Compiler/sh2eb-elf/bin/../lib/gcc/sh-elf/14.2.0\libgcc.a(_udivsi3.o)
 .data          0x0602bd30        0x0 C:/saturn/SaturnRingLib-main/Compiler/sh2eb-elf/bin/../lib/gcc/sh-elf/14.2.0\libgcc.a(_sf_to_df.o)
 .data          0x0602bd30        0x0 C:/saturn/SaturnRingLib-main/Compiler/sh2eb-elf/bin/../lib/gcc/sh-elf/14.2.0\libgcc.a(_mul_df.o)
 .data          0x0602bd30        0x0 C:/saturn/SaturnRingLib-main/Compiler/sh2eb-elf/bin/../lib/gcc/sh-elf/14.2.0\libgcc.a(_df_to_si.o)
 .data          0x0602bd30        0x0 C:/saturn/SaturnRingLib-main/Compiler/sh2eb-elf/bin/../lib/gcc/sh-elf/14.2.0\libgcc.a(_make_df.o)
 .data          0x0602bd30        0x0 C:/saturn/SaturnRingLib-main/Compiler/sh2eb-elf/bin/../lib/gcc/sh-elf/14.2.0\libgcc.a(_thenan_df.o)
 .data          0x0602bd30        0x0 C:/saturn/SaturnRingLib-main/Compiler/sh2eb-elf/bin/../lib/gcc/sh-elf/14.2.0\libgcc.a(_unpack_sf.o)
 .data          0x0602bd30        0x0 C:/saturn/SaturnRingLib-main/Compiler/sh2eb-elf/bin/../lib/gcc/sh-elf/14.2.0\libgcc.a(_pack_df.o)
 .data          0x0602bd30        0x0 C:/saturn/SaturnRingLib-main/Compiler/sh2eb-elf/bin/../lib/gcc/sh-elf/14.2.0\libgcc.a(_unpack_df.o)
 .data          0x0602bd30        0x0 C:/saturn/SaturnRingLib-main/Compiler/sh2eb-elf/bin/../lib/gcc/sh-elf/14.2.0/../../../../sh-elf/lib\libc.a(libc_a-abort.o)
 .data          0x0602bd30        0x0 C:/saturn/SaturnRingLib-main/Compiler/sh2eb-elf/bin/../lib/gcc/sh-elf/14.2.0/../../../../sh-elf/lib\libc.a(libc_a-snprintf.o)
 .data          0x0602bd30        0x0 C:/saturn/SaturnRingLib-main/Compiler/sh2eb-elf/bin/../lib/gcc/sh-elf/14.2.0/../../../../sh-elf/lib\libc.a(libc_a-memcmp.o)
 .data          0x0602bd30        0x0 C:/saturn/SaturnRingLib-main/Compiler/sh2eb-elf/bin/../lib/gcc/sh-elf/14.2.0/../../../../sh-elf/lib\libc.a(libc_a-memmove.o)
 .data          0x0602bd30        0x0 C:/saturn/SaturnRingLib-main/Compiler/sh2eb-elf/bin/../lib/gcc/sh-elf/14.2.0/../../../../sh-elf/lib\libc.a(libc_a-strncmp.o)