Archive member included to satisfy reference by file (symbol)

../../saturnringlib/../modules/sgl/LIB/LIBCD.A(CDC_CMN.O)
                              src/main.o (CDC_CdInit)
../../saturnringlib/../modules/sgl/LIB/LIBCD.A(CDC_REG.O)
                              ../../saturnringlib/../modules/sgl/LIB/LIBCD.A(CDC_CMN.O) (CDREG_ClrHirqReq)
../../saturnringlib/../modules/sgl/LIB/LIBCD.A(CDC_SUB.O)
                              ../../saturnringlib/../modules/sgl/LIB/LIBCD.A(CDC_CMN.O) (CDSUB_UpdStatus)
../../saturnringlib/../modules/sgl/LIB/LIBCD.A(GFS.O)
                              src/main.o (GFS_Init)
../../saturnringlib/../modules/sgl/LIB/LIBCD.A(GFS_BUF.O)
                              ../../saturnringlib/../modules/sgl/LIB/LIBCD.A(GFS.O) (GFBF_GetNumData)
../../saturnringlib/../modules/sgl/LIB/LIBCD.A(GFS_CDB.O)
                              ../../saturnringlib/../modules/sgl/LIB/LIBCD.A(GFS.O) (GFCB_Close)
../../saturnringlib/../modules/sgl/LIB/LIBCD.A(GFS_CDC.O)
                              ../../saturnringlib/../modules/sgl/LIB/LIBCD.A(GFS.O) (GFCD_SetCdbfs)
../../saturnringlib/../modules/sgl/LIB/LIBCD.A(GFS_CDF.O)
                              ../../saturnringlib/../modules/sgl/LIB/LIBCD.A(GFS.O) (GFCF_Init)
../../saturnringlib/../modules/sgl/LIB/LIBCD.A(GFS_DIR.O)
                              ../../saturnringlib/../modules/sgl/LIB/LIBCD.A(GFS.O) (GFDR_SetupDirTbl)
../../saturnringlib/../modules/sgl/LIB/LIBCD.A(GFS_TRN.O)
                              ../../saturnringlib/../modules/sgl/LIB/LIBCD.A(GFS.O) (GFTR_Setup)
../../saturnringlib/../modules/sgl/LIB/LIBCD.A(CDC_DRV.O)
                              ../../saturnringlib/../modules/sgl/LIB/LIBCD.A(GFS_CDC.O) (CDC_CdPlay)
../../saturnringlib/../modules/sgl/LIB/LIBCD.A(CDC_DEV.O)
                              ../../saturnringlib/../modules/sgl/LIB/LIBCD.A(GFS_CDC.O) (CDC_CdSetCon)
../../saturnringlib/../modules/sgl/LIB/LIBCD.A(CDC_SEL.O)
                              ../../saturnringlib/../modules/sgl/LIB/LIBCD.A(GFS_CDC.O) (CDC_SetFiltRange)
../../saturnringlib/../modules/sgl/LIB/LIBCD.A(CDC_BIF.O)
                              ../../saturnringlib/../modules/sgl/LIB/LIBCD.A(GFS_CDC.O) (CDC_GetBufSiz)
../../saturnringlib/../modules/sgl/LIB/LIBCD.A(CDC_BIO.O)
                              ../../saturnringlib/../modules/sgl/LIB/LIBCD.A(GFS_CDC.O) (CDC_SetSctLen)
../../saturnringlib/../modules/sgl/LIB/LIBCD.A(CDC_CFS.O)
                              ../../saturnringlib/../modules/sgl/LIB/LIBCD.A(GFS_CDC.O) (CDC_ChgDir)
../../saturnringlib/../modules/sgl/LIB/LIBSGL.A(sglA16.o)
                              src/main.o (slLookAt)
../../saturnringlib/../modules/sgl/LIB/LIBSGL.A(sglA17.o)
                              ../../saturnringlib/../modules/sgl/LIB/LIBSGL.A(sglA16.o) (slRotZ)
../../saturnringlib/../modules/sgl/LIB/LIBSGL.A(sglA18.o)
                              src/main.o (slRotY)
../../saturnringlib/../modules/sgl/LIB/LIBSGL.A(sglA19.o)
                              src/main.o (slRotX)
../../saturnringlib/../modules/sgl/LIB/LIBSGL.A(sglA20.o)
                              src/main.o (slUnitMatrix)
../../saturnringlib/../modules/sgl/LIB/LIBSGL.A(sglA21.o)
                              src/main.o (slPushMatrix)
../../saturnringlib/../modules/sgl/LIB/LIBSGL.A(sglA27.o)
                              src/main.o (slTranslate)
../../saturnringlib/../modules/sgl/LIB/LIBSGL.A(sglA28.o)
                              src/main.o (slScale)
../../saturnringlib/../modules/sgl/LIB/LIBSGL.A(sglA39.o)
                              src/main.o (slConvert3Dto2DFX)
../../saturnringlib/../modules/sgl/LIB/LIBSGL.A(sglB001.o)
                              src/main.o (slTVOn)
../../saturnringlib/../modules/sgl/LIB/LIBSGL.A(sglB002.o)
                              src/main.o (slColRAMMode)
../../saturnringlib/../modules/sgl/LIB/LIBSGL.A(sglB015.o)
                              src/main.o (slScrAutoDisp)
../../saturnringlib/../modules/sgl/LIB/LIBSGL.A(sglB016.o)
                              src/main.o (slBack1ColSet)
../../saturnringlib/../modules/sgl/LIB/LIBSGL.A(sglB031.o)
                              src/main.o (slMapNbg0)
../../saturnringlib/../modules/sgl/LIB/LIBSGL.A(sglB034.o)
                              src/main.o (slMapNbg3)
../../saturnringlib/../modules/sgl/LIB/LIBSGL.A(sglB035.o)
                              src/main.o (sl1MapRA)
../../saturnringlib/../modules/sgl/LIB/LIBSGL.A(sglB038.o)
                              src/main.o (slRparaInitSet)
../../saturnringlib/../modules/sgl/LIB/LIBSGL.A(sglB042.o)
                              src/main.o (slCurRpara)
../../saturnringlib/../modules/sgl/LIB/LIBSGL.A(sglB043.o)
                              src/main.o (slRparaMode)
../../saturnringlib/../modules/sgl/LIB/LIBSGL.A(sglB044.o)
                              src/main.o (slScrMatSet)
../../saturnringlib/../modules/sgl/LIB/LIBSGL.A(sglB045.o)
                              src/main.o (slScrMatConv)
../../saturnringlib/../modules/sgl/LIB/LIBSGL.A(sglB047.o)
[...]
Memory Configuration

Name             Origin             Length             Attributes
*default*        0x00000000         0xffffffff

Linker script and memory map


SLSTART         0x06004000       0x30
                0x06004000                        ___Start = .
 *(SLSTART)
 SLSTART        0x06004000       0x28 ../../saturnringlib/../modules/sgl/LIB/LIBSGL.A(sglI00.o)
                0x06004000                SGL_Start
                0x06004002                slStartSGL

.text           0x06004040    0x1cd10
 *(.text*)
 .text          0x06004040        0x0 ../../saturnringlib/../modules/sgl/LIB/../SRC/workarea.o
 .text          0x06004040     0x5328 src/main.o
                0x06004b9c                __throw_bad_array_new_length
                0x06004ba0                __throw_bad_alloc
                0x06006630                GameApp::Run()
 .text._ZN3SRL7Tilemap10Interfaces8Bmp2Tile11GetCellDataEv
                0x06009368        0x4 src/main.o
                0x06009368                SRL::Tilemap::Interfaces::Bmp2Tile::GetCellData()
 .text._ZN3SRL7Tilemap10Interfaces8Bmp2Tile10GetMapDataEv
                0x0600936c        0x4 src/main.o
                0x0600936c                SRL::Tilemap::Interfaces::Bmp2Tile::GetMapData()
 .text._ZN3SRL7Tilemap10Interfaces8Bmp2Tile10GetPalDataEv
                0x06009370        0x4 src/main.o
                0x06009370                SRL::Tilemap::Interfaces::Bmp2Tile::GetPalData()
 .text._ZN3SRL7Tilemap10Interfaces8Bmp2Tile7GetInfoEv
                0x06009374       0x18 src/main.o
                0x06009374                SRL::Tilemap::Interfaces::Bmp2Tile::GetInfo()
 .text._ZN3SRL5Input7Digital11IsConnectedEv
                0x0600938c       0x28 src/main.o
                0x0600938c                SRL::Input::Digital::IsConnected()
 .text._ZN3SRL5Input7Digital6IsHeldERKNS1_6ButtonE
                0x060093b4       0x1c src/main.o
                0x060093b4                SRL::Input::Digital::IsHeld(SRL::Input::Digital::Button const&)
 .text._ZN3SRL5Input7Digital11WasReleasedERKNS1_6ButtonE
                0x060093d0       0x2c src/main.o
                0x060093d0                SRL::Input::Digital::WasReleased(SRL::Input::Digital::Button const&)
 .text._ZN3SRL5Input7Digital10WasPressedERKNS1_6ButtonE
                0x060093fc       0x2c src/main.o
                0x060093fc                SRL::Input::Digital::WasPressed(SRL::Input::Digital::Button const&)
 .text._ZN3SRL6Bitmap3TGA7GetDataEv
                0x06009428        0x4 src/main.o
                0x06009428                SRL::Bitmap::TGA::GetData()
 .text._ZN3SRL6Bitmap3TGA7GetInfoEv
                0x0600942c       0x34 src/main.o
                0x0600942c                SRL::Bitmap::TGA::GetInfo()
 .text._ZN3SRL7Scene3D21LightCopyGouraudTableEv
                0x06009460        0xc src/main.o
                0x06009460                SRL::Scene3D::LightCopyGouraudTable()
 .text._ZN3SRL4Math5Types3FxpmIERKS2_.isra.0
                0x0600946c        0x8 src/main.o
 .text._ZN3SRL4Core14VblankHandlingEv
                0x06009474      0x1b4 src/main.o
                0x06009474                SRL::Core::VblankHandling()
 .text._ZN3SRL4Math5Types3FxpC2Ev
                0x06009628        0x8 src/main.o
                0x06009628                SRL::Math::Types::Fxp::Fxp()
                0x06009628                SRL::Math::Types::Fxp::Fxp()
 .text._ZN3SRL4Math5Types3FxpC2ERKS2_
                0x06009630        0x8 src/main.o
                0x06009630                SRL::Math::Types::Fxp::Fxp(SRL::Math::Types::Fxp const&)
                0x06009630                SRL::Math::Types::Fxp::Fxp(SRL::Math::Types::Fxp const&)
 .text._ZNK3SRL4Math5Types3Fxp8RawValueEv
                0x06009638        0x4 src/main.o
                0x06009638                SRL::Math::Types::Fxp::RawValue() const
 .text._ZN11CarRenderer21DrawWireframePolygonsEPKN3SRL5Types7PolygonEjPKNS0_4Math5Types8Vector3DEj.isra.0
                0x0600963c      0x168 src/main.o
 .text._ZN3SRL4Math5Types8Vector3DC2ERKS2_
                0x060097a4       0x34 src/main.o
                0x060097a4                SRL::Math::Types::Vector3D::Vector3D(SRL::Math::Types::Vector3D const&)
                0x060097a4                SRL::Math::Types::Vector3D::Vector3D(SRL::Math::Types::Vector3D const&)
 .text._ZN3SRL4Math5Types8Vector3DC2ERKNS1_3FxpES5_S5_
                0x060097d8       0x34 src/main.o
                0x060097d8                SRL::Math::Types::Vector3D::Vector3D(SRL::Math::Types::Fxp const&, SRL::Math::Types::Fxp const&, SRL::Math::Types::Fxp const&)
                0x060097d8                SRL::Math::Types::Vector3D::Vector3D(SRL::Math::Types::Fxp const&, SRL::Math::Types::Fxp const&, SRL::Math::Types::Fxp const&)
 .text._ZNK3SRL4Math5Types8Vector3DplERKS2_
                0x0600980c       0x64 src/main.o
                0x0600980c                SRL::Math::Types::Vector3D::operator+(SRL::Math::Types::Vector3D const&) const
 .text.unlikely
                0x06009870        0x4 src/main.o
                0x06009870                std::__throw_length_error(char const*)
                0x06009874                std::__throw_bad_alloc()
                0x06009874                std::__throw_bad_array_new_length()
 .text._ZN3SRL6Memory12SimpleMalloc4FreeERKNS0_10MemoryZoneEPv
                0x06009874       0x7c src/main.o
                0x06009874                SRL::Memory::SimpleMalloc::Free(SRL::Memory::MemoryZone const&, void*)
 .text._ZN3SRL6Memory12SimpleMalloc6MallocERKNS0_10MemoryZoneEj
                0x060098f0       0xdc src/main.o
                0x060098f0                SRL::Memory::SimpleMalloc::Malloc(SRL::Memory::MemoryZone const&, unsigned int)
 .text._ZN3SRL6Memory7CartRam12GetFreeSpaceEv
                0x060099cc       0x40 src/main.o
                0x060099cc                SRL::Memory::CartRam::GetFreeSpace()
 .text._ZN3SRL6Memory7CartRam9GetReportEv
                0x06009a0c       0x94 src/main.o
                0x06009a0c                SRL::Memory::CartRam::GetReport()
 .text._ZN3SRL6Memory4FreeEPv
                0x06009aa0       0xec src/main.o
                0x06009aa0                SRL::Memory::Free(void*)
 .text._ZNSt6vectorIN3SRL5Types7PolygonESaIS2_EE13_M_assign_auxIPS2_EEvT_S7_St20forward_iterator_tag.isra.0
                0x06009b8c      0x210 src/main.o
 .text._ZNSt6vectorIN3SRL4Math5Types8Vector3DESaIS3_EE13_M_assign_auxIPS3_EEvT_S8_St20forward_iterator_tag.isra.0
                0x06009d9c      0x190 src/main.o
 .text._ZN3SRL6Memory15PlacementMallocEjm
                0x06009f2c       0x7c src/main.o
                0x06009f2c                SRL::Memory::PlacementMalloc(unsigned int, unsigned long)
 .text._ZN3SRL2Cd4FileC2EPKc
                0x06009fa8       0xd4 src/main.o
                0x06009fa8                SRL::Cd::File::File(char const*)
                0x06009fa8                SRL::Cd::File::File(char const*)
 .text._ZN3SRL2Cd4File5CloseEv
                0x0600a07c       0xac src/main.o
                0x0600a07c                SRL::Cd::File::Close()
 .text._ZN3SRL2Cd4File4ReadElPv
                0x0600a128      0x10c src/main.o
                0x0600a128                SRL::Cd::File::Read(long, void*)
 .text._ZN3SRL4VDP24VRAM8AllocateEmmNS0_8VramBankEh
                0x0600a234       0x68 src/main.o
                0x0600a234                SRL::VDP2::VRAM::Allocate(unsigned long, unsigned long, SRL::VDP2::VramBank, unsigned char)
 .text._ZN3SRL4VDP210InitializeERKNS_5Types9HighColorE
                0x0600a29c      0x1ac src/main.o
                0x0600a29c                SRL::VDP2::Initialize(SRL::Types::HighColor const&)
 .text._ZN3SRL5Input3Gun11SynchronizeEv
                0x0600a448      0x1d0 src/main.o
                0x0600a448                SRL::Input::Gun::Synchronize()
 .text._ZN3SRL5Sound8Hardware10InitializeEv
                0x0600a618      0x3b8 src/main.o
                0x0600a618                SRL::Sound::Hardware::Initialize()
 .text._ZN3SRL4Core10InitializeERKNS_5Types9HighColorE
                0x0600a9d0      0x1e8 src/main.o
                0x0600a9d0                SRL::Core::Initialize(SRL::Types::HighColor const&)
 .text._ZN3SRL6Bitmap3TGA13DecodePaletteEPhPKNS1_9TgaHeaderEl
                0x0600abb8      0x338 src/main.o
                0x0600abb8                SRL::Bitmap::TGA::DecodePalette(unsigned char*, SRL::Bitmap::TGA::TgaHeader const*, long)
 .text._ZN3SRL5Types4MeshD2Ev
                0x0600aef0      0x108 src/main.o
                0x0600aef0                SRL::Types::Mesh::~Mesh()
                0x0600aef0                SRL::Types::Mesh::~Mesh()
 .text._ZN3SRL5Types10SmoothMeshD2Ev
                0x0600aff8      0x114 src/main.o
                0x0600aff8                SRL::Types::SmoothMesh::~SmoothMesh()
                0x0600aff8                SRL::Types::SmoothMesh::~SmoothMesh()
 .text._ZN11ModelObject18LoadFlatMeshStreamERN3SRL2Cd4FileEj
                0x0600b10c      0x600 src/main.o
                0x0600b10c                ModelObject::LoadFlatMeshStream(SRL::Cd::File&, unsigned int)
 .text._ZN11ModelObject18LoadFlatMeshBufferEPPcj
                0x0600b70c      0x460 src/main.o
                0x0600b70c                ModelObject::LoadFlatMeshBuffer(char**, unsigned int)
 .text._ZN11ModelObject20LoadSmoothMeshStreamERN3SRL2Cd4FileEPjj
                0x0600bb6c      0x7c4 src/main.o
                0x0600bb6c                ModelObject::LoadSmoothMeshStream(SRL::Cd::File&, unsigned int*, unsigned int)
 .text._ZN11ModelObject20LoadSmoothMeshBufferEPPcPjj
                0x0600c330      0x718 src/main.o
                0x0600c330                ModelObject::LoadSmoothMeshBuffer(char**, unsigned int*, unsigned int)
 .text._ZN11ModelObjectD2Ev
                0x0600ca48      0x320 src/main.o
                0x0600ca48                ModelObject::~ModelObject()
                0x0600ca48                ModelObject::~ModelObject()
 .text._ZN6Camera13OrbitPositionEN3SRL4Math5Types5AngleES3_NS2_3FxpE
                0x0600cd68      0x1b0 src/main.o
                0x0600cd68                Camera::OrbitPosition(SRL::Math::Types::Angle, SRL::Math::Types::Angle, SRL::Math::Types::Fxp)
 .text._ZN6Camera13RefreshAnglesERNS_5StateE
                0x0600cf18       0xa8 src/main.o
                0x0600cf18                Camera::RefreshAngles(Camera::State&)
 .text._ZN6Camera11UpdateInputERNS_5StateERKNS_6TuningERN3SRL5Input7DigitalE
                0x0600cfc0      0x778 src/main.o
                0x0600cfc0                Camera::UpdateInput(Camera::State&, Camera::Tuning const&, SRL::Input::Digital&)
 .text._ZN11CarRenderer6RenderEv
                0x0600d738      0x204 src/main.o
                0x0600d738                CarRenderer::Render()
 .text._ZN7SglPoly8DrawMeshEPKN3SRL4Math5Types8Vector3DEjPKNS0_5Types7PolygonEjtRS4_NS2_3FxpE
                0x0600d93c      0x32c src/main.o
                0x0600d93c                SglPoly::DrawMesh(SRL::Math::Types::Vector3D const*, unsigned int, SRL::Types::Polygon const*, unsigned int, unsigned short, SRL::Math::Types::Vector3D const&, SRL::Math::Types::Fxp)
 .text._ZN13TrackRenderer5ResetEv
                0x0600dc68      0x460 src/main.o
                0x0600dc68                TrackRenderer::Reset()
 .text._ZN13SkyBackground6UpdateEll
                0x0600e0c8      0x180 src/main.o
                0x0600e0c8                SkyBackground::Update(long, long)
 .text._ZN17SkyBackgroundDome6UpdateElll
                0x0600e248      0x180 src/main.o
                0x0600e248                SkyBackgroundDome::Update(long, long, long)
 .text._ZN3SRL5Debug12AssertScreenIJEEEvPKcS3_S3_DpT_
                0x0600e3c8      0x498 src/main.o
                0x0600e3c8                void SRL::Debug::AssertScreen<>(char const*, char const*, char const*)
 .text._ZN3SRL4VDP24VRAM16AutoAllocateCellERNS_7Tilemap11TilemapInfoEt
                0x0600e860      0x1a8 src/main.o
                0x0600e860                SRL::VDP2::VRAM::AutoAllocateCell(SRL::Tilemap::TilemapInfo&, unsigned short)
 .text._ZN3SRL7Tilemap10Interfaces8Bmp2Tile13ConvertBitmapERNS0_11TilemapInfoERNS_6Bitmap7IBitmapEib.isra.0
                0x0600ea08      0x3f4 src/main.o
 .text._ZN3SRL5Debug12AssertScreenIJlEEEvPKcS3_S3_DpT_
                0x0600edfc      0x4fc src/main.o
                0x0600edfc                void SRL::Debug::AssertScreen<long>(char const*, char const*, char const*, long)
 .text._ZN3SRL7Tilemap10Interfaces8Bmp2TileC2ERNS_6Bitmap7IBitmapEh
                0x0600f2f8      0x258 src/main.o
                0x0600f2f8                SRL::Tilemap::Interfaces::Bmp2Tile::Bmp2Tile(SRL::Bitmap::IBitmap&, unsigned char)
                0x0600f2f8                SRL::Tilemap::Interfaces::Bmp2Tile::Bmp2Tile(SRL::Bitmap::IBitmap&, unsigned char)
 .text._ZN3SRL5Debug5PrintIJiEEEvhhPKcDpT_
                0x0600f550      0x118 src/main.o
                0x0600f550                void SRL::Debug::Print<int>(unsigned char, unsigned char, char const*, int)
 .text._ZN3SRL5Debug12AssertScreenIJaEEEvPKcS3_S3_DpT_
                0x0600f668      0x500 src/main.o
                0x0600f668                void SRL::Debug::AssertScreen<signed char>(char const*, char const*, char const*, signed char)
 .text._ZN3SRL6Bitmap3TGA8LoadDataEPNS_2Cd4FileEPNS1_14LoaderSettingsE
                0x0600fb68      0xe58 src/main.o
                0x0600fb68                SRL::Bitmap::TGA::LoadData(SRL::Cd::File*, SRL::Bitmap::TGA::LoaderSettings*)
 .text._ZN3SRL5Debug5PrintIJPKcEEEvhhS3_DpT_
                0x060109c0      0x118 src/main.o
                0x060109c0                void SRL::Debug::Print<char const*>(unsigned char, unsigned char, char const*, char const*)
 .text._ZN11ModelObject11ParseBufferEPKcjj
                0x06010ad8      0x4d4 src/main.o
                0x06010ad8                ModelObject::ParseBuffer(char const*, unsigned int, unsigned int)
 .text._ZN11ModelObject10LoadBufferEPKcj
                0x06010fac      0x3ec src/main.o
                0x06010fac                ModelObject::LoadBuffer(char const*, unsigned int)
 .text._ZN3SRL5Debug5PrintIJmmmEEEvhhPKcDpT_
                0x06011398      0x134 src/main.o
                0x06011398                void SRL::Debug::Print<unsigned long, unsigned long, unsigned long>(unsigned char, unsigned char, char const*, unsigned long, unsigned long, unsigned long)
 .text._ZN11ModelObject13LoadStreamingEPKcj
                0x060114cc      0x93c src/main.o
                0x060114cc                ModelObject::LoadStreaming(char const*, unsigned int)
 .text._ZN11ModelObjectC2EPKcjbjbbb
                0x06011e08      0x288 src/main.o
                0x06011e08                ModelObject::ModelObject(char const*, unsigned int, bool, unsigned int, bool, bool, bool)
                0x06011e08                ModelObject::ModelObject(char const*, unsigned int, bool, unsigned int, bool, bool, bool)
 .text._Z13LoadCarToCartPKPKcjb
                0x06012090     0x14c4 src/main.o
                0x06012090                LoadCarToCart(char const* const*, unsigned int, bool)
 .text._ZN3SRL5Debug5PrintIJmEEEvhhPKcDpT_
                0x06013554      0x118 src/main.o
                0x06013554                void SRL::Debug::Print<unsigned long>(unsigned char, unsigned char, char const*, unsigned long)
 .text._ZN3SRL5Debug5PrintIJssssssEEEvhhPKcDpT_
                0x0601366c      0x174 src/main.o
                0x0601366c                void SRL::Debug::Print<short, short, short, short, short, short>(unsigned char, unsigned char, char const*, short, short, short, short, short, short)
 .text._ZN3SRL5Debug5PrintIJjjjEEEvhhPKcDpT_
                0x060137e0      0x134 src/main.o
                0x060137e0                void SRL::Debug::Print<unsigned int, unsigned int, unsigned int>(unsigned char, unsigned char, char const*, unsigned int, unsigned int, unsigned int)
 .text._ZN3SRL5Debug5PrintIJsssssssssEEEvhhPKcDpT_
                0x06013914      0x1b0 src/main.o
                0x06013914                void SRL::Debug::Print<short, short, short, short, short, short, short, short, short>(unsigned char, unsigned char, char const*, short, short, short, short, short, short, short, short, short)
 .text._ZN3SRL4VDP212ScrollScreenINS0_4RBG0ELs5ELt16EE11LoadTilemapERNS_7Tilemap8ITilemapE
                0x06013ac4      0x494 src/main.o
                0x06013ac4                SRL::VDP2::ScrollScreen<SRL::VDP2::RBG0, (short)5, (unsigned short)16>::LoadTilemap(SRL::Tilemap::ITilemap&)
 .text._ZN3SRL5Debug5PrintIJsssEEEvhhPKcDpT_
                0x06013f58      0x148 src/main.o
                0x06013f58                void SRL::Debug::Print<short, short, short>(unsigned char, unsigned char, char const*, short, short, short)
 .text._ZN3SRL5Debug5PrintIJPKcjjEEEvhhS3_DpT_
                0x060140a0      0x134 src/main.o
                0x060140a0                void SRL::Debug::Print<char const*, unsigned int, unsigned int>(unsigned char, unsigned char, char const*, char const*, unsigned int, unsigned int)
 .text._Z20SerializeTrackToCartPKcj
                0x060141d4      0x568 src/main.o
                0x060141d4                SerializeTrackToCart(char const*, unsigned int)
 .text._ZN3SRL5Debug5PrintIJlEEEvhhPKcDpT_
                0x0601473c      0x118 src/main.o
                0x0601473c                void SRL::Debug::Print<long>(unsigned char, unsigned char, char const*, long)
 .text._ZNSt6vectorIN13TrackRenderer11SmoothCacheESaIS1_EE14_M_fill_assignEjRKS1_
                0x06014854      0x5bc src/main.o
                0x06014854                std::vector<TrackRenderer::SmoothCache, std::allocator<TrackRenderer::SmoothCache> >::_M_fill_assign(unsigned int, TrackRenderer::SmoothCache const&)
 .text._ZN13TrackRenderer25InitializeFromModelObjectEP11ModelObjectj
                0x06014e10     0x1158 src/main.o
                0x06014e10                TrackRenderer::InitializeFromModelObject(ModelObject*, unsigned int)
 .text._ZNSt6vectorIN3SRL5Types9AttributeESaIS2_EE17_M_default_appendEj
                0x06015f68      0x17c src/main.o
                0x06015f68                std::vector<SRL::Types::Attribute, std::allocator<SRL::Types::Attribute> >::_M_default_append(unsigned int)
 .text._ZN13TrackRenderer12EnsureCachedEj
                0x060160e4      0x580 src/main.o
                0x060160e4                TrackRenderer::EnsureCached(unsigned int)
 .text._ZN3SRL4VDP212ScrollScreenINS0_4NBG0ELs1ELt1EE12SetMapLayoutEhhhh
                0x06016664      0x210 src/main.o
                0x06016664                SRL::VDP2::ScrollScreen<SRL::VDP2::NBG0, (short)1, (unsigned short)1>::SetMapLayout(unsigned char, unsigned char, unsigned char, unsigned char)
 .text._ZN3SRL4VDP212ScrollScreenINS0_4NBG0ELs1ELt1EE11LoadTilemapERNS_7Tilemap8ITilemapE
                0x06016874      0x550 src/main.o
                0x06016874                SRL::VDP2::ScrollScreen<SRL::VDP2::NBG0, (short)1, (unsigned short)1>::LoadTilemap(SRL::Tilemap::ITilemap&)
 .text.startup  0x06016dc4      0x1e0 src/main.o
                0x06016dc4                main
 .text.exit     0x06016fa4       0x54 src/main.o
 *fill*         0x06016ff8        0x8 
 .text          0x06017000      0x3a0 ../../saturnringlib/../modules/sgl/LIB/LIBCD.A(CDC_CMN.O)
                0x06017000                CDC_GetCurStat
                0x06017050                CDC_GetLastStat
                0x06017068                CDC_GetPeriStat
                0x0601713c                CDC_GetHwInfo
                0x060171a4                CDC_TgetToc
                0x060171f4                CDC_GetSes
                0x06017230                CDC_CdInit
                0x060172b4                CDC_CdOpen
                0x060172dc                CDC_DataReady
                0x06017348                CDC_DataEnd
 .text          0x060173a0      0x2dc ../../saturnringlib/../modules/sgl/LIB/LIBCD.A(CDC_REG.O)
                0x060173a0                CDC_GetDataPtr
                0x060173b0                CDC_GetHirqReq
                0x060173c4                CDC_ClrHirqReq
                0x060173f4                CDREG_ClrHirqReq
                0x06017404                CDREG_InitHirqReq
                0x0601742c                CDREG_SetHirqFlag
                0x06017440                CDC_GetHirqMsk
                0x06017454                CDC_SetHirqMsk
                0x06017464                CDC_GetMpegPtr
                0x06017474                CDREG_TgetData
                0x060174d0                CDREG_CmdRsp
                0x060175d0                CDREG_WaitHirq
                0x06017640                CDREG_ReadRsp
 *fill*         0x0601767c        0x4 
 .text          0x06017680      0x152 ../../saturnringlib/../modules/sgl/LIB/LIBCD.A(CDC_SUB.O)
                0x06017680                CDSUB_UpdStatus
                0x06017698                CDSUB_UpdCdstat
                0x060176b8                CDSUB_CdCmd
                0x06017728                CDSUB_GetCdstat
                0x06017768                CDSUB_RspToCdstat
                0x060177b0                CDSUB_SoftTimer
 *fill*         0x060177d2        0xe 
 .text          0x060177e0     0x1adc ../../saturnringlib/../modules/sgl/LIB/LIBCD.A(GFS.O)
                0x060177e0                gfs_version
                0x06017800                GFS_Init
                0x060178e8                GFS_LoadDir
                0x06017990                GFS_SetDir
                0x060179f8                GFS_NameToId
                0x06017a5c                GFS_IdToName
                0x06017ac8                GFS_GetDirInfo
                0x06017b38                GFS_Reset
                0x06017bbc                GFS_Open
                0x06017c70                GFS_Close
                0x06017ca8                GFS_Seek
                0x06017d5c                GFS_Tell
                0x06017dac                GFS_IsEof
                0x06017e00                GFS_ByteToSct
                0x06017e5c                GFS_GetFileSize
                0x06017eb8                GFS_GetFileInfo
                0x06017f2c                GFS_GetNumCdbuf
                0x06017f54                GFS_Load
                0x06018018                GFS_Fread
                0x060180b4                gfs_waitRead
                0x0601815c                GFS_NwFread
                0x06018268                GFS_NwCdRead
                0x060182e0                GFS_NwIsComplete
                0x06018318                GFS_NwStop
                0x06018384                GFS_NwGetStat
                0x06018400                gfs_recovRdErr
                0x06018430                GFS_NwExecOne
                0x060184f0                GFS_NwExecServer
                0x0601856c                GFS_SetGmode
                0x060185d0                GFS_SetTmode
                0x0601863c                GFS_SetReadPara
                0x060186a0                GFS_SetTransPara
                0x0601870c                GFS_SetTrFunc
                0x06018770                GFS_StartTrans
                0x060187bc                GFS_CdMovePickup
                0x06018828                GFS_SetErrFunc
                0x06018854                GFS_GetErrStat
                0x06018878                GFS_ConvTno
                0x060188a0                gfs_chgRoot
                0x0601896c                gfs_aborttrans
                0x06018978                gfs_mngSetupFuncTbl
                0x060189ac                gfs_mngInitWork
                0x06018a50                gfs_mngGetNumFile
                0x06018ab8                GFS_mngAllocGrp
                0x06018b00                gfs_mngFreeGrp
                0x06018b0c                gfs_mngTermAccess
                0x06018b90                gfs_mngSetErrCode
                0x06018c10                gfs_svrSearchHndl
                0x06018c50                gfs_svrAddHndl
                0x06018c8c                gfs_svrRemoveHndl
                0x06018ce8                GFS_OpenSub
                0x06018d40                gfs_loadVol
                0x06018e04                gfs_getRootDir
                0x06018f00                gfs_loadRootDir
                0x06018f88                gfs_flowIn
                0x06019030                gfs_transData
                0x060190d4                GFS_GetFad
                0x0601912c                gfs_SetSct
                0x0601916c                gfs_GetFinfo
                0x060191ac                gfs_closeSub
                0x060191e8                gfs_getGmode
                0x060191f4                gfs_isTaskDone
                0x06019248                gfs_convFinStat
 *fill*         0x060192bc        0x4 
 .text          0x060192c0      0x106 ../../saturnringlib/../modules/sgl/LIB/LIBCD.A(GFS_BUF.O)
                0x060192f0                GFBF_GetTranData
                0x06019318                GFBF_GetNumData
                0x06019348                GFBF_GetSrcPk
                0x06019370                GFBF_GetSctData
                0x06019394                GFBF_RtnPk
                0x060193bc                gfbf_getSctDt
 *fill*         0x060193c6        0xa 
 .text          0x060193d0      0x600 ../../saturnringlib/../modules/sgl/LIB/LIBCD.A(GFS_CDB.O)
                0x060193d0                GFCB_Setup
                0x060194f0                GFCB_Close
                0x06019518                GFCB_GetLenData
                0x060195c4                GFCB_GetLenRoom
                0x060195d0                GFCB_SetFilt
                0x06019638                GFCB_DeleteAllData
                0x06019660                GFCB_Tell
                0x06019670                gfcb_getSctNum
                0x060196c0                GFCB_Seek
                0x060197bc                GFCB_GetSrcPack
                0x0601989c                GFCB_GetSctData
                0x060198d4                GFCB_GetDstPack
                0x060198e0                GFCB_RtnPk
                0x06019928                GFCB_MovePickup
                0x06019944                GFCB_SetCon
                0x06019978                GFCB_GetPickup
                0x060199a0                GFCB_IsPuOwner
                0x060199b8                GFCB_UngetPickup
 .text          0x060199d0     0x1a10 ../../saturnringlib/../modules/sgl/LIB/LIBCD.A(GFS_CDC.O)
                0x060199d0                GFCD_SetCdbfs
                0x060199fc                GFCD_Init
                0x06019c00                GFCD_AllocFilt
                0x06019c3c                GFCD_FreeFilt
                0x06019c6c                GFCD_AllocBuf
                0x06019ca0                GFCD_FreeBuf
                0x06019d44                GFCD_GetBaseFad
                0x06019d78                GFCD_GetPickup
                0x06019dac                GFCD_UngetPickup
                0x06019dd8                GFCD_IsPuOwner
                0x06019dfc                GFCD_SetFilt
                0x06019ec0                GFCD_GetFilt
                0x06019f08                GFCD_SetCon
                0x06019f60                GFCD_Play
                0x06019fc0                GFCD_GetLenData
                0x0601a028                GFCD_ReqData
                0x0601a084                GFCD_EndData
                0x0601a0cc                GFCD_DelSctData
                0x0601a124                GFCD_CheckDelSctData
                0x0601a154                GFCD_GetStat
                0x0601a208                GFCD_MovePickup
                0x0601a254                GFCD_MoveSctData
                0x0601a2c8                GFCD_CheckMove
                0x0601a2ec                GFCD_GetSctInfo
                0x0601a334                GFCD_ChgDir
                0x0601a3a8                GFCD_SetFiltCon
                0x0601a490                GFCD_GetFileInfo
                0x0601a56c                GFCD_GetBufSiz
                0x0601a5a4                GFCD_ExecServer
                0x0601a678                gfcd_isIdleTask
                0x0601a704                gfcd_doTask
                0x0601a7b0                GFCD_SetTimer
                0x0601a7c4                GFCD_WaitServer
                0x0601a800                gfcd_doSetFiltTsk
                0x0601a9c4                gfcd_doSetConTsk
                0x0601aa54                gfcd_doGetLenDataTsk
                0x0601aba8                gfcd_doReqDataTsk
                0x0601ac48                gfcd_doDelSctDataTsk
                0x0601ad7c                gfcd_doMoveSctTsk
                0x0601aee0                gfcd_doChgDirTsk
                0x0601b0dc                gfcd_doSetFiltConTsk
                0x0601b220                gfcd_checkEflag
                0x0601b244                gfcd_initCdbMng
                0x0601b2c4                gfcd_setStat
                0x0601b2f0                GFCD_SetCsctFunc
                0x0601b30c                GFCD_ChkScdqFlag
                0x0601b330                GFCD_ClrScdqFlag
                0x0601b34c                GFCD_WaitScdqFlag
                0x0601b390                GFCD_WaitPause
 .text          0x0601b3e0      0x8d8 ../../saturnringlib/../modules/sgl/LIB/LIBCD.A(GFS_CDF.O)
                0x0601b3e0                GFCF_Init
                0x0601b480                GFCF_Setup
                0x0601b5c8                GFCF_SetSct
                0x0601b60c                GFCF_GetFileInfo
                0x0601b680                GFCF_FlowInBuf
                0x0601b7d4                GFCF_StopInBuf
                0x0601b874                GFCF_Recover
                0x0601b8bc                GFCF_Tell
                0x0601b8d4                GFCF_Seek
                0x0601b8ec                GFCF_MovePickup
                0x0601b988                GFCF_cnvIntlvOfs
                0x0601b9dc                GFCF_GetStat
                0x0601ba74                gfcf_getSctSize
                0x0601bab0                gfcf_isCdOk
                0x0601bb70                gfcf_getPlayRange
 *fill*         0x0601bcb8        0x8 
 .text          0x0601bcc0      0x92c ../../saturnringlib/../modules/sgl/LIB/LIBCD.A(GFS_DIR.O)
                0x0601bcc0                GFDR_SetupDirTbl
                0x0601bd34                GFDR_NameToId
                0x0601bd94                GFDR_GetInfoDirId
                0x0601bda8                GFDR_GetInfoDirName
                0x0601bdbc                GFDR_GetAtrDirId
                0x0601bdd4                GFDR_GetAtrDirName
                0x0601bdec                GFDR_ChgRoot
                0x0601be04                GFDR_ChgDir
                0x0601be78                gfdr_setupDirIdTbl
                0x0601befc                gfdr_setupDirNameTbl
                0x0601bfa8                gfdr_open
                0x0601bfd0                gfdr_read
                0x0601c090                gfdr_readByte
                0x0601c0bc                gfdr_readWord
                0x0601c0e8                gfdr_readWordNB
                0x0601c13c                gfdr_readLongNB
                0x0601c188                gfdr_readLongNM
                0x0601c1b0                gfdr_setNextRec
                0x0601c234                gfdr_readDirEnt
                0x0601c5b0                gfdr_setDirrecCd
 *fill*         0x0601c5ec        0x4 
 .text          0x0601c5f0      0x9c6 ../../saturnringlib/../modules/sgl/LIB/LIBCD.A(GFS_TRN.O)
                0x0601c620                GFTR_Setup
                0x0601c664                GFTR_SetMode
                0x0601c678                GFTR_SetUnit
                0x0601c684                GFTR_SetTransPara
                0x0601c6b8                GFTR_GetTransPara
                0x0601c6c4                GFTR_GetNumTrans
                0x0601c6d0                GFTR_SetTransMax
                0x0601c6dc                GFTR_Start
                0x0601c6e8                GFTR_Pause
                0x0601c6f4                GFTR_Stop
                0x0601c7ac                GFTR_Exec
                0x0601c830                GFTR_Idle
                0x0601c8a8                GFTR_ExecSvr
                0x0601c9b0                gftr_getSrcPack
                0x0601ca38                gftr_getDstPack
                0x0601ca94                gftr_reqScu
                0x0601caa0                gftr_execScu
                0x0601cb3c                gftr_remScu
                0x0601cb70                gfdma_canUse
                0x0601cb7c                gfdma_exec
                0x0601cbec                gfdma_getBytecnt
                0x0601cc24                gftr_reqDma0
                0x0601cc3c                gftr_execSdma0
                0x0601cc60                gftr_remDma0
                0x0601cc78                gftr_reqDma1
                0x0601cc90                gftr_execSdma1
                0x0601ccb4                gftr_remDma1
                0x0601cccc                gftr_reqCpu
                0x0601ccd8                gftr_execCpu
                0x0601cd18                gftr_remCpu
                0x0601cd24                gftr_reqTrn
                0x0601cd94                gftr_execTrn
                0x0601ce6c                gftr_remTrn
                0x0601cee0                gftr_copyFrac
                0x0601cf08                GFTR_GetLenData
                0x0601cf14                GFTR_GetLenRoom
                0x0601cf2c                GFTR_GetDstPack
                0x0601cf60                GFTR_RtnDstPk
                0x0601cf7c                GFTR_GetData
                0x0601cf90                GFTR_SetData
                0x0601cfa4                GFTR_SetTransFunc
 *fill*         0x0601cfb6        0xa 
 .text          0x0601cfc0      0x130 ../../saturnringlib/../modules/sgl/LIB/LIBCD.A(CDC_DRV.O)
                0x0601cfc0                CDC_CdPlay
                0x0601d08c                CDC_CdSeek
                0x0601d0c0                CDC_CdScan
 .text          0x0601d0f0       0xa8 ../../saturnringlib/../modules/sgl/LIB/LIBCD.A(CDC_DEV.O)
                0x0601d0f0                CDC_CdSetCon
                0x0601d120                CDC_CdGetCon
                0x0601d15c                CDC_CdGetLastBuf
 *fill*         0x0601d198        0x8 
 .text          0x0601d1a0      0x2b8 ../../saturnringlib/../modules/sgl/LIB/LIBCD.A(CDC_SEL.O)
                0x0601d1a0                CDC_SetFiltRange
                0x0601d1d4                CDC_GetFiltRange
                0x0601d22c                CDC_SetFiltSubh
                0x0601d29c                CDC_GetFiltSubh
                0x0601d318                CDC_SetFiltMode
                0x0601d34c                CDC_GetFiltMode
                0x0601d390                CDC_SetFiltCon
                0x0601d3d0                CDC_GetFiltCon
                0x0601d424                CDC_ResetSelector
 *fill*         0x0601d458        0x8 
 .text          0x0601d460      0x270 ../../saturnringlib/../modules/sgl/LIB/LIBCD.A(CDC_BIF.O)
                0x0601d460                CDC_GetBufSiz
                0x0601d4bc                CDC_GetSctNum
                0x0601d500                CDC_CalActSiz
                0x0601d53c                CDC_GetActSiz
                0x0601d5bc                CDC_GetSctInfo
                0x0601d63c                CDC_ExeFadSearch
                0x0601d674                CDC_GetFadSearch
 .text          0x0601d6d0      0x1e4 ../../saturnringlib/../modules/sgl/LIB/LIBCD.A(CDC_BIO.O)
                0x0601d6d0                CDC_SetSctLen
                0x0601d704                CDC_GetSctData
                0x0601d740                CDC_DelSctData
                0x0601d77c                CDC_GetdelSctData
                0x0601d7b8                CDC_PutSctData
                0x0601d7f0                CDC_CopySctData
                0x0601d834                CDC_MoveSctData
                0x0601d878                CDC_GetCopyErr
 *fill*         0x0601d8b4        0xc 
 .text          0x0601d8c0      0x194 ../../saturnringlib/../modules/sgl/LIB/LIBCD.A(CDC_CFS.O)
                0x0601d8c0                CDC_ChgDir
                0x0601d8f4                CDC_ReadDir
                0x0601d928                CDC_GetFileScope
                0x0601d988                CDC_TgetFileInfo
                0x0601d9e4                CDC_ReadFile
                0x0601da18                CDC_AbortFile
 *fill*         0x0601da54        0xc 
 .text          0x0601da60        0x0 ../../saturnringlib/../modules/sgl/LIB/LIBSGL.A(sglA16.o)
 .text          0x0601da60        0x0 ../../saturnringlib/../modules/sgl/LIB/LIBSGL.A(sglA17.o)
 .text          0x0601da60        0x0 ../../saturnringlib/../modules/sgl/LIB/LIBSGL.A(sglA18.o)
 .text          0x0601da60        0x0 ../../saturnringlib/../modules/sgl/LIB/LIBSGL.A(sglA19.o)
 .text          0x0601da60        0x0 ../../saturnringlib/../modules/sgl/LIB/LIBSGL.A(sglA20.o)
 .text          0x0601da60        0x0 ../../saturnringlib/../modules/sgl/LIB/LIBSGL.A(sglA21.o)
 .text          0x0601da60        0x0 ../../saturnringlib/../modules/sgl/LIB/LIBSGL.A(sglA27.o)
 .text          0x0601da60        0x0 ../../saturnringlib/../modules/sgl/LIB/LIBSGL.A(sglA28.o)
 .text          0x0601da60        0x0 ../../saturnringlib/../modules/sgl/LIB/LIBSGL.A(sglA39.o)
 .text          0x0601da60        0x0 ../../saturnringlib/../modules/sgl/LIB/LIBSGL.A(sglB001.o)
 .text          0x0601da60        0x0 ../../saturnringlib/../modules/sgl/LIB/LIBSGL.A(sglB002.o)
 .text          0x0601da60        0x0 ../../saturnringlib/../modules/sgl/LIB/LIBSGL.A(sglB015.o)
 .text          0x0601da60        0x0 ../../saturnringlib/../modules/sgl/LIB/LIBSGL.A(sglB016.o)
 .text          0x0601da60        0x0 ../../saturnringlib/../modules/sgl/LIB/LIBSGL.A(sglB031.o)
 .text          0x0601da60        0x0 ../../saturnringlib/../modules/sgl/LIB/LIBSGL.A(sglB034.o)
 .text          0x0601da60        0x0 ../../saturnringlib/../modules/sgl/LIB/LIBSGL.A(sglB035.o)
 .text          0x0601da60        0x0 ../../saturnringlib/../modules/sgl/LIB/LIBSGL.A(sglB038.o)
 .text          0x0601da60        0x0 ../../saturnringlib/../modules/sgl/LIB/LIBSGL.A(sglB042.o)
 .text          0x0601da60        0x0 ../../saturnringlib/../modules/sgl/LIB/LIBSGL.A(sglB043.o)
 .text          0x0601da60        0x0 ../../saturnringlib/../modules/sgl/LIB/LIBSGL.A(sglB044.o)
 .text          0x0601da60        0x0 ../../saturnringlib/../modules/sgl/LIB/LIBSGL.A(sglB045.o)
 .text          0x0601da60        0x0 ../../saturnringlib/../modules/sgl/LIB/LIBSGL.A(sglB047.o)
 .text          0x0601da60        0x0 ../../saturnringlib/../modules/sgl/LIB/LIBSGL.A(sglB055.o)
 .text          0x0601da60        0x0 ../../saturnringlib/../modules/sgl/LIB/LIBSGL.A(sglB058.o)
 .text          0x0601da60        0x0 ../../saturnringlib/../modules/sgl/LIB/LIBSGL.A(sglB059.o)
 .text          0x0601da60        0x0 ../../saturnringlib/../modules/sgl/LIB/LIBSGL.A(sglB063.o)
 .text          0x0601da60        0x0 ../../saturnringlib/../modules/sgl/LIB/LIBSGL.A(sglB070.o)
 .text          0x0601da60        0x0 ../../saturnringlib/../modules/sgl/LIB/LIBSGL.A(sglB112.o)
 .text          0x0601da60        0x0 ../../saturnringlib/../modules/sgl/LIB/LIBSGL.A(sglB200.o)
 .text          0x0601da60        0x0 ../../saturnringlib/../modules/sgl/LIB/LIBSGL.A(sglC01.o)
 .text          0x0601da60        0x0 ../../saturnringlib/../modules/sgl/LIB/LIBSGL.A(sglC02.o)
 .text          0x0601da60        0x0 ../../saturnringlib/../modules/sgl/LIB/LIBSGL.A(sglC04.o)
 .text          0x0601da60        0x0 ../../saturnringlib/../modules/sgl/LIB/LIBSGL.A(sglC05.o)
 .text          0x0601da60        0x0 ../../saturnringlib/../modules/sgl/LIB/LIBSGL.A(sglC08.o)
 .text          0x0601da60        0x0 ../../saturnringlib/../modules/sgl/LIB/LIBSGL.A(sglC20.o)
 .text          0x0601da60        0x0 ../../saturnringlib/../modules/sgl/LIB/LIBSGL.A(sglD00.o)
 .text          0x0601da60        0x0 ../../saturnringlib/../modules/sgl/LIB/LIBSGL.A(sglD01.o)
 .text          0x0601da60        0x0 ../../saturnringlib/../modules/sgl/LIB/LIBSGL.A(sglD03.o)
 .text          0x0601da60        0x0 ../../saturnringlib/../modules/sgl/LIB/LIBSGL.A(sglD15.o)
 .text          0x0601da60        0x0 ../../saturnringlib/../modules/sgl/LIB/LIBSGL.A(sglD16.o)
 .text          0x0601da60        0x0 ../../saturnringlib/../modules/sgl/LIB/LIBSGL.A(sglD17.o)
 .text          0x0601da60        0x0 ../../saturnringlib/../modules/sgl/LIB/LIBSGL.A(sglD18.o)
 .text          0x0601da60        0x0 ../../saturnringlib/../modules/sgl/LIB/LIBSGL.A(sglF00.o)
 .text          0x0601da60        0x0 ../../saturnringlib/../modules/sgl/LIB/LIBSGL.A(sglG00.o)
 .text          0x0601da60        0x0 ../../saturnringlib/../modules/sgl/LIB/LIBSGL.A(sglH00.o)
 .text          0x0601da60        0x0 ../../saturnringlib/../modules/sgl/LIB/LIBSGL.A(sglH02.o)
 .text          0x0601da60        0x0 ../../saturnringlib/../modules/sgl/LIB/LIBSGL.A(sglH04.o)
 .text          0x0601da60        0x0 ../../saturnringlib/../modules/sgl/LIB/LIBSGL.A(sglI01.o)
 .text          0x0601da60        0x0 ../../saturnringlib/../modules/sgl/LIB/LIBSGL.A(sglI04.o)
 .text          0x0601da60      0x128 ../../saturnringlib/../modules/sgl/LIB/LIBSGL.A(sglIc0.o)
                0x0601da60                slInitSystem
 *fill*         0x0601db88        0x8 
 .text          0x0601db90        0x0 ../../saturnringlib/../modules/sgl/LIB/LIBSGL.A(sglJ00.o)
 .text          0x0601db90        0x0 ../../saturnringlib/../modules/sgl/LIB/LIBSGL.A(sglJ01.o)
 .text          0x0601db90        0x0 ../../saturnringlib/../modules/sgl/LIB/LIBSGL.A(sglJ02.o)
 .text          0x0601db90        0x0 ../../saturnringlib/../modules/sgl/LIB/LIBSGL.A(sglJ03.o)
 .text          0x0601db90        0x0 ../../saturnringlib/../modules/sgl/LIB/LIBSGL.A(sglJ04.o)
 .text          0x0601db90        0x0 ../../saturnringlib/../modules/sgl/LIB/LIBSGL.A(sglJ05.o)
 .text          0x0601db90        0x0 ../../saturnringlib/../modules/sgl/LIB/LIBSGL.A(sglK01.o)
 .text          0x0601db90        0x0 ../../saturnringlib/../modules/sgl/LIB/LIBSGL.A(sglM00.o)
 .text          0x0601db90        0x0 ../../saturnringlib/../modules/sgl/LIB/LIBSGL.A(sglM01.o)
 .text          0x0601db90        0x0 ../../saturnringlib/../modules/sgl/LIB/LIBSGL.A(sglA00.o)
 .text          0x0601db90        0x0 ../../saturnringlib/../modules/sgl/LIB/LIBSGL.A(sglA01.o)
 .text          0x0601db90        0x0 ../../saturnringlib/../modules/sgl/LIB/LIBSGL.A(sglA03.o)
 .text          0x0601db90        0x0 ../../saturnringlib/../modules/sgl/LIB/LIBSGL.A(sglA10.o)
 .text          0x0601db90        0x0 ../../saturnringlib/../modules/sgl/LIB/LIBSGL.A(sglA24.o)
 .text          0x0601db90        0x0 ../../saturnringlib/../modules/sgl/LIB/LIBSGL.A(sglA25.o)
 .text          0x0601db90        0x0 ../../saturnringlib/../modules/sgl/LIB/LIBSGL.A(sglA40.o)
 .text          0x0601db90        0x0 ../../saturnringlib/../modules/sgl/LIB/LIBSGL.A(sglB000.o)
 .text          0x0601db90        0x0 ../../saturnringlib/../modules/sgl/LIB/LIBSGL.A(sglC00.o)
 .text          0x0601db90        0x0 ../../saturnringlib/../modules/sgl/LIB/LIBSGL.A(sglC13.o)
 .text          0x0601db90        0x0 ../../saturnringlib/../modules/sgl/LIB/LIBSGL.A(sglD02.o)
 .text          0x0601db90        0x0 ../../saturnringlib/../modules/sgl/LIB/LIBSGL.A(sglD19.o)
 .text          0x0601db90        0x0 ../../saturnringlib/../modules/sgl/LIB/LIBSGL.A(sglI00.o)
 .text          0x0601db90        0x0 ../../saturnringlib/../modules/sgl/LIB/LIBSGL.A(sglH03.o)
 .text          0x0601db90     0x10b4 ../../saturnringlib/../modules/sgl/LIB/LIBSND.A(snd_main.o)
                0x0601db90                SND_Init
                0x0601dd08                SND_MoveData
                0x0601dd54                SND_ChgMap
                0x0601de2c                SND_SetTlVl
                0x0601de8c                SND_ChgEfct
                0x0601deec                SND_ChgMix
                0x0601df58                SND_ChgMixPrm
                0x0601dfe0                SND_ChkHard
                0x0601e07c                SND_StopDsp
                0x0601e0d0                SND_OffAllSound
                0x0601e124                SND_StartSeq
                0x0601e1a8                SND_StopSeq
                0x0601e208                SND_PauseSeq
                0x0601e268                SND_ContSeq
                0x0601e2c8                SND_SetSeqVl
                0x0601e340                SND_ChgTempo
                0x0601e3bc                SND_CtrlDirMidi
                0x0601e474                SND_SetSeqPan
                0x0601e4e8                SND_StartPcm
                0x0601e5f8                SND_StopPcm
                0x0601e658                SND_ChgPcm
                0x0601e728                SND_StartVlAnl
                0x0601e77c                SND_StopVlAnl
                0x0601e7d0                SND_SetCdDaLev
                0x0601e84c                SND_SetCdDaPan
                0x0601e8c8                SND_GetSeqStat
                0x0601e8f0                SND_GetSeqPlayPos
                0x0601e90c                SND_GetPcmPlayAdr
                0x0601e934                SND_GetAnlTlVl
                0x0601e950                SND_GetAnlHzVl
                0x0601eb0c                SND_SetQSound
                0x0601eb78                SND_Set3D_Stat
                0x0601ebf0                SND_Set3D_Init
 .text          0x0601ec44       0x52 C:/saturn/SaturnRingLib-main/Compiler/sh2eb-elf/bin/../lib/gcc/sh-elf/14.2.0\libgcc.a(_ashiftrt.o)
                0x0601ec44                __ashiftrt_r4_31
                0x0601ec44                __ashiftrt_r4_32
                0x0601ec4a                __ashiftrt_r4_30
                0x0601ec4c                __ashiftrt_r4_29
                0x0601ec4e                __ashiftrt_r4_28
                0x0601ec50                __ashiftrt_r4_27
                0x0601ec52                __ashiftrt_r4_26
                0x0601ec54                __ashiftrt_r4_25
                0x0601ec56                __ashiftrt_r4_24
                0x0601ec5e                __ashiftrt_r4_23
                0x0601ec60                __ashiftrt_r4_22
                0x0601ec62                __ashiftrt_r4_21
                0x0601ec64                __ashiftrt_r4_20
                0x0601ec66                __ashiftrt_r4_19
                0x0601ec68                __ashiftrt_r4_18
                0x0601ec6a                __ashiftrt_r4_17
                0x0601ec6c                __ashiftrt_r4_16
                0x0601ec72                __ashiftrt_r4_15
                0x0601ec74                __ashiftrt_r4_14
                0x0601ec76                __ashiftrt_r4_13
                0x0601ec78                __ashiftrt_r4_12
                0x0601ec7a                __ashiftrt_r4_11
                0x0601ec7c                __ashiftrt_r4_10
                0x0601ec7e                __ashiftrt_r4_9
                0x0601ec80                __ashiftrt_r4_8
                0x0601ec82                __ashiftrt_r4_7
                0x0601ec84                __ashiftrt_r4_6
                0x0601ec86                __ashiftrt_r4_5
                0x0601ec88                __ashiftrt_r4_4
                0x0601ec8a                __ashiftrt_r4_3
                0x0601ec8c                __ashiftrt_r4_2
                0x0601ec8e                __ashiftrt_r4_1
                0x0601ec92                __ashiftrt_r4_0
 *fill*         0x0601ec96        0x2 
 .text          0x0601ec98       0x80 C:/saturn/SaturnRingLib-main/Compiler/sh2eb-elf/bin/../lib/gcc/sh-elf/14.2.0\libgcc.a(_ashiftrt_n.o)
                0x0601ec98                __ashrsi3
 .text          0x0601ed18       0xbc C:/saturn/SaturnRingLib-main/Compiler/sh2eb-elf/bin/../lib/gcc/sh-elf/14.2.0\libgcc.a(_ashiftlt.o)
                0x0601ed18                __ashlsi3
                0x0601ed1c                __ashlsi3_r0
 .text          0x0601edd4       0xbc C:/saturn/SaturnRingLib-main/Compiler/sh2eb-elf/bin/../lib/gcc/sh-elf/14.2.0\libgcc.a(_lshiftrt.o)
                0x0601edd4                __lshrsi3
                0x0601edd8                __lshrsi3_r0
 .text          0x0601ee90       0x78 C:/saturn/SaturnRingLib-main/Compiler/sh2eb-elf/bin/../lib/gcc/sh-elf/14.2.0\libgcc.a(_movmem.o)
                0x0601ee90                __movmem
                0x0601ee90                __movstr
                0x0601eec4                __movstrSI64
                0x0601eec4                __movmemSI64
                0x0601eec8                __movstrSI60
                0x0601eec8                __movmemSI60
                0x0601eecc                __movstrSI56
                0x0601eecc                __movmemSI56
                0x0601eed0                __movstrSI52
                0x0601eed0                __movmemSI52
                0x0601eed4                __movstrSI48
                0x0601eed4                __movmemSI48
                0x0601eed8                __movmemSI44
                0x0601eed8                __movstrSI44
                0x0601eedc                __movstrSI40
                0x0601eedc                __movmemSI40
                0x0601eee0                __movmemSI36
                0x0601eee0                __movstrSI36
                0x0601eee4                __movmemSI32
                0x0601eee4                __movstrSI32
                0x0601eee8                __movstrSI28
                0x0601eee8                __movmemSI28
                0x0601eeec                __movmemSI24
                0x0601eeec                __movstrSI24
                0x0601eef0                __movstrSI20
                0x0601eef0                __movmemSI20
                0x0601eef4                __movstrSI16
                0x0601eef4                __movmemSI16
                0x0601eef8                __movstrSI12
                0x0601eef8                __movmemSI12
                0x0601eefc                __movmemSI8
                0x0601eefc                __movstrSI8
                0x0601ef00                __movmemSI4
                0x0601ef00                __movstrSI4
 .text          0x0601ef08       0xa0 C:/saturn/SaturnRingLib-main/Compiler/sh2eb-elf/bin/../lib/gcc/sh-elf/14.2.0\libgcc.a(_sdivsi3.o)
                0x0601ef08                __sdivsi3
 .text          0x0601efa8       0x6c C:/saturn/SaturnRingLib-main/Compiler/sh2eb-elf/bin/../lib/gcc/sh-elf/14.2.0\libgcc.a(_udivsi3.o)
                0x0601efca                __udivsi3
 .text          0x0601f014       0x3c C:/saturn/SaturnRingLib-main/Compiler/sh2eb-elf/bin/../lib/gcc/sh-elf/14.2.0\libgcc.a(_sf_to_df.o)
                0x0601f014                __extendsfdf2
 .text          0x0601f050      0x224 C:/saturn/SaturnRingLib-main/Compiler/sh2eb-elf/bin/../lib/gcc/sh-elf/14.2.0\libgcc.a(_mul_df.o)
                0x0601f050                __muldf3
 .text          0x0601f274       0xa8 C:/saturn/SaturnRingLib-main/Compiler/sh2eb-elf/bin/../lib/gcc/sh-elf/14.2.0\libgcc.a(_df_to_si.o)
                0x0601f274                __fixdfsi
 .text          0x0601f31c       0x28 C:/saturn/SaturnRingLib-main/Compiler/sh2eb-elf/bin/../lib/gcc/sh-elf/14.2.0\libgcc.a(_make_df.o)
                0x0601f31c                __make_dp
 .text          0x0601f344        0x0 C:/saturn/SaturnRingLib-main/Compiler/sh2eb-elf/bin/../lib/gcc/sh-elf/14.2.0\libgcc.a(_thenan_df.o)
 .text          0x0601f344       0xa4 C:/saturn/SaturnRingLib-main/Compiler/sh2eb-elf/bin/../lib/gcc/sh-elf/14.2.0\libgcc.a(_unpack_sf.o)
                0x0601f344                __unpack_f
 .text          0x0601f3e8      0x238 C:/saturn/SaturnRingLib-main/Compiler/sh2eb-elf/bin/../lib/gcc/sh-elf/14.2.0\libgcc.a(_pack_df.o)
                0x0601f3e8                __pack_d
 .text          0x0601f620       0xd4 C:/saturn/SaturnRingLib-main/Compiler/sh2eb-elf/bin/../lib/gcc/sh-elf/14.2.0\libgcc.a(_unpack_df.o)
                0x0601f620                __unpack_d
 .text          0x0601f6f4       0x18 C:/saturn/SaturnRingLib-main/Compiler/sh2eb-elf/bin/../lib/gcc/sh-elf/14.2.0/../../../../sh-elf/lib\libc.a(libc_a-abort.o)
                0x0601f6f4                abort
 .text          0x0601f70c      0x108 C:/saturn/SaturnRingLib-main/Compiler/sh2eb-elf/bin/../lib/gcc/sh-elf/14.2.0/../../../../sh-elf/lib\libc.a(libc_a-snprintf.o)
                0x0601f70c                _snprintf_r
                0x0601f70c                _sniprintf_r
                0x0601f78c                snprintf
                0x0601f78c                sniprintf
 .text          0x0601f814       0x1e C:/saturn/SaturnRingLib-main/Compiler/sh2eb-elf/bin/../lib/gcc/sh-elf/14.2.0/../../../../sh-elf/lib\libc.a(libc_a-memcmp.o)
                0x0601f814                memcmp
 .text          0x0601f832       0x3c C:/saturn/SaturnRingLib-main/Compiler/sh2eb-elf/bin/../lib/gcc/sh-elf/14.2.0/../../../../sh-elf/lib\libc.a(libc_a-memmove.o)
                0x0601f832                memmove
 .text          0x0601f86e       0x26 C:/saturn/SaturnRingLib-main/Compiler/sh2eb-elf/bin/../lib/gcc/sh-elf/14.2.0/../../../../sh-elf/lib\libc.a(libc_a-strncmp.o)
                0x0601f86e                strncmp
 .text          0x0601f894       0x32 C:/saturn/SaturnRingLib-main/Compiler/sh2eb-elf/bin/../lib/gcc/sh-elf/14.2.0/../../../../sh-elf/lib\libc.a(libc_a-strncpy.o)
                0x0601f894                strncpy
 *fill*         0x0601f8c6        0x2 
 .text          0x0601f8c8      0x1a8 C:/saturn/SaturnRingLib-main/Compiler/sh2eb-elf/bin/../lib/gcc/sh-elf/14.2.0/../../../../sh-elf/lib\libc.a(libc_a-signal.o)
                0x0601f8c8                _init_signal_r
                0x0601f908                _signal_r
                0x0601f954                _raise_r
                0x0601f9c4                __sigtramp_r
                0x0601fa24                raise
                0x0601fa38                signal
                0x0601fa4c                _init_signal
                0x0601fa5c                __sigtramp
 .text          0x0601fa70        0x0 C:/saturn/SaturnRingLib-main/Compiler/sh2eb-elf/bin/../lib/gcc/sh-elf/14.2.0/../../../../sh-elf/lib\libc.a(libc_a-impure.o)
 .text          0x0601fa70       0x40 C:/saturn/SaturnRingLib-main/Compiler/sh2eb-elf/bin/../lib/gcc/sh-elf/14.2.0/../../../../sh-elf/lib\libc.a(libc_a-signalr.o)
                0x0601fa70                _kill_r
                0x0601faa4                _getpid_r
 .text          0x0601fab0       0x94 C:/saturn/SaturnRingLib-main/Compiler/sh2eb-elf/bin/../lib/gcc/sh-elf/14.2.0/../../../../sh-elf/lib\libc.a(libc_a-memcpy.o)
                0x0601fab0                memcpy
 .text          0x0601fb44       0x40 C:/saturn/SaturnRingLib-main/Compiler/sh2eb-elf/bin/../lib/gcc/sh-elf/14.2.0/../../../../sh-elf/lib\libc.a(libc_a-memset.o)
                0x0601fb44                memset
 .text          0x0601fb84      0x194 C:/saturn/SaturnRingLib-main/Compiler/sh2eb-elf/bin/../lib/gcc/sh-elf/14.2.0/../../../../sh-elf/lib\libc.a(libc_a-mallocr.o)
                0x0601fbe0                _malloc_r
 .text          0x0601fd18        0x8 C:/saturn/SaturnRingLib-main/Compiler/sh2eb-elf/bin/../lib/gcc/sh-elf/14.2.0/../../../../sh-elf/lib\libc.a(libc_a-mlock.o)
                0x0601fd18                __malloc_lock
                0x0601fd1c                __malloc_unlock
 .text          0x0601fd20      0x42c C:/saturn/SaturnRingLib-main/Compiler/sh2eb-elf/bin/../lib/gcc/sh-elf/14.2.0/../../../../sh-elf/lib\libc.a(libc_a-nano-svfprintf.o)
                0x0601fd20                __ssputs_r
                0x0601fe14                __ssprint_r
                0x0601ff3c                _svfprintf_r
                0x0601ff3c                _svfiprintf_r
 .text          0x0602014c      0x374 C:/saturn/SaturnRingLib-main/Compiler/sh2eb-elf/bin/../lib/gcc/sh-elf/14.2.0/../../../../sh-elf/lib\libc.a(libc_a-nano-vfprintf_i.o)
                0x0602014c                _printf_common
                0x0602024c                _printf_i
 .text          0x060204c0      0x1fc C:/saturn/SaturnRingLib-main/Compiler/sh2eb-elf/bin/../lib/gcc/sh-elf/14.2.0/../../../../sh-elf/lib\libc.a(libc_a-findfp.o)
                0x060205c8                __sfp
                0x06020694                __sinit
 .text          0x060206bc       0x58 C:/saturn/SaturnRingLib-main/Compiler/sh2eb-elf/bin/../lib/gcc/sh-elf/14.2.0/../../../../sh-elf/lib\libc.a(libc_a-fwalk.o)
                0x060206bc                _fwalk_sglue
 .text          0x06020714       0xdc C:/saturn/SaturnRingLib-main/Compiler/sh2eb-elf/bin/../lib/gcc/sh-elf/14.2.0/../../../../sh-elf/lib\libc.a(libc_a-stdio.o)
                0x06020714                __sread
                0x0602074c                __seofread
                0x06020750                __swrite
                0x060207a0                __sseek
                0x060207e0                __sclose
 .text          0x060207f0       0x1c C:/saturn/SaturnRingLib-main/Compiler/sh2eb-elf/bin/../lib/gcc/sh-elf/14.2.0/../../../../sh-elf/lib\libc.a(libc_a-memchr.o)
                0x060207f0                memchr
 .text          0x0602080c       0x30 C:/saturn/SaturnRingLib-main/Compiler/sh2eb-elf/bin/../lib/gcc/sh-elf/14.2.0/../../../../sh-elf/lib\libc.a(libc_a-closer.o)
                0x0602080c                _close_r
 .text          0x0602083c       0xa4 C:/saturn/SaturnRingLib-main/Compiler/sh2eb-elf/bin/../lib/gcc/sh-elf/14.2.0/../../../../sh-elf/lib\libc.a(libc_a-reent.o)
                0x0602083c                _reclaim_reent
 .text          0x060208e0       0x34 C:/saturn/SaturnRingLib-main/Compiler/sh2eb-elf/bin/../lib/gcc/sh-elf/14.2.0/../../../../sh-elf/lib\libc.a(libc_a-lseekr.o)
                0x060208e0                _lseek_r
 .text          0x06020914       0x34 C:/saturn/SaturnRingLib-main/Compiler/sh2eb-elf/bin/../lib/gcc/sh-elf/14.2.0/../../../../sh-elf/lib\libc.a(libc_a-readr.o)
                0x06020914                _read_r
 .text          0x06020948       0x30 C:/saturn/SaturnRingLib-main/Compiler/sh2eb-elf/bin/../lib/gcc/sh-elf/14.2.0/../../../../sh-elf/lib\libc.a(libc_a-sbrkr.o)
                0x06020948                _sbrk_r
 .text          0x06020978       0x34 C:/saturn/SaturnRingLib-main/Compiler/sh2eb-elf/bin/../lib/gcc/sh-elf/14.2.0/../../../../sh-elf/lib\libc.a(libc_a-writer.o)
                0x06020978                _write_r
 .text          0x060209ac       0xc4 C:/saturn/SaturnRingLib-main/Compiler/sh2eb-elf/bin/../lib/gcc/sh-elf/14.2.0/../../../../sh-elf/lib\libc.a(libc_a-freer.o)
                0x060209ac                _free_r
 .text          0x06020a70       0x98 C:/saturn/SaturnRingLib-main/Compiler/sh2eb-elf/bin/../lib/gcc/sh-elf/14.2.0/../../../../sh-elf/lib\libc.a(libc_a-reallocr.o)
                0x06020a70                _realloc_r
 .text          0x06020b08      0x1a8 C:/saturn/SaturnRingLib-main/Compiler/sh2eb-elf/bin/../lib/gcc/sh-elf/14.2.0/../../../../sh-elf/lib\libc.a(libc_a-fflush.o)
                0x06020b08                __sflush_r
                0x06020c40                _fflush_r
                0x06020c80                fflush
 .text          0x06020cb0       0x16 C:/saturn/SaturnRingLib-main/Compiler/sh2eb-elf/bin/../lib/gcc/sh-elf/14.2.0/../../../../sh-elf/lib\libc.a(libc_a-msizer.o)
                0x06020cb0                _malloc_usable_size_r
 *fill*         0x06020cc6        0x2 
 .text          0x06020cc8       0x10 C:/saturn/SaturnRingLib-main/Compiler/sh2eb-elf/bin/../lib/gcc/sh-elf/14.2.0/../../../../sh-elf/lib\libnosys.a(close.o)
                0x06020cc8                _close
 .text          0x06020cd8       0x10 C:/saturn/SaturnRingLib-main/Compiler/sh2eb-elf/bin/../lib/gcc/sh-elf/14.2.0/../../../../sh-elf/lib\libnosys.a(getpid.o)
                0x06020cd8                _getpid
 .text          0x06020ce8       0x10 C:/saturn/SaturnRingLib-main/Compiler/sh2eb-elf/bin/../lib/gcc/sh-elf/14.2.0/../../../../sh-elf/lib\libnosys.a(kill.o)
                0x06020ce8                _kill
 .text          0x06020cf8       0x10 C:/saturn/SaturnRingLib-main/Compiler/sh2eb-elf/bin/../lib/gcc/sh-elf/14.2.0/../../../../sh-elf/lib\libnosys.a(lseek.o)
                0x06020cf8                _lseek
 .text          0x06020d08       0x10 C:/saturn/SaturnRingLib-main/Compiler/sh2eb-elf/bin/../lib/gcc/sh-elf/14.2.0/../../../../sh-elf/lib\libnosys.a(read.o)
                0x06020d08                _read
 .text          0x06020d18       0x18 C:/saturn/SaturnRingLib-main/Compiler/sh2eb-elf/bin/../lib/gcc/sh-elf/14.2.0/../../../../sh-elf/lib\libnosys.a(sbrk.o)
                0x06020d18                _sbrk
 .text          0x06020d30       0x10 C:/saturn/SaturnRingLib-main/Compiler/sh2eb-elf/bin/../lib/gcc/sh-elf/14.2.0/../../../../sh-elf/lib\libnosys.a(write.o)
                0x06020d30                _write
 .text          0x06020d40        0x4 C:/saturn/SaturnRingLib-main/Compiler/sh2eb-elf/bin/../lib/gcc/sh-elf/14.2.0/../../../../sh-elf/lib\libnosys.a(_exit.o)
                0x06020d40                _exit
 *(.strings*)
 *(SEGA_P)
 *(.eh_frame_hdr*)
 *(.eh_frame*)
                0x06020d44                        __etext = .

COMMON          0x06020d50       0x28
 *(COMMON)
 COMMON         0x06020d50        0xc ../../saturnringlib/../modules/sgl/LIB/LIBCD.A(GFS.O)
                0x06020d50                GFMC_base
                0x06020d54                gfs_mng_ptr
                0x06020d58                gfs_use_scudma
 COMMON         0x06020d5c        0xc ../../saturnringlib/../modules/sgl/LIB/LIBCD.A(GFS_CDC.O)
                0x06020d5c                gfcd_fatal_err
                0x06020d60                gfcd_work
                0x06020d64                gfcd_playflag
 COMMON         0x06020d68        0x8 ../../saturnringlib/../modules/sgl/LIB/LIBCD.A(GFS_CDF.O)
                0x06020d68                gfcf_fad
                0x06020d6c                gfcf_stat
 COMMON         0x06020d70        0x8 ../../saturnringlib/../modules/sgl/LIB/LIBSND.A(snd_main.o)
                0x06020d70                snd_adr_sys_int_work
                0x06020d74                snd_msk_work_work

SLPROG          0x06020d80     0xe790
                0x06020d80                        __slprog_start = .
 *(SLPROG)
 SLPROG         0x06020d80       0xd0 ../../saturnringlib/../modules/sgl/LIB/LIBSGL.A(sglA16.o)
                0x06020d80                slLookAt
 SLPROG         0x06020e50       0x78 ../../saturnringlib/../modules/sgl/LIB/LIBSGL.A(sglA17.o)
                0x06020e50                slRotZ
                0x06020e5a                slRotZSC
 *fill*         0x06020ec8        0x8 
 SLPROG         0x06020ed0       0x78 ../../saturnringlib/../modules/sgl/LIB/LIBSGL.A(sglA18.o)
                0x06020ed0                slRotY
                0x06020eda                slRotYSC
 *fill*         0x06020f48        0x8 
 SLPROG         0x06020f50       0x78 ../../saturnringlib/../modules/sgl/LIB/LIBSGL.A(sglA19.o)
                0x06020f50                slRotX
                0x06020f5a                slRotXSC
 *fill*         0x06020fc8        0x8 
 SLPROG         0x06020fd0      0x42c ../../saturnringlib/../modules/sgl/LIB/LIBSGL.A(sglA20.o)
                0x06020fd0                slInitMatrix
                0x06020fda                slPushUnitMatrix
                0x06020fee                slUnitMatrix
 *fill*         0x060213fc        0x4 
 SLPROG         0x06021400       0x48 ../../saturnringlib/../modules/sgl/LIB/LIBSGL.A(sglA21.o)
                0x06021400                slPushMatrix
                0x06021434                slDecMatrixPtr
                0x06021434                slPopMatrix
 *fill*         0x06021448        0x8 
 SLPROG         0x06021450       0x50 ../../saturnringlib/../modules/sgl/LIB/LIBSGL.A(sglA27.o)
                0x06021450                slTranslate
 SLPROG         0x060214a0       0x70 ../../saturnringlib/../modules/sgl/LIB/LIBSGL.A(sglA28.o)
                0x060214a0                slScale
 SLPROG         0x06021510       0x98 ../../saturnringlib/../modules/sgl/LIB/LIBSGL.A(sglA39.o)
                0x06021510                slConvert3Dto2DFX
 *fill*         0x060215a8        0x8 
 SLPROG         0x060215b0       0x20 ../../saturnringlib/../modules/sgl/LIB/LIBSGL.A(sglB001.o)
                0x060215b0                slTVOn
                0x060215ba                slTVOff
 SLPROG         0x060215d0       0x1e ../../saturnringlib/../modules/sgl/LIB/LIBSGL.A(sglB002.o)
                0x060215d0                slColRAMMode
 *fill*         0x060215ee        0x2 
 SLPROG         0x060215f0      0x40c ../../saturnringlib/../modules/sgl/LIB/LIBSGL.A(sglB015.o)
                0x060215f0                slScrAutoDisp
 *fill*         0x060219fc        0x4 
 SLPROG         0x06021a00        0xc ../../saturnringlib/../modules/sgl/LIB/LIBSGL.A(sglB016.o)
                0x06021a00                slBack1ColSet
 *fill*         0x06021a0c        0x4 
 SLPROG         0x06021a10       0xb0 ../../saturnringlib/../modules/sgl/LIB/LIBSGL.A(sglB031.o)
                0x06021a10                slMapNbg0
 SLPROG         0x06021ac0       0xb4 ../../saturnringlib/../modules/sgl/LIB/LIBSGL.A(sglB034.o)
                0x06021ac0                slMapNbg3
 *fill*         0x06021b74        0xc 
 SLPROG         0x06021b80       0xd4 ../../saturnringlib/../modules/sgl/LIB/LIBSGL.A(sglB035.o)
                0x06021b80                sl1MapRA
                0x06021c12                rbank_set
 *fill*         0x06021c54        0xc 
 SLPROG         0x06021c60       0x70 ../../saturnringlib/../modules/sgl/LIB/LIBSGL.A(sglB038.o)
                0x06021c60                slRparaInitSet
 SLPROG         0x06021cd0       0x10 ../../saturnringlib/../modules/sgl/LIB/LIBSGL.A(sglB042.o)
                0x06021cd0                slCurRpara
 SLPROG         0x06021ce0        0x8 ../../saturnringlib/../modules/sgl/LIB/LIBSGL.A(sglB043.o)
                0x06021ce0                slRparaMode
 *fill*         0x06021ce8        0x8 
 SLPROG         0x06021cf0      0x4e4 ../../saturnringlib/../modules/sgl/LIB/LIBSGL.A(sglB044.o)
                0x06021cf0                slScrMatSet
 *fill*         0x060221d4        0xc 
 SLPROG         0x060221e0       0x28 ../../saturnringlib/../modules/sgl/LIB/LIBSGL.A(sglB045.o)
                0x060221e0                slScrMatConv
 *fill*         0x06022208        0x8 
 SLPROG         0x06022210        0xc ../../saturnringlib/../modules/sgl/LIB/LIBSGL.A(sglB047.o)
                0x06022210                slOverRA
 *fill*         0x0602221c        0x4 
 SLPROG         0x06022220        0xc ../../saturnringlib/../modules/sgl/LIB/LIBSGL.A(sglB055.o)
                0x06022220                slPlaneNbg0
 *fill*         0x0602222c        0x4 
 SLPROG         0x06022230       0x10 ../../saturnringlib/../modules/sgl/LIB/LIBSGL.A(sglB058.o)
                0x06022230                slPlaneNbg3
 SLPROG         0x06022240        0xc ../../saturnringlib/../modules/sgl/LIB/LIBSGL.A(sglB059.o)
                0x06022240                slPlaneRA
 *fill*         0x0602224c        0x4 
 SLPROG         0x06022250        0xc ../../saturnringlib/../modules/sgl/LIB/LIBSGL.A(sglB063.o)
                0x06022250                slPriority
 *fill*         0x0602225c        0x4 
 SLPROG         0x06022260       0x34 ../../saturnringlib/../modules/sgl/LIB/LIBSGL.A(sglB070.o)
                0x06022260                slScrPosNbg0
 *fill*         0x06022294        0xc 
 SLPROG         0x060222a0       0x3c ../../saturnringlib/../modules/sgl/LIB/LIBSGL.A(sglB112.o)
                0x060222a0                slScrScaleNbg0
                0x060222a6                slScrScaleNbg1
                0x060222ac                slScrScaleR
 *fill*         0x060222dc        0x4 
 SLPROG         0x060222e0      0x114 ../../saturnringlib/../modules/sgl/LIB/LIBSGL.A(sglB200.o)
                0x060222e0                slCharRbg0
                0x060222ec                slCharNbg0
                0x060222f8                slCharNbg1
                0x06022304                slCharNbg2
                0x0602231a                slCharNbg3
                0x06022332                slPageRbg0
                0x06022348                slPageNbg1
                0x06022350                slPageNbg2
                0x06022358                slPageNbg3
                0x06022364                slPageNbg0
 *fill*         0x060223f4        0xc 
 SLPROG         0x06022400       0x6c ../../saturnringlib/../modules/sgl/LIB/LIBSGL.A(sglC01.o)
                0x06022400                slPerspective
 *fill*         0x0602246c        0x4 
 SLPROG         0x06022470       0x30 ../../saturnringlib/../modules/sgl/LIB/LIBSGL.A(sglC02.o)
                0x06022470                slLight
 SLPROG         0x060224a0       0x2c ../../saturnringlib/../modules/sgl/LIB/LIBSGL.A(sglC04.o)
                0x060224a0                slZdspLevel
 *fill*         0x060224cc        0x4 
 SLPROG         0x060224d0       0x78 ../../saturnringlib/../modules/sgl/LIB/LIBSGL.A(sglC05.o)
                0x060224d0                slSetSprite
 *fill*         0x06022548        0x8 
 SLPROG         0x06022550     0x1218 ../../saturnringlib/../modules/sgl/LIB/LIBSGL.A(sglC08.o)
                0x06022550                slPutPolygon
                0x060231cc                MsCalcDepthFlat
 *fill*         0x06023768        0x8 
 SLPROG         0x06023770       0x40 ../../saturnringlib/../modules/sgl/LIB/LIBSGL.A(sglC20.o)
                0x06023770                SpriteEntry
 SLPROG         0x060237b0       0x84 ../../saturnringlib/../modules/sgl/LIB/LIBSGL.A(sglD00.o)
                0x060237b0                slCpuDMACopy
                0x060237b0                slDMACopy
                0x0602380a                CSH_AllClr
                0x0602380a                slCashPurge
 *fill*         0x06023834        0xc 
 SLPROG         0x06023840       0xa0 ../../saturnringlib/../modules/sgl/LIB/LIBSGL.A(sglD01.o)
                0x06023840                slDMAXCopy
 SLPROG         0x060238e0        0xc ../../saturnringlib/../modules/sgl/LIB/LIBSGL.A(sglD03.o)
                0x060238e0                slDMAStatus
 *fill*         0x060238ec        0x4 
 SLPROG         0x060238f0       0x20 ../../saturnringlib/../modules/sgl/LIB/LIBSGL.A(sglD15.o)
                0x060238f0                CSH_Purge
 SLPROG         0x06023910       0x84 ../../saturnringlib/../modules/sgl/LIB/LIBSGL.A(sglD16.o)
                0x06023910                DMA_ScuSetPrm
                0x06023958                DMA_SCU_PRM0
 *fill*         0x06023994        0xc 
 SLPROG         0x060239a0       0x88 ../../saturnringlib/../modules/sgl/LIB/LIBSGL.A(sglD17.o)
                0x060239a0                DMA_ScuStart
 *fill*         0x06023a28        0x8 
 SLPROG         0x06023a30       0x34 ../../saturnringlib/../modules/sgl/LIB/LIBSGL.A(sglD18.o)
                0x06023a30                DMA_ScuGetStatus
 *fill*         0x06023a64        0xc 
 SLPROG         0x06023a70       0x4e ../../saturnringlib/../modules/sgl/LIB/LIBSGL.A(sglF00.o)
                0x06023a70                slCurScrn
                0x06023a80                slCurColor
                0x06023a8a                slLocate
                0x06023abc                CurrentScreen
 *fill*         0x06023abe        0x2 
 SLPROG         0x06023ac0      0x1d0 ../../saturnringlib/../modules/sgl/LIB/LIBSGL.A(sglG00.o)
                0x06023ac0                slInitSound
                0x06023bc4                slWaitSound
                0x06023bdc                slSndFlush
 SLPROG         0x06023c90      0xfc8 ../../saturnringlib/../modules/sgl/LIB/LIBSGL.A(sglH00.o)
                0x06023ca8                slGetPortDir1
                0x06023cb0                slGetPortDir2
                0x06023cb8                slSetPortDir1
                0x06023ce2                slSetPortDir2
                0x06023d1c                slGetPortData1
                0x06023d24                slGetPortData2
                0x06023d2c                slSetPortData1
                0x06023d36                slSetPortData2
                0x06023d48                slGetPortSelect1
                0x06023d52                slGetPortSelect2
                0x06023d5c                slSetPortSelect1
                0x06023d90                slSetPortSelect2
                0x06023dcc                slGetPortExt1
                0x06023dd6                slGetPortExt2
                0x06023de0                slSetPortExt1
                0x06023e10                slSetPortExt2
                0x06023f84                slSmpcDirectAccess
                0x06024004                slInitPeripheral
                0x06024096                slSetResultBuffer
                0x06024122                slCheckIntBackSet
                0x0602412e                slIntBackCancel
                0x06024158                slCheckReset
                0x06024162                slClearReset
                0x06024328                slSmpcCashSend
                0x060243e4                slSmpcCashBlow
                0x060244c0                slGetOptimize
                0x060244ca                slSetOptimize
                0x060244f0                slGetPortMode1
                0x060244fc                slGetPortMode2
                0x0602450a                slSetPortMode1
                0x06024548                slSetPortMode2
                0x060246d4                slRequestCommand
                0x06024744                Smpc_Status
                0x06024748                Smpc_Result
                0x0602474c                Smpc_Peripheral
                0x06024752                Per_Connect1
                0x06024753                Per_Connect2
                0x06024774                SmpcStatusBuf
 *fill*         0x06024c58        0x8 
 SLPROG         0x06024c60      0x470 ../../saturnringlib/../modules/sgl/LIB/LIBSGL.A(sglH02.o)
                0x06025050                smpc_pfr_tbl
                0x06025090                smpc_ptf_tbl
 SLPROG         0x060250d0       0x60 ../../saturnringlib/../modules/sgl/LIB/LIBSGL.A(sglH04.o)
                0x060250d0                slComPrmIntBack
                0x060250e4                slComPrmSetMemory
                0x060250fa                slComPrmSetTime
 SLPROG         0x06025130      0x3a4 ../../saturnringlib/../modules/sgl/LIB/LIBSGL.A(sglI01.o)
                0x06025130                slInitSynch
                0x0602514a                slSynch
                0x06025240                slRandom
                0x0602525e                PCM_EndCheck
                0x0602531a                RetPCMBuf
                0x060253b4                PCM_Buf
                0x06025454                Sound_Buf
 *fill*         0x060254d4        0xc 
 SLPROG         0x060254e0       0x10 ../../saturnringlib/../modules/sgl/LIB/LIBSGL.A(sglI04.o)
                0x060254e0                slIntFunction
 SLPROG         0x060254f0       0x74 ../../saturnringlib/../modules/sgl/LIB/LIBSGL.A(sglJ00.o)
                0x060254f0                InitSlaveSH
                0x06025558                SlaveCommand
 *fill*         0x06025564        0xc 
 SLPROG         0x06025570      0x3d0 ../../saturnringlib/../modules/sgl/LIB/LIBSGL.A(sglJ01.o)
                0x06025570                SlaveControl
                0x0602592c                ErasePolygonData
 SLPROG         0x06025940     0x12b8 ../../saturnringlib/../modules/sgl/LIB/LIBSGL.A(sglJ02.o)
                0x06025940                sbMakePolygon
                0x06025b28                sbCalcPolygon
                0x06026860                SetTexture
                0x0602686c                SetPolygon
                0x06026874                SetPosition
                0x060268ac                stvtc_4
                0x06026964                stvtc_3
                0x06026b74                stvtc_1
                0x06026b88                stvtc_2
                0x06026b9c                stvtc_0
 *fill*         0x06026bf8        0x8 
 SLPROG         0x06026c00      0x140 ../../saturnringlib/../modules/sgl/LIB/LIBSGL.A(sglJ03.o)
                0x06026c00                sbMakeDMATable
 SLPROG         0x06026d40      0x470 ../../saturnringlib/../modules/sgl/LIB/LIBSGL.A(sglJ04.o)
                0x06026d9e                sbMakeSprite
                0x06026e04                sbMakeRotSprite
 SLPROG         0x060271b0       0x3c ../../saturnringlib/../modules/sgl/LIB/LIBSGL.A(sglJ05.o)
                0x060271b0                sbSortEntry
 *fill*         0x060271ec        0x4 
 SLPROG         0x060271f0      0x4b8 ../../saturnringlib/../modules/sgl/LIB/LIBSGL.A(sglM00.o)
                0x060271f0                slInitGouraud
                0x060272e4                slPutPolygonX
                0x0602732a                slGouraudTblCopy
                0x06027382                slSetGouraudTbl
                0x06027388                slSetGouraudColor
                0x06027400                slSetAmbient
                0x06027424                slSetFlatColor
 *fill*         0x060276a8        0x8 
 SLPROG         0x060276b0       0x6a ../../saturnringlib/../modules/sgl/LIB/LIBSGL.A(sglM01.o)
                0x060276b0                slSetDepthLimit
                0x060276dc                slSetDepthTbl
                0x0602770c                DepthWorkArea
 *fill*         0x0602771a        0x6 
 SLPROG         0x06027720       0x20 ../../saturnringlib/../modules/sgl/LIB/LIBSGL.A(sglA00.o)
                0x06027720                set_imask
                0x06027720                _builtin_set_imask
                0x06027734                _builtin_get_imask
                0x06027734                get_imask
 SLPROG         0x06027740     0x411e ../../saturnringlib/../modules/sgl/LIB/LIBSGL.A(sglA01.o)
                0x06027740                slSin
                0x06027764                slCos
                0x06027788                GetSinCos
                0x0602781c                sin_cos_index_tbl
                0x0602785c                sin_tbl
 *fill*         0x0602b85e        0x2 
 SLPROG         0x0602b860     0x215c ../../saturnringlib/../modules/sgl/LIB/LIBSGL.A(sglA03.o)
                0x0602b860                slTan
 *fill*         0x0602d9bc        0x4 
 SLPROG         0x0602d9c0       0x34 ../../saturnringlib/../modules/sgl/LIB/LIBSGL.A(sglA10.o)
                0x0602d9c0                slSquartDbl
 *fill*         0x0602d9f4        0xc 
 SLPROG         0x0602da00      0x3c2 ../../saturnringlib/../modules/sgl/LIB/LIBSGL.A(sglA24.o)
                0x0602da00                slInversMatrix
 *fill*         0x0602ddc2        0xe 
 SLPROG         0x0602ddd0       0x24 ../../saturnringlib/../modules/sgl/LIB/LIBSGL.A(sglA25.o)
                0x0602ddd0                slTransposeMatrix
 *fill*         0x0602ddf4        0xc 
 SLPROG         0x0602de00       0x22 ../../saturnringlib/../modules/sgl/LIB/LIBSGL.A(sglA40.o)
                0x0602de00                slCalcVector
 *fill*         0x0602de22        0xe 
 SLPROG         0x0602de30      0xbd0 ../../saturnringlib/../modules/sgl/LIB/LIBSGL.A(sglB000.o)
                0x0602de30                slInitScroll
                0x0602df50                setASC_1to8
                0x0602df80                setASC_4to8
                0x0602e090                TVSizeTbl
                0x0602e110                TVModeTbl
                0x0602e2e8                SGL_ASCII_CG
 SLPROG         0x0602ea00      0x134 ../../saturnringlib/../modules/sgl/LIB/LIBSGL.A(sglC00.o)
                0x0602ea00                slInitSprite
 *fill*         0x0602eb34        0xc 
 SLPROG         0x0602eb40       0xac ../../saturnringlib/../modules/sgl/LIB/LIBSGL.A(sglC13.o)
                0x0602eb40                slPutPolygonS
 *fill*         0x0602ebec        0x4 
 SLPROG         0x0602ebf0       0x10 ../../saturnringlib/../modules/sgl/LIB/LIBSGL.A(sglD02.o)
                0x0602ebf0                slDMAWait
 SLPROG         0x0602ec00       0xc0 ../../saturnringlib/../modules/sgl/LIB/LIBSGL.A(sglD19.o)
                0x0602ec00                DMA_ScuMemCopy
 SLPROG         0x0602ecc0      0x75c ../../saturnringlib/../modules/sgl/LIB/LIBSGL.A(sglI00.o)
                0x0602efb0                slInitInterrupt
 *fill*         0x0602f41c        0x4 
 SLPROG         0x0602f420       0xf0 ../../saturnringlib/../modules/sgl/LIB/LIBSGL.A(sglH03.o)
                0x0602f484                slSmpcIntBack
                0x0602f510                        __slprog_end = .

.tors           0x0602f510       0x10
                0x0602f510                        ___ctors = .
 *(.ctors*)
 .ctors         0x0602f510        0x4 src/main.o
                0x0602f514                        ___ctors_end = .
                0x0602f514                        ___dtors = .
 *(.dtors*)
 .dtors         0x0602f514        0x4 src/main.o
                0x0602f518                        ___dtors_end = .

.data           0x0602f520      0x500
 *(.data*)
 .data          0x0602f520       0x28 ../../saturnringlib/../modules/sgl/LIB/../SRC/workarea.o
                0x0602f520                PCM_Work
                0x0602f524                SlaveStack
                0x0602f528                TransList
                0x0602f52c                MasterStack
                0x0602f530                SortList
                0x0602f534                Zbuffer
                0x0602f538                SpriteBuf
                0x0602f53c                Pbuffer
                0x0602f540                CLOfstBuf
                0x0602f544                CommandBuf
 .data          0x0602f548       0x58 src/main.o
                0x0602f560                shadingTable
 .data._ZZN3SRL5Input3Gun11SynchronizeEvE14secondPlayerId
                0x0602f5a0        0x1 src/main.o
                0x0602f5a0                SRL::Input::Gun::Synchronize()::secondPlayerId
 .data._ZZN3SRL5Input3Gun11SynchronizeEvE13firstPlayerId
                0x0602f5a1        0x1 src/main.o
                0x0602f5a1                SRL::Input::Gun::Synchronize()::firstPlayerId
 *fill*         0x0602f5a2        0x2 
 .data._ZN3SRL5Input10Management11PeripheralsE
                0x0602f5a4      0x120 src/main.o
                0x0602f5a4                SRL::Input::Management::Peripherals
 .data._ZN3SRL5Input10Management24PeripheralsPreviousStateE
                0x0602f6c4      0x120 src/main.o
                0x0602f6c4                SRL::Input::Management::PeripheralsPreviousState
 .data._ZN3SRL4VDP212ScrollScreenINS0_4RBG0ELs5ELt16EE12MapAllocSizeE
                0x0602f7e4        0x4 src/main.o
                0x0602f7e4                SRL::VDP2::ScrollScreen<SRL::VDP2::RBG0, (short)5, (unsigned short)16>::MapAllocSize
 .data._ZN3SRL4VDP212ScrollScreenINS0_4RBG0ELs5ELt16EE13CellAllocSizeE
                0x0602f7e8        0x4 src/main.o
                0x0602f7e8                SRL::VDP2::ScrollScreen<SRL::VDP2::RBG0, (short)5, (unsigned short)16>::CellAllocSize
 .data._ZN3SRL4VDP212ScrollScreenINS0_4RBG0ELs5ELt16EE4InfoE
                0x0602f7ec       0x14 src/main.o
                0x0602f7ec                SRL::VDP2::ScrollScreen<SRL::VDP2::RBG0, (short)5, (unsigned short)16>::Info
 .data._ZN3SRL4VDP212ScrollScreenINS0_4RBG0ELs5ELt16EE10MapAddressE
                0x0602f800        0x4 src/main.o
                0x0602f800                SRL::VDP2::ScrollScreen<SRL::VDP2::RBG0, (short)5, (unsigned short)16>::MapAddress
 .data._ZN3SRL4VDP212ScrollScreenINS0_4RBG0ELs5ELt16EE11CellAddressE
                0x0602f804        0x4 src/main.o
                0x0602f804                SRL::VDP2::ScrollScreen<SRL::VDP2::RBG0, (short)5, (unsigned short)16>::CellAddress
 .data._ZN3SRL4VDP212ScrollScreenINS0_4NBG0ELs1ELt1EE12MapAllocSizeE
                0x0602f808        0x4 src/main.o
                0x0602f808                SRL::VDP2::ScrollScreen<SRL::VDP2::NBG0, (short)1, (unsigned short)1>::MapAllocSize
 .data._ZN3SRL4VDP212ScrollScreenINS0_4NBG0ELs1ELt1EE13CellAllocSizeE
                0x0602f80c        0x4 src/main.o
                0x0602f80c                SRL::VDP2::ScrollScreen<SRL::VDP2::NBG0, (short)1, (unsigned short)1>::CellAllocSize
 .data._ZN3SRL4VDP212ScrollScreenINS0_4NBG0ELs1ELt1EE4InfoE
                0x0602f810       0x14 src/main.o
                0x0602f810                SRL::VDP2::ScrollScreen<SRL::VDP2::NBG0, (short)1, (unsigned short)1>::Info
 .data._ZN3SRL4VDP212ScrollScreenINS0_4NBG0ELs1ELt1EE10MapAddressE
                0x0602f824        0x4 src/main.o
                0x0602f824                SRL::VDP2::ScrollScreen<SRL::VDP2::NBG0, (short)1, (unsigned short)1>::MapAddress
 .data._ZN3SRL4VDP212ScrollScreenINS0_4NBG0ELs1ELt1EE11CellAddressE
                0x0602f828        0x4 src/main.o
                0x0602f828                SRL::VDP2::ScrollScreen<SRL::VDP2::NBG0, (short)1, (unsigned short)1>::CellAddress
 .data._ZN3SRL4VDP213ActiveScrollsE
                0x0602f82c        0x2 src/main.o
                0x0602f82c                SRL::VDP2::ActiveScrolls
 *fill*         0x0602f82e        0x2 
 .data._ZN3SRL4VDP24VRAM10bankCyclesE
                0x0602f830        0x4 src/main.o
                0x0602f830                SRL::VDP2::VRAM::bankCycles
 .data._ZN3SRL4VDP24VRAM10currentTopE
                0x0602f834       0x10 src/main.o
                0x0602f834                SRL::VDP2::VRAM::currentTop
 .data._ZN3SRL4VDP24VRAM10currentBotE
                0x0602f844       0x10 src/main.o
                0x0602f844                SRL::VDP2::VRAM::currentBot
 .data._ZN3SRL5ASCII7maxFontE
                0x0602f854        0x1 src/main.o
                0x0602f854                SRL::ASCII::maxFont
 .data._ZN3SRL5ASCII12maxYPositionE
                0x0602f855        0x1 src/main.o
                0x0602f855                SRL::ASCII::maxYPosition
 .data._ZN3SRL5ASCII12maxXPositionE
                0x0602f856        0x1 src/main.o
                0x0602f856                SRL::ASCII::maxXPosition
 *fill*         0x0602f857        0x1 
 .data._ZN3SRL5ASCII8fontBankE
                0x0602f858        0x2 src/main.o
                0x0602f858                SRL::ASCII::fontBank
 .data._ZN3SRL5ASCII9colorBankE
                0x0602f85a        0x2 src/main.o
                0x0602f85a                SRL::ASCII::colorBank
 .data._ZN3SRL5ASCII7tileMapE
                0x0602f85c        0x4 src/main.o
                0x0602f85c                SRL::ASCII::tileMap
 .data._ZN3SRL4CRAM11BaseAddressE
                0x0602f860        0x4 src/main.o
                0x0602f860                SRL::CRAM::BaseAddress
 *fill*         0x0602f864        0xc 
 .data          0x0602f870        0x0 ../../saturnringlib/../modules/sgl/LIB/LIBCD.A(CDC_CMN.O)
 .data          0x0602f870        0x0 ../../saturnringlib/../modules/sgl/LIB/LIBCD.A(CDC_REG.O)
 .data          0x0602f870        0x0 ../../saturnringlib/../modules/sgl/LIB/LIBCD.A(CDC_SUB.O)
 .data          0x0602f870        0x0 ../../saturnringlib/../modules/sgl/LIB/LIBCD.A(GFS.O)
 .data          0x0602f870        0x0 ../../saturnringlib/../modules/sgl/LIB/LIBCD.A(GFS_BUF.O)
 .data          0x0602f870        0x0 ../../saturnringlib/../modules/sgl/LIB/LIBCD.A(GFS_CDB.O)
 .data          0x0602f870        0x0 ../../saturnringlib/../modules/sgl/LIB/LIBCD.A(GFS_CDC.O)
 .data          0x0602f870        0x0 ../../saturnringlib/../modules/sgl/LIB/LIBCD.A(GFS_CDF.O)
 .data          0x0602f870        0x0 ../../saturnringlib/../modules/sgl/LIB/LIBCD.A(GFS_DIR.O)
 .data          0x0602f870        0x0 ../../saturnringlib/../modules/sgl/LIB/LIBCD.A(GFS_TRN.O)
 .data          0x0602f870        0x0 ../../saturnringlib/../modules/sgl/LIB/LIBCD.A(CDC_DRV.O)
 .data          0x0602f870        0x0 ../../saturnringlib/../modules/sgl/LIB/LIBCD.A(CDC_DEV.O)
 .data          0x0602f870        0x0 ../../saturnringlib/../modules/sgl/LIB/LIBCD.A(CDC_SEL.O)
 .data          0x0602f870        0x0 ../../saturnringlib/../modules/sgl/LIB/LIBCD.A(CDC_BIF.O)
 .data          0x0602f870        0x0 ../../saturnringlib/../modules/sgl/LIB/LIBCD.A(CDC_BIO.O)
 .data          0x0602f870        0x0 ../../saturnringlib/../modules/sgl/LIB/LIBCD.A(CDC_CFS.O)
 .data          0x0602f870        0x0 ../../saturnringlib/../modules/sgl/LIB/LIBSGL.A(sglA16.o)
 .data          0x0602f870        0x0 ../../saturnringlib/../modules/sgl/LIB/LIBSGL.A(sglA17.o)
 .data          0x0602f870        0x0 ../../saturnringlib/../modules/sgl/LIB/LIBSGL.A(sglA18.o)
 .data          0x0602f870        0x0 ../../saturnringlib/../modules/sgl/LIB/LIBSGL.A(sglA19.o)
 .data          0x0602f870        0x0 ../../saturnringlib/../modules/sgl/LIB/LIBSGL.A(sglA20.o)
 .data          0x0602f870        0x0 ../../saturnringlib/../modules/sgl/LIB/LIBSGL.A(sglA21.o)
 .data          0x0602f870        0x0 ../../saturnringlib/../modules/sgl/LIB/LIBSGL.A(sglA27.o)
 .data          0x0602f870        0x0 ../../saturnringlib/../modules/sgl/LIB/LIBSGL.A(sglA28.o)
 .data          0x0602f870        0x0 ../../saturnringlib/../modules/sgl/LIB/LIBSGL.A(sglA39.o)
 .data          0x0602f870        0x0 ../../saturnringlib/../modules/sgl/LIB/LIBSGL.A(sglB001.o)
 .data          0x0602f870        0x0 ../../saturnringlib/../modules/sgl/LIB/LIBSGL.A(sglB002.o)
 .data          0x0602f870        0x0 ../../saturnringlib/../modules/sgl/LIB/LIBSGL.A(sglB015.o)
 .data          0x0602f870        0x0 ../../saturnringlib/../modules/sgl/LIB/LIBSGL.A(sglB016.o)
 .data          0x0602f870        0x0 ../../saturnringlib/../modules/sgl/LIB/LIBSGL.A(sglB031.o)
 .data          0x0602f870        0x0 ../../saturnringlib/../modules/sgl/LIB/LIBSGL.A(sglB034.o)
 .data          0x0602f870        0x0 ../../saturnringlib/../modules/sgl/LIB/LIBSGL.A(sglB035.o)
 .data          0x0602f870        0x0 ../../saturnringlib/../modules/sgl/LIB/LIBSGL.A(sglB038.o)
 .data          0x0602f870        0x0 ../../saturnringlib/../modules/sgl/LIB/LIBSGL.A(sglB042.o)
 .data          0x0602f870        0x0 ../../saturnringlib/../modules/sgl/LIB/LIBSGL.A(sglB043.o)
 .data          0x0602f870        0x0 ../../saturnringlib/../modules/sgl/LIB/LIBSGL.A(sglB044.o)
 .data          0x0602f870        0x0 ../../saturnringlib/../modules/sgl/LIB/LIBSGL.A(sglB045.o)
 .data          0x0602f870        0x0 ../../saturnringlib/../modules/sgl/LIB/LIBSGL.A(sglB047.o)
 .data          0x0602f870        0x0 ../../saturnringlib/../modules/sgl/LIB/LIBSGL.A(sglB055.o)
 .data          0x0602f870        0x0 ../../saturnringlib/../modules/sgl/LIB/LIBSGL.A(sglB058.o)
 .data          0x0602f870        0x0 ../../saturnringlib/../modules/sgl/LIB/LIBSGL.A(sglB059.o)
 .data          0x0602f870        0x0 ../../saturnringlib/../modules/sgl/LIB/LIBSGL.A(sglB063.o)
 .data          0x0602f870        0x0 ../../saturnringlib/../modules/sgl/LIB/LIBSGL.A(sglB070.o)
 .data          0x0602f870        0x0 ../../saturnringlib/../modules/sgl/LIB/LIBSGL.A(sglB112.o)
 .data          0x0602f870        0x0 ../../saturnringlib/../modules/sgl/LIB/LIBSGL.A(sglB200.o)
 .data          0x0602f870        0x0 ../../saturnringlib/../modules/sgl/LIB/LIBSGL.A(sglC01.o)
 .data          0x0602f870        0x0 ../../saturnringlib/../modules/sgl/LIB/LIBSGL.A(sglC02.o)
 .data          0x0602f870        0x0 ../../saturnringlib/../modules/sgl/LIB/LIBSGL.A(sglC04.o)
 .data          0x0602f870        0x0 ../../saturnringlib/../modules/sgl/LIB/LIBSGL.A(sglC05.o)
 .data          0x0602f870        0x0 ../../saturnringlib/../modules/sgl/LIB/LIBSGL.A(sglC08.o)
 .data          0x0602f870        0x0 ../../saturnringlib/../modules/sgl/LIB/LIBSGL.A(sglC20.o)
 .data          0x0602f870        0x0 ../../saturnringlib/../modules/sgl/LIB/LIBSGL.A(sglD00.o)
 .data          0x0602f870        0x0 ../../saturnringlib/../modules/sgl/LIB/LIBSGL.A(sglD01.o)
 .data          0x0602f870        0x0 ../../saturnringlib/../modules/sgl/LIB/LIBSGL.A(sglD03.o)
 .data          0x0602f870        0x0 ../../saturnringlib/../modules/sgl/LIB/LIBSGL.A(sglD15.o)
 .data          0x0602f870        0x0 ../../saturnringlib/../modules/sgl/LIB/LIBSGL.A(sglD16.o)
 .data          0x0602f870        0x0 ../../saturnringlib/../modules/sgl/LIB/LIBSGL.A(sglD17.o)
 .data          0x0602f870        0x0 ../../saturnringlib/../modules/sgl/LIB/LIBSGL.A(sglD18.o)
 .data          0x0602f870        0x0 ../../saturnringlib/../modules/sgl/LIB/LIBSGL.A(sglF00.o)
 .data          0x0602f870        0x0 ../../saturnringlib/../modules/sgl/LIB/LIBSGL.A(sglG00.o)
 .data          0x0602f870        0x0 ../../saturnringlib/../modules/sgl/LIB/LIBSGL.A(sglH00.o)
 .data          0x0602f870        0x0 ../../saturnringlib/../modules/sgl/LIB/LIBSGL.A(sglH02.o)
 .data          0x0602f870        0x0 ../../saturnringlib/../modules/sgl/LIB/LIBSGL.A(sglH04.o)
 .data          0x0602f870        0x0 ../../saturnringlib/../modules/sgl/LIB/LIBSGL.A(sglI01.o)
 .data          0x0602f870        0x0 ../../saturnringlib/../modules/sgl/LIB/LIBSGL.A(sglI04.o)
 .data          0x0602f870       0x80 ../../saturnringlib/../modules/sgl/LIB/LIBSGL.A(sglIc0.o)
                0x0602f870                IntPrioMask
 .data          0x0602f8f0        0x0 ../../saturnringlib/../modules/sgl/LIB/LIBSGL.A(sglJ00.o)
 .data          0x0602f8f0        0x0 ../../saturnringlib/../modules/sgl/LIB/LIBSGL.A(sglJ01.o)
 .data          0x0602f8f0        0x0 ../../saturnringlib/../modules/sgl/LIB/LIBSGL.A(sglJ02.o)
 .data          0x0602f8f0        0x0 ../../saturnringlib/../modules/sgl/LIB/LIBSGL.A(sglJ03.o)
 .data          0x0602f8f0        0x0 ../../saturnringlib/../modules/sgl/LIB/LIBSGL.A(sglJ04.o)
 .data          0x0602f8f0        0x0 ../../saturnringlib/../modules/sgl/LIB/LIBSGL.A(sglJ05.o)
 .data          0x0602f8f0        0x0 ../../saturnringlib/../modules/sgl/LIB/LIBSGL.A(sglK01.o)
 .data          0x0602f8f0        0x0 ../../saturnringlib/../modules/sgl/LIB/LIBSGL.A(sglM00.o)
 .data          0x0602f8f0        0x0 ../../saturnringlib/../modules/sgl/LIB/LIBSGL.A(sglM01.o)