Archive member included to satisfy reference by file (symbol)

../../saturnringlib/../modules/sgl/LIB/LIBCD.A(CDC_CMN.O)
                              src/main.o (CDC_CdInit)
../../saturnringlib/../modules/sgl/LIB/LIBCD.A(CDC_REG.O)
                              ../../saturnringlib/../modules/sgl/LIB/LIBCD.A(CDC_CMN.O) (CDREG_ClrHirqReq)
../../saturnringlib/../modules/sgl/LIB/LIBCD.A(CDC_SUB.O)
                              ../../saturnringlib/../modules/sgl/LIB/LIBCD.A(CDC_CMN.O) (CDSUB_UpdStatus)
../../saturnringlib/../modules/sgl/LIB/LIBCD.A(GFS.O)
                              src/main.o (GFS_Init)
../../saturnringlib/../modules/sgl/LIB/LIBCD.A(GFS_BUF.O)
                              ../../saturnringlib/../modules/sgl/LIB/LIBCD.A(GFS.O) (GFBF_GetNumData)
../../saturnringlib/../modules/sgl/LIB/LIBCD.A(GFS_CDB.O)
                              ../../saturnringlib/../modules/sgl/LIB/LIBCD.A(GFS.O) (GFCB_Close)
../../saturnringlib/../modules/sgl/LIB/LIBCD.A(GFS_CDC.O)
                              ../../saturnringlib/../modules/sgl/LIB/LIBCD.A(GFS.O) (GFCD_SetCdbfs)
../../saturnringlib/../modules/sgl/LIB/LIBCD.A(GFS_CDF.O)
                              ../../saturnringlib/../modules/sgl/LIB/LIBCD.A(GFS.O) (GFCF_Init)
../../saturnringlib/../modules/sgl/LIB/LIBCD.A(GFS_DIR.O)
                              ../../saturnringlib/../modules/sgl/LIB/LIBCD.A(GFS.O) (GFDR_SetupDirTbl)
../../saturnringlib/../modules/sgl/LIB/LIBCD.A(GFS_TRN.O)
                              ../../saturnringlib/../modules/sgl/LIB/LIBCD.A(GFS.O) (GFTR_Setup)
../../saturnringlib/../modules/sgl/LIB/LIBCD.A(CDC_DRV.O)
                              ../../saturnringlib/../modules/sgl/LIB/LIBCD.A(GFS_CDC.O) (CDC_CdPlay)
../../saturnringlib/../modules/sgl/LIB/LIBCD.A(CDC_DEV.O)
                              ../../saturnringlib/../modules/sgl/LIB/LIBCD.A(GFS_CDC.O) (CDC_CdSetCon)
../../saturnringlib/../modules/sgl/LIB/LIBCD.A(CDC_SEL.O)
                              ../../saturnringlib/../modules/sgl/LIB/LIBCD.A(GFS_CDC.O) (CDC_SetFiltRange)
../../saturnringlib/../modules/sgl/LIB/LIBCD.A(CDC_BIF.O)
                              ../../saturnringlib/../modules/sgl/LIB/LIBCD.A(GFS_CDC.O) (CDC_GetBufSiz)
../../saturnringlib/../modules/sgl/LIB/LIBCD.A(CDC_BIO.O)
                              ../../saturnringlib/../modules/sgl/LIB/LIBCD.A(GFS_CDC.O) (CDC_SetSctLen)
../../saturnringlib/../modules/sgl/LIB/LIBCD.A(CDC_CFS.O)
                              ../../saturnringlib/../modules/sgl/LIB/LIBCD.A(GFS_CDC.O) (CDC_ChgDir)
../../saturnringlib/../modules/sgl/LIB/LIBSGL.A(sglA16.o)
                              src/main.o (slLookAt)
../../saturnringlib/../modules/sgl/LIB/LIBSGL.A(sglA17.o)
                              ../../saturnringlib/../modules/sgl/LIB/LIBSGL.A(sglA16.o) (slRotZ)
../../saturnringlib/../modules/sgl/LIB/LIBSGL.A(sglA18.o)
                              src/main.o (slRotY)
../../saturnringlib/../modules/sgl/LIB/LIBSGL.A(sglA19.o)
                              src/main.o (slRotX)
../../saturnringlib/../modules/sgl/LIB/LIBSGL.A(sglA20.o)
                              src/main.o (slUnitMatrix)
../../saturnringlib/../modules/sgl/LIB/LIBSGL.A(sglA21.o)
                              src/main.o (slPushMatrix)
../../saturnringlib/../modules/sgl/LIB/LIBSGL.A(sglA27.o)
                              src/main.o (slTranslate)
../../saturnringlib/../modules/sgl/LIB/LIBSGL.A(sglA39.o)
                              src/main.o (slConvert3Dto2DFX)
../../saturnringlib/../modules/sgl/LIB/LIBSGL.A(sglB001.o)
                              src/main.o (slTVOn)
../../saturnringlib/../modules/sgl/LIB/LIBSGL.A(sglB002.o)
                              src/main.o (slColRAMMode)
../../saturnringlib/../modules/sgl/LIB/LIBSGL.A(sglB015.o)
                              src/main.o (slScrAutoDisp)
../../saturnringlib/../modules/sgl/LIB/LIBSGL.A(sglB016.o)
                              src/main.o (slBack1ColSet)
../../saturnringlib/../modules/sgl/LIB/LIBSGL.A(sglB034.o)
                              src/main.o (slMapNbg3)
../../saturnringlib/../modules/sgl/LIB/LIBSGL.A(sglB035.o)
                              src/main.o (sl1MapRA)
../../saturnringlib/../modules/sgl/LIB/LIBSGL.A(sglB038.o)
                              src/main.o (slRparaInitSet)
../../saturnringlib/../modules/sgl/LIB/LIBSGL.A(sglB040.o)
                              src/main.o (slKtableRA)
../../saturnringlib/../modules/sgl/LIB/LIBSGL.A(sglB042.o)
                              src/main.o (slCurRpara)
../../saturnringlib/../modules/sgl/LIB/LIBSGL.A(sglB043.o)
                              src/main.o (slRparaMode)
../../saturnringlib/../modules/sgl/LIB/LIBSGL.A(sglB044.o)
                              src/main.o (slScrMatSet)
../../saturnringlib/../modules/sgl/LIB/LIBSGL.A(sglB045.o)
                              src/main.o (slScrMatConv)
../../saturnringlib/../modules/sgl/LIB/LIBSGL.A(sglB047.o)
                              src/main.o (slOverRA)
../../saturnringlib/../modules/sgl/LIB/LIBSGL.A(sglB058.o)
[...]
Memory Configuration

Name             Origin             Length             Attributes
*default*        0x00000000         0xffffffff

Linker script and memory map


SLSTART         0x06004000       0x30
                0x06004000                        ___Start = .
 *(SLSTART)
 SLSTART        0x06004000       0x28 ../../saturnringlib/../modules/sgl/LIB/LIBSGL.A(sglI00.o)
                0x06004000                SGL_Start
                0x06004002                slStartSGL

.text           0x06004040    0x145f0
 *(.text*)
 .text          0x06004040        0x0 ../../saturnringlib/../modules/sgl/LIB/../SRC/workarea.o
 .text          0x06004040       0xd8 src/main.o
 .text._ZN3SRL7Tilemap10Interfaces8Bmp2Tile11GetCellDataEv
                0x06004118        0x4 src/main.o
                0x06004118                SRL::Tilemap::Interfaces::Bmp2Tile::GetCellData()
 .text._ZN3SRL7Tilemap10Interfaces8Bmp2Tile10GetMapDataEv
                0x0600411c        0x4 src/main.o
                0x0600411c                SRL::Tilemap::Interfaces::Bmp2Tile::GetMapData()
 .text._ZN3SRL7Tilemap10Interfaces8Bmp2Tile10GetPalDataEv
                0x06004120        0x4 src/main.o
                0x06004120                SRL::Tilemap::Interfaces::Bmp2Tile::GetPalData()
 .text._ZN3SRL7Tilemap10Interfaces8Bmp2Tile7GetInfoEv
                0x06004124       0x18 src/main.o
                0x06004124                SRL::Tilemap::Interfaces::Bmp2Tile::GetInfo()
 .text._ZN3SRL5Input7Digital11IsConnectedEv
                0x0600413c       0x28 src/main.o
                0x0600413c                SRL::Input::Digital::IsConnected()
 .text._ZN3SRL5Input7Digital6IsHeldERKNS1_6ButtonE
                0x06004164       0x1c src/main.o
                0x06004164                SRL::Input::Digital::IsHeld(SRL::Input::Digital::Button const&)
 .text._ZN3SRL5Input7Digital11WasReleasedERKNS1_6ButtonE
                0x06004180       0x2c src/main.o
                0x06004180                SRL::Input::Digital::WasReleased(SRL::Input::Digital::Button const&)
 .text._ZN3SRL5Input7Digital10WasPressedERKNS1_6ButtonE
                0x060041ac       0x2c src/main.o
                0x060041ac                SRL::Input::Digital::WasPressed(SRL::Input::Digital::Button const&)
 .text._ZN3SRL6Bitmap3TGA7GetDataEv
                0x060041d8        0x4 src/main.o
                0x060041d8                SRL::Bitmap::TGA::GetData()
 .text._ZN3SRL6Bitmap3TGA7GetInfoEv
                0x060041dc       0x34 src/main.o
                0x060041dc                SRL::Bitmap::TGA::GetInfo()
 .text._ZN3SRL7Scene3D21LightCopyGouraudTableEv
                0x06004210        0xc src/main.o
                0x06004210                SRL::Scene3D::LightCopyGouraudTable()
 .text._ZN3SRL4Core14VblankHandlingEv
                0x0600421c      0x1b4 src/main.o
                0x0600421c                SRL::Core::VblankHandling()
 .text._ZN3SRL4Math5Types3FxpC2Ev
                0x060043d0        0x8 src/main.o
                0x060043d0                SRL::Math::Types::Fxp::Fxp()
                0x060043d0                SRL::Math::Types::Fxp::Fxp()
 .text._ZN3SRL4Math5Types3FxpC2ERKS2_
                0x060043d8        0x8 src/main.o
                0x060043d8                SRL::Math::Types::Fxp::Fxp(SRL::Math::Types::Fxp const&)
                0x060043d8                SRL::Math::Types::Fxp::Fxp(SRL::Math::Types::Fxp const&)
 .text._ZNK3SRL4Math5Types3Fxp8RawValueEv
                0x060043e0        0x4 src/main.o
                0x060043e0                SRL::Math::Types::Fxp::RawValue() const
 .text._ZN3SRL4Math5Types8Vector3DC2ERKS2_
                0x060043e4       0x34 src/main.o
                0x060043e4                SRL::Math::Types::Vector3D::Vector3D(SRL::Math::Types::Vector3D const&)
                0x060043e4                SRL::Math::Types::Vector3D::Vector3D(SRL::Math::Types::Vector3D const&)
 .text.unlikely
                0x06004418        0x4 src/main.o
                0x06004418                std::__throw_length_error(char const*)
 .text._ZN3SRL6Memory12SimpleMalloc6MallocERKNS0_10MemoryZoneEj
                0x0600441c       0xdc src/main.o
                0x0600441c                SRL::Memory::SimpleMalloc::Malloc(SRL::Memory::MemoryZone const&, unsigned int)
 .text._ZN3SRL6Memory4FreeEPv
                0x060044f8      0x114 src/main.o
                0x060044f8                SRL::Memory::Free(void*)
 .text._ZN3SRL6Memory15PlacementMallocEjm
                0x0600460c      0x19c src/main.o
                0x0600460c                SRL::Memory::PlacementMalloc(unsigned int, unsigned long)
 .text._ZN3SRL4VDP210InitializeERKNS_5Types9HighColorE
                0x060047a8      0x1ac src/main.o
                0x060047a8                SRL::VDP2::Initialize(SRL::Types::HighColor const&)
 .text._ZN3SRL5Input3Gun11SynchronizeEv
                0x06004954      0x1d0 src/main.o
                0x06004954                SRL::Input::Gun::Synchronize()
 .text._ZN3SRL5Sound8Hardware10InitializeEv
                0x06004b24      0x774 src/main.o
                0x06004b24                SRL::Sound::Hardware::Initialize()
 .text._ZN3SRL4Core10InitializeERKNS_5Types9HighColorE
                0x06005298      0x120 src/main.o
                0x06005298                SRL::Core::Initialize(SRL::Types::HighColor const&)
 .text._ZN3SRL6Bitmap3TGA13DecodePaletteEPhPKNS1_9TgaHeaderEl
                0x060053b8      0x4b8 src/main.o
                0x060053b8                SRL::Bitmap::TGA::DecodePalette(unsigned char*, SRL::Bitmap::TGA::TgaHeader const*, long)
 .text._ZN3SRL6Bitmap3TGA17DecodeRlePalettedEPhPKNS1_9TgaHeaderERNS1_8ForRangeES7_
                0x06005870      0x330 src/main.o
                0x06005870                SRL::Bitmap::TGA::DecodeRlePaletted(unsigned char*, SRL::Bitmap::TGA::TgaHeader const*, SRL::Bitmap::TGA::ForRange&, SRL::Bitmap::TGA::ForRange&)
 .text._ZN11ModelObjectC2EPKcj
                0x06005ba0     0x2240 src/main.o
                0x06005ba0                ModelObject::ModelObject(char const*, unsigned int)
                0x06005ba0                ModelObject::ModelObject(char const*, unsigned int)
 .text._ZN6Camera13OrbitPositionEN3SRL4Math5Types5AngleES3_NS2_3FxpE
                0x06007de0      0x1b0 src/main.o
                0x06007de0                Camera::OrbitPosition(SRL::Math::Types::Angle, SRL::Math::Types::Angle, SRL::Math::Types::Fxp)
 .text._ZN6Camera13RefreshAnglesERNS_5StateE
                0x06007f90       0xa8 src/main.o
                0x06007f90                Camera::RefreshAngles(Camera::State&)
 .text._ZN6Camera11UpdateInputERNS_5StateERKNS_6TuningERN3SRL5Input7DigitalE
                0x06008038      0x6d0 src/main.o
                0x06008038                Camera::UpdateInput(Camera::State&, Camera::Tuning const&, SRL::Input::Digital&)
 .text._ZN3SRL5Debug12AssertScreenIJEEEvPKcS3_S3_DpT_
                0x06008708      0x618 src/main.o
                0x06008708                void SRL::Debug::AssertScreen<>(char const*, char const*, char const*)
 .text._ZN3SRL4VDP24VRAM16AutoAllocateCellERNS_7Tilemap11TilemapInfoEt
                0x06008d20      0x234 src/main.o
                0x06008d20                SRL::VDP2::VRAM::AutoAllocateCell(SRL::Tilemap::TilemapInfo&, unsigned short)
 .text._ZN3SRL7Tilemap10Interfaces8Bmp2Tile13ConvertBitmapERNS0_11TilemapInfoERNS_6Bitmap7IBitmapEib.isra.0
                0x06008f54      0x3f4 src/main.o
 .text._ZN3SRL5Debug12AssertScreenIJlEEEvPKcS3_S3_DpT_
                0x06009348      0x724 src/main.o
                0x06009348                void SRL::Debug::AssertScreen<long>(char const*, char const*, char const*, long)
 .text._ZN3SRL7Tilemap10Interfaces8Bmp2TileC2ERNS_6Bitmap7IBitmapEh
                0x06009a6c      0x558 src/main.o
                0x06009a6c                SRL::Tilemap::Interfaces::Bmp2Tile::Bmp2Tile(SRL::Bitmap::IBitmap&, unsigned char)
                0x06009a6c                SRL::Tilemap::Interfaces::Bmp2Tile::Bmp2Tile(SRL::Bitmap::IBitmap&, unsigned char)
 .text._ZN3SRL5Debug12AssertScreenIJssEEEvPKcS3_S3_DpT_
                0x06009fc4      0x738 src/main.o
                0x06009fc4                void SRL::Debug::AssertScreen<short, short>(char const*, char const*, char const*, short, short)
 .text._ZN3SRL5Debug12AssertScreenIJaEEEvPKcS3_S3_DpT_
                0x0600a6fc      0x728 src/main.o
                0x0600a6fc                void SRL::Debug::AssertScreen<signed char>(char const*, char const*, char const*, signed char)
 .text._ZN3SRL6Bitmap3TGA8LoadDataEPNS_2Cd4FileEPNS1_14LoaderSettingsE
                0x0600ae24      0xfd0 src/main.o
                0x0600ae24                SRL::Bitmap::TGA::LoadData(SRL::Cd::File*, SRL::Bitmap::TGA::LoaderSettings*)
 .text._ZN3SRL5Debug5PrintIJPKcEEEvhhS3_DpT_
                0x0600bdf4      0x164 src/main.o
                0x0600bdf4                void SRL::Debug::Print<char const*>(unsigned char, unsigned char, char const*, char const*)
 .text._ZN3SRL5Debug5PrintIJmmmiEEEvhhPKcDpT_
                0x0600bf58      0x180 src/main.o
                0x0600bf58                void SRL::Debug::Print<unsigned long, unsigned long, unsigned long, int>(unsigned char, unsigned char, char const*, unsigned long, unsigned long, unsigned long, int)
 .text._ZN3SRL5Debug5PrintIJsssEEEvhhPKcDpT_
                0x0600c0d8      0x18c src/main.o
                0x0600c0d8                void SRL::Debug::Print<short, short, short>(unsigned char, unsigned char, char const*, short, short, short)
 .text._ZN3SRL4VDP212ScrollScreenINS0_4RBG0ELs5ELt16EE11LoadTilemapERNS_7Tilemap8ITilemapE
                0x0600c264      0x4d8 src/main.o
                0x0600c264                SRL::VDP2::ScrollScreen<SRL::VDP2::RBG0, (short)5, (unsigned short)16>::LoadTilemap(SRL::Tilemap::ITilemap&)
 .text._ZNSt6vectorIPFvvESaIS1_EE7reserveEj
                0x0600c73c      0x150 src/main.o
                0x0600c73c                std::vector<void (*)(), std::allocator<void (*)()> >::reserve(unsigned int)
 .text.startup  0x0600c88c     0x26dc src/main.o
                0x0600c88c                main
 .text.exit     0x0600ef68       0x54 src/main.o
 *fill*         0x0600efbc        0x4 
 .text          0x0600efc0      0x3a0 ../../saturnringlib/../modules/sgl/LIB/LIBCD.A(CDC_CMN.O)
                0x0600efc0                CDC_GetCurStat
                0x0600f010                CDC_GetLastStat
                0x0600f028                CDC_GetPeriStat
                0x0600f0fc                CDC_GetHwInfo
                0x0600f164                CDC_TgetToc
                0x0600f1b4                CDC_GetSes
                0x0600f1f0                CDC_CdInit
                0x0600f274                CDC_CdOpen
                0x0600f29c                CDC_DataReady
                0x0600f308                CDC_DataEnd
 .text          0x0600f360      0x2dc ../../saturnringlib/../modules/sgl/LIB/LIBCD.A(CDC_REG.O)
                0x0600f360                CDC_GetDataPtr
                0x0600f370                CDC_GetHirqReq
                0x0600f384                CDC_ClrHirqReq
                0x0600f3b4                CDREG_ClrHirqReq
                0x0600f3c4                CDREG_InitHirqReq
                0x0600f3ec                CDREG_SetHirqFlag
                0x0600f400                CDC_GetHirqMsk
                0x0600f414                CDC_SetHirqMsk
                0x0600f424                CDC_GetMpegPtr
                0x0600f434                CDREG_TgetData
                0x0600f490                CDREG_CmdRsp
                0x0600f590                CDREG_WaitHirq
                0x0600f600                CDREG_ReadRsp
 *fill*         0x0600f63c        0x4 
 .text          0x0600f640      0x152 ../../saturnringlib/../modules/sgl/LIB/LIBCD.A(CDC_SUB.O)
                0x0600f640                CDSUB_UpdStatus
                0x0600f658                CDSUB_UpdCdstat
                0x0600f678                CDSUB_CdCmd
                0x0600f6e8                CDSUB_GetCdstat
                0x0600f728                CDSUB_RspToCdstat
                0x0600f770                CDSUB_SoftTimer
 *fill*         0x0600f792        0xe 
 .text          0x0600f7a0     0x1adc ../../saturnringlib/../modules/sgl/LIB/LIBCD.A(GFS.O)
                0x0600f7a0                gfs_version
                0x0600f7c0                GFS_Init
                0x0600f8a8                GFS_LoadDir
                0x0600f950                GFS_SetDir
                0x0600f9b8                GFS_NameToId
                0x0600fa1c                GFS_IdToName
                0x0600fa88                GFS_GetDirInfo
                0x0600faf8                GFS_Reset
                0x0600fb7c                GFS_Open
                0x0600fc30                GFS_Close
                0x0600fc68                GFS_Seek
                0x0600fd1c                GFS_Tell
                0x0600fd6c                GFS_IsEof
                0x0600fdc0                GFS_ByteToSct
                0x0600fe1c                GFS_GetFileSize
                0x0600fe78                GFS_GetFileInfo
                0x0600feec                GFS_GetNumCdbuf
                0x0600ff14                GFS_Load
                0x0600ffd8                GFS_Fread
                0x06010074                gfs_waitRead
                0x0601011c                GFS_NwFread
                0x06010228                GFS_NwCdRead
                0x060102a0                GFS_NwIsComplete
                0x060102d8                GFS_NwStop
                0x06010344                GFS_NwGetStat
                0x060103c0                gfs_recovRdErr
                0x060103f0                GFS_NwExecOne
                0x060104b0                GFS_NwExecServer
                0x0601052c                GFS_SetGmode
                0x06010590                GFS_SetTmode
                0x060105fc                GFS_SetReadPara
                0x06010660                GFS_SetTransPara
                0x060106cc                GFS_SetTrFunc
                0x06010730                GFS_StartTrans
                0x0601077c                GFS_CdMovePickup
                0x060107e8                GFS_SetErrFunc
                0x06010814                GFS_GetErrStat
                0x06010838                GFS_ConvTno
                0x06010860                gfs_chgRoot
                0x0601092c                gfs_aborttrans
                0x06010938                gfs_mngSetupFuncTbl
                0x0601096c                gfs_mngInitWork
                0x06010a10                gfs_mngGetNumFile
                0x06010a78                GFS_mngAllocGrp
                0x06010ac0                gfs_mngFreeGrp
                0x06010acc                gfs_mngTermAccess
                0x06010b50                gfs_mngSetErrCode
                0x06010bd0                gfs_svrSearchHndl
                0x06010c10                gfs_svrAddHndl
                0x06010c4c                gfs_svrRemoveHndl
                0x06010ca8                GFS_OpenSub
                0x06010d00                gfs_loadVol
                0x06010dc4                gfs_getRootDir
                0x06010ec0                gfs_loadRootDir
                0x06010f48                gfs_flowIn
                0x06010ff0                gfs_transData
                0x06011094                GFS_GetFad
                0x060110ec                gfs_SetSct
                0x0601112c                gfs_GetFinfo
                0x0601116c                gfs_closeSub
                0x060111a8                gfs_getGmode
                0x060111b4                gfs_isTaskDone
                0x06011208                gfs_convFinStat
 *fill*         0x0601127c        0x4 
 .text          0x06011280      0x106 ../../saturnringlib/../modules/sgl/LIB/LIBCD.A(GFS_BUF.O)
                0x060112b0                GFBF_GetTranData
                0x060112d8                GFBF_GetNumData
                0x06011308                GFBF_GetSrcPk
                0x06011330                GFBF_GetSctData
                0x06011354                GFBF_RtnPk
                0x0601137c                gfbf_getSctDt
 *fill*         0x06011386        0xa 
 .text          0x06011390      0x600 ../../saturnringlib/../modules/sgl/LIB/LIBCD.A(GFS_CDB.O)
                0x06011390                GFCB_Setup
                0x060114b0                GFCB_Close
                0x060114d8                GFCB_GetLenData
                0x06011584                GFCB_GetLenRoom
                0x06011590                GFCB_SetFilt
                0x060115f8                GFCB_DeleteAllData
                0x06011620                GFCB_Tell
                0x06011630                gfcb_getSctNum
                0x06011680                GFCB_Seek
                0x0601177c                GFCB_GetSrcPack
                0x0601185c                GFCB_GetSctData
                0x06011894                GFCB_GetDstPack
                0x060118a0                GFCB_RtnPk
                0x060118e8                GFCB_MovePickup
                0x06011904                GFCB_SetCon
                0x06011938                GFCB_GetPickup
                0x06011960                GFCB_IsPuOwner
                0x06011978                GFCB_UngetPickup
 .text          0x06011990     0x1a10 ../../saturnringlib/../modules/sgl/LIB/LIBCD.A(GFS_CDC.O)
                0x06011990                GFCD_SetCdbfs
                0x060119bc                GFCD_Init
                0x06011bc0                GFCD_AllocFilt
                0x06011bfc                GFCD_FreeFilt
                0x06011c2c                GFCD_AllocBuf
                0x06011c60                GFCD_FreeBuf
                0x06011d04                GFCD_GetBaseFad
                0x06011d38                GFCD_GetPickup
                0x06011d6c                GFCD_UngetPickup
                0x06011d98                GFCD_IsPuOwner
                0x06011dbc                GFCD_SetFilt
                0x06011e80                GFCD_GetFilt
                0x06011ec8                GFCD_SetCon
                0x06011f20                GFCD_Play
                0x06011f80                GFCD_GetLenData
                0x06011fe8                GFCD_ReqData
                0x06012044                GFCD_EndData
                0x0601208c                GFCD_DelSctData
                0x060120e4                GFCD_CheckDelSctData
                0x06012114                GFCD_GetStat
                0x060121c8                GFCD_MovePickup
                0x06012214                GFCD_MoveSctData
                0x06012288                GFCD_CheckMove
                0x060122ac                GFCD_GetSctInfo
                0x060122f4                GFCD_ChgDir
                0x06012368                GFCD_SetFiltCon
                0x06012450                GFCD_GetFileInfo
                0x0601252c                GFCD_GetBufSiz
                0x06012564                GFCD_ExecServer
                0x06012638                gfcd_isIdleTask
                0x060126c4                gfcd_doTask
                0x06012770                GFCD_SetTimer
                0x06012784                GFCD_WaitServer
                0x060127c0                gfcd_doSetFiltTsk
                0x06012984                gfcd_doSetConTsk
                0x06012a14                gfcd_doGetLenDataTsk
                0x06012b68                gfcd_doReqDataTsk
                0x06012c08                gfcd_doDelSctDataTsk
                0x06012d3c                gfcd_doMoveSctTsk
                0x06012ea0                gfcd_doChgDirTsk
                0x0601309c                gfcd_doSetFiltConTsk
                0x060131e0                gfcd_checkEflag
                0x06013204                gfcd_initCdbMng
                0x06013284                gfcd_setStat
                0x060132b0                GFCD_SetCsctFunc
                0x060132cc                GFCD_ChkScdqFlag
                0x060132f0                GFCD_ClrScdqFlag
                0x0601330c                GFCD_WaitScdqFlag
                0x06013350                GFCD_WaitPause
 .text          0x060133a0      0x8d8 ../../saturnringlib/../modules/sgl/LIB/LIBCD.A(GFS_CDF.O)
                0x060133a0                GFCF_Init
                0x06013440                GFCF_Setup
                0x06013588                GFCF_SetSct
                0x060135cc                GFCF_GetFileInfo
                0x06013640                GFCF_FlowInBuf
                0x06013794                GFCF_StopInBuf
                0x06013834                GFCF_Recover
                0x0601387c                GFCF_Tell
                0x06013894                GFCF_Seek
                0x060138ac                GFCF_MovePickup
                0x06013948                GFCF_cnvIntlvOfs
                0x0601399c                GFCF_GetStat
                0x06013a34                gfcf_getSctSize
                0x06013a70                gfcf_isCdOk
                0x06013b30                gfcf_getPlayRange
 *fill*         0x06013c78        0x8 
 .text          0x06013c80      0x92c ../../saturnringlib/../modules/sgl/LIB/LIBCD.A(GFS_DIR.O)
                0x06013c80                GFDR_SetupDirTbl
                0x06013cf4                GFDR_NameToId
                0x06013d54                GFDR_GetInfoDirId
                0x06013d68                GFDR_GetInfoDirName
                0x06013d7c                GFDR_GetAtrDirId
                0x06013d94                GFDR_GetAtrDirName
                0x06013dac                GFDR_ChgRoot
                0x06013dc4                GFDR_ChgDir
                0x06013e38                gfdr_setupDirIdTbl
                0x06013ebc                gfdr_setupDirNameTbl
                0x06013f68                gfdr_open
                0x06013f90                gfdr_read
                0x06014050                gfdr_readByte
                0x0601407c                gfdr_readWord
                0x060140a8                gfdr_readWordNB
                0x060140fc                gfdr_readLongNB
                0x06014148                gfdr_readLongNM
                0x06014170                gfdr_setNextRec
                0x060141f4                gfdr_readDirEnt
                0x06014570                gfdr_setDirrecCd
 *fill*         0x060145ac        0x4 
 .text          0x060145b0      0x9c6 ../../saturnringlib/../modules/sgl/LIB/LIBCD.A(GFS_TRN.O)
                0x060145e0                GFTR_Setup
                0x06014624                GFTR_SetMode
                0x06014638                GFTR_SetUnit
                0x06014644                GFTR_SetTransPara
                0x06014678                GFTR_GetTransPara
                0x06014684                GFTR_GetNumTrans
                0x06014690                GFTR_SetTransMax
                0x0601469c                GFTR_Start
                0x060146a8                GFTR_Pause
                0x060146b4                GFTR_Stop
                0x0601476c                GFTR_Exec
                0x060147f0                GFTR_Idle
                0x06014868                GFTR_ExecSvr
                0x06014970                gftr_getSrcPack
                0x060149f8                gftr_getDstPack
                0x06014a54                gftr_reqScu
                0x06014a60                gftr_execScu
                0x06014afc                gftr_remScu
                0x06014b30                gfdma_canUse
                0x06014b3c                gfdma_exec
                0x06014bac                gfdma_getBytecnt
                0x06014be4                gftr_reqDma0
                0x06014bfc                gftr_execSdma0
                0x06014c20                gftr_remDma0
                0x06014c38                gftr_reqDma1
                0x06014c50                gftr_execSdma1
                0x06014c74                gftr_remDma1
                0x06014c8c                gftr_reqCpu
                0x06014c98                gftr_execCpu
                0x06014cd8                gftr_remCpu
                0x06014ce4                gftr_reqTrn
                0x06014d54                gftr_execTrn
                0x06014e2c                gftr_remTrn
                0x06014ea0                gftr_copyFrac
                0x06014ec8                GFTR_GetLenData
                0x06014ed4                GFTR_GetLenRoom
                0x06014eec                GFTR_GetDstPack
                0x06014f20                GFTR_RtnDstPk
                0x06014f3c                GFTR_GetData
                0x06014f50                GFTR_SetData
                0x06014f64                GFTR_SetTransFunc
 *fill*         0x06014f76        0xa 
 .text          0x06014f80      0x130 ../../saturnringlib/../modules/sgl/LIB/LIBCD.A(CDC_DRV.O)
                0x06014f80                CDC_CdPlay
                0x0601504c                CDC_CdSeek
                0x06015080                CDC_CdScan
 .text          0x060150b0       0xa8 ../../saturnringlib/../modules/sgl/LIB/LIBCD.A(CDC_DEV.O)
                0x060150b0                CDC_CdSetCon
                0x060150e0                CDC_CdGetCon
                0x0601511c                CDC_CdGetLastBuf
 *fill*         0x06015158        0x8 
 .text          0x06015160      0x2b8 ../../saturnringlib/../modules/sgl/LIB/LIBCD.A(CDC_SEL.O)
                0x06015160                CDC_SetFiltRange
                0x06015194                CDC_GetFiltRange
                0x060151ec                CDC_SetFiltSubh
                0x0601525c                CDC_GetFiltSubh
                0x060152d8                CDC_SetFiltMode
                0x0601530c                CDC_GetFiltMode
                0x06015350                CDC_SetFiltCon
                0x06015390                CDC_GetFiltCon
                0x060153e4                CDC_ResetSelector
 *fill*         0x06015418        0x8 
 .text          0x06015420      0x270 ../../saturnringlib/../modules/sgl/LIB/LIBCD.A(CDC_BIF.O)
                0x06015420                CDC_GetBufSiz
                0x0601547c                CDC_GetSctNum
                0x060154c0                CDC_CalActSiz
                0x060154fc                CDC_GetActSiz
                0x0601557c                CDC_GetSctInfo
                0x060155fc                CDC_ExeFadSearch
                0x06015634                CDC_GetFadSearch
 .text          0x06015690      0x1e4 ../../saturnringlib/../modules/sgl/LIB/LIBCD.A(CDC_BIO.O)
                0x06015690                CDC_SetSctLen
                0x060156c4                CDC_GetSctData
                0x06015700                CDC_DelSctData
                0x0601573c                CDC_GetdelSctData
                0x06015778                CDC_PutSctData
                0x060157b0                CDC_CopySctData
                0x060157f4                CDC_MoveSctData
                0x06015838                CDC_GetCopyErr
 *fill*         0x06015874        0xc 
 .text          0x06015880      0x194 ../../saturnringlib/../modules/sgl/LIB/LIBCD.A(CDC_CFS.O)
                0x06015880                CDC_ChgDir
                0x060158b4                CDC_ReadDir
                0x060158e8                CDC_GetFileScope
                0x06015948                CDC_TgetFileInfo
                0x060159a4                CDC_ReadFile
                0x060159d8                CDC_AbortFile
 *fill*         0x06015a14        0xc 
 .text          0x06015a20        0x0 ../../saturnringlib/../modules/sgl/LIB/LIBSGL.A(sglA16.o)
 .text          0x06015a20        0x0 ../../saturnringlib/../modules/sgl/LIB/LIBSGL.A(sglA17.o)
 .text          0x06015a20        0x0 ../../saturnringlib/../modules/sgl/LIB/LIBSGL.A(sglA18.o)
 .text          0x06015a20        0x0 ../../saturnringlib/../modules/sgl/LIB/LIBSGL.A(sglA19.o)
 .text          0x06015a20        0x0 ../../saturnringlib/../modules/sgl/LIB/LIBSGL.A(sglA20.o)
 .text          0x06015a20        0x0 ../../saturnringlib/../modules/sgl/LIB/LIBSGL.A(sglA21.o)
 .text          0x06015a20        0x0 ../../saturnringlib/../modules/sgl/LIB/LIBSGL.A(sglA27.o)
 .text          0x06015a20        0x0 ../../saturnringlib/../modules/sgl/LIB/LIBSGL.A(sglA39.o)
 .text          0x06015a20        0x0 ../../saturnringlib/../modules/sgl/LIB/LIBSGL.A(sglB001.o)
 .text          0x06015a20        0x0 ../../saturnringlib/../modules/sgl/LIB/LIBSGL.A(sglB002.o)
 .text          0x06015a20        0x0 ../../saturnringlib/../modules/sgl/LIB/LIBSGL.A(sglB015.o)
 .text          0x06015a20        0x0 ../../saturnringlib/../modules/sgl/LIB/LIBSGL.A(sglB016.o)
 .text          0x06015a20        0x0 ../../saturnringlib/../modules/sgl/LIB/LIBSGL.A(sglB034.o)
 .text          0x06015a20        0x0 ../../saturnringlib/../modules/sgl/LIB/LIBSGL.A(sglB035.o)
 .text          0x06015a20        0x0 ../../saturnringlib/../modules/sgl/LIB/LIBSGL.A(sglB038.o)
 .text          0x06015a20        0x0 ../../saturnringlib/../modules/sgl/LIB/LIBSGL.A(sglB040.o)
 .text          0x06015a20        0x0 ../../saturnringlib/../modules/sgl/LIB/LIBSGL.A(sglB042.o)
 .text          0x06015a20        0x0 ../../saturnringlib/../modules/sgl/LIB/LIBSGL.A(sglB043.o)
 .text          0x06015a20        0x0 ../../saturnringlib/../modules/sgl/LIB/LIBSGL.A(sglB044.o)
 .text          0x06015a20        0x0 ../../saturnringlib/../modules/sgl/LIB/LIBSGL.A(sglB045.o)
 .text          0x06015a20        0x0 ../../saturnringlib/../modules/sgl/LIB/LIBSGL.A(sglB047.o)
 .text          0x06015a20        0x0 ../../saturnringlib/../modules/sgl/LIB/LIBSGL.A(sglB058.o)
 .text          0x06015a20        0x0 ../../saturnringlib/../modules/sgl/LIB/LIBSGL.A(sglB059.o)
 .text          0x06015a20        0x0 ../../saturnringlib/../modules/sgl/LIB/LIBSGL.A(sglB063.o)
 .text          0x06015a20        0x0 ../../saturnringlib/../modules/sgl/LIB/LIBSGL.A(sglB200.o)
 .text          0x06015a20        0x0 ../../saturnringlib/../modules/sgl/LIB/LIBSGL.A(sglC01.o)
 .text          0x06015a20        0x0 ../../saturnringlib/../modules/sgl/LIB/LIBSGL.A(sglC02.o)
 .text          0x06015a20        0x0 ../../saturnringlib/../modules/sgl/LIB/LIBSGL.A(sglC04.o)
 .text          0x06015a20        0x0 ../../saturnringlib/../modules/sgl/LIB/LIBSGL.A(sglC05.o)
 .text          0x06015a20        0x0 ../../saturnringlib/../modules/sgl/LIB/LIBSGL.A(sglC08.o)
 .text          0x06015a20        0x0 ../../saturnringlib/../modules/sgl/LIB/LIBSGL.A(sglC20.o)
 .text          0x06015a20        0x0 ../../saturnringlib/../modules/sgl/LIB/LIBSGL.A(sglD00.o)
 .text          0x06015a20        0x0 ../../saturnringlib/../modules/sgl/LIB/LIBSGL.A(sglD01.o)
 .text          0x06015a20        0x0 ../../saturnringlib/../modules/sgl/LIB/LIBSGL.A(sglD03.o)
 .text          0x06015a20        0x0 ../../saturnringlib/../modules/sgl/LIB/LIBSGL.A(sglD15.o)
 .text          0x06015a20        0x0 ../../saturnringlib/../modules/sgl/LIB/LIBSGL.A(sglD16.o)
 .text          0x06015a20        0x0 ../../saturnringlib/../modules/sgl/LIB/LIBSGL.A(sglD17.o)
 .text          0x06015a20        0x0 ../../saturnringlib/../modules/sgl/LIB/LIBSGL.A(sglD18.o)
 .text          0x06015a20        0x0 ../../saturnringlib/../modules/sgl/LIB/LIBSGL.A(sglF00.o)
 .text          0x06015a20        0x0 ../../saturnringlib/../modules/sgl/LIB/LIBSGL.A(sglG00.o)
 .text          0x06015a20        0x0 ../../saturnringlib/../modules/sgl/LIB/LIBSGL.A(sglH00.o)
 .text          0x06015a20        0x0 ../../saturnringlib/../modules/sgl/LIB/LIBSGL.A(sglH02.o)
 .text          0x06015a20        0x0 ../../saturnringlib/../modules/sgl/LIB/LIBSGL.A(sglH04.o)
 .text          0x06015a20        0x0 ../../saturnringlib/../modules/sgl/LIB/LIBSGL.A(sglI01.o)
 .text          0x06015a20        0x0 ../../saturnringlib/../modules/sgl/LIB/LIBSGL.A(sglI04.o)
 .text          0x06015a20      0x128 ../../saturnringlib/../modules/sgl/LIB/LIBSGL.A(sglIc0.o)
                0x06015a20                slInitSystem
 *fill*         0x06015b48        0x8 
 .text          0x06015b50        0x0 ../../saturnringlib/../modules/sgl/LIB/LIBSGL.A(sglJ00.o)
 .text          0x06015b50        0x0 ../../saturnringlib/../modules/sgl/LIB/LIBSGL.A(sglJ01.o)
 .text          0x06015b50        0x0 ../../saturnringlib/../modules/sgl/LIB/LIBSGL.A(sglJ02.o)
 .text          0x06015b50        0x0 ../../saturnringlib/../modules/sgl/LIB/LIBSGL.A(sglJ03.o)
 .text          0x06015b50        0x0 ../../saturnringlib/../modules/sgl/LIB/LIBSGL.A(sglJ04.o)
 .text          0x06015b50        0x0 ../../saturnringlib/../modules/sgl/LIB/LIBSGL.A(sglJ05.o)
 .text          0x06015b50        0x0 ../../saturnringlib/../modules/sgl/LIB/LIBSGL.A(sglK01.o)
 .text          0x06015b50        0x0 ../../saturnringlib/../modules/sgl/LIB/LIBSGL.A(sglM00.o)
 .text          0x06015b50        0x0 ../../saturnringlib/../modules/sgl/LIB/LIBSGL.A(sglM01.o)
 .text          0x06015b50        0x0 ../../saturnringlib/../modules/sgl/LIB/LIBSGL.A(sglA00.o)
 .text          0x06015b50        0x0 ../../saturnringlib/../modules/sgl/LIB/LIBSGL.A(sglA01.o)
 .text          0x06015b50        0x0 ../../saturnringlib/../modules/sgl/LIB/LIBSGL.A(sglA03.o)
 .text          0x06015b50        0x0 ../../saturnringlib/../modules/sgl/LIB/LIBSGL.A(sglA10.o)
 .text          0x06015b50        0x0 ../../saturnringlib/../modules/sgl/LIB/LIBSGL.A(sglA24.o)
 .text          0x06015b50        0x0 ../../saturnringlib/../modules/sgl/LIB/LIBSGL.A(sglA25.o)
 .text          0x06015b50        0x0 ../../saturnringlib/../modules/sgl/LIB/LIBSGL.A(sglA28.o)
 .text          0x06015b50        0x0 ../../saturnringlib/../modules/sgl/LIB/LIBSGL.A(sglA40.o)
 .text          0x06015b50        0x0 ../../saturnringlib/../modules/sgl/LIB/LIBSGL.A(sglB000.o)
 .text          0x06015b50        0x0 ../../saturnringlib/../modules/sgl/LIB/LIBSGL.A(sglC00.o)
 .text          0x06015b50        0x0 ../../saturnringlib/../modules/sgl/LIB/LIBSGL.A(sglC13.o)
 .text          0x06015b50        0x0 ../../saturnringlib/../modules/sgl/LIB/LIBSGL.A(sglD02.o)
 .text          0x06015b50        0x0 ../../saturnringlib/../modules/sgl/LIB/LIBSGL.A(sglD19.o)
 .text          0x06015b50        0x0 ../../saturnringlib/../modules/sgl/LIB/LIBSGL.A(sglI00.o)
 .text          0x06015b50        0x0 ../../saturnringlib/../modules/sgl/LIB/LIBSGL.A(sglH03.o)
 .text          0x06015b50     0x10b4 ../../saturnringlib/../modules/sgl/LIB/LIBSND.A(snd_main.o)
                0x06015b50                SND_Init
                0x06015cc8                SND_MoveData
                0x06015d14                SND_ChgMap
                0x06015dec                SND_SetTlVl
                0x06015e4c                SND_ChgEfct
                0x06015eac                SND_ChgMix
                0x06015f18                SND_ChgMixPrm
                0x06015fa0                SND_ChkHard
                0x0601603c                SND_StopDsp
                0x06016090                SND_OffAllSound
                0x060160e4                SND_StartSeq
                0x06016168                SND_StopSeq
                0x060161c8                SND_PauseSeq
                0x06016228                SND_ContSeq
                0x06016288                SND_SetSeqVl
                0x06016300                SND_ChgTempo
                0x0601637c                SND_CtrlDirMidi
                0x06016434                SND_SetSeqPan
                0x060164a8                SND_StartPcm
                0x060165b8                SND_StopPcm
                0x06016618                SND_ChgPcm
                0x060166e8                SND_StartVlAnl
                0x0601673c                SND_StopVlAnl
                0x06016790                SND_SetCdDaLev
                0x0601680c                SND_SetCdDaPan
                0x06016888                SND_GetSeqStat
                0x060168b0                SND_GetSeqPlayPos
                0x060168cc                SND_GetPcmPlayAdr
                0x060168f4                SND_GetAnlTlVl
                0x06016910                SND_GetAnlHzVl
                0x06016acc                SND_SetQSound
                0x06016b38                SND_Set3D_Stat
                0x06016bb0                SND_Set3D_Init
 .text          0x06016c04       0x52 C:/saturn/SaturnRingLib-main/Compiler/sh2eb-elf/bin/../lib/gcc/sh-elf/14.2.0\libgcc.a(_ashiftrt.o)
                0x06016c04                __ashiftrt_r4_31
                0x06016c04                __ashiftrt_r4_32
                0x06016c0a                __ashiftrt_r4_30
                0x06016c0c                __ashiftrt_r4_29
                0x06016c0e                __ashiftrt_r4_28
                0x06016c10                __ashiftrt_r4_27
                0x06016c12                __ashiftrt_r4_26
                0x06016c14                __ashiftrt_r4_25
                0x06016c16                __ashiftrt_r4_24
                0x06016c1e                __ashiftrt_r4_23
                0x06016c20                __ashiftrt_r4_22
                0x06016c22                __ashiftrt_r4_21
                0x06016c24                __ashiftrt_r4_20
                0x06016c26                __ashiftrt_r4_19
                0x06016c28                __ashiftrt_r4_18
                0x06016c2a                __ashiftrt_r4_17
                0x06016c2c                __ashiftrt_r4_16
                0x06016c32                __ashiftrt_r4_15
                0x06016c34                __ashiftrt_r4_14
                0x06016c36                __ashiftrt_r4_13
                0x06016c38                __ashiftrt_r4_12
                0x06016c3a                __ashiftrt_r4_11
                0x06016c3c                __ashiftrt_r4_10
                0x06016c3e                __ashiftrt_r4_9
                0x06016c40                __ashiftrt_r4_8
                0x06016c42                __ashiftrt_r4_7
                0x06016c44                __ashiftrt_r4_6
                0x06016c46                __ashiftrt_r4_5
                0x06016c48                __ashiftrt_r4_4
                0x06016c4a                __ashiftrt_r4_3
                0x06016c4c                __ashiftrt_r4_2
                0x06016c4e                __ashiftrt_r4_1
                0x06016c52                __ashiftrt_r4_0
 *fill*         0x06016c56        0x2 
 .text          0x06016c58       0x80 C:/saturn/SaturnRingLib-main/Compiler/sh2eb-elf/bin/../lib/gcc/sh-elf/14.2.0\libgcc.a(_ashiftrt_n.o)
                0x06016c58                __ashrsi3
 .text          0x06016cd8       0xbc C:/saturn/SaturnRingLib-main/Compiler/sh2eb-elf/bin/../lib/gcc/sh-elf/14.2.0\libgcc.a(_ashiftlt.o)
                0x06016cd8                __ashlsi3
                0x06016cdc                __ashlsi3_r0
 .text          0x06016d94       0xbc C:/saturn/SaturnRingLib-main/Compiler/sh2eb-elf/bin/../lib/gcc/sh-elf/14.2.0\libgcc.a(_lshiftrt.o)
                0x06016d94                __lshrsi3
                0x06016d98                __lshrsi3_r0
 .text          0x06016e50       0x78 C:/saturn/SaturnRingLib-main/Compiler/sh2eb-elf/bin/../lib/gcc/sh-elf/14.2.0\libgcc.a(_movmem.o)
                0x06016e50                __movmem
                0x06016e50                __movstr
                0x06016e84                __movstrSI64
                0x06016e84                __movmemSI64
                0x06016e88                __movstrSI60
                0x06016e88                __movmemSI60
                0x06016e8c                __movstrSI56
                0x06016e8c                __movmemSI56
                0x06016e90                __movstrSI52
                0x06016e90                __movmemSI52
                0x06016e94                __movstrSI48
                0x06016e94                __movmemSI48
                0x06016e98                __movmemSI44
                0x06016e98                __movstrSI44
                0x06016e9c                __movstrSI40
                0x06016e9c                __movmemSI40
                0x06016ea0                __movmemSI36
                0x06016ea0                __movstrSI36
                0x06016ea4                __movmemSI32
                0x06016ea4                __movstrSI32
                0x06016ea8                __movstrSI28
                0x06016ea8                __movmemSI28
                0x06016eac                __movmemSI24
                0x06016eac                __movstrSI24
                0x06016eb0                __movstrSI20
                0x06016eb0                __movmemSI20
                0x06016eb4                __movstrSI16
                0x06016eb4                __movmemSI16
                0x06016eb8                __movstrSI12
                0x06016eb8                __movmemSI12
                0x06016ebc                __movmemSI8
                0x06016ebc                __movstrSI8
                0x06016ec0                __movmemSI4
                0x06016ec0                __movstrSI4
 .text          0x06016ec8       0xa0 C:/saturn/SaturnRingLib-main/Compiler/sh2eb-elf/bin/../lib/gcc/sh-elf/14.2.0\libgcc.a(_sdivsi3.o)
                0x06016ec8                __sdivsi3
 .text          0x06016f68       0x6c C:/saturn/SaturnRingLib-main/Compiler/sh2eb-elf/bin/../lib/gcc/sh-elf/14.2.0\libgcc.a(_udivsi3.o)
                0x06016f8a                __udivsi3
 .text          0x06016fd4       0x18 C:/saturn/SaturnRingLib-main/Compiler/sh2eb-elf/bin/../lib/gcc/sh-elf/14.2.0/../../../../sh-elf/lib\libc.a(libc_a-abort.o)
                0x06016fd4                abort
 .text          0x06016fec      0x108 C:/saturn/SaturnRingLib-main/Compiler/sh2eb-elf/bin/../lib/gcc/sh-elf/14.2.0/../../../../sh-elf/lib\libc.a(libc_a-snprintf.o)
                0x06016fec                _snprintf_r
                0x06016fec                _sniprintf_r
                0x0601706c                snprintf
                0x0601706c                sniprintf
 .text          0x060170f4       0x1e C:/saturn/SaturnRingLib-main/Compiler/sh2eb-elf/bin/../lib/gcc/sh-elf/14.2.0/../../../../sh-elf/lib\libc.a(libc_a-memcmp.o)
                0x060170f4                memcmp
 .text          0x06017112       0x26 C:/saturn/SaturnRingLib-main/Compiler/sh2eb-elf/bin/../lib/gcc/sh-elf/14.2.0/../../../../sh-elf/lib\libc.a(libc_a-strncmp.o)
                0x06017112                strncmp
 .text          0x06017138       0x32 C:/saturn/SaturnRingLib-main/Compiler/sh2eb-elf/bin/../lib/gcc/sh-elf/14.2.0/../../../../sh-elf/lib\libc.a(libc_a-strncpy.o)
                0x06017138                strncpy
 *fill*         0x0601716a        0x2 
 .text          0x0601716c      0x1a8 C:/saturn/SaturnRingLib-main/Compiler/sh2eb-elf/bin/../lib/gcc/sh-elf/14.2.0/../../../../sh-elf/lib\libc.a(libc_a-signal.o)
                0x0601716c                _init_signal_r
                0x060171ac                _signal_r
                0x060171f8                _raise_r
                0x06017268                __sigtramp_r
                0x060172c8                raise
                0x060172dc                signal
                0x060172f0                _init_signal
                0x06017300                __sigtramp
 .text          0x06017314        0x0 C:/saturn/SaturnRingLib-main/Compiler/sh2eb-elf/bin/../lib/gcc/sh-elf/14.2.0/../../../../sh-elf/lib\libc.a(libc_a-impure.o)
 .text          0x06017314       0x40 C:/saturn/SaturnRingLib-main/Compiler/sh2eb-elf/bin/../lib/gcc/sh-elf/14.2.0/../../../../sh-elf/lib\libc.a(libc_a-signalr.o)
                0x06017314                _kill_r
                0x06017348                _getpid_r
 .text          0x06017354       0x94 C:/saturn/SaturnRingLib-main/Compiler/sh2eb-elf/bin/../lib/gcc/sh-elf/14.2.0/../../../../sh-elf/lib\libc.a(libc_a-memcpy.o)
                0x06017354                memcpy
 .text          0x060173e8       0x40 C:/saturn/SaturnRingLib-main/Compiler/sh2eb-elf/bin/../lib/gcc/sh-elf/14.2.0/../../../../sh-elf/lib\libc.a(libc_a-memset.o)
                0x060173e8                memset
 .text          0x06017428      0x194 C:/saturn/SaturnRingLib-main/Compiler/sh2eb-elf/bin/../lib/gcc/sh-elf/14.2.0/../../../../sh-elf/lib\libc.a(libc_a-mallocr.o)
                0x06017484                _malloc_r
 .text          0x060175bc        0x8 C:/saturn/SaturnRingLib-main/Compiler/sh2eb-elf/bin/../lib/gcc/sh-elf/14.2.0/../../../../sh-elf/lib\libc.a(libc_a-mlock.o)
                0x060175bc                __malloc_lock
                0x060175c0                __malloc_unlock
 .text          0x060175c4      0x42c C:/saturn/SaturnRingLib-main/Compiler/sh2eb-elf/bin/../lib/gcc/sh-elf/14.2.0/../../../../sh-elf/lib\libc.a(libc_a-nano-svfprintf.o)
                0x060175c4                __ssputs_r
                0x060176b8                __ssprint_r
                0x060177e0                _svfprintf_r
                0x060177e0                _svfiprintf_r
 .text          0x060179f0      0x374 C:/saturn/SaturnRingLib-main/Compiler/sh2eb-elf/bin/../lib/gcc/sh-elf/14.2.0/../../../../sh-elf/lib\libc.a(libc_a-nano-vfprintf_i.o)
                0x060179f0                _printf_common
                0x06017af0                _printf_i
 .text          0x06017d64      0x1fc C:/saturn/SaturnRingLib-main/Compiler/sh2eb-elf/bin/../lib/gcc/sh-elf/14.2.0/../../../../sh-elf/lib\libc.a(libc_a-findfp.o)
                0x06017e6c                __sfp
                0x06017f38                __sinit
 .text          0x06017f60       0x58 C:/saturn/SaturnRingLib-main/Compiler/sh2eb-elf/bin/../lib/gcc/sh-elf/14.2.0/../../../../sh-elf/lib\libc.a(libc_a-fwalk.o)
                0x06017f60                _fwalk_sglue
 .text          0x06017fb8       0xdc C:/saturn/SaturnRingLib-main/Compiler/sh2eb-elf/bin/../lib/gcc/sh-elf/14.2.0/../../../../sh-elf/lib\libc.a(libc_a-stdio.o)
                0x06017fb8                __sread
                0x06017ff0                __seofread
                0x06017ff4                __swrite
                0x06018044                __sseek
                0x06018084                __sclose
 .text          0x06018094       0x1c C:/saturn/SaturnRingLib-main/Compiler/sh2eb-elf/bin/../lib/gcc/sh-elf/14.2.0/../../../../sh-elf/lib\libc.a(libc_a-memchr.o)
                0x06018094                memchr
 .text          0x060180b0       0x3c C:/saturn/SaturnRingLib-main/Compiler/sh2eb-elf/bin/../lib/gcc/sh-elf/14.2.0/../../../../sh-elf/lib\libc.a(libc_a-memmove.o)
                0x060180b0                memmove
 .text          0x060180ec       0x30 C:/saturn/SaturnRingLib-main/Compiler/sh2eb-elf/bin/../lib/gcc/sh-elf/14.2.0/../../../../sh-elf/lib\libc.a(libc_a-closer.o)
                0x060180ec                _close_r
 .text          0x0601811c       0xa4 C:/saturn/SaturnRingLib-main/Compiler/sh2eb-elf/bin/../lib/gcc/sh-elf/14.2.0/../../../../sh-elf/lib\libc.a(libc_a-reent.o)
                0x0601811c                _reclaim_reent
 .text          0x060181c0       0x34 C:/saturn/SaturnRingLib-main/Compiler/sh2eb-elf/bin/../lib/gcc/sh-elf/14.2.0/../../../../sh-elf/lib\libc.a(libc_a-lseekr.o)
                0x060181c0                _lseek_r
 .text          0x060181f4       0x34 C:/saturn/SaturnRingLib-main/Compiler/sh2eb-elf/bin/../lib/gcc/sh-elf/14.2.0/../../../../sh-elf/lib\libc.a(libc_a-readr.o)
                0x060181f4                _read_r
 .text          0x06018228       0x30 C:/saturn/SaturnRingLib-main/Compiler/sh2eb-elf/bin/../lib/gcc/sh-elf/14.2.0/../../../../sh-elf/lib\libc.a(libc_a-sbrkr.o)
                0x06018228                _sbrk_r
 .text          0x06018258       0x34 C:/saturn/SaturnRingLib-main/Compiler/sh2eb-elf/bin/../lib/gcc/sh-elf/14.2.0/../../../../sh-elf/lib\libc.a(libc_a-writer.o)
                0x06018258                _write_r
 .text          0x0601828c       0xc4 C:/saturn/SaturnRingLib-main/Compiler/sh2eb-elf/bin/../lib/gcc/sh-elf/14.2.0/../../../../sh-elf/lib\libc.a(libc_a-freer.o)
                0x0601828c                _free_r
 .text          0x06018350       0x98 C:/saturn/SaturnRingLib-main/Compiler/sh2eb-elf/bin/../lib/gcc/sh-elf/14.2.0/../../../../sh-elf/lib\libc.a(libc_a-reallocr.o)
                0x06018350                _realloc_r
 .text          0x060183e8      0x1a8 C:/saturn/SaturnRingLib-main/Compiler/sh2eb-elf/bin/../lib/gcc/sh-elf/14.2.0/../../../../sh-elf/lib\libc.a(libc_a-fflush.o)
                0x060183e8                __sflush_r
                0x06018520                _fflush_r
                0x06018560                fflush
 .text          0x06018590       0x16 C:/saturn/SaturnRingLib-main/Compiler/sh2eb-elf/bin/../lib/gcc/sh-elf/14.2.0/../../../../sh-elf/lib\libc.a(libc_a-msizer.o)
                0x06018590                _malloc_usable_size_r
 *fill*         0x060185a6        0x2 
 .text          0x060185a8       0x10 C:/saturn/SaturnRingLib-main/Compiler/sh2eb-elf/bin/../lib/gcc/sh-elf/14.2.0/../../../../sh-elf/lib\libnosys.a(close.o)
                0x060185a8                _close
 .text          0x060185b8       0x10 C:/saturn/SaturnRingLib-main/Compiler/sh2eb-elf/bin/../lib/gcc/sh-elf/14.2.0/../../../../sh-elf/lib\libnosys.a(getpid.o)
                0x060185b8                _getpid
 .text          0x060185c8       0x10 C:/saturn/SaturnRingLib-main/Compiler/sh2eb-elf/bin/../lib/gcc/sh-elf/14.2.0/../../../../sh-elf/lib\libnosys.a(kill.o)
                0x060185c8                _kill
 .text          0x060185d8       0x10 C:/saturn/SaturnRingLib-main/Compiler/sh2eb-elf/bin/../lib/gcc/sh-elf/14.2.0/../../../../sh-elf/lib\libnosys.a(lseek.o)
                0x060185d8                _lseek
 .text          0x060185e8       0x10 C:/saturn/SaturnRingLib-main/Compiler/sh2eb-elf/bin/../lib/gcc/sh-elf/14.2.0/../../../../sh-elf/lib\libnosys.a(read.o)
                0x060185e8                _read
 .text          0x060185f8       0x18 C:/saturn/SaturnRingLib-main/Compiler/sh2eb-elf/bin/../lib/gcc/sh-elf/14.2.0/../../../../sh-elf/lib\libnosys.a(sbrk.o)
                0x060185f8                _sbrk
 .text          0x06018610       0x10 C:/saturn/SaturnRingLib-main/Compiler/sh2eb-elf/bin/../lib/gcc/sh-elf/14.2.0/../../../../sh-elf/lib\libnosys.a(write.o)
                0x06018610                _write
 .text          0x06018620        0x4 C:/saturn/SaturnRingLib-main/Compiler/sh2eb-elf/bin/../lib/gcc/sh-elf/14.2.0/../../../../sh-elf/lib\libnosys.a(_exit.o)
                0x06018620                _exit
 *(.strings*)
 *(SEGA_P)
 *(.eh_frame_hdr*)
 *(.eh_frame*)
                0x06018624                        __etext = .

COMMON          0x06018630       0x28
 *(COMMON)
 COMMON         0x06018630        0xc ../../saturnringlib/../modules/sgl/LIB/LIBCD.A(GFS.O)
                0x06018630                GFMC_base
                0x06018634                gfs_mng_ptr
                0x06018638                gfs_use_scudma
 COMMON         0x0601863c        0xc ../../saturnringlib/../modules/sgl/LIB/LIBCD.A(GFS_CDC.O)
                0x0601863c                gfcd_fatal_err
                0x06018640                gfcd_work
                0x06018644                gfcd_playflag
 COMMON         0x06018648        0x8 ../../saturnringlib/../modules/sgl/LIB/LIBCD.A(GFS_CDF.O)
                0x06018648                gfcf_fad
                0x0601864c                gfcf_stat
 COMMON         0x06018650        0x8 ../../saturnringlib/../modules/sgl/LIB/LIBSND.A(snd_main.o)
                0x06018650                snd_adr_sys_int_work
                0x06018654                snd_msk_work_work

SLPROG          0x06018660     0xe6b0
                0x06018660                        __slprog_start = .
 *(SLPROG)
 SLPROG         0x06018660       0xd0 ../../saturnringlib/../modules/sgl/LIB/LIBSGL.A(sglA16.o)
                0x06018660                slLookAt
 SLPROG         0x06018730       0x78 ../../saturnringlib/../modules/sgl/LIB/LIBSGL.A(sglA17.o)
                0x06018730                slRotZ
                0x0601873a                slRotZSC
 *fill*         0x060187a8        0x8 
 SLPROG         0x060187b0       0x78 ../../saturnringlib/../modules/sgl/LIB/LIBSGL.A(sglA18.o)
                0x060187b0                slRotY
                0x060187ba                slRotYSC
 *fill*         0x06018828        0x8 
 SLPROG         0x06018830       0x78 ../../saturnringlib/../modules/sgl/LIB/LIBSGL.A(sglA19.o)
                0x06018830                slRotX
                0x0601883a                slRotXSC
 *fill*         0x060188a8        0x8 
 SLPROG         0x060188b0      0x42c ../../saturnringlib/../modules/sgl/LIB/LIBSGL.A(sglA20.o)
                0x060188b0                slInitMatrix
                0x060188ba                slPushUnitMatrix
                0x060188ce                slUnitMatrix
 *fill*         0x06018cdc        0x4 
 SLPROG         0x06018ce0       0x48 ../../saturnringlib/../modules/sgl/LIB/LIBSGL.A(sglA21.o)
                0x06018ce0                slPushMatrix
                0x06018d14                slDecMatrixPtr
                0x06018d14                slPopMatrix
 *fill*         0x06018d28        0x8 
 SLPROG         0x06018d30       0x50 ../../saturnringlib/../modules/sgl/LIB/LIBSGL.A(sglA27.o)
                0x06018d30                slTranslate
 SLPROG         0x06018d80       0x98 ../../saturnringlib/../modules/sgl/LIB/LIBSGL.A(sglA39.o)
                0x06018d80                slConvert3Dto2DFX
 *fill*         0x06018e18        0x8 
 SLPROG         0x06018e20       0x20 ../../saturnringlib/../modules/sgl/LIB/LIBSGL.A(sglB001.o)
                0x06018e20                slTVOn
                0x06018e2a                slTVOff
 SLPROG         0x06018e40       0x1e ../../saturnringlib/../modules/sgl/LIB/LIBSGL.A(sglB002.o)
                0x06018e40                slColRAMMode
 *fill*         0x06018e5e        0x2 
 SLPROG         0x06018e60      0x40c ../../saturnringlib/../modules/sgl/LIB/LIBSGL.A(sglB015.o)
                0x06018e60                slScrAutoDisp
 *fill*         0x0601926c        0x4 
 SLPROG         0x06019270        0xc ../../saturnringlib/../modules/sgl/LIB/LIBSGL.A(sglB016.o)
                0x06019270                slBack1ColSet
 *fill*         0x0601927c        0x4 
 SLPROG         0x06019280       0xb4 ../../saturnringlib/../modules/sgl/LIB/LIBSGL.A(sglB034.o)
                0x06019280                slMapNbg3
 *fill*         0x06019334        0xc 
 SLPROG         0x06019340       0xd4 ../../saturnringlib/../modules/sgl/LIB/LIBSGL.A(sglB035.o)
                0x06019340                sl1MapRA
                0x060193d2                rbank_set
 *fill*         0x06019414        0xc 
 SLPROG         0x06019420       0x70 ../../saturnringlib/../modules/sgl/LIB/LIBSGL.A(sglB038.o)
                0x06019420                slRparaInitSet
 SLPROG         0x06019490       0x58 ../../saturnringlib/../modules/sgl/LIB/LIBSGL.A(sglB040.o)
                0x06019490                slKtableRA
 *fill*         0x060194e8        0x8 
 SLPROG         0x060194f0       0x10 ../../saturnringlib/../modules/sgl/LIB/LIBSGL.A(sglB042.o)
                0x060194f0                slCurRpara
 SLPROG         0x06019500        0x8 ../../saturnringlib/../modules/sgl/LIB/LIBSGL.A(sglB043.o)
                0x06019500                slRparaMode
 *fill*         0x06019508        0x8 
 SLPROG         0x06019510      0x4e4 ../../saturnringlib/../modules/sgl/LIB/LIBSGL.A(sglB044.o)
                0x06019510                slScrMatSet
 *fill*         0x060199f4        0xc 
 SLPROG         0x06019a00       0x28 ../../saturnringlib/../modules/sgl/LIB/LIBSGL.A(sglB045.o)
                0x06019a00                slScrMatConv
 *fill*         0x06019a28        0x8 
 SLPROG         0x06019a30        0xc ../../saturnringlib/../modules/sgl/LIB/LIBSGL.A(sglB047.o)
                0x06019a30                slOverRA
 *fill*         0x06019a3c        0x4 
 SLPROG         0x06019a40       0x10 ../../saturnringlib/../modules/sgl/LIB/LIBSGL.A(sglB058.o)
                0x06019a40                slPlaneNbg3
 SLPROG         0x06019a50        0xc ../../saturnringlib/../modules/sgl/LIB/LIBSGL.A(sglB059.o)
                0x06019a50                slPlaneRA
 *fill*         0x06019a5c        0x4 
 SLPROG         0x06019a60        0xc ../../saturnringlib/../modules/sgl/LIB/LIBSGL.A(sglB063.o)
                0x06019a60                slPriority
 *fill*         0x06019a6c        0x4 
 SLPROG         0x06019a70      0x114 ../../saturnringlib/../modules/sgl/LIB/LIBSGL.A(sglB200.o)
                0x06019a70                slCharRbg0
                0x06019a7c                slCharNbg0
                0x06019a88                slCharNbg1
                0x06019a94                slCharNbg2
                0x06019aaa                slCharNbg3
                0x06019ac2                slPageRbg0
                0x06019ad8                slPageNbg1
                0x06019ae0                slPageNbg2
                0x06019ae8                slPageNbg3
                0x06019af4                slPageNbg0
 *fill*         0x06019b84        0xc 
 SLPROG         0x06019b90       0x6c ../../saturnringlib/../modules/sgl/LIB/LIBSGL.A(sglC01.o)
                0x06019b90                slPerspective
 *fill*         0x06019bfc        0x4 
 SLPROG         0x06019c00       0x30 ../../saturnringlib/../modules/sgl/LIB/LIBSGL.A(sglC02.o)
                0x06019c00                slLight
 SLPROG         0x06019c30       0x2c ../../saturnringlib/../modules/sgl/LIB/LIBSGL.A(sglC04.o)
                0x06019c30                slZdspLevel
 *fill*         0x06019c5c        0x4 
 SLPROG         0x06019c60       0x78 ../../saturnringlib/../modules/sgl/LIB/LIBSGL.A(sglC05.o)
                0x06019c60                slSetSprite
 *fill*         0x06019cd8        0x8 
 SLPROG         0x06019ce0     0x1218 ../../saturnringlib/../modules/sgl/LIB/LIBSGL.A(sglC08.o)
                0x06019ce0                slPutPolygon
                0x0601a95c                MsCalcDepthFlat
 *fill*         0x0601aef8        0x8 
 SLPROG         0x0601af00       0x40 ../../saturnringlib/../modules/sgl/LIB/LIBSGL.A(sglC20.o)
                0x0601af00                SpriteEntry
 SLPROG         0x0601af40       0x84 ../../saturnringlib/../modules/sgl/LIB/LIBSGL.A(sglD00.o)
                0x0601af40                slCpuDMACopy
                0x0601af40                slDMACopy
                0x0601af9a                CSH_AllClr
                0x0601af9a                slCashPurge
 *fill*         0x0601afc4        0xc 
 SLPROG         0x0601afd0       0xa0 ../../saturnringlib/../modules/sgl/LIB/LIBSGL.A(sglD01.o)
                0x0601afd0                slDMAXCopy
 SLPROG         0x0601b070        0xc ../../saturnringlib/../modules/sgl/LIB/LIBSGL.A(sglD03.o)
                0x0601b070                slDMAStatus
 *fill*         0x0601b07c        0x4 
 SLPROG         0x0601b080       0x20 ../../saturnringlib/../modules/sgl/LIB/LIBSGL.A(sglD15.o)
                0x0601b080                CSH_Purge
 SLPROG         0x0601b0a0       0x84 ../../saturnringlib/../modules/sgl/LIB/LIBSGL.A(sglD16.o)
                0x0601b0a0                DMA_ScuSetPrm
                0x0601b0e8                DMA_SCU_PRM0
 *fill*         0x0601b124        0xc 
 SLPROG         0x0601b130       0x88 ../../saturnringlib/../modules/sgl/LIB/LIBSGL.A(sglD17.o)
                0x0601b130                DMA_ScuStart
 *fill*         0x0601b1b8        0x8 
 SLPROG         0x0601b1c0       0x34 ../../saturnringlib/../modules/sgl/LIB/LIBSGL.A(sglD18.o)
                0x0601b1c0                DMA_ScuGetStatus
 *fill*         0x0601b1f4        0xc 
 SLPROG         0x0601b200       0x4e ../../saturnringlib/../modules/sgl/LIB/LIBSGL.A(sglF00.o)
                0x0601b200                slCurScrn
                0x0601b210                slCurColor
                0x0601b21a                slLocate
                0x0601b24c                CurrentScreen
 *fill*         0x0601b24e        0x2 
 SLPROG         0x0601b250      0x1d0 ../../saturnringlib/../modules/sgl/LIB/LIBSGL.A(sglG00.o)
                0x0601b250                slInitSound
                0x0601b354                slWaitSound
                0x0601b36c                slSndFlush
 SLPROG         0x0601b420      0xfc8 ../../saturnringlib/../modules/sgl/LIB/LIBSGL.A(sglH00.o)
                0x0601b438                slGetPortDir1
                0x0601b440                slGetPortDir2
                0x0601b448                slSetPortDir1
                0x0601b472                slSetPortDir2
                0x0601b4ac                slGetPortData1
                0x0601b4b4                slGetPortData2
                0x0601b4bc                slSetPortData1
                0x0601b4c6                slSetPortData2
                0x0601b4d8                slGetPortSelect1
                0x0601b4e2                slGetPortSelect2
                0x0601b4ec                slSetPortSelect1
                0x0601b520                slSetPortSelect2
                0x0601b55c                slGetPortExt1
                0x0601b566                slGetPortExt2
                0x0601b570                slSetPortExt1
                0x0601b5a0                slSetPortExt2
                0x0601b714                slSmpcDirectAccess
                0x0601b794                slInitPeripheral
                0x0601b826                slSetResultBuffer
                0x0601b8b2                slCheckIntBackSet
                0x0601b8be                slIntBackCancel
                0x0601b8e8                slCheckReset
                0x0601b8f2                slClearReset
                0x0601bab8                slSmpcCashSend
                0x0601bb74                slSmpcCashBlow
                0x0601bc50                slGetOptimize
                0x0601bc5a                slSetOptimize
                0x0601bc80                slGetPortMode1
                0x0601bc8c                slGetPortMode2
                0x0601bc9a                slSetPortMode1
                0x0601bcd8                slSetPortMode2
                0x0601be64                slRequestCommand
                0x0601bed4                Smpc_Status
                0x0601bed8                Smpc_Result
                0x0601bedc                Smpc_Peripheral
                0x0601bee2                Per_Connect1
                0x0601bee3                Per_Connect2
                0x0601bf04                SmpcStatusBuf
 *fill*         0x0601c3e8        0x8 
 SLPROG         0x0601c3f0      0x470 ../../saturnringlib/../modules/sgl/LIB/LIBSGL.A(sglH02.o)
                0x0601c7e0                smpc_pfr_tbl
                0x0601c820                smpc_ptf_tbl
 SLPROG         0x0601c860       0x60 ../../saturnringlib/../modules/sgl/LIB/LIBSGL.A(sglH04.o)
                0x0601c860                slComPrmIntBack
                0x0601c874                slComPrmSetMemory
                0x0601c88a                slComPrmSetTime
 SLPROG         0x0601c8c0      0x3a4 ../../saturnringlib/../modules/sgl/LIB/LIBSGL.A(sglI01.o)
                0x0601c8c0                slInitSynch
                0x0601c8da                slSynch
                0x0601c9d0                slRandom
                0x0601c9ee                PCM_EndCheck
                0x0601caaa                RetPCMBuf
                0x0601cb44                PCM_Buf
                0x0601cbe4                Sound_Buf
 *fill*         0x0601cc64        0xc 
 SLPROG         0x0601cc70       0x10 ../../saturnringlib/../modules/sgl/LIB/LIBSGL.A(sglI04.o)
                0x0601cc70                slIntFunction
 SLPROG         0x0601cc80       0x74 ../../saturnringlib/../modules/sgl/LIB/LIBSGL.A(sglJ00.o)
                0x0601cc80                InitSlaveSH
                0x0601cce8                SlaveCommand
 *fill*         0x0601ccf4        0xc 
 SLPROG         0x0601cd00      0x3d0 ../../saturnringlib/../modules/sgl/LIB/LIBSGL.A(sglJ01.o)
                0x0601cd00                SlaveControl
                0x0601d0bc                ErasePolygonData
 SLPROG         0x0601d0d0     0x12b8 ../../saturnringlib/../modules/sgl/LIB/LIBSGL.A(sglJ02.o)
                0x0601d0d0                sbMakePolygon
                0x0601d2b8                sbCalcPolygon
                0x0601dff0                SetTexture
                0x0601dffc                SetPolygon
                0x0601e004                SetPosition
                0x0601e03c                stvtc_4
                0x0601e0f4                stvtc_3
                0x0601e304                stvtc_1
                0x0601e318                stvtc_2
                0x0601e32c                stvtc_0
 *fill*         0x0601e388        0x8 
 SLPROG         0x0601e390      0x140 ../../saturnringlib/../modules/sgl/LIB/LIBSGL.A(sglJ03.o)
                0x0601e390                sbMakeDMATable
 SLPROG         0x0601e4d0      0x470 ../../saturnringlib/../modules/sgl/LIB/LIBSGL.A(sglJ04.o)
                0x0601e52e                sbMakeSprite
                0x0601e594                sbMakeRotSprite
 SLPROG         0x0601e940       0x3c ../../saturnringlib/../modules/sgl/LIB/LIBSGL.A(sglJ05.o)
                0x0601e940                sbSortEntry
 *fill*         0x0601e97c        0x4 
 SLPROG         0x0601e980      0x4b8 ../../saturnringlib/../modules/sgl/LIB/LIBSGL.A(sglM00.o)
                0x0601e980                slInitGouraud
                0x0601ea74                slPutPolygonX
                0x0601eaba                slGouraudTblCopy
                0x0601eb12                slSetGouraudTbl
                0x0601eb18                slSetGouraudColor
                0x0601eb90                slSetAmbient
                0x0601ebb4                slSetFlatColor
 *fill*         0x0601ee38        0x8 
 SLPROG         0x0601ee40       0x6a ../../saturnringlib/../modules/sgl/LIB/LIBSGL.A(sglM01.o)
                0x0601ee40                slSetDepthLimit
                0x0601ee6c                slSetDepthTbl
                0x0601ee9c                DepthWorkArea
 *fill*         0x0601eeaa        0x6 
 SLPROG         0x0601eeb0       0x20 ../../saturnringlib/../modules/sgl/LIB/LIBSGL.A(sglA00.o)
                0x0601eeb0                set_imask
                0x0601eeb0                _builtin_set_imask
                0x0601eec4                _builtin_get_imask
                0x0601eec4                get_imask
 SLPROG         0x0601eed0     0x411e ../../saturnringlib/../modules/sgl/LIB/LIBSGL.A(sglA01.o)
                0x0601eed0                slSin
                0x0601eef4                slCos
                0x0601ef18                GetSinCos
                0x0601efac                sin_cos_index_tbl
                0x0601efec                sin_tbl
 *fill*         0x06022fee        0x2 
 SLPROG         0x06022ff0     0x215c ../../saturnringlib/../modules/sgl/LIB/LIBSGL.A(sglA03.o)
                0x06022ff0                slTan
 *fill*         0x0602514c        0x4 
 SLPROG         0x06025150       0x34 ../../saturnringlib/../modules/sgl/LIB/LIBSGL.A(sglA10.o)
                0x06025150                slSquartDbl
 *fill*         0x06025184        0xc 
 SLPROG         0x06025190      0x3c2 ../../saturnringlib/../modules/sgl/LIB/LIBSGL.A(sglA24.o)
                0x06025190                slInversMatrix
 *fill*         0x06025552        0xe 
 SLPROG         0x06025560       0x24 ../../saturnringlib/../modules/sgl/LIB/LIBSGL.A(sglA25.o)
                0x06025560                slTransposeMatrix
 *fill*         0x06025584        0xc 
 SLPROG         0x06025590       0x70 ../../saturnringlib/../modules/sgl/LIB/LIBSGL.A(sglA28.o)
                0x06025590                slScale
 SLPROG         0x06025600       0x22 ../../saturnringlib/../modules/sgl/LIB/LIBSGL.A(sglA40.o)
                0x06025600                slCalcVector
 *fill*         0x06025622        0xe 
 SLPROG         0x06025630      0xbd0 ../../saturnringlib/../modules/sgl/LIB/LIBSGL.A(sglB000.o)
                0x06025630                slInitScroll
                0x06025750                setASC_1to8
                0x06025780                setASC_4to8
                0x06025890                TVSizeTbl
                0x06025910                TVModeTbl
                0x06025ae8                SGL_ASCII_CG
 SLPROG         0x06026200      0x134 ../../saturnringlib/../modules/sgl/LIB/LIBSGL.A(sglC00.o)
                0x06026200                slInitSprite
 *fill*         0x06026334        0xc 
 SLPROG         0x06026340       0xac ../../saturnringlib/../modules/sgl/LIB/LIBSGL.A(sglC13.o)
                0x06026340                slPutPolygonS
 *fill*         0x060263ec        0x4 
 SLPROG         0x060263f0       0x10 ../../saturnringlib/../modules/sgl/LIB/LIBSGL.A(sglD02.o)
                0x060263f0                slDMAWait
 SLPROG         0x06026400       0xc0 ../../saturnringlib/../modules/sgl/LIB/LIBSGL.A(sglD19.o)
                0x06026400                DMA_ScuMemCopy
 SLPROG         0x060264c0      0x75c ../../saturnringlib/../modules/sgl/LIB/LIBSGL.A(sglI00.o)
                0x060267b0                slInitInterrupt
 *fill*         0x06026c1c        0x4 
 SLPROG         0x06026c20       0xf0 ../../saturnringlib/../modules/sgl/LIB/LIBSGL.A(sglH03.o)
                0x06026c84                slSmpcIntBack
                0x06026d10                        __slprog_end = .

.tors           0x06026d10       0x10
                0x06026d10                        ___ctors = .
 *(.ctors*)
 .ctors         0x06026d10        0x4 src/main.o
                0x06026d14                        ___ctors_end = .
                0x06026d14                        ___dtors = .
 *(.dtors*)
 .dtors         0x06026d14        0x4 src/main.o
                0x06026d18                        ___dtors_end = .

.data           0x06026d20      0x4c0
 *(.data*)
 .data          0x06026d20       0x28 ../../saturnringlib/../modules/sgl/LIB/../SRC/workarea.o
                0x06026d20                PCM_Work
                0x06026d24                SlaveStack
                0x06026d28                TransList
                0x06026d2c                MasterStack
                0x06026d30                SortList
                0x06026d34                Zbuffer
                0x06026d38                SpriteBuf
                0x06026d3c                Pbuffer
                0x06026d40                CLOfstBuf
                0x06026d44                CommandBuf
 .data          0x06026d48       0x40 src/main.o
                0x06026d48                shadingTable
 .data._ZZN3SRL5Input3Gun11SynchronizeEvE14secondPlayerId
                0x06026d88        0x1 src/main.o
                0x06026d88                SRL::Input::Gun::Synchronize()::secondPlayerId
 .data._ZZN3SRL5Input3Gun11SynchronizeEvE13firstPlayerId
                0x06026d89        0x1 src/main.o
                0x06026d89                SRL::Input::Gun::Synchronize()::firstPlayerId
 *fill*         0x06026d8a        0x2 
 .data._ZN3SRL5Input10Management11PeripheralsE
                0x06026d8c      0x120 src/main.o
                0x06026d8c                SRL::Input::Management::Peripherals
 .data._ZN3SRL5Input10Management24PeripheralsPreviousStateE
                0x06026eac      0x120 src/main.o
                0x06026eac                SRL::Input::Management::PeripheralsPreviousState
 .data._ZN3SRL4VDP212ScrollScreenINS0_4RBG0ELs5ELt16EE12MapAllocSizeE
                0x06026fcc        0x4 src/main.o
                0x06026fcc                SRL::VDP2::ScrollScreen<SRL::VDP2::RBG0, (short)5, (unsigned short)16>::MapAllocSize
 .data._ZN3SRL4VDP212ScrollScreenINS0_4RBG0ELs5ELt16EE13CellAllocSizeE
                0x06026fd0        0x4 src/main.o
                0x06026fd0                SRL::VDP2::ScrollScreen<SRL::VDP2::RBG0, (short)5, (unsigned short)16>::CellAllocSize
 .data._ZN3SRL4VDP212ScrollScreenINS0_4RBG0ELs5ELt16EE4InfoE
                0x06026fd4       0x14 src/main.o
                0x06026fd4                SRL::VDP2::ScrollScreen<SRL::VDP2::RBG0, (short)5, (unsigned short)16>::Info
 .data._ZN3SRL4VDP212ScrollScreenINS0_4RBG0ELs5ELt16EE10MapAddressE
                0x06026fe8        0x4 src/main.o
                0x06026fe8                SRL::VDP2::ScrollScreen<SRL::VDP2::RBG0, (short)5, (unsigned short)16>::MapAddress
 .data._ZN3SRL4VDP212ScrollScreenINS0_4RBG0ELs5ELt16EE11CellAddressE
                0x06026fec        0x4 src/main.o
                0x06026fec                SRL::VDP2::ScrollScreen<SRL::VDP2::RBG0, (short)5, (unsigned short)16>::CellAddress
 .data._ZN3SRL4VDP213ActiveScrollsE
                0x06026ff0        0x2 src/main.o
                0x06026ff0                SRL::VDP2::ActiveScrolls
 *fill*         0x06026ff2        0x2 
 .data._ZN3SRL4VDP24VRAM10bankCyclesE
                0x06026ff4        0x4 src/main.o
                0x06026ff4                SRL::VDP2::VRAM::bankCycles
 .data._ZN3SRL4VDP24VRAM10currentTopE
                0x06026ff8       0x10 src/main.o
                0x06026ff8                SRL::VDP2::VRAM::currentTop
 .data._ZN3SRL4VDP24VRAM10currentBotE
                0x06027008       0x10 src/main.o
                0x06027008                SRL::VDP2::VRAM::currentBot
 .data._ZN3SRL5ASCII7maxFontE
                0x06027018        0x1 src/main.o
                0x06027018                SRL::ASCII::maxFont
 .data._ZN3SRL5ASCII12maxYPositionE
                0x06027019        0x1 src/main.o
                0x06027019                SRL::ASCII::maxYPosition
 .data._ZN3SRL5ASCII12maxXPositionE
                0x0602701a        0x1 src/main.o
                0x0602701a                SRL::ASCII::maxXPosition
 *fill*         0x0602701b        0x1 
 .data._ZN3SRL5ASCII8fontBankE
                0x0602701c        0x2 src/main.o
                0x0602701c                SRL::ASCII::fontBank
 .data._ZN3SRL5ASCII9colorBankE
                0x0602701e        0x2 src/main.o
                0x0602701e                SRL::ASCII::colorBank
 .data._ZN3SRL5ASCII7tileMapE
                0x06027020        0x4 src/main.o
                0x06027020                SRL::ASCII::tileMap
 .data._ZN3SRL4CRAM11BaseAddressE
                0x06027024        0x4 src/main.o
                0x06027024                SRL::CRAM::BaseAddress
 *fill*         0x06027028        0x8 
 .data          0x06027030        0x0 ../../saturnringlib/../modules/sgl/LIB/LIBCD.A(CDC_CMN.O)
 .data          0x06027030        0x0 ../../saturnringlib/../modules/sgl/LIB/LIBCD.A(CDC_REG.O)
 .data          0x06027030        0x0 ../../saturnringlib/../modules/sgl/LIB/LIBCD.A(CDC_SUB.O)
 .data          0x06027030        0x0 ../../saturnringlib/../modules/sgl/LIB/LIBCD.A(GFS.O)
 .data          0x06027030        0x0 ../../saturnringlib/../modules/sgl/LIB/LIBCD.A(GFS_BUF.O)
 .data          0x06027030        0x0 ../../saturnringlib/../modules/sgl/LIB/LIBCD.A(GFS_CDB.O)
 .data          0x06027030        0x0 ../../saturnringlib/../modules/sgl/LIB/LIBCD.A(GFS_CDC.O)
 .data          0x06027030        0x0 ../../saturnringlib/../modules/sgl/LIB/LIBCD.A(GFS_CDF.O)
 .data          0x06027030        0x0 ../../saturnringlib/../modules/sgl/LIB/LIBCD.A(GFS_DIR.O)
 .data          0x06027030        0x0 ../../saturnringlib/../modules/sgl/LIB/LIBCD.A(GFS_TRN.O)
 .data          0x06027030        0x0 ../../saturnringlib/../modules/sgl/LIB/LIBCD.A(CDC_DRV.O)
 .data          0x06027030        0x0 ../../saturnringlib/../modules/sgl/LIB/LIBCD.A(CDC_DEV.O)
 .data          0x06027030        0x0 ../../saturnringlib/../modules/sgl/LIB/LIBCD.A(CDC_SEL.O)
 .data          0x06027030        0x0 ../../saturnringlib/../modules/sgl/LIB/LIBCD.A(CDC_BIF.O)
 .data          0x06027030        0x0 ../../saturnringlib/../modules/sgl/LIB/LIBCD.A(CDC_BIO.O)
 .data          0x06027030        0x0 ../../saturnringlib/../modules/sgl/LIB/LIBCD.A(CDC_CFS.O)
 .data          0x06027030        0x0 ../../saturnringlib/../modules/sgl/LIB/LIBSGL.A(sglA16.o)
 .data          0x06027030        0x0 ../../saturnringlib/../modules/sgl/LIB/LIBSGL.A(sglA17.o)
 .data          0x06027030        0x0 ../../saturnringlib/../modules/sgl/LIB/LIBSGL.A(sglA18.o)
 .data          0x06027030        0x0 ../../saturnringlib/../modules/sgl/LIB/LIBSGL.A(sglA19.o)
 .data          0x06027030        0x0 ../../saturnringlib/../modules/sgl/LIB/LIBSGL.A(sglA20.o)
 .data          0x06027030        0x0 ../../saturnringlib/../modules/sgl/LIB/LIBSGL.A(sglA21.o)
 .data          0x06027030        0x0 ../../saturnringlib/../modules/sgl/LIB/LIBSGL.A(sglA27.o)
 .data          0x06027030        0x0 ../../saturnringlib/../modules/sgl/LIB/LIBSGL.A(sglA39.o)
 .data          0x06027030        0x0 ../../saturnringlib/../modules/sgl/LIB/LIBSGL.A(sglB001.o)
 .data          0x06027030        0x0 ../../saturnringlib/../modules/sgl/LIB/LIBSGL.A(sglB002.o)
 .data          0x06027030        0x0 ../../saturnringlib/../modules/sgl/LIB/LIBSGL.A(sglB015.o)
 .data          0x06027030        0x0 ../../saturnringlib/../modules/sgl/LIB/LIBSGL.A(sglB016.o)
 .data          0x06027030        0x0 ../../saturnringlib/../modules/sgl/LIB/LIBSGL.A(sglB034.o)
 .data          0x06027030        0x0 ../../saturnringlib/../modules/sgl/LIB/LIBSGL.A(sglB035.o)
 .data          0x06027030        0x0 ../../saturnringlib/../modules/sgl/LIB/LIBSGL.A(sglB038.o)
 .data          0x06027030        0x0 ../../saturnringlib/../modules/sgl/LIB/LIBSGL.A(sglB040.o)
 .data          0x06027030        0x0 ../../saturnringlib/../modules/sgl/LIB/LIBSGL.A(sglB042.o)
 .data          0x06027030        0x0 ../../saturnringlib/../modules/sgl/LIB/LIBSGL.A(sglB043.o)
 .data          0x06027030        0x0 ../../saturnringlib/../modules/sgl/LIB/LIBSGL.A(sglB044.o)
 .data          0x06027030        0x0 ../../saturnringlib/../modules/sgl/LIB/LIBSGL.A(sglB045.o)
 .data          0x06027030        0x0 ../../saturnringlib/../modules/sgl/LIB/LIBSGL.A(sglB047.o)
 .data          0x06027030        0x0 ../../saturnringlib/../modules/sgl/LIB/LIBSGL.A(sglB058.o)
 .data          0x06027030        0x0 ../../saturnringlib/../modules/sgl/LIB/LIBSGL.A(sglB059.o)
 .data          0x06027030        0x0 ../../saturnringlib/../modules/sgl/LIB/LIBSGL.A(sglB063.o)
 .data          0x06027030        0x0 ../../saturnringlib/../modules/sgl/LIB/LIBSGL.A(sglB200.o)
 .data          0x06027030        0x0 ../../saturnringlib/../modules/sgl/LIB/LIBSGL.A(sglC01.o)
 .data          0x06027030        0x0 ../../saturnringlib/../modules/sgl/LIB/LIBSGL.A(sglC02.o)
 .data          0x06027030        0x0 ../../saturnringlib/../modules/sgl/LIB/LIBSGL.A(sglC04.o)
 .data          0x06027030        0x0 ../../saturnringlib/../modules/sgl/LIB/LIBSGL.A(sglC05.o)
 .data          0x06027030        0x0 ../../saturnringlib/../modules/sgl/LIB/LIBSGL.A(sglC08.o)
 .data          0x06027030        0x0 ../../saturnringlib/../modules/sgl/LIB/LIBSGL.A(sglC20.o)
 .data          0x06027030        0x0 ../../saturnringlib/../modules/sgl/LIB/LIBSGL.A(sglD00.o)
 .data          0x06027030        0x0 ../../saturnringlib/../modules/sgl/LIB/LIBSGL.A(sglD01.o)
 .data          0x06027030        0x0 ../../saturnringlib/../modules/sgl/LIB/LIBSGL.A(sglD03.o)
 .data          0x06027030        0x0 ../../saturnringlib/../modules/sgl/LIB/LIBSGL.A(sglD15.o)
 .data          0x06027030        0x0 ../../saturnringlib/../modules/sgl/LIB/LIBSGL.A(sglD16.o)
 .data          0x06027030        0x0 ../../saturnringlib/../modules/sgl/LIB/LIBSGL.A(sglD17.o)
 .data          0x06027030        0x0 ../../saturnringlib/../modules/sgl/LIB/LIBSGL.A(sglD18.o)
 .data          0x06027030        0x0 ../../saturnringlib/../modules/sgl/LIB/LIBSGL.A(sglF00.o)
 .data          0x06027030        0x0 ../../saturnringlib/../modules/sgl/LIB/LIBSGL.A(sglG00.o)
 .data          0x06027030        0x0 ../../saturnringlib/../modules/sgl/LIB/LIBSGL.A(sglH00.o)
 .data          0x06027030        0x0 ../../saturnringlib/../modules/sgl/LIB/LIBSGL.A(sglH02.o)
 .data          0x06027030        0x0 ../../saturnringlib/../modules/sgl/LIB/LIBSGL.A(sglH04.o)
 .data          0x06027030        0x0 ../../saturnringlib/../modules/sgl/LIB/LIBSGL.A(sglI01.o)
 .data          0x06027030        0x0 ../../saturnringlib/../modules/sgl/LIB/LIBSGL.A(sglI04.o)
 .data          0x06027030       0x80 ../../saturnringlib/../modules/sgl/LIB/LIBSGL.A(sglIc0.o)
                0x06027030                IntPrioMask
 .data          0x060270b0        0x0 ../../saturnringlib/../modules/sgl/LIB/LIBSGL.A(sglJ00.o)
 .data          0x060270b0        0x0 ../../saturnringlib/../modules/sgl/LIB/LIBSGL.A(sglJ01.o)
 .data          0x060270b0        0x0 ../../saturnringlib/../modules/sgl/LIB/LIBSGL.A(sglJ02.o)
 .data          0x060270b0        0x0 ../../saturnringlib/../modules/sgl/LIB/LIBSGL.A(sglJ03.o)
 .data          0x060270b0        0x0 ../../saturnringlib/../modules/sgl/LIB/LIBSGL.A(sglJ04.o)
 .data          0x060270b0        0x0 ../../saturnringlib/../modules/sgl/LIB/LIBSGL.A(sglJ05.o)
 .data          0x060270b0        0x0 ../../saturnringlib/../modules/sgl/LIB/LIBSGL.A(sglK01.o)
 .data          0x060270b0        0x0 ../../saturnringlib/../modules/sgl/LIB/LIBSGL.A(sglM00.o)
 .data          0x060270b0        0x0 ../../saturnringlib/../modules/sgl/LIB/LIBSGL.A(sglM01.o)
 .data          0x060270b0        0x0 ../../saturnringlib/../modules/sgl/LIB/LIBSGL.A(sglA00.o)
 .data          0x060270b0        0x0 ../../saturnringlib/../modules/sgl/LIB/LIBSGL.A(sglA01.o)
 .data          0x060270b0        0x0 ../../saturnringlib/../modules/sgl/LIB/LIBSGL.A(sglA03.o)
 .data          0x060270b0        0x0 ../../saturnringlib/../modules/sgl/LIB/LIBSGL.A(sglA10.o)
 .data          0x060270b0        0x0 ../../saturnringlib/../modules/sgl/LIB/LIBSGL.A(sglA24.o)
 .data          0x060270b0        0x0 ../../saturnringlib/../modules/sgl/LIB/LIBSGL.A(sglA25.o)
 .data          0x060270b0        0x0 ../../saturnringlib/../modules/sgl/LIB/LIBSGL.A(sglA28.o)
 .data          0x060270b0        0x0 ../../saturnringlib/../modules/sgl/LIB/LIBSGL.A(sglA40.o)
 .data          0x060270b0        0x0 ../../saturnringlib/../modules/sgl/LIB/LIBSGL.A(sglB000.o)
 .data          0x060270b0        0x0 ../../saturnringlib/../modules/sgl/LIB/LIBSGL.A(sglC00.o)
 .data          0x060270b0        0x0 ../../saturnringlib/../modules/sgl/LIB/LIBSGL.A(sglC13.o)
 .data          0x060270b0        0x0 ../../saturnringlib/../modules/sgl/LIB/LIBSGL.A(sglD02.o)
 .data          0x060270b0        0x0 ../../saturnringlib/../modules/sgl/LIB/LIBSGL.A(sglD19.o)
 .data          0x060270b0        0x0 ../../saturnringlib/../modules/sgl/LIB/LIBSGL.A(sglI00.o)
 .data          0x060270b0        0x0 ../../saturnringlib/../modules/sgl/LIB/LIBSGL.A(sglH03.o)
 .data          0x060270b0        0x0 ../../saturnringlib/../modules/sgl/LIB/LIBSND.A(snd_main.o)
 .data          0x060270b0        0x0 C:/saturn/SaturnRingLib-main/Compiler/sh2eb-elf/bin/../lib/gcc/sh-elf/14.2.0\libgcc.a(_ashiftrt.o)
 .data          0x060270b0        0x0 C:/saturn/SaturnRingLib-main/Compiler/sh2eb-elf/bin/../lib/gcc/sh-elf/14.2.0\libgcc.a(_ashiftrt_n.o)
 .data          0x060270b0        0x0 C:/saturn/SaturnRingLib-main/Compiler/sh2eb-elf/bin/../lib/gcc/sh-elf/14.2.0\libgcc.a(_ashiftlt.o)
 .data          0x060270b0        0x0 C:/saturn/SaturnRingLib-main/Compiler/sh2eb-elf/bin/../lib/gcc/sh-elf/14.2.0\libgcc.a(_lshiftrt.o)
 .data          0x060270b0        0x0 C:/saturn/SaturnRingLib-main/Compiler/sh2eb-elf/bin/../lib/gcc/sh-elf/14.2.0\libgcc.a(_movmem.o)
 .data          0x060270b0        0x0 C:/saturn/SaturnRingLib-main/Compiler/sh2eb-elf/bin/../lib/gcc/sh-elf/14.2.0\libgcc.a(_sdivsi3.o)
 .data          0x060270b0        0x0 C:/saturn/SaturnRingLib-main/Compiler/sh2eb-elf/bin/../lib/gcc/sh-elf/14.2.0\libgcc.a(_udivsi3.o)
 .data          0x060270b0        0x0 C:/saturn/SaturnRingLib-main/Compiler/sh2eb-elf/bin/../lib/gcc/sh-elf/14.2.0/../../../../sh-elf/lib\libc.a(libc_a-abort.o)
 .data          0x060270b0        0x0 C:/saturn/SaturnRingLib-main/Compiler/sh2eb-elf/bin/../lib/gcc/sh-elf/14.2.0/../../../../sh-elf/lib\libc.a(libc_a-snprintf.o)
 .data          0x060270b0        0x0 C:/saturn/SaturnRingLib-main/Compiler/sh2eb-elf/bin/../lib/gcc/sh-elf/14.2.0/../../../../sh-elf/lib\libc.a(libc_a-memcmp.o)
 .data          0x060270b0        0x0 C:/saturn/SaturnRingLib-main/Compiler/sh2eb-elf/bin/../lib/gcc/sh-elf/14.2.0/../../../../sh-elf/lib\libc.a(libc_a-strncmp.o)
 .data          0x060270b0        0x0 C:/saturn/SaturnRingLib-main/Compiler/sh2eb-elf/bin/../lib/gcc/sh-elf/14.2.0/../../../../sh-elf/lib\libc.a(libc_a-strncpy.o)
 .data          0x060270b0        0x0 C:/saturn/SaturnRingLib-main/Compiler/sh2eb-elf/bin/../lib/gcc/sh-elf/14.2.0/../../../../sh-elf/lib\libc.a(libc_a-signal.o)
 .data          0x060270b0      0x120 C:/saturn/SaturnRingLib-main/Compiler/sh2eb-elf/bin/../lib/gcc/sh-elf/14.2.0/../../../../sh-elf/lib\libc.a(libc_a-impure.o)
                0x060270b0                _impure_ptr
                0x060270b4                _impure_data
 .data          0x060271d0        0x0 C:/saturn/SaturnRingLib-main/Compiler/sh2eb-elf/bin/../lib/gcc/sh-elf/14.2.0/../../../../sh-elf/lib\libc.a(libc_a-signalr.o)
 .data          0x060271d0        0x0 C:/saturn/SaturnRingLib-main/Compiler/sh2eb-elf/bin/../lib/gcc/sh-elf/14.2.0/../../../../sh-elf/lib\libc.a(libc_a-memcpy.o)
 .data          0x060271d0        0x0 C:/saturn/SaturnRingLib-main/Compiler/sh2eb-elf/bin/../lib/gcc/sh-elf/14.2.0/../../../../sh-elf/lib\libc.a(libc_a-memset.o)
 .data          0x060271d0        0x0 C:/saturn/SaturnRingLib-main/Compiler/sh2eb-elf/bin/../lib/gcc/sh-elf/14.2.0/../../../../sh-elf/lib\libc.a(libc_a-mallocr.o)
 .data          0x060271d0        0x0 C:/saturn/SaturnRingLib-main/Compiler/sh2eb-elf/bin/../lib/gcc/sh-elf/14.2.0/../../../../sh-elf/lib\libc.a(libc_a-mlock.o)
 .data          0x060271d0        0x0 C:/saturn/SaturnRingLib-main/Compiler/sh2eb-elf/bin/../lib/gcc/sh-elf/14.2.0/../../../../sh-elf/lib\libc.a(libc_a-nano-svfprintf.o)
 .data          0x060271d0        0x0 C:/saturn/SaturnRingLib-main/Compiler/sh2eb-elf/bin/../lib/gcc/sh-elf/14.2.0/../../../../sh-elf/lib\libc.a(libc_a-nano-vfprintf_i.o)
 .data          0x060271d0        0xc C:/saturn/SaturnRingLib-main/Compiler/sh2eb-elf/bin/../lib/gcc/sh-elf/14.2.0/../../../../sh-elf/lib\libc.a(libc_a-findfp.o)
                0x060271d0                __sglue
 .data          0x060271dc        0x0 C:/saturn/SaturnRingLib-main/Compiler/sh2eb-elf/bin/../lib/gcc/sh-elf/14.2.0/../../../../sh-elf/lib\libc.a(libc_a-fwalk.o)
 .data          0x060271dc        0x0 C:/saturn/SaturnRingLib-main/Compiler/sh2eb-elf/bin/../lib/gcc/sh-elf/14.2.0/../../../../sh-elf/lib\libc.a(libc_a-stdio.o)
 .data          0x060271dc        0x0 C:/saturn/SaturnRingLib-main/Compiler/sh2eb-elf/bin/../lib/gcc/sh-elf/14.2.0/../../../../sh-elf/lib\libc.a(libc_a-memchr.o)
 .data          0x060271dc        0x0 C:/saturn/SaturnRingLib-main/Compiler/sh2eb-elf/bin/../lib/gcc/sh-elf/14.2.0/../../../../sh-elf/lib\libc.a(libc_a-memmove.o)
 .data          0x060271dc        0x0 C:/saturn/SaturnRingLib-main/Compiler/sh2eb-elf/bin/../lib/gcc/sh-elf/14.2.0/../../../../sh-elf/lib\libc.a(libc_a-closer.o)
 .data          0x060271dc        0x0 C:/saturn/SaturnRingLib-main/Compiler/sh2eb-elf/bin/../lib/gcc/sh-elf/14.2.0/../../../../sh-elf/lib\libc.a(libc_a-reent.o)
 .data          0x060271dc        0x0 C:/saturn/SaturnRingLib-main/Compiler/sh2eb-elf/bin/../lib/gcc/sh-elf/14.2.0/../../../../sh-elf/lib\libc.a(libc_a-lseekr.o)
 .data          0x060271dc        0x0 C:/saturn/SaturnRingLib-main/Compiler/sh2eb-elf/bin/../lib/gcc/sh-elf/14.2.0/../../../../sh-elf/lib\libc.a(libc_a-readr.o)
 .data          0x060271dc        0x0 C:/saturn/SaturnRingLib-main/Compiler/sh2eb-elf/bin/../lib/gcc/sh-elf/14.2.0/../../../../sh-elf/lib\libc.a(libc_a-sbrkr.o)
 .data          0x060271dc        0x0 C:/saturn/SaturnRingLib-main/Compiler/sh2eb-elf/bin/../lib/gcc/sh-elf/14.2.0/../../../../sh-elf/lib\libc.a(libc_a-writer.o)
 .data          0x060271dc        0x0 C:/saturn/SaturnRingLib-main/Compiler/sh2eb-elf/bin/../lib/gcc/sh-elf/14.2.0/../../../../sh-elf/lib\libc.a(libc_a-freer.o)
 .data          0x060271dc        0x0 C:/saturn/SaturnRingLib-main/Compiler/sh2eb-elf/bin/../lib/gcc/sh-elf/14.2.0/../../../../sh-elf/lib\libc.a(libc_a-reallocr.o)
 .data          0x060271dc        0x0 C:/saturn/SaturnRingLib-main/Compiler/sh2eb-elf/bin/../lib/gcc/sh-elf/14.2.0/../../../../sh-elf/lib\libc.a(libc_a-fflush.o)
 .data          0x060271dc        0x0 C:/saturn/SaturnRingLib-main/Compiler/sh2eb-elf/bin/../lib/gcc/sh-elf/14.2.0/../../../../sh-elf/lib\libc.a(libc_a-msizer.o)
 .data          0x060271dc        0x0 C:/saturn/SaturnRingLib-main/Compiler/sh2eb-elf/bin/../lib/gcc/sh-elf/14.2.0/../../../../sh-elf/lib\libnosys.a(close.o)
 .data          0x060271dc        0x0 C:/saturn/SaturnRingLib-main/Compiler/sh2eb-elf/bin/../lib/gcc/sh-elf/14.2.0/../../../../sh-elf/lib\libnosys.a(getpid.o)
 .data          0x060271dc        0x0 C:/saturn/SaturnRingLib-main/Compiler/sh2eb-elf/bin/../lib/gcc/sh-elf/14.2.0/../../../../sh-elf/lib\libnosys.a(kill.o)
 .data          0x060271dc        0x0 C:/saturn/SaturnRingLib-main/Compiler/sh2eb-elf/bin/../lib/gcc/sh-elf/14.2.0/../../../../sh-elf/lib\libnosys.a(lseek.o)
 .data          0x060271dc        0x0 C:/saturn/SaturnRingLib-main/Compiler/sh2eb-elf/bin/../lib/gcc/sh-elf/14.2.0/../../../../sh-elf/lib\libnosys.a(read.o)
 .data          0x060271dc        0x0 C:/saturn/SaturnRingLib-main/Compiler/sh2eb-elf/bin/../lib/gcc/sh-elf/14.2.0/../../../../sh-elf/lib\libnosys.a(sbrk.o)
 .data          0x060271dc        0x0 C:/saturn/SaturnRingLib-main/Compiler/sh2eb-elf/bin/../lib/gcc/sh-elf/14.2.0/../../../../sh-elf/lib\libnosys.a(write.o)
 .data          0x060271dc        0x0 C:/saturn/SaturnRingLib-main/Compiler/sh2eb-elf/bin/../lib/gcc/sh-elf/14.2.0/../../../../sh-elf/lib\libnosys.a(_exit.o)
                0x060271dc                        __edata = .

.rodata         0x060271e0      0x880
 *(.rodata*)
 .rodata        0x060271e0       0x18 ../../saturnringlib/../modules/sgl/LIB/../SRC/workarea.o
                0x060271e0                PCM_WkSize
                0x060271e4                MaxVertices
                0x060271e6                MaxPolygons
                0x060271e8                SortListSize
                0x060271ec                SpriteBufSize
                0x060271f0                EventSize
                0x060271f2                MaxEvents
                0x060271f4                WorkSize
                0x060271f6                MaxWorks
 .rodata._ZN3SRL5Sound8Hardware10InitializeEv.str1.4
                0x060271f8       0x25 src/main.o
 *fill*         0x0602721d        0x3 
 .rodata._ZN11ModelObjectC2EPKcj.str1.4
                0x06027220       0x26 src/main.o
 *fill*         0x06027246        0x2 
 .rodata._ZN3SRL5Debug12AssertScreenIJEEEvPKcS3_S3_DpT_.str1.4
                0x06027248       0x41 src/main.o
 *fill*         0x06027289        0x3 
 .rodata._ZN3SRL4VDP24VRAM16AutoAllocateCellERNS_7Tilemap11TilemapInfoEt.str1.4
                0x0602728c       0x95 src/main.o
 *fill*         0x06027321        0x3 
 .rodata._ZN3SRL7Tilemap10Interfaces8Bmp2Tile13ConvertBitmapERNS0_11TilemapInfoERNS_6Bitmap7IBitmapEib.isra.0.str1.4
                0x06027324       0x7a src/main.o
 *fill*         0x0602739e        0x2 
 .rodata._ZN3SRL7Tilemap10Interfaces8Bmp2TileC2ERNS_6Bitmap7IBitmapEh.str1.4
                0x060273a0       0x36 src/main.o
 *fill*         0x060273d6        0x2 
 .rodata._ZN3SRL6Bitmap3TGA8LoadDataEPNS_2Cd4FileEPNS1_14LoaderSettingsE.str1.4
                0x060273d8       0xdb src/main.o
 *fill*         0x060274b3        0x1 
 .rodata._ZN3SRL4VDP212ScrollScreenINS0_4RBG0ELs5ELt16EE11LoadTilemapERNS_7Tilemap8ITilemapE.str1.4
                0x060274b4      0x104 src/main.o
 .rodata.str1.4
                0x060275b8      0x20f src/main.o
 *fill*         0x060277c7        0x1 
 .rodata        0x060277c8        0x6 src/main.o
 *fill*         0x060277ce        0x2 
 .rodata._ZTVN3SRL7Tilemap10Interfaces8Bmp2TileE
                0x060277d0       0x18 src/main.o
                0x060277d0                vtable for SRL::Tilemap::Interfaces::Bmp2Tile
 .rodata._ZTVN3SRL5Input7DigitalE
                0x060277e8       0x18 src/main.o
                0x060277e8                vtable for SRL::Input::Digital
 .rodata._ZTVN3SRL6Bitmap3TGAE
                0x06027800       0x10 src/main.o
                0x06027800                vtable for SRL::Bitmap::TGA
 .rodata._ZZN3SRL7Tilemap11TilemapInfo12SGLColorModeEvE8sglColor
                0x06027810        0x7 src/main.o
                0x06027810                SRL::Tilemap::TilemapInfo::SGLColorMode()::sglColor
 *fill*         0x06027817        0x1 
 .rodata._ZN3SRL4Math12Trigonometry8sinTableE
                0x06027818      0x200 src/main.o
                0x06027818                SRL::Math::Trigonometry::sinTable
 .rodata.str1.4
                0x06027a18       0x13 C:/saturn/SaturnRingLib-main/Compiler/sh2eb-elf/bin/../lib/gcc/sh-elf/14.2.0/../../../../sh-elf/lib\libc.a(libc_a-nano-svfprintf.o)
 *fill*         0x06027a2b        0x1 
 .rodata.str1.4
                0x06027a2c       0x25 C:/saturn/SaturnRingLib-main/Compiler/sh2eb-elf/bin/../lib/gcc/sh-elf/14.2.0/../../../../sh-elf/lib\libc.a(libc_a-nano-vfprintf_i.o)

.bss            0x06027a60     0x6938
                0x06027a60                        __bstart = .
 *(.bss*)
 .bss           0x06027a60      0x320 ../../saturnringlib/../modules/sgl/LIB/../SRC/workarea.o
                0x06027a60                RemainWork
                0x06027a70                WorkBuf
                0x06027b70                RemainEvent
                0x06027b80                EventBuf
 .bss           0x06027d80        0x0 src/main.o
 .bss._ZGVN3SRL4Core8OnVblankE
                0x06027d80        0x8 src/main.o
                0x06027d80                guard variable for SRL::Core::OnVblank
 .bss._ZGVN3SRL4VDP212ScrollScreenINS0_4RBG0ELs5ELt16EE11TilePaletteE
                0x06027d88        0x8 src/main.o
                0x06027d88                guard variable for SRL::VDP2::ScrollScreen<SRL::VDP2::RBG0, (short)5, (unsigned short)16>::TilePalette
 .bss._ZGVN3SRL4VDP212ScrollScreenINS0_4NBG3ELs2ELt8EE11TilePaletteE
                0x06027d90        0x8 src/main.o