Archive member included to satisfy reference by file (symbol)

../../saturnringlib/../modules/sgl/LIB/LIBCD.A(CDC_CMN.O)
                              src/main.o (CDC_CdInit)
../../saturnringlib/../modules/sgl/LIB/LIBCD.A(CDC_REG.O)
                              ../../saturnringlib/../modules/sgl/LIB/LIBCD.A(CDC_CMN.O) (CDREG_ClrHirqReq)
../../saturnringlib/../modules/sgl/LIB/LIBCD.A(CDC_SUB.O)
                              ../../saturnringlib/../modules/sgl/LIB/LIBCD.A(CDC_CMN.O) (CDSUB_UpdStatus)
../../saturnringlib/../modules/sgl/LIB/LIBCD.A(GFS.O)
                              src/main.o (GFS_Init)
../../saturnringlib/../modules/sgl/LIB/LIBCD.A(GFS_BUF.O)
                              ../../saturnringlib/../modules/sgl/LIB/LIBCD.A(GFS.O) (GFBF_GetNumData)
../../saturnringlib/../modules/sgl/LIB/LIBCD.A(GFS_CDB.O)
                              ../../saturnringlib/../modules/sgl/LIB/LIBCD.A(GFS.O) (GFCB_Close)
../../saturnringlib/../modules/sgl/LIB/LIBCD.A(GFS_CDC.O)
                              ../../saturnringlib/../modules/sgl/LIB/LIBCD.A(GFS.O) (GFCD_SetCdbfs)
../../saturnringlib/../modules/sgl/LIB/LIBCD.A(GFS_CDF.O)
                              ../../saturnringlib/../modules/sgl/LIB/LIBCD.A(GFS.O) (GFCF_Init)
../../saturnringlib/../modules/sgl/LIB/LIBCD.A(GFS_DIR.O)
                              ../../saturnringlib/../modules/sgl/LIB/LIBCD.A(GFS.O) (GFDR_SetupDirTbl)
../../saturnringlib/../modules/sgl/LIB/LIBCD.A(GFS_TRN.O)
                              ../../saturnringlib/../modules/sgl/LIB/LIBCD.A(GFS.O) (GFTR_Setup)
../../saturnringlib/../modules/sgl/LIB/LIBCD.A(CDC_DRV.O)
                              ../../saturnringlib/../modules/sgl/LIB/LIBCD.A(GFS_CDC.O) (CDC_CdPlay)
../../saturnringlib/../modules/sgl/LIB/LIBCD.A(CDC_DEV.O)
                              ../../saturnringlib/../modules/sgl/LIB/LIBCD.A(GFS_CDC.O) (CDC_CdSetCon)
../../saturnringlib/../modules/sgl/LIB/LIBCD.A(CDC_SEL.O)
                              ../../saturnringlib/../modules/sgl/LIB/LIBCD.A(GFS_CDC.O) (CDC_SetFiltRange)
../../saturnringlib/../modules/sgl/LIB/LIBCD.A(CDC_BIF.O)
                              ../../saturnringlib/../modules/sgl/LIB/LIBCD.A(GFS_CDC.O) (CDC_GetBufSiz)
../../saturnringlib/../modules/sgl/LIB/LIBCD.A(CDC_BIO.O)
                              ../../saturnringlib/../modules/sgl/LIB/LIBCD.A(GFS_CDC.O) (CDC_SetSctLen)
../../saturnringlib/../modules/sgl/LIB/LIBCD.A(CDC_CFS.O)
                              ../../saturnringlib/../modules/sgl/LIB/LIBCD.A(GFS_CDC.O) (CDC_ChgDir)
../../saturnringlib/../modules/sgl/LIB/LIBSGL.A(sglA16.o)
                              src/main.o (slLookAt)
../../saturnringlib/../modules/sgl/LIB/LIBSGL.A(sglA17.o)
                              ../../saturnringlib/../modules/sgl/LIB/LIBSGL.A(sglA16.o) (slRotZ)
../../saturnringlib/../modules/sgl/LIB/LIBSGL.A(sglA18.o)
                              src/main.o (slRotY)
../../saturnringlib/../modules/sgl/LIB/LIBSGL.A(sglA19.o)
                              src/main.o (slRotX)
../../saturnringlib/../modules/sgl/LIB/LIBSGL.A(sglA20.o)
                              src/main.o (slUnitMatrix)
../../saturnringlib/../modules/sgl/LIB/LIBSGL.A(sglA21.o)
                              src/main.o (slPushMatrix)
../../saturnringlib/../modules/sgl/LIB/LIBSGL.A(sglA27.o)
                              src/main.o (slTranslate)
../../saturnringlib/../modules/sgl/LIB/LIBSGL.A(sglA39.o)
                              src/main.o (slConvert3Dto2DFX)
../../saturnringlib/../modules/sgl/LIB/LIBSGL.A(sglB001.o)
                              src/main.o (slTVOn)
../../saturnringlib/../modules/sgl/LIB/LIBSGL.A(sglB002.o)
                              src/main.o (slColRAMMode)
../../saturnringlib/../modules/sgl/LIB/LIBSGL.A(sglB015.o)
                              src/main.o (slScrAutoDisp)
../../saturnringlib/../modules/sgl/LIB/LIBSGL.A(sglB016.o)
                              src/main.o (slBack1ColSet)
../../saturnringlib/../modules/sgl/LIB/LIBSGL.A(sglB031.o)
                              src/main.o (slMapNbg0)
../../saturnringlib/../modules/sgl/LIB/LIBSGL.A(sglB034.o)
                              src/main.o (slMapNbg3)
../../saturnringlib/../modules/sgl/LIB/LIBSGL.A(sglB038.o)
                              src/main.o (slRparaInitSet)
../../saturnringlib/../modules/sgl/LIB/LIBSGL.A(sglB055.o)
                              src/main.o (slPlaneNbg0)
../../saturnringlib/../modules/sgl/LIB/LIBSGL.A(sglB058.o)
                              src/main.o (slPlaneNbg3)
../../saturnringlib/../modules/sgl/LIB/LIBSGL.A(sglB063.o)
                              src/main.o (slPriority)
../../saturnringlib/../modules/sgl/LIB/LIBSGL.A(sglB070.o)
                              src/main.o (slScrPosNbg0)
../../saturnringlib/../modules/sgl/LIB/LIBSGL.A(sglB112.o)
                              src/main.o (slScrScaleNbg0)
../../saturnringlib/../modules/sgl/LIB/LIBSGL.A(sglB200.o)
                              src/main.o (slCharNbg0)
[...]
Memory Configuration

Name             Origin             Length             Attributes
*default*        0x00000000         0xffffffff

Linker script and memory map


SLSTART         0x06004000       0x30
                0x06004000                        ___Start = .
 *(SLSTART)
 SLSTART        0x06004000       0x28 ../../saturnringlib/../modules/sgl/LIB/LIBSGL.A(sglI00.o)
                0x06004000                SGL_Start
                0x06004002                slStartSGL

.text           0x06004040    0x14310
 *(.text*)
 .text          0x06004040        0x0 ../../saturnringlib/../modules/sgl/LIB/../SRC/workarea.o
 .text          0x06004040       0xd8 src/main.o
 .text._ZN3SRL7Tilemap10Interfaces8Bmp2Tile11GetCellDataEv
                0x06004118        0x4 src/main.o
                0x06004118                SRL::Tilemap::Interfaces::Bmp2Tile::GetCellData()
 .text._ZN3SRL7Tilemap10Interfaces8Bmp2Tile10GetMapDataEv
                0x0600411c        0x4 src/main.o
                0x0600411c                SRL::Tilemap::Interfaces::Bmp2Tile::GetMapData()
 .text._ZN3SRL7Tilemap10Interfaces8Bmp2Tile10GetPalDataEv
                0x06004120        0x4 src/main.o
                0x06004120                SRL::Tilemap::Interfaces::Bmp2Tile::GetPalData()
 .text._ZN3SRL7Tilemap10Interfaces8Bmp2Tile7GetInfoEv
                0x06004124       0x18 src/main.o
                0x06004124                SRL::Tilemap::Interfaces::Bmp2Tile::GetInfo()
 .text._ZN3SRL5Input7Digital11IsConnectedEv
                0x0600413c       0x28 src/main.o
                0x0600413c                SRL::Input::Digital::IsConnected()
 .text._ZN3SRL5Input7Digital6IsHeldERKNS1_6ButtonE
                0x06004164       0x1c src/main.o
                0x06004164                SRL::Input::Digital::IsHeld(SRL::Input::Digital::Button const&)
 .text._ZN3SRL5Input7Digital11WasReleasedERKNS1_6ButtonE
                0x06004180       0x2c src/main.o
                0x06004180                SRL::Input::Digital::WasReleased(SRL::Input::Digital::Button const&)
 .text._ZN3SRL5Input7Digital10WasPressedERKNS1_6ButtonE
                0x060041ac       0x2c src/main.o
                0x060041ac                SRL::Input::Digital::WasPressed(SRL::Input::Digital::Button const&)
 .text._ZN3SRL6Bitmap3TGA7GetDataEv
                0x060041d8        0x4 src/main.o
                0x060041d8                SRL::Bitmap::TGA::GetData()
 .text._ZN3SRL6Bitmap3TGA7GetInfoEv
                0x060041dc       0x34 src/main.o
                0x060041dc                SRL::Bitmap::TGA::GetInfo()
 .text._ZN3SRL7Scene3D21LightCopyGouraudTableEv
                0x06004210        0xc src/main.o
                0x06004210                SRL::Scene3D::LightCopyGouraudTable()
 .text._ZN3SRL4Math5Types3FxpmIERKS2_.isra.0
                0x0600421c        0x8 src/main.o
 .text._ZN3SRL4Core14VblankHandlingEv
                0x06004224      0x1b4 src/main.o
                0x06004224                SRL::Core::VblankHandling()
 .text._ZN3SRL4Math5Types3FxpC2Ev
                0x060043d8        0x8 src/main.o
                0x060043d8                SRL::Math::Types::Fxp::Fxp()
                0x060043d8                SRL::Math::Types::Fxp::Fxp()
 .text._ZN3SRL4Math5Types3FxpC2ERKS2_
                0x060043e0        0x8 src/main.o
                0x060043e0                SRL::Math::Types::Fxp::Fxp(SRL::Math::Types::Fxp const&)
                0x060043e0                SRL::Math::Types::Fxp::Fxp(SRL::Math::Types::Fxp const&)
 .text._ZNK3SRL4Math5Types3Fxp8RawValueEv
                0x060043e8        0x4 src/main.o
                0x060043e8                SRL::Math::Types::Fxp::RawValue() const
 .text._ZN3SRL4Math5Types8Vector3DC2ERKS2_
                0x060043ec       0x34 src/main.o
                0x060043ec                SRL::Math::Types::Vector3D::Vector3D(SRL::Math::Types::Vector3D const&)
                0x060043ec                SRL::Math::Types::Vector3D::Vector3D(SRL::Math::Types::Vector3D const&)
 .text.unlikely
                0x06004420        0x4 src/main.o
                0x06004420                std::__throw_length_error(char const*)
 .text._ZN3SRL6Memory12SimpleMalloc6MallocERKNS0_10MemoryZoneEj
                0x06004424       0xdc src/main.o
                0x06004424                SRL::Memory::SimpleMalloc::Malloc(SRL::Memory::MemoryZone const&, unsigned int)
 .text._ZN3SRL6Memory4FreeEPv
                0x06004500      0x114 src/main.o
                0x06004500                SRL::Memory::Free(void*)
 .text._ZN3SRL6Memory15PlacementMallocEjm
                0x06004614      0x19c src/main.o
                0x06004614                SRL::Memory::PlacementMalloc(unsigned int, unsigned long)
 .text._ZN3SRL4VDP210InitializeERKNS_5Types9HighColorE
                0x060047b0      0x1ac src/main.o
                0x060047b0                SRL::VDP2::Initialize(SRL::Types::HighColor const&)
 .text._ZN3SRL5Input3Gun11SynchronizeEv
                0x0600495c      0x1d0 src/main.o
                0x0600495c                SRL::Input::Gun::Synchronize()
 .text._ZN3SRL5Sound8Hardware10InitializeEv
                0x06004b2c      0x774 src/main.o
                0x06004b2c                SRL::Sound::Hardware::Initialize()
 .text._ZN3SRL4Core10InitializeERKNS_5Types9HighColorE
                0x060052a0      0x120 src/main.o
                0x060052a0                SRL::Core::Initialize(SRL::Types::HighColor const&)
 .text._ZN3SRL6Bitmap3TGA13DecodePaletteEPhPKNS1_9TgaHeaderEl
                0x060053c0      0x4b8 src/main.o
                0x060053c0                SRL::Bitmap::TGA::DecodePalette(unsigned char*, SRL::Bitmap::TGA::TgaHeader const*, long)
 .text._ZN3SRL6Bitmap3TGA17DecodeRlePalettedEPhPKNS1_9TgaHeaderERNS1_8ForRangeES7_
                0x06005878      0x330 src/main.o
                0x06005878                SRL::Bitmap::TGA::DecodeRlePaletted(unsigned char*, SRL::Bitmap::TGA::TgaHeader const*, SRL::Bitmap::TGA::ForRange&, SRL::Bitmap::TGA::ForRange&)
 .text._ZN11ModelObjectC2EPKcj
                0x06005ba8     0x2240 src/main.o
                0x06005ba8                ModelObject::ModelObject(char const*, unsigned int)
                0x06005ba8                ModelObject::ModelObject(char const*, unsigned int)
 .text._ZN6Camera13OrbitPositionEN3SRL4Math5Types5AngleES3_NS2_3FxpE
                0x06007de8      0x1b0 src/main.o
                0x06007de8                Camera::OrbitPosition(SRL::Math::Types::Angle, SRL::Math::Types::Angle, SRL::Math::Types::Fxp)
 .text._ZN6Camera13RefreshAnglesERNS_5StateE
                0x06007f98       0xa8 src/main.o
                0x06007f98                Camera::RefreshAngles(Camera::State&)
 .text._ZN6Camera11UpdateInputERNS_5StateERKNS_6TuningERN3SRL5Input7DigitalE
                0x06008040      0x6d0 src/main.o
                0x06008040                Camera::UpdateInput(Camera::State&, Camera::Tuning const&, SRL::Input::Digital&)
 .text._ZN13SkyBackground6UpdateEl
                0x06008710      0x120 src/main.o
                0x06008710                SkyBackground::Update(long)
 .text._ZN3SRL5Debug12AssertScreenIJEEEvPKcS3_S3_DpT_
                0x06008830      0x618 src/main.o
                0x06008830                void SRL::Debug::AssertScreen<>(char const*, char const*, char const*)
 .text._ZN3SRL4VDP24VRAM16AutoAllocateCellERNS_7Tilemap11TilemapInfoEt
                0x06008e48      0x234 src/main.o
                0x06008e48                SRL::VDP2::VRAM::AutoAllocateCell(SRL::Tilemap::TilemapInfo&, unsigned short)
 .text._ZN3SRL7Tilemap10Interfaces8Bmp2Tile13ConvertBitmapERNS0_11TilemapInfoERNS_6Bitmap7IBitmapEib.isra.0
                0x0600907c      0x3f4 src/main.o
 .text._ZN3SRL5Debug12AssertScreenIJlEEEvPKcS3_S3_DpT_
                0x06009470      0x724 src/main.o
                0x06009470                void SRL::Debug::AssertScreen<long>(char const*, char const*, char const*, long)
 .text._ZN3SRL7Tilemap10Interfaces8Bmp2TileC2ERNS_6Bitmap7IBitmapEh
                0x06009b94      0x558 src/main.o
                0x06009b94                SRL::Tilemap::Interfaces::Bmp2Tile::Bmp2Tile(SRL::Bitmap::IBitmap&, unsigned char)
                0x06009b94                SRL::Tilemap::Interfaces::Bmp2Tile::Bmp2Tile(SRL::Bitmap::IBitmap&, unsigned char)
 .text._ZN3SRL5Debug12AssertScreenIJssEEEvPKcS3_S3_DpT_
                0x0600a0ec      0x738 src/main.o
                0x0600a0ec                void SRL::Debug::AssertScreen<short, short>(char const*, char const*, char const*, short, short)
 .text._ZN3SRL5Debug12AssertScreenIJaEEEvPKcS3_S3_DpT_
                0x0600a824      0x728 src/main.o
                0x0600a824                void SRL::Debug::AssertScreen<signed char>(char const*, char const*, char const*, signed char)
 .text._ZN3SRL6Bitmap3TGA8LoadDataEPNS_2Cd4FileEPNS1_14LoaderSettingsE
                0x0600af4c      0xfd0 src/main.o
                0x0600af4c                SRL::Bitmap::TGA::LoadData(SRL::Cd::File*, SRL::Bitmap::TGA::LoaderSettings*)
 .text._ZN3SRL5Debug5PrintIJPKcEEEvhhS3_DpT_
                0x0600bf1c      0x164 src/main.o
                0x0600bf1c                void SRL::Debug::Print<char const*>(unsigned char, unsigned char, char const*, char const*)
 .text._ZN3SRL5Debug5PrintIJsssEEEvhhPKcDpT_
                0x0600c080      0x18c src/main.o
                0x0600c080                void SRL::Debug::Print<short, short, short>(unsigned char, unsigned char, char const*, short, short, short)
 .text._ZNSt6vectorIPFvvESaIS1_EE7reserveEj
                0x0600c20c      0x150 src/main.o
                0x0600c20c                std::vector<void (*)(), std::allocator<void (*)()> >::reserve(unsigned int)
 .text._ZN3SRL4VDP212ScrollScreenINS0_4NBG0ELs1ELt1EE12SetMapLayoutEhhhh
                0x0600c35c      0x210 src/main.o
                0x0600c35c                SRL::VDP2::ScrollScreen<SRL::VDP2::NBG0, (short)1, (unsigned short)1>::SetMapLayout(unsigned char, unsigned char, unsigned char, unsigned char)
 .text._ZN3SRL4VDP212ScrollScreenINS0_4NBG0ELs1ELt1EE11LoadTilemapERNS_7Tilemap8ITilemapE
                0x0600c56c      0x5b0 src/main.o
                0x0600c56c                SRL::VDP2::ScrollScreen<SRL::VDP2::NBG0, (short)1, (unsigned short)1>::LoadTilemap(SRL::Tilemap::ITilemap&)
 .text.startup  0x0600cb1c     0x2164 src/main.o
                0x0600cb1c                main
 .text.exit     0x0600ec80       0x54 src/main.o
 *fill*         0x0600ecd4        0xc 
 .text          0x0600ece0      0x3a0 ../../saturnringlib/../modules/sgl/LIB/LIBCD.A(CDC_CMN.O)
                0x0600ece0                CDC_GetCurStat
                0x0600ed30                CDC_GetLastStat
                0x0600ed48                CDC_GetPeriStat
                0x0600ee1c                CDC_GetHwInfo
                0x0600ee84                CDC_TgetToc
                0x0600eed4                CDC_GetSes
                0x0600ef10                CDC_CdInit
                0x0600ef94                CDC_CdOpen
                0x0600efbc                CDC_DataReady
                0x0600f028                CDC_DataEnd
 .text          0x0600f080      0x2dc ../../saturnringlib/../modules/sgl/LIB/LIBCD.A(CDC_REG.O)
                0x0600f080                CDC_GetDataPtr
                0x0600f090                CDC_GetHirqReq
                0x0600f0a4                CDC_ClrHirqReq
                0x0600f0d4                CDREG_ClrHirqReq
                0x0600f0e4                CDREG_InitHirqReq
                0x0600f10c                CDREG_SetHirqFlag
                0x0600f120                CDC_GetHirqMsk
                0x0600f134                CDC_SetHirqMsk
                0x0600f144                CDC_GetMpegPtr
                0x0600f154                CDREG_TgetData
                0x0600f1b0                CDREG_CmdRsp
                0x0600f2b0                CDREG_WaitHirq
                0x0600f320                CDREG_ReadRsp
 *fill*         0x0600f35c        0x4 
 .text          0x0600f360      0x152 ../../saturnringlib/../modules/sgl/LIB/LIBCD.A(CDC_SUB.O)
                0x0600f360                CDSUB_UpdStatus
                0x0600f378                CDSUB_UpdCdstat
                0x0600f398                CDSUB_CdCmd
                0x0600f408                CDSUB_GetCdstat
                0x0600f448                CDSUB_RspToCdstat
                0x0600f490                CDSUB_SoftTimer
 *fill*         0x0600f4b2        0xe 
 .text          0x0600f4c0     0x1adc ../../saturnringlib/../modules/sgl/LIB/LIBCD.A(GFS.O)
                0x0600f4c0                gfs_version
                0x0600f4e0                GFS_Init
                0x0600f5c8                GFS_LoadDir
                0x0600f670                GFS_SetDir
                0x0600f6d8                GFS_NameToId
                0x0600f73c                GFS_IdToName
                0x0600f7a8                GFS_GetDirInfo
                0x0600f818                GFS_Reset
                0x0600f89c                GFS_Open
                0x0600f950                GFS_Close
                0x0600f988                GFS_Seek
                0x0600fa3c                GFS_Tell
                0x0600fa8c                GFS_IsEof
                0x0600fae0                GFS_ByteToSct
                0x0600fb3c                GFS_GetFileSize
                0x0600fb98                GFS_GetFileInfo
                0x0600fc0c                GFS_GetNumCdbuf
                0x0600fc34                GFS_Load
                0x0600fcf8                GFS_Fread
                0x0600fd94                gfs_waitRead
                0x0600fe3c                GFS_NwFread
                0x0600ff48                GFS_NwCdRead
                0x0600ffc0                GFS_NwIsComplete
                0x0600fff8                GFS_NwStop
                0x06010064                GFS_NwGetStat
                0x060100e0                gfs_recovRdErr
                0x06010110                GFS_NwExecOne
                0x060101d0                GFS_NwExecServer
                0x0601024c                GFS_SetGmode
                0x060102b0                GFS_SetTmode
                0x0601031c                GFS_SetReadPara
                0x06010380                GFS_SetTransPara
                0x060103ec                GFS_SetTrFunc
                0x06010450                GFS_StartTrans
                0x0601049c                GFS_CdMovePickup
                0x06010508                GFS_SetErrFunc
                0x06010534                GFS_GetErrStat
                0x06010558                GFS_ConvTno
                0x06010580                gfs_chgRoot
                0x0601064c                gfs_aborttrans
                0x06010658                gfs_mngSetupFuncTbl
                0x0601068c                gfs_mngInitWork
                0x06010730                gfs_mngGetNumFile
                0x06010798                GFS_mngAllocGrp
                0x060107e0                gfs_mngFreeGrp
                0x060107ec                gfs_mngTermAccess
                0x06010870                gfs_mngSetErrCode
                0x060108f0                gfs_svrSearchHndl
                0x06010930                gfs_svrAddHndl
                0x0601096c                gfs_svrRemoveHndl
                0x060109c8                GFS_OpenSub
                0x06010a20                gfs_loadVol
                0x06010ae4                gfs_getRootDir
                0x06010be0                gfs_loadRootDir
                0x06010c68                gfs_flowIn
                0x06010d10                gfs_transData
                0x06010db4                GFS_GetFad
                0x06010e0c                gfs_SetSct
                0x06010e4c                gfs_GetFinfo
                0x06010e8c                gfs_closeSub
                0x06010ec8                gfs_getGmode
                0x06010ed4                gfs_isTaskDone
                0x06010f28                gfs_convFinStat
 *fill*         0x06010f9c        0x4 
 .text          0x06010fa0      0x106 ../../saturnringlib/../modules/sgl/LIB/LIBCD.A(GFS_BUF.O)
                0x06010fd0                GFBF_GetTranData
                0x06010ff8                GFBF_GetNumData
                0x06011028                GFBF_GetSrcPk
                0x06011050                GFBF_GetSctData
                0x06011074                GFBF_RtnPk
                0x0601109c                gfbf_getSctDt
 *fill*         0x060110a6        0xa 
 .text          0x060110b0      0x600 ../../saturnringlib/../modules/sgl/LIB/LIBCD.A(GFS_CDB.O)
                0x060110b0                GFCB_Setup
                0x060111d0                GFCB_Close
                0x060111f8                GFCB_GetLenData
                0x060112a4                GFCB_GetLenRoom
                0x060112b0                GFCB_SetFilt
                0x06011318                GFCB_DeleteAllData
                0x06011340                GFCB_Tell
                0x06011350                gfcb_getSctNum
                0x060113a0                GFCB_Seek
                0x0601149c                GFCB_GetSrcPack
                0x0601157c                GFCB_GetSctData
                0x060115b4                GFCB_GetDstPack
                0x060115c0                GFCB_RtnPk
                0x06011608                GFCB_MovePickup
                0x06011624                GFCB_SetCon
                0x06011658                GFCB_GetPickup
                0x06011680                GFCB_IsPuOwner
                0x06011698                GFCB_UngetPickup
 .text          0x060116b0     0x1a10 ../../saturnringlib/../modules/sgl/LIB/LIBCD.A(GFS_CDC.O)
                0x060116b0                GFCD_SetCdbfs
                0x060116dc                GFCD_Init
                0x060118e0                GFCD_AllocFilt
                0x0601191c                GFCD_FreeFilt
                0x0601194c                GFCD_AllocBuf
                0x06011980                GFCD_FreeBuf
                0x06011a24                GFCD_GetBaseFad
                0x06011a58                GFCD_GetPickup
                0x06011a8c                GFCD_UngetPickup
                0x06011ab8                GFCD_IsPuOwner
                0x06011adc                GFCD_SetFilt
                0x06011ba0                GFCD_GetFilt
                0x06011be8                GFCD_SetCon
                0x06011c40                GFCD_Play
                0x06011ca0                GFCD_GetLenData
                0x06011d08                GFCD_ReqData
                0x06011d64                GFCD_EndData
                0x06011dac                GFCD_DelSctData
                0x06011e04                GFCD_CheckDelSctData
                0x06011e34                GFCD_GetStat
                0x06011ee8                GFCD_MovePickup
                0x06011f34                GFCD_MoveSctData
                0x06011fa8                GFCD_CheckMove
                0x06011fcc                GFCD_GetSctInfo
                0x06012014                GFCD_ChgDir
                0x06012088                GFCD_SetFiltCon
                0x06012170                GFCD_GetFileInfo
                0x0601224c                GFCD_GetBufSiz
                0x06012284                GFCD_ExecServer
                0x06012358                gfcd_isIdleTask
                0x060123e4                gfcd_doTask
                0x06012490                GFCD_SetTimer
                0x060124a4                GFCD_WaitServer
                0x060124e0                gfcd_doSetFiltTsk
                0x060126a4                gfcd_doSetConTsk
                0x06012734                gfcd_doGetLenDataTsk
                0x06012888                gfcd_doReqDataTsk
                0x06012928                gfcd_doDelSctDataTsk
                0x06012a5c                gfcd_doMoveSctTsk
                0x06012bc0                gfcd_doChgDirTsk
                0x06012dbc                gfcd_doSetFiltConTsk
                0x06012f00                gfcd_checkEflag
                0x06012f24                gfcd_initCdbMng
                0x06012fa4                gfcd_setStat
                0x06012fd0                GFCD_SetCsctFunc
                0x06012fec                GFCD_ChkScdqFlag
                0x06013010                GFCD_ClrScdqFlag
                0x0601302c                GFCD_WaitScdqFlag
                0x06013070                GFCD_WaitPause
 .text          0x060130c0      0x8d8 ../../saturnringlib/../modules/sgl/LIB/LIBCD.A(GFS_CDF.O)
                0x060130c0                GFCF_Init
                0x06013160                GFCF_Setup
                0x060132a8                GFCF_SetSct
                0x060132ec                GFCF_GetFileInfo
                0x06013360                GFCF_FlowInBuf
                0x060134b4                GFCF_StopInBuf
                0x06013554                GFCF_Recover
                0x0601359c                GFCF_Tell
                0x060135b4                GFCF_Seek
                0x060135cc                GFCF_MovePickup
                0x06013668                GFCF_cnvIntlvOfs
                0x060136bc                GFCF_GetStat
                0x06013754                gfcf_getSctSize
                0x06013790                gfcf_isCdOk
                0x06013850                gfcf_getPlayRange
 *fill*         0x06013998        0x8 
 .text          0x060139a0      0x92c ../../saturnringlib/../modules/sgl/LIB/LIBCD.A(GFS_DIR.O)
                0x060139a0                GFDR_SetupDirTbl
                0x06013a14                GFDR_NameToId
                0x06013a74                GFDR_GetInfoDirId
                0x06013a88                GFDR_GetInfoDirName
                0x06013a9c                GFDR_GetAtrDirId
                0x06013ab4                GFDR_GetAtrDirName
                0x06013acc                GFDR_ChgRoot
                0x06013ae4                GFDR_ChgDir
                0x06013b58                gfdr_setupDirIdTbl
                0x06013bdc                gfdr_setupDirNameTbl
                0x06013c88                gfdr_open
                0x06013cb0                gfdr_read
                0x06013d70                gfdr_readByte
                0x06013d9c                gfdr_readWord
                0x06013dc8                gfdr_readWordNB
                0x06013e1c                gfdr_readLongNB
                0x06013e68                gfdr_readLongNM
                0x06013e90                gfdr_setNextRec
                0x06013f14                gfdr_readDirEnt
                0x06014290                gfdr_setDirrecCd
 *fill*         0x060142cc        0x4 
 .text          0x060142d0      0x9c6 ../../saturnringlib/../modules/sgl/LIB/LIBCD.A(GFS_TRN.O)
                0x06014300                GFTR_Setup
                0x06014344                GFTR_SetMode
                0x06014358                GFTR_SetUnit
                0x06014364                GFTR_SetTransPara
                0x06014398                GFTR_GetTransPara
                0x060143a4                GFTR_GetNumTrans
                0x060143b0                GFTR_SetTransMax
                0x060143bc                GFTR_Start
                0x060143c8                GFTR_Pause
                0x060143d4                GFTR_Stop
                0x0601448c                GFTR_Exec
                0x06014510                GFTR_Idle
                0x06014588                GFTR_ExecSvr
                0x06014690                gftr_getSrcPack
                0x06014718                gftr_getDstPack
                0x06014774                gftr_reqScu
                0x06014780                gftr_execScu
                0x0601481c                gftr_remScu
                0x06014850                gfdma_canUse
                0x0601485c                gfdma_exec
                0x060148cc                gfdma_getBytecnt
                0x06014904                gftr_reqDma0
                0x0601491c                gftr_execSdma0
                0x06014940                gftr_remDma0
                0x06014958                gftr_reqDma1
                0x06014970                gftr_execSdma1
                0x06014994                gftr_remDma1
                0x060149ac                gftr_reqCpu
                0x060149b8                gftr_execCpu
                0x060149f8                gftr_remCpu
                0x06014a04                gftr_reqTrn
                0x06014a74                gftr_execTrn
                0x06014b4c                gftr_remTrn
                0x06014bc0                gftr_copyFrac
                0x06014be8                GFTR_GetLenData
                0x06014bf4                GFTR_GetLenRoom
                0x06014c0c                GFTR_GetDstPack
                0x06014c40                GFTR_RtnDstPk
                0x06014c5c                GFTR_GetData
                0x06014c70                GFTR_SetData
                0x06014c84                GFTR_SetTransFunc
 *fill*         0x06014c96        0xa 
 .text          0x06014ca0      0x130 ../../saturnringlib/../modules/sgl/LIB/LIBCD.A(CDC_DRV.O)
                0x06014ca0                CDC_CdPlay
                0x06014d6c                CDC_CdSeek
                0x06014da0                CDC_CdScan
 .text          0x06014dd0       0xa8 ../../saturnringlib/../modules/sgl/LIB/LIBCD.A(CDC_DEV.O)
                0x06014dd0                CDC_CdSetCon
                0x06014e00                CDC_CdGetCon
                0x06014e3c                CDC_CdGetLastBuf
 *fill*         0x06014e78        0x8 
 .text          0x06014e80      0x2b8 ../../saturnringlib/../modules/sgl/LIB/LIBCD.A(CDC_SEL.O)
                0x06014e80                CDC_SetFiltRange
                0x06014eb4                CDC_GetFiltRange
                0x06014f0c                CDC_SetFiltSubh
                0x06014f7c                CDC_GetFiltSubh
                0x06014ff8                CDC_SetFiltMode
                0x0601502c                CDC_GetFiltMode
                0x06015070                CDC_SetFiltCon
                0x060150b0                CDC_GetFiltCon
                0x06015104                CDC_ResetSelector
 *fill*         0x06015138        0x8 
 .text          0x06015140      0x270 ../../saturnringlib/../modules/sgl/LIB/LIBCD.A(CDC_BIF.O)
                0x06015140                CDC_GetBufSiz
                0x0601519c                CDC_GetSctNum
                0x060151e0                CDC_CalActSiz
                0x0601521c                CDC_GetActSiz
                0x0601529c                CDC_GetSctInfo
                0x0601531c                CDC_ExeFadSearch
                0x06015354                CDC_GetFadSearch
 .text          0x060153b0      0x1e4 ../../saturnringlib/../modules/sgl/LIB/LIBCD.A(CDC_BIO.O)
                0x060153b0                CDC_SetSctLen
                0x060153e4                CDC_GetSctData
                0x06015420                CDC_DelSctData
                0x0601545c                CDC_GetdelSctData
                0x06015498                CDC_PutSctData
                0x060154d0                CDC_CopySctData
                0x06015514                CDC_MoveSctData
                0x06015558                CDC_GetCopyErr
 *fill*         0x06015594        0xc 
 .text          0x060155a0      0x194 ../../saturnringlib/../modules/sgl/LIB/LIBCD.A(CDC_CFS.O)
                0x060155a0                CDC_ChgDir
                0x060155d4                CDC_ReadDir
                0x06015608                CDC_GetFileScope
                0x06015668                CDC_TgetFileInfo
                0x060156c4                CDC_ReadFile
                0x060156f8                CDC_AbortFile
 *fill*         0x06015734        0xc 
 .text          0x06015740        0x0 ../../saturnringlib/../modules/sgl/LIB/LIBSGL.A(sglA16.o)
 .text          0x06015740        0x0 ../../saturnringlib/../modules/sgl/LIB/LIBSGL.A(sglA17.o)
 .text          0x06015740        0x0 ../../saturnringlib/../modules/sgl/LIB/LIBSGL.A(sglA18.o)
 .text          0x06015740        0x0 ../../saturnringlib/../modules/sgl/LIB/LIBSGL.A(sglA19.o)
 .text          0x06015740        0x0 ../../saturnringlib/../modules/sgl/LIB/LIBSGL.A(sglA20.o)
 .text          0x06015740        0x0 ../../saturnringlib/../modules/sgl/LIB/LIBSGL.A(sglA21.o)
 .text          0x06015740        0x0 ../../saturnringlib/../modules/sgl/LIB/LIBSGL.A(sglA27.o)
 .text          0x06015740        0x0 ../../saturnringlib/../modules/sgl/LIB/LIBSGL.A(sglA39.o)
 .text          0x06015740        0x0 ../../saturnringlib/../modules/sgl/LIB/LIBSGL.A(sglB001.o)
 .text          0x06015740        0x0 ../../saturnringlib/../modules/sgl/LIB/LIBSGL.A(sglB002.o)
 .text          0x06015740        0x0 ../../saturnringlib/../modules/sgl/LIB/LIBSGL.A(sglB015.o)
 .text          0x06015740        0x0 ../../saturnringlib/../modules/sgl/LIB/LIBSGL.A(sglB016.o)
 .text          0x06015740        0x0 ../../saturnringlib/../modules/sgl/LIB/LIBSGL.A(sglB031.o)
 .text          0x06015740        0x0 ../../saturnringlib/../modules/sgl/LIB/LIBSGL.A(sglB034.o)
 .text          0x06015740        0x0 ../../saturnringlib/../modules/sgl/LIB/LIBSGL.A(sglB038.o)
 .text          0x06015740        0x0 ../../saturnringlib/../modules/sgl/LIB/LIBSGL.A(sglB055.o)
 .text          0x06015740        0x0 ../../saturnringlib/../modules/sgl/LIB/LIBSGL.A(sglB058.o)
 .text          0x06015740        0x0 ../../saturnringlib/../modules/sgl/LIB/LIBSGL.A(sglB063.o)
 .text          0x06015740        0x0 ../../saturnringlib/../modules/sgl/LIB/LIBSGL.A(sglB070.o)
 .text          0x06015740        0x0 ../../saturnringlib/../modules/sgl/LIB/LIBSGL.A(sglB112.o)
 .text          0x06015740        0x0 ../../saturnringlib/../modules/sgl/LIB/LIBSGL.A(sglB200.o)
 .text          0x06015740        0x0 ../../saturnringlib/../modules/sgl/LIB/LIBSGL.A(sglC01.o)
 .text          0x06015740        0x0 ../../saturnringlib/../modules/sgl/LIB/LIBSGL.A(sglC02.o)
 .text          0x06015740        0x0 ../../saturnringlib/../modules/sgl/LIB/LIBSGL.A(sglC04.o)
 .text          0x06015740        0x0 ../../saturnringlib/../modules/sgl/LIB/LIBSGL.A(sglC05.o)
 .text          0x06015740        0x0 ../../saturnringlib/../modules/sgl/LIB/LIBSGL.A(sglC08.o)
 .text          0x06015740        0x0 ../../saturnringlib/../modules/sgl/LIB/LIBSGL.A(sglC20.o)
 .text          0x06015740        0x0 ../../saturnringlib/../modules/sgl/LIB/LIBSGL.A(sglD00.o)
 .text          0x06015740        0x0 ../../saturnringlib/../modules/sgl/LIB/LIBSGL.A(sglD01.o)
 .text          0x06015740        0x0 ../../saturnringlib/../modules/sgl/LIB/LIBSGL.A(sglD03.o)
 .text          0x06015740        0x0 ../../saturnringlib/../modules/sgl/LIB/LIBSGL.A(sglD15.o)
 .text          0x06015740        0x0 ../../saturnringlib/../modules/sgl/LIB/LIBSGL.A(sglD16.o)
 .text          0x06015740        0x0 ../../saturnringlib/../modules/sgl/LIB/LIBSGL.A(sglD17.o)
 .text          0x06015740        0x0 ../../saturnringlib/../modules/sgl/LIB/LIBSGL.A(sglD18.o)
 .text          0x06015740        0x0 ../../saturnringlib/../modules/sgl/LIB/LIBSGL.A(sglF00.o)
 .text          0x06015740        0x0 ../../saturnringlib/../modules/sgl/LIB/LIBSGL.A(sglG00.o)
 .text          0x06015740        0x0 ../../saturnringlib/../modules/sgl/LIB/LIBSGL.A(sglH00.o)
 .text          0x06015740        0x0 ../../saturnringlib/../modules/sgl/LIB/LIBSGL.A(sglH02.o)
 .text          0x06015740        0x0 ../../saturnringlib/../modules/sgl/LIB/LIBSGL.A(sglH04.o)
 .text          0x06015740        0x0 ../../saturnringlib/../modules/sgl/LIB/LIBSGL.A(sglI01.o)
 .text          0x06015740        0x0 ../../saturnringlib/../modules/sgl/LIB/LIBSGL.A(sglI04.o)
 .text          0x06015740      0x128 ../../saturnringlib/../modules/sgl/LIB/LIBSGL.A(sglIc0.o)
                0x06015740                slInitSystem
 *fill*         0x06015868        0x8 
 .text          0x06015870        0x0 ../../saturnringlib/../modules/sgl/LIB/LIBSGL.A(sglJ00.o)
 .text          0x06015870        0x0 ../../saturnringlib/../modules/sgl/LIB/LIBSGL.A(sglJ01.o)
 .text          0x06015870        0x0 ../../saturnringlib/../modules/sgl/LIB/LIBSGL.A(sglJ02.o)
 .text          0x06015870        0x0 ../../saturnringlib/../modules/sgl/LIB/LIBSGL.A(sglJ03.o)
 .text          0x06015870        0x0 ../../saturnringlib/../modules/sgl/LIB/LIBSGL.A(sglJ04.o)
 .text          0x06015870        0x0 ../../saturnringlib/../modules/sgl/LIB/LIBSGL.A(sglJ05.o)
 .text          0x06015870        0x0 ../../saturnringlib/../modules/sgl/LIB/LIBSGL.A(sglK01.o)
 .text          0x06015870        0x0 ../../saturnringlib/../modules/sgl/LIB/LIBSGL.A(sglM00.o)
 .text          0x06015870        0x0 ../../saturnringlib/../modules/sgl/LIB/LIBSGL.A(sglM01.o)
 .text          0x06015870        0x0 ../../saturnringlib/../modules/sgl/LIB/LIBSGL.A(sglA00.o)
 .text          0x06015870        0x0 ../../saturnringlib/../modules/sgl/LIB/LIBSGL.A(sglA01.o)
 .text          0x06015870        0x0 ../../saturnringlib/../modules/sgl/LIB/LIBSGL.A(sglA03.o)
 .text          0x06015870        0x0 ../../saturnringlib/../modules/sgl/LIB/LIBSGL.A(sglA10.o)
 .text          0x06015870        0x0 ../../saturnringlib/../modules/sgl/LIB/LIBSGL.A(sglA25.o)
 .text          0x06015870        0x0 ../../saturnringlib/../modules/sgl/LIB/LIBSGL.A(sglA40.o)
 .text          0x06015870        0x0 ../../saturnringlib/../modules/sgl/LIB/LIBSGL.A(sglB000.o)
 .text          0x06015870        0x0 ../../saturnringlib/../modules/sgl/LIB/LIBSGL.A(sglB035.o)
 .text          0x06015870        0x0 ../../saturnringlib/../modules/sgl/LIB/LIBSGL.A(sglC00.o)
 .text          0x06015870        0x0 ../../saturnringlib/../modules/sgl/LIB/LIBSGL.A(sglC13.o)
 .text          0x06015870        0x0 ../../saturnringlib/../modules/sgl/LIB/LIBSGL.A(sglD02.o)
 .text          0x06015870        0x0 ../../saturnringlib/../modules/sgl/LIB/LIBSGL.A(sglD19.o)
 .text          0x06015870        0x0 ../../saturnringlib/../modules/sgl/LIB/LIBSGL.A(sglI00.o)
 .text          0x06015870        0x0 ../../saturnringlib/../modules/sgl/LIB/LIBSGL.A(sglH03.o)
 .text          0x06015870     0x10b4 ../../saturnringlib/../modules/sgl/LIB/LIBSND.A(snd_main.o)
                0x06015870                SND_Init
                0x060159e8                SND_MoveData
                0x06015a34                SND_ChgMap
                0x06015b0c                SND_SetTlVl
                0x06015b6c                SND_ChgEfct
                0x06015bcc                SND_ChgMix
                0x06015c38                SND_ChgMixPrm
                0x06015cc0                SND_ChkHard
                0x06015d5c                SND_StopDsp
                0x06015db0                SND_OffAllSound
                0x06015e04                SND_StartSeq
                0x06015e88                SND_StopSeq
                0x06015ee8                SND_PauseSeq
                0x06015f48                SND_ContSeq
                0x06015fa8                SND_SetSeqVl
                0x06016020                SND_ChgTempo
                0x0601609c                SND_CtrlDirMidi
                0x06016154                SND_SetSeqPan
                0x060161c8                SND_StartPcm
                0x060162d8                SND_StopPcm
                0x06016338                SND_ChgPcm
                0x06016408                SND_StartVlAnl
                0x0601645c                SND_StopVlAnl
                0x060164b0                SND_SetCdDaLev
                0x0601652c                SND_SetCdDaPan
                0x060165a8                SND_GetSeqStat
                0x060165d0                SND_GetSeqPlayPos
                0x060165ec                SND_GetPcmPlayAdr
                0x06016614                SND_GetAnlTlVl
                0x06016630                SND_GetAnlHzVl
                0x060167ec                SND_SetQSound
                0x06016858                SND_Set3D_Stat
                0x060168d0                SND_Set3D_Init
 .text          0x06016924       0x52 C:/saturn/SaturnRingLib-main/Compiler/sh2eb-elf/bin/../lib/gcc/sh-elf/14.2.0\libgcc.a(_ashiftrt.o)
                0x06016924                __ashiftrt_r4_31
                0x06016924                __ashiftrt_r4_32
                0x0601692a                __ashiftrt_r4_30
                0x0601692c                __ashiftrt_r4_29
                0x0601692e                __ashiftrt_r4_28
                0x06016930                __ashiftrt_r4_27
                0x06016932                __ashiftrt_r4_26
                0x06016934                __ashiftrt_r4_25
                0x06016936                __ashiftrt_r4_24
                0x0601693e                __ashiftrt_r4_23
                0x06016940                __ashiftrt_r4_22
                0x06016942                __ashiftrt_r4_21
                0x06016944                __ashiftrt_r4_20
                0x06016946                __ashiftrt_r4_19
                0x06016948                __ashiftrt_r4_18
                0x0601694a                __ashiftrt_r4_17
                0x0601694c                __ashiftrt_r4_16
                0x06016952                __ashiftrt_r4_15
                0x06016954                __ashiftrt_r4_14
                0x06016956                __ashiftrt_r4_13
                0x06016958                __ashiftrt_r4_12
                0x0601695a                __ashiftrt_r4_11
                0x0601695c                __ashiftrt_r4_10
                0x0601695e                __ashiftrt_r4_9
                0x06016960                __ashiftrt_r4_8
                0x06016962                __ashiftrt_r4_7
                0x06016964                __ashiftrt_r4_6
                0x06016966                __ashiftrt_r4_5
                0x06016968                __ashiftrt_r4_4
                0x0601696a                __ashiftrt_r4_3
                0x0601696c                __ashiftrt_r4_2
                0x0601696e                __ashiftrt_r4_1
                0x06016972                __ashiftrt_r4_0
 *fill*         0x06016976        0x2 
 .text          0x06016978       0x80 C:/saturn/SaturnRingLib-main/Compiler/sh2eb-elf/bin/../lib/gcc/sh-elf/14.2.0\libgcc.a(_ashiftrt_n.o)
                0x06016978                __ashrsi3
 .text          0x060169f8       0xbc C:/saturn/SaturnRingLib-main/Compiler/sh2eb-elf/bin/../lib/gcc/sh-elf/14.2.0\libgcc.a(_ashiftlt.o)
                0x060169f8                __ashlsi3
                0x060169fc                __ashlsi3_r0
 .text          0x06016ab4       0xbc C:/saturn/SaturnRingLib-main/Compiler/sh2eb-elf/bin/../lib/gcc/sh-elf/14.2.0\libgcc.a(_lshiftrt.o)
                0x06016ab4                __lshrsi3
                0x06016ab8                __lshrsi3_r0
 .text          0x06016b70       0x78 C:/saturn/SaturnRingLib-main/Compiler/sh2eb-elf/bin/../lib/gcc/sh-elf/14.2.0\libgcc.a(_movmem.o)
                0x06016b70                __movmem
                0x06016b70                __movstr
                0x06016ba4                __movstrSI64
                0x06016ba4                __movmemSI64
                0x06016ba8                __movstrSI60
                0x06016ba8                __movmemSI60
                0x06016bac                __movstrSI56
                0x06016bac                __movmemSI56
                0x06016bb0                __movstrSI52
                0x06016bb0                __movmemSI52
                0x06016bb4                __movstrSI48
                0x06016bb4                __movmemSI48
                0x06016bb8                __movmemSI44
                0x06016bb8                __movstrSI44
                0x06016bbc                __movstrSI40
                0x06016bbc                __movmemSI40
                0x06016bc0                __movmemSI36
                0x06016bc0                __movstrSI36
                0x06016bc4                __movmemSI32
                0x06016bc4                __movstrSI32
                0x06016bc8                __movstrSI28
                0x06016bc8                __movmemSI28
                0x06016bcc                __movmemSI24
                0x06016bcc                __movstrSI24
                0x06016bd0                __movstrSI20
                0x06016bd0                __movmemSI20
                0x06016bd4                __movstrSI16
                0x06016bd4                __movmemSI16
                0x06016bd8                __movstrSI12
                0x06016bd8                __movmemSI12
                0x06016bdc                __movmemSI8
                0x06016bdc                __movstrSI8
                0x06016be0                __movmemSI4
                0x06016be0                __movstrSI4
 .text          0x06016be8       0xa0 C:/saturn/SaturnRingLib-main/Compiler/sh2eb-elf/bin/../lib/gcc/sh-elf/14.2.0\libgcc.a(_sdivsi3.o)
                0x06016be8                __sdivsi3
 .text          0x06016c88       0x6c C:/saturn/SaturnRingLib-main/Compiler/sh2eb-elf/bin/../lib/gcc/sh-elf/14.2.0\libgcc.a(_udivsi3.o)
                0x06016caa                __udivsi3
 .text          0x06016cf4       0x18 C:/saturn/SaturnRingLib-main/Compiler/sh2eb-elf/bin/../lib/gcc/sh-elf/14.2.0/../../../../sh-elf/lib\libc.a(libc_a-abort.o)
                0x06016cf4                abort
 .text          0x06016d0c      0x108 C:/saturn/SaturnRingLib-main/Compiler/sh2eb-elf/bin/../lib/gcc/sh-elf/14.2.0/../../../../sh-elf/lib\libc.a(libc_a-snprintf.o)
                0x06016d0c                _snprintf_r
                0x06016d0c                _sniprintf_r
                0x06016d8c                snprintf
                0x06016d8c                sniprintf
 .text          0x06016e14       0x1e C:/saturn/SaturnRingLib-main/Compiler/sh2eb-elf/bin/../lib/gcc/sh-elf/14.2.0/../../../../sh-elf/lib\libc.a(libc_a-memcmp.o)
                0x06016e14                memcmp
 .text          0x06016e32       0x26 C:/saturn/SaturnRingLib-main/Compiler/sh2eb-elf/bin/../lib/gcc/sh-elf/14.2.0/../../../../sh-elf/lib\libc.a(libc_a-strncmp.o)
                0x06016e32                strncmp
 .text          0x06016e58       0x32 C:/saturn/SaturnRingLib-main/Compiler/sh2eb-elf/bin/../lib/gcc/sh-elf/14.2.0/../../../../sh-elf/lib\libc.a(libc_a-strncpy.o)
                0x06016e58                strncpy
 *fill*         0x06016e8a        0x2 
 .text          0x06016e8c      0x1a8 C:/saturn/SaturnRingLib-main/Compiler/sh2eb-elf/bin/../lib/gcc/sh-elf/14.2.0/../../../../sh-elf/lib\libc.a(libc_a-signal.o)
                0x06016e8c                _init_signal_r
                0x06016ecc                _signal_r
                0x06016f18                _raise_r
                0x06016f88                __sigtramp_r
                0x06016fe8                raise
                0x06016ffc                signal
                0x06017010                _init_signal
                0x06017020                __sigtramp
 .text          0x06017034        0x0 C:/saturn/SaturnRingLib-main/Compiler/sh2eb-elf/bin/../lib/gcc/sh-elf/14.2.0/../../../../sh-elf/lib\libc.a(libc_a-impure.o)
 .text          0x06017034       0x40 C:/saturn/SaturnRingLib-main/Compiler/sh2eb-elf/bin/../lib/gcc/sh-elf/14.2.0/../../../../sh-elf/lib\libc.a(libc_a-signalr.o)
                0x06017034                _kill_r
                0x06017068                _getpid_r
 .text          0x06017074       0x94 C:/saturn/SaturnRingLib-main/Compiler/sh2eb-elf/bin/../lib/gcc/sh-elf/14.2.0/../../../../sh-elf/lib\libc.a(libc_a-memcpy.o)
                0x06017074                memcpy
 .text          0x06017108       0x40 C:/saturn/SaturnRingLib-main/Compiler/sh2eb-elf/bin/../lib/gcc/sh-elf/14.2.0/../../../../sh-elf/lib\libc.a(libc_a-memset.o)
                0x06017108                memset
 .text          0x06017148      0x194 C:/saturn/SaturnRingLib-main/Compiler/sh2eb-elf/bin/../lib/gcc/sh-elf/14.2.0/../../../../sh-elf/lib\libc.a(libc_a-mallocr.o)
                0x060171a4                _malloc_r
 .text          0x060172dc        0x8 C:/saturn/SaturnRingLib-main/Compiler/sh2eb-elf/bin/../lib/gcc/sh-elf/14.2.0/../../../../sh-elf/lib\libc.a(libc_a-mlock.o)
                0x060172dc                __malloc_lock
                0x060172e0                __malloc_unlock
 .text          0x060172e4      0x42c C:/saturn/SaturnRingLib-main/Compiler/sh2eb-elf/bin/../lib/gcc/sh-elf/14.2.0/../../../../sh-elf/lib\libc.a(libc_a-nano-svfprintf.o)
                0x060172e4                __ssputs_r
                0x060173d8                __ssprint_r
                0x06017500                _svfprintf_r
                0x06017500                _svfiprintf_r
 .text          0x06017710      0x374 C:/saturn/SaturnRingLib-main/Compiler/sh2eb-elf/bin/../lib/gcc/sh-elf/14.2.0/../../../../sh-elf/lib\libc.a(libc_a-nano-vfprintf_i.o)
                0x06017710                _printf_common
                0x06017810                _printf_i
 .text          0x06017a84      0x1fc C:/saturn/SaturnRingLib-main/Compiler/sh2eb-elf/bin/../lib/gcc/sh-elf/14.2.0/../../../../sh-elf/lib\libc.a(libc_a-findfp.o)
                0x06017b8c                __sfp
                0x06017c58                __sinit
 .text          0x06017c80       0x58 C:/saturn/SaturnRingLib-main/Compiler/sh2eb-elf/bin/../lib/gcc/sh-elf/14.2.0/../../../../sh-elf/lib\libc.a(libc_a-fwalk.o)
                0x06017c80                _fwalk_sglue
 .text          0x06017cd8       0xdc C:/saturn/SaturnRingLib-main/Compiler/sh2eb-elf/bin/../lib/gcc/sh-elf/14.2.0/../../../../sh-elf/lib\libc.a(libc_a-stdio.o)
                0x06017cd8                __sread
                0x06017d10                __seofread
                0x06017d14                __swrite
                0x06017d64                __sseek
                0x06017da4                __sclose
 .text          0x06017db4       0x1c C:/saturn/SaturnRingLib-main/Compiler/sh2eb-elf/bin/../lib/gcc/sh-elf/14.2.0/../../../../sh-elf/lib\libc.a(libc_a-memchr.o)
                0x06017db4                memchr
 .text          0x06017dd0       0x3c C:/saturn/SaturnRingLib-main/Compiler/sh2eb-elf/bin/../lib/gcc/sh-elf/14.2.0/../../../../sh-elf/lib\libc.a(libc_a-memmove.o)
                0x06017dd0                memmove
 .text          0x06017e0c       0x30 C:/saturn/SaturnRingLib-main/Compiler/sh2eb-elf/bin/../lib/gcc/sh-elf/14.2.0/../../../../sh-elf/lib\libc.a(libc_a-closer.o)
                0x06017e0c                _close_r
 .text          0x06017e3c       0xa4 C:/saturn/SaturnRingLib-main/Compiler/sh2eb-elf/bin/../lib/gcc/sh-elf/14.2.0/../../../../sh-elf/lib\libc.a(libc_a-reent.o)
                0x06017e3c                _reclaim_reent
 .text          0x06017ee0       0x34 C:/saturn/SaturnRingLib-main/Compiler/sh2eb-elf/bin/../lib/gcc/sh-elf/14.2.0/../../../../sh-elf/lib\libc.a(libc_a-lseekr.o)
                0x06017ee0                _lseek_r
 .text          0x06017f14       0x34 C:/saturn/SaturnRingLib-main/Compiler/sh2eb-elf/bin/../lib/gcc/sh-elf/14.2.0/../../../../sh-elf/lib\libc.a(libc_a-readr.o)
                0x06017f14                _read_r
 .text          0x06017f48       0x30 C:/saturn/SaturnRingLib-main/Compiler/sh2eb-elf/bin/../lib/gcc/sh-elf/14.2.0/../../../../sh-elf/lib\libc.a(libc_a-sbrkr.o)
                0x06017f48                _sbrk_r
 .text          0x06017f78       0x34 C:/saturn/SaturnRingLib-main/Compiler/sh2eb-elf/bin/../lib/gcc/sh-elf/14.2.0/../../../../sh-elf/lib\libc.a(libc_a-writer.o)
                0x06017f78                _write_r
 .text          0x06017fac       0xc4 C:/saturn/SaturnRingLib-main/Compiler/sh2eb-elf/bin/../lib/gcc/sh-elf/14.2.0/../../../../sh-elf/lib\libc.a(libc_a-freer.o)
                0x06017fac                _free_r
 .text          0x06018070       0x98 C:/saturn/SaturnRingLib-main/Compiler/sh2eb-elf/bin/../lib/gcc/sh-elf/14.2.0/../../../../sh-elf/lib\libc.a(libc_a-reallocr.o)
                0x06018070                _realloc_r
 .text          0x06018108      0x1a8 C:/saturn/SaturnRingLib-main/Compiler/sh2eb-elf/bin/../lib/gcc/sh-elf/14.2.0/../../../../sh-elf/lib\libc.a(libc_a-fflush.o)
                0x06018108                __sflush_r
                0x06018240                _fflush_r
                0x06018280                fflush
 .text          0x060182b0       0x16 C:/saturn/SaturnRingLib-main/Compiler/sh2eb-elf/bin/../lib/gcc/sh-elf/14.2.0/../../../../sh-elf/lib\libc.a(libc_a-msizer.o)
                0x060182b0                _malloc_usable_size_r
 *fill*         0x060182c6        0x2 
 .text          0x060182c8       0x10 C:/saturn/SaturnRingLib-main/Compiler/sh2eb-elf/bin/../lib/gcc/sh-elf/14.2.0/../../../../sh-elf/lib\libnosys.a(close.o)
                0x060182c8                _close
 .text          0x060182d8       0x10 C:/saturn/SaturnRingLib-main/Compiler/sh2eb-elf/bin/../lib/gcc/sh-elf/14.2.0/../../../../sh-elf/lib\libnosys.a(getpid.o)
                0x060182d8                _getpid
 .text          0x060182e8       0x10 C:/saturn/SaturnRingLib-main/Compiler/sh2eb-elf/bin/../lib/gcc/sh-elf/14.2.0/../../../../sh-elf/lib\libnosys.a(kill.o)
                0x060182e8                _kill
 .text          0x060182f8       0x10 C:/saturn/SaturnRingLib-main/Compiler/sh2eb-elf/bin/../lib/gcc/sh-elf/14.2.0/../../../../sh-elf/lib\libnosys.a(lseek.o)
                0x060182f8                _lseek
 .text          0x06018308       0x10 C:/saturn/SaturnRingLib-main/Compiler/sh2eb-elf/bin/../lib/gcc/sh-elf/14.2.0/../../../../sh-elf/lib\libnosys.a(read.o)
                0x06018308                _read
 .text          0x06018318       0x18 C:/saturn/SaturnRingLib-main/Compiler/sh2eb-elf/bin/../lib/gcc/sh-elf/14.2.0/../../../../sh-elf/lib\libnosys.a(sbrk.o)
                0x06018318                _sbrk
 .text          0x06018330       0x10 C:/saturn/SaturnRingLib-main/Compiler/sh2eb-elf/bin/../lib/gcc/sh-elf/14.2.0/../../../../sh-elf/lib\libnosys.a(write.o)
                0x06018330                _write
 .text          0x06018340        0x4 C:/saturn/SaturnRingLib-main/Compiler/sh2eb-elf/bin/../lib/gcc/sh-elf/14.2.0/../../../../sh-elf/lib\libnosys.a(_exit.o)
                0x06018340                _exit
 *(.strings*)
 *(SEGA_P)
 *(.eh_frame_hdr*)
 *(.eh_frame*)
                0x06018344                        __etext = .

COMMON          0x06018350       0x28
 *(COMMON)
 COMMON         0x06018350        0xc ../../saturnringlib/../modules/sgl/LIB/LIBCD.A(GFS.O)
                0x06018350                GFMC_base
                0x06018354                gfs_mng_ptr
                0x06018358                gfs_use_scudma
 COMMON         0x0601835c        0xc ../../saturnringlib/../modules/sgl/LIB/LIBCD.A(GFS_CDC.O)
                0x0601835c                gfcd_fatal_err
                0x06018360                gfcd_work
                0x06018364                gfcd_playflag
 COMMON         0x06018368        0x8 ../../saturnringlib/../modules/sgl/LIB/LIBCD.A(GFS_CDF.O)
                0x06018368                gfcf_fad
                0x0601836c                gfcf_stat
 COMMON         0x06018370        0x8 ../../saturnringlib/../modules/sgl/LIB/LIBSND.A(snd_main.o)
                0x06018370                snd_adr_sys_int_work
                0x06018374                snd_msk_work_work

SLPROG          0x06018380     0xddf0
                0x06018380                        __slprog_start = .
 *(SLPROG)
 SLPROG         0x06018380       0xd0 ../../saturnringlib/../modules/sgl/LIB/LIBSGL.A(sglA16.o)
                0x06018380                slLookAt
 SLPROG         0x06018450       0x78 ../../saturnringlib/../modules/sgl/LIB/LIBSGL.A(sglA17.o)
                0x06018450                slRotZ
                0x0601845a                slRotZSC
 *fill*         0x060184c8        0x8 
 SLPROG         0x060184d0       0x78 ../../saturnringlib/../modules/sgl/LIB/LIBSGL.A(sglA18.o)
                0x060184d0                slRotY
                0x060184da                slRotYSC
 *fill*         0x06018548        0x8 
 SLPROG         0x06018550       0x78 ../../saturnringlib/../modules/sgl/LIB/LIBSGL.A(sglA19.o)
                0x06018550                slRotX
                0x0601855a                slRotXSC
 *fill*         0x060185c8        0x8 
 SLPROG         0x060185d0      0x42c ../../saturnringlib/../modules/sgl/LIB/LIBSGL.A(sglA20.o)
                0x060185d0                slInitMatrix
                0x060185da                slPushUnitMatrix
                0x060185ee                slUnitMatrix
 *fill*         0x060189fc        0x4 
 SLPROG         0x06018a00       0x48 ../../saturnringlib/../modules/sgl/LIB/LIBSGL.A(sglA21.o)
                0x06018a00                slPushMatrix
                0x06018a34                slDecMatrixPtr
                0x06018a34                slPopMatrix
 *fill*         0x06018a48        0x8 
 SLPROG         0x06018a50       0x50 ../../saturnringlib/../modules/sgl/LIB/LIBSGL.A(sglA27.o)
                0x06018a50                slTranslate
 SLPROG         0x06018aa0       0x98 ../../saturnringlib/../modules/sgl/LIB/LIBSGL.A(sglA39.o)
                0x06018aa0                slConvert3Dto2DFX
 *fill*         0x06018b38        0x8 
 SLPROG         0x06018b40       0x20 ../../saturnringlib/../modules/sgl/LIB/LIBSGL.A(sglB001.o)
                0x06018b40                slTVOn
                0x06018b4a                slTVOff
 SLPROG         0x06018b60       0x1e ../../saturnringlib/../modules/sgl/LIB/LIBSGL.A(sglB002.o)
                0x06018b60                slColRAMMode
 *fill*         0x06018b7e        0x2 
 SLPROG         0x06018b80      0x40c ../../saturnringlib/../modules/sgl/LIB/LIBSGL.A(sglB015.o)
                0x06018b80                slScrAutoDisp
 *fill*         0x06018f8c        0x4 
 SLPROG         0x06018f90        0xc ../../saturnringlib/../modules/sgl/LIB/LIBSGL.A(sglB016.o)
                0x06018f90                slBack1ColSet
 *fill*         0x06018f9c        0x4 
 SLPROG         0x06018fa0       0xb0 ../../saturnringlib/../modules/sgl/LIB/LIBSGL.A(sglB031.o)
                0x06018fa0                slMapNbg0
 SLPROG         0x06019050       0xb4 ../../saturnringlib/../modules/sgl/LIB/LIBSGL.A(sglB034.o)
                0x06019050                slMapNbg3
 *fill*         0x06019104        0xc 
 SLPROG         0x06019110       0x70 ../../saturnringlib/../modules/sgl/LIB/LIBSGL.A(sglB038.o)
                0x06019110                slRparaInitSet
 SLPROG         0x06019180        0xc ../../saturnringlib/../modules/sgl/LIB/LIBSGL.A(sglB055.o)
                0x06019180                slPlaneNbg0
 *fill*         0x0601918c        0x4 
 SLPROG         0x06019190       0x10 ../../saturnringlib/../modules/sgl/LIB/LIBSGL.A(sglB058.o)
                0x06019190                slPlaneNbg3
 SLPROG         0x060191a0        0xc ../../saturnringlib/../modules/sgl/LIB/LIBSGL.A(sglB063.o)
                0x060191a0                slPriority
 *fill*         0x060191ac        0x4 
 SLPROG         0x060191b0       0x34 ../../saturnringlib/../modules/sgl/LIB/LIBSGL.A(sglB070.o)
                0x060191b0                slScrPosNbg0
 *fill*         0x060191e4        0xc 
 SLPROG         0x060191f0       0x3c ../../saturnringlib/../modules/sgl/LIB/LIBSGL.A(sglB112.o)
                0x060191f0                slScrScaleNbg0
                0x060191f6                slScrScaleNbg1
                0x060191fc                slScrScaleR
 *fill*         0x0601922c        0x4 
 SLPROG         0x06019230      0x114 ../../saturnringlib/../modules/sgl/LIB/LIBSGL.A(sglB200.o)
                0x06019230                slCharRbg0
                0x0601923c                slCharNbg0
                0x06019248                slCharNbg1
                0x06019254                slCharNbg2
                0x0601926a                slCharNbg3
                0x06019282                slPageRbg0
                0x06019298                slPageNbg1
                0x060192a0                slPageNbg2
                0x060192a8                slPageNbg3
                0x060192b4                slPageNbg0
 *fill*         0x06019344        0xc 
 SLPROG         0x06019350       0x6c ../../saturnringlib/../modules/sgl/LIB/LIBSGL.A(sglC01.o)
                0x06019350                slPerspective
 *fill*         0x060193bc        0x4 
 SLPROG         0x060193c0       0x30 ../../saturnringlib/../modules/sgl/LIB/LIBSGL.A(sglC02.o)
                0x060193c0                slLight
 SLPROG         0x060193f0       0x2c ../../saturnringlib/../modules/sgl/LIB/LIBSGL.A(sglC04.o)
                0x060193f0                slZdspLevel
 *fill*         0x0601941c        0x4 
 SLPROG         0x06019420       0x78 ../../saturnringlib/../modules/sgl/LIB/LIBSGL.A(sglC05.o)
                0x06019420                slSetSprite
 *fill*         0x06019498        0x8 
 SLPROG         0x060194a0     0x1218 ../../saturnringlib/../modules/sgl/LIB/LIBSGL.A(sglC08.o)
                0x060194a0                slPutPolygon
                0x0601a11c                MsCalcDepthFlat
 *fill*         0x0601a6b8        0x8 
 SLPROG         0x0601a6c0       0x40 ../../saturnringlib/../modules/sgl/LIB/LIBSGL.A(sglC20.o)
                0x0601a6c0                SpriteEntry
 SLPROG         0x0601a700       0x84 ../../saturnringlib/../modules/sgl/LIB/LIBSGL.A(sglD00.o)
                0x0601a700                slCpuDMACopy
                0x0601a700                slDMACopy
                0x0601a75a                CSH_AllClr
                0x0601a75a                slCashPurge
 *fill*         0x0601a784        0xc 
 SLPROG         0x0601a790       0xa0 ../../saturnringlib/../modules/sgl/LIB/LIBSGL.A(sglD01.o)
                0x0601a790                slDMAXCopy
 SLPROG         0x0601a830        0xc ../../saturnringlib/../modules/sgl/LIB/LIBSGL.A(sglD03.o)
                0x0601a830                slDMAStatus
 *fill*         0x0601a83c        0x4 
 SLPROG         0x0601a840       0x20 ../../saturnringlib/../modules/sgl/LIB/LIBSGL.A(sglD15.o)
                0x0601a840                CSH_Purge
 SLPROG         0x0601a860       0x84 ../../saturnringlib/../modules/sgl/LIB/LIBSGL.A(sglD16.o)
                0x0601a860                DMA_ScuSetPrm
                0x0601a8a8                DMA_SCU_PRM0
 *fill*         0x0601a8e4        0xc 
 SLPROG         0x0601a8f0       0x88 ../../saturnringlib/../modules/sgl/LIB/LIBSGL.A(sglD17.o)
                0x0601a8f0                DMA_ScuStart
 *fill*         0x0601a978        0x8 
 SLPROG         0x0601a980       0x34 ../../saturnringlib/../modules/sgl/LIB/LIBSGL.A(sglD18.o)
                0x0601a980                DMA_ScuGetStatus
 *fill*         0x0601a9b4        0xc 
 SLPROG         0x0601a9c0       0x4e ../../saturnringlib/../modules/sgl/LIB/LIBSGL.A(sglF00.o)
                0x0601a9c0                slCurScrn
                0x0601a9d0                slCurColor
                0x0601a9da                slLocate
                0x0601aa0c                CurrentScreen
 *fill*         0x0601aa0e        0x2 
 SLPROG         0x0601aa10      0x1d0 ../../saturnringlib/../modules/sgl/LIB/LIBSGL.A(sglG00.o)
                0x0601aa10                slInitSound
                0x0601ab14                slWaitSound
                0x0601ab2c                slSndFlush
 SLPROG         0x0601abe0      0xfc8 ../../saturnringlib/../modules/sgl/LIB/LIBSGL.A(sglH00.o)
                0x0601abf8                slGetPortDir1
                0x0601ac00                slGetPortDir2
                0x0601ac08                slSetPortDir1
                0x0601ac32                slSetPortDir2
                0x0601ac6c                slGetPortData1
                0x0601ac74                slGetPortData2
                0x0601ac7c                slSetPortData1
                0x0601ac86                slSetPortData2
                0x0601ac98                slGetPortSelect1
                0x0601aca2                slGetPortSelect2
                0x0601acac                slSetPortSelect1
                0x0601ace0                slSetPortSelect2
                0x0601ad1c                slGetPortExt1
                0x0601ad26                slGetPortExt2
                0x0601ad30                slSetPortExt1
                0x0601ad60                slSetPortExt2
                0x0601aed4                slSmpcDirectAccess
                0x0601af54                slInitPeripheral
                0x0601afe6                slSetResultBuffer
                0x0601b072                slCheckIntBackSet
                0x0601b07e                slIntBackCancel
                0x0601b0a8                slCheckReset
                0x0601b0b2                slClearReset
                0x0601b278                slSmpcCashSend
                0x0601b334                slSmpcCashBlow
                0x0601b410                slGetOptimize
                0x0601b41a                slSetOptimize
                0x0601b440                slGetPortMode1
                0x0601b44c                slGetPortMode2
                0x0601b45a                slSetPortMode1
                0x0601b498                slSetPortMode2
                0x0601b624                slRequestCommand
                0x0601b694                Smpc_Status
                0x0601b698                Smpc_Result
                0x0601b69c                Smpc_Peripheral
                0x0601b6a2                Per_Connect1
                0x0601b6a3                Per_Connect2
                0x0601b6c4                SmpcStatusBuf
 *fill*         0x0601bba8        0x8 
 SLPROG         0x0601bbb0      0x470 ../../saturnringlib/../modules/sgl/LIB/LIBSGL.A(sglH02.o)
                0x0601bfa0                smpc_pfr_tbl
                0x0601bfe0                smpc_ptf_tbl
 SLPROG         0x0601c020       0x60 ../../saturnringlib/../modules/sgl/LIB/LIBSGL.A(sglH04.o)
                0x0601c020                slComPrmIntBack
                0x0601c034                slComPrmSetMemory
                0x0601c04a                slComPrmSetTime
 SLPROG         0x0601c080      0x3a4 ../../saturnringlib/../modules/sgl/LIB/LIBSGL.A(sglI01.o)
                0x0601c080                slInitSynch
                0x0601c09a                slSynch
                0x0601c190                slRandom
                0x0601c1ae                PCM_EndCheck
                0x0601c26a                RetPCMBuf
                0x0601c304                PCM_Buf
                0x0601c3a4                Sound_Buf
 *fill*         0x0601c424        0xc 
 SLPROG         0x0601c430       0x10 ../../saturnringlib/../modules/sgl/LIB/LIBSGL.A(sglI04.o)
                0x0601c430                slIntFunction
 SLPROG         0x0601c440       0x74 ../../saturnringlib/../modules/sgl/LIB/LIBSGL.A(sglJ00.o)
                0x0601c440                InitSlaveSH
                0x0601c4a8                SlaveCommand
 *fill*         0x0601c4b4        0xc 
 SLPROG         0x0601c4c0      0x3d0 ../../saturnringlib/../modules/sgl/LIB/LIBSGL.A(sglJ01.o)
                0x0601c4c0                SlaveControl
                0x0601c87c                ErasePolygonData
 SLPROG         0x0601c890     0x12b8 ../../saturnringlib/../modules/sgl/LIB/LIBSGL.A(sglJ02.o)
                0x0601c890                sbMakePolygon
                0x0601ca78                sbCalcPolygon
                0x0601d7b0                SetTexture
                0x0601d7bc                SetPolygon
                0x0601d7c4                SetPosition
                0x0601d7fc                stvtc_4
                0x0601d8b4                stvtc_3
                0x0601dac4                stvtc_1
                0x0601dad8                stvtc_2
                0x0601daec                stvtc_0
 *fill*         0x0601db48        0x8 
 SLPROG         0x0601db50      0x140 ../../saturnringlib/../modules/sgl/LIB/LIBSGL.A(sglJ03.o)
                0x0601db50                sbMakeDMATable
 SLPROG         0x0601dc90      0x470 ../../saturnringlib/../modules/sgl/LIB/LIBSGL.A(sglJ04.o)
                0x0601dcee                sbMakeSprite
                0x0601dd54                sbMakeRotSprite
 SLPROG         0x0601e100       0x3c ../../saturnringlib/../modules/sgl/LIB/LIBSGL.A(sglJ05.o)
                0x0601e100                sbSortEntry
 *fill*         0x0601e13c        0x4 
 SLPROG         0x0601e140      0x4b8 ../../saturnringlib/../modules/sgl/LIB/LIBSGL.A(sglM00.o)
                0x0601e140                slInitGouraud
                0x0601e234                slPutPolygonX
                0x0601e27a                slGouraudTblCopy
                0x0601e2d2                slSetGouraudTbl
                0x0601e2d8                slSetGouraudColor
                0x0601e350                slSetAmbient
                0x0601e374                slSetFlatColor
 *fill*         0x0601e5f8        0x8 
 SLPROG         0x0601e600       0x6a ../../saturnringlib/../modules/sgl/LIB/LIBSGL.A(sglM01.o)
                0x0601e600                slSetDepthLimit
                0x0601e62c                slSetDepthTbl
                0x0601e65c                DepthWorkArea
 *fill*         0x0601e66a        0x6 
 SLPROG         0x0601e670       0x20 ../../saturnringlib/../modules/sgl/LIB/LIBSGL.A(sglA00.o)
                0x0601e670                set_imask
                0x0601e670                _builtin_set_imask
                0x0601e684                _builtin_get_imask
                0x0601e684                get_imask
 SLPROG         0x0601e690     0x411e ../../saturnringlib/../modules/sgl/LIB/LIBSGL.A(sglA01.o)
                0x0601e690                slSin
                0x0601e6b4                slCos
                0x0601e6d8                GetSinCos
                0x0601e76c                sin_cos_index_tbl
                0x0601e7ac                sin_tbl
 *fill*         0x060227ae        0x2 
 SLPROG         0x060227b0     0x215c ../../saturnringlib/../modules/sgl/LIB/LIBSGL.A(sglA03.o)
                0x060227b0                slTan
 *fill*         0x0602490c        0x4 
 SLPROG         0x06024910       0x34 ../../saturnringlib/../modules/sgl/LIB/LIBSGL.A(sglA10.o)
                0x06024910                slSquartDbl
 *fill*         0x06024944        0xc 
 SLPROG         0x06024950       0x24 ../../saturnringlib/../modules/sgl/LIB/LIBSGL.A(sglA25.o)
                0x06024950                slTransposeMatrix
 *fill*         0x06024974        0xc 
 SLPROG         0x06024980       0x22 ../../saturnringlib/../modules/sgl/LIB/LIBSGL.A(sglA40.o)
                0x06024980                slCalcVector
 *fill*         0x060249a2        0xe 
 SLPROG         0x060249b0      0xbd0 ../../saturnringlib/../modules/sgl/LIB/LIBSGL.A(sglB000.o)
                0x060249b0                slInitScroll
                0x06024ad0                setASC_1to8
                0x06024b00                setASC_4to8
                0x06024c10                TVSizeTbl
                0x06024c90                TVModeTbl
                0x06024e68                SGL_ASCII_CG
 SLPROG         0x06025580       0xd4 ../../saturnringlib/../modules/sgl/LIB/LIBSGL.A(sglB035.o)
                0x06025580                sl1MapRA
                0x06025612                rbank_set
 *fill*         0x06025654        0xc 
 SLPROG         0x06025660      0x134 ../../saturnringlib/../modules/sgl/LIB/LIBSGL.A(sglC00.o)
                0x06025660                slInitSprite
 *fill*         0x06025794        0xc 
 SLPROG         0x060257a0       0xac ../../saturnringlib/../modules/sgl/LIB/LIBSGL.A(sglC13.o)
                0x060257a0                slPutPolygonS
 *fill*         0x0602584c        0x4 
 SLPROG         0x06025850       0x10 ../../saturnringlib/../modules/sgl/LIB/LIBSGL.A(sglD02.o)
                0x06025850                slDMAWait
 SLPROG         0x06025860       0xc0 ../../saturnringlib/../modules/sgl/LIB/LIBSGL.A(sglD19.o)
                0x06025860                DMA_ScuMemCopy
 SLPROG         0x06025920      0x75c ../../saturnringlib/../modules/sgl/LIB/LIBSGL.A(sglI00.o)
                0x06025c10                slInitInterrupt
 *fill*         0x0602607c        0x4 
 SLPROG         0x06026080       0xf0 ../../saturnringlib/../modules/sgl/LIB/LIBSGL.A(sglH03.o)
                0x060260e4                slSmpcIntBack
                0x06026170                        __slprog_end = .

.tors           0x06026170       0x10
                0x06026170                        ___ctors = .
 *(.ctors*)
 .ctors         0x06026170        0x4 src/main.o
                0x06026174                        ___ctors_end = .
                0x06026174                        ___dtors = .
 *(.dtors*)
 .dtors         0x06026174        0x4 src/main.o
                0x06026178                        ___dtors_end = .

.data           0x06026180      0x4c0
 *(.data*)
 .data          0x06026180       0x28 ../../saturnringlib/../modules/sgl/LIB/../SRC/workarea.o
                0x06026180                PCM_Work
                0x06026184                SlaveStack
                0x06026188                TransList
                0x0602618c                MasterStack
                0x06026190                SortList
                0x06026194                Zbuffer
                0x06026198                SpriteBuf
                0x0602619c                Pbuffer
                0x060261a0                CLOfstBuf
                0x060261a4                CommandBuf
 .data          0x060261a8       0x40 src/main.o
                0x060261a8                shadingTable
 .data._ZZN3SRL5Input3Gun11SynchronizeEvE14secondPlayerId
                0x060261e8        0x1 src/main.o
                0x060261e8                SRL::Input::Gun::Synchronize()::secondPlayerId
 .data._ZZN3SRL5Input3Gun11SynchronizeEvE13firstPlayerId
                0x060261e9        0x1 src/main.o
                0x060261e9                SRL::Input::Gun::Synchronize()::firstPlayerId
 *fill*         0x060261ea        0x2 
 .data._ZN3SRL5Input10Management11PeripheralsE
                0x060261ec      0x120 src/main.o
                0x060261ec                SRL::Input::Management::Peripherals
 .data._ZN3SRL5Input10Management24PeripheralsPreviousStateE
                0x0602630c      0x120 src/main.o
                0x0602630c                SRL::Input::Management::PeripheralsPreviousState
 .data._ZN3SRL4VDP212ScrollScreenINS0_4NBG0ELs1ELt1EE12MapAllocSizeE
                0x0602642c        0x4 src/main.o
                0x0602642c                SRL::VDP2::ScrollScreen<SRL::VDP2::NBG0, (short)1, (unsigned short)1>::MapAllocSize
 .data._ZN3SRL4VDP212ScrollScreenINS0_4NBG0ELs1ELt1EE13CellAllocSizeE
                0x06026430        0x4 src/main.o
                0x06026430                SRL::VDP2::ScrollScreen<SRL::VDP2::NBG0, (short)1, (unsigned short)1>::CellAllocSize
 .data._ZN3SRL4VDP212ScrollScreenINS0_4NBG0ELs1ELt1EE4InfoE
                0x06026434       0x14 src/main.o
                0x06026434                SRL::VDP2::ScrollScreen<SRL::VDP2::NBG0, (short)1, (unsigned short)1>::Info
 .data._ZN3SRL4VDP212ScrollScreenINS0_4NBG0ELs1ELt1EE10MapAddressE
                0x06026448        0x4 src/main.o
                0x06026448                SRL::VDP2::ScrollScreen<SRL::VDP2::NBG0, (short)1, (unsigned short)1>::MapAddress
 .data._ZN3SRL4VDP212ScrollScreenINS0_4NBG0ELs1ELt1EE11CellAddressE
                0x0602644c        0x4 src/main.o
                0x0602644c                SRL::VDP2::ScrollScreen<SRL::VDP2::NBG0, (short)1, (unsigned short)1>::CellAddress
 .data._ZN3SRL4VDP213ActiveScrollsE
                0x06026450        0x2 src/main.o
                0x06026450                SRL::VDP2::ActiveScrolls
 *fill*         0x06026452        0x2 
 .data._ZN3SRL4VDP24VRAM10bankCyclesE
                0x06026454        0x4 src/main.o
                0x06026454                SRL::VDP2::VRAM::bankCycles
 .data._ZN3SRL4VDP24VRAM10currentTopE
                0x06026458       0x10 src/main.o
                0x06026458                SRL::VDP2::VRAM::currentTop
 .data._ZN3SRL4VDP24VRAM10currentBotE
                0x06026468       0x10 src/main.o
                0x06026468                SRL::VDP2::VRAM::currentBot
 .data._ZN3SRL5ASCII7maxFontE
                0x06026478        0x1 src/main.o
                0x06026478                SRL::ASCII::maxFont
 .data._ZN3SRL5ASCII12maxYPositionE
                0x06026479        0x1 src/main.o
                0x06026479                SRL::ASCII::maxYPosition
 .data._ZN3SRL5ASCII12maxXPositionE
                0x0602647a        0x1 src/main.o
                0x0602647a                SRL::ASCII::maxXPosition
 *fill*         0x0602647b        0x1 
 .data._ZN3SRL5ASCII8fontBankE
                0x0602647c        0x2 src/main.o
                0x0602647c                SRL::ASCII::fontBank
 .data._ZN3SRL5ASCII9colorBankE
                0x0602647e        0x2 src/main.o
                0x0602647e                SRL::ASCII::colorBank
 .data._ZN3SRL5ASCII7tileMapE
                0x06026480        0x4 src/main.o
                0x06026480                SRL::ASCII::tileMap
 .data._ZN3SRL4CRAM11BaseAddressE
                0x06026484        0x4 src/main.o
                0x06026484                SRL::CRAM::BaseAddress
 *fill*         0x06026488        0x8 
 .data          0x06026490        0x0 ../../saturnringlib/../modules/sgl/LIB/LIBCD.A(CDC_CMN.O)
 .data          0x06026490        0x0 ../../saturnringlib/../modules/sgl/LIB/LIBCD.A(CDC_REG.O)
 .data          0x06026490        0x0 ../../saturnringlib/../modules/sgl/LIB/LIBCD.A(CDC_SUB.O)
 .data          0x06026490        0x0 ../../saturnringlib/../modules/sgl/LIB/LIBCD.A(GFS.O)
 .data          0x06026490        0x0 ../../saturnringlib/../modules/sgl/LIB/LIBCD.A(GFS_BUF.O)
 .data          0x06026490        0x0 ../../saturnringlib/../modules/sgl/LIB/LIBCD.A(GFS_CDB.O)
 .data          0x06026490        0x0 ../../saturnringlib/../modules/sgl/LIB/LIBCD.A(GFS_CDC.O)
 .data          0x06026490        0x0 ../../saturnringlib/../modules/sgl/LIB/LIBCD.A(GFS_CDF.O)
 .data          0x06026490        0x0 ../../saturnringlib/../modules/sgl/LIB/LIBCD.A(GFS_DIR.O)
 .data          0x06026490        0x0 ../../saturnringlib/../modules/sgl/LIB/LIBCD.A(GFS_TRN.O)
 .data          0x06026490        0x0 ../../saturnringlib/../modules/sgl/LIB/LIBCD.A(CDC_DRV.O)
 .data          0x06026490        0x0 ../../saturnringlib/../modules/sgl/LIB/LIBCD.A(CDC_DEV.O)
 .data          0x06026490        0x0 ../../saturnringlib/../modules/sgl/LIB/LIBCD.A(CDC_SEL.O)
 .data          0x06026490        0x0 ../../saturnringlib/../modules/sgl/LIB/LIBCD.A(CDC_BIF.O)
 .data          0x06026490        0x0 ../../saturnringlib/../modules/sgl/LIB/LIBCD.A(CDC_BIO.O)
 .data          0x06026490        0x0 ../../saturnringlib/../modules/sgl/LIB/LIBCD.A(CDC_CFS.O)
 .data          0x06026490        0x0 ../../saturnringlib/../modules/sgl/LIB/LIBSGL.A(sglA16.o)
 .data          0x06026490        0x0 ../../saturnringlib/../modules/sgl/LIB/LIBSGL.A(sglA17.o)
 .data          0x06026490        0x0 ../../saturnringlib/../modules/sgl/LIB/LIBSGL.A(sglA18.o)
 .data          0x06026490        0x0 ../../saturnringlib/../modules/sgl/LIB/LIBSGL.A(sglA19.o)
 .data          0x06026490        0x0 ../../saturnringlib/../modules/sgl/LIB/LIBSGL.A(sglA20.o)
 .data          0x06026490        0x0 ../../saturnringlib/../modules/sgl/LIB/LIBSGL.A(sglA21.o)
 .data          0x06026490        0x0 ../../saturnringlib/../modules/sgl/LIB/LIBSGL.A(sglA27.o)
 .data          0x06026490        0x0 ../../saturnringlib/../modules/sgl/LIB/LIBSGL.A(sglA39.o)
 .data          0x06026490        0x0 ../../saturnringlib/../modules/sgl/LIB/LIBSGL.A(sglB001.o)
 .data          0x06026490        0x0 ../../saturnringlib/../modules/sgl/LIB/LIBSGL.A(sglB002.o)
 .data          0x06026490        0x0 ../../saturnringlib/../modules/sgl/LIB/LIBSGL.A(sglB015.o)
 .data          0x06026490        0x0 ../../saturnringlib/../modules/sgl/LIB/LIBSGL.A(sglB016.o)
 .data          0x06026490        0x0 ../../saturnringlib/../modules/sgl/LIB/LIBSGL.A(sglB031.o)
 .data          0x06026490        0x0 ../../saturnringlib/../modules/sgl/LIB/LIBSGL.A(sglB034.o)
 .data          0x06026490        0x0 ../../saturnringlib/../modules/sgl/LIB/LIBSGL.A(sglB038.o)
 .data          0x06026490        0x0 ../../saturnringlib/../modules/sgl/LIB/LIBSGL.A(sglB055.o)
 .data          0x06026490        0x0 ../../saturnringlib/../modules/sgl/LIB/LIBSGL.A(sglB058.o)
 .data          0x06026490        0x0 ../../saturnringlib/../modules/sgl/LIB/LIBSGL.A(sglB063.o)
 .data          0x06026490        0x0 ../../saturnringlib/../modules/sgl/LIB/LIBSGL.A(sglB070.o)
 .data          0x06026490        0x0 ../../saturnringlib/../modules/sgl/LIB/LIBSGL.A(sglB112.o)
 .data          0x06026490        0x0 ../../saturnringlib/../modules/sgl/LIB/LIBSGL.A(sglB200.o)
 .data          0x06026490        0x0 ../../saturnringlib/../modules/sgl/LIB/LIBSGL.A(sglC01.o)
 .data          0x06026490        0x0 ../../saturnringlib/../modules/sgl/LIB/LIBSGL.A(sglC02.o)
 .data          0x06026490        0x0 ../../saturnringlib/../modules/sgl/LIB/LIBSGL.A(sglC04.o)
 .data          0x06026490        0x0 ../../saturnringlib/../modules/sgl/LIB/LIBSGL.A(sglC05.o)
 .data          0x06026490        0x0 ../../saturnringlib/../modules/sgl/LIB/LIBSGL.A(sglC08.o)
 .data          0x06026490        0x0 ../../saturnringlib/../modules/sgl/LIB/LIBSGL.A(sglC20.o)
 .data          0x06026490        0x0 ../../saturnringlib/../modules/sgl/LIB/LIBSGL.A(sglD00.o)
 .data          0x06026490        0x0 ../../saturnringlib/../modules/sgl/LIB/LIBSGL.A(sglD01.o)
 .data          0x06026490        0x0 ../../saturnringlib/../modules/sgl/LIB/LIBSGL.A(sglD03.o)
 .data          0x06026490        0x0 ../../saturnringlib/../modules/sgl/LIB/LIBSGL.A(sglD15.o)
 .data          0x06026490        0x0 ../../saturnringlib/../modules/sgl/LIB/LIBSGL.A(sglD16.o)
 .data          0x06026490        0x0 ../../saturnringlib/../modules/sgl/LIB/LIBSGL.A(sglD17.o)
 .data          0x06026490        0x0 ../../saturnringlib/../modules/sgl/LIB/LIBSGL.A(sglD18.o)
 .data          0x06026490        0x0 ../../saturnringlib/../modules/sgl/LIB/LIBSGL.A(sglF00.o)
 .data          0x06026490        0x0 ../../saturnringlib/../modules/sgl/LIB/LIBSGL.A(sglG00.o)
 .data          0x06026490        0x0 ../../saturnringlib/../modules/sgl/LIB/LIBSGL.A(sglH00.o)
 .data          0x06026490        0x0 ../../saturnringlib/../modules/sgl/LIB/LIBSGL.A(sglH02.o)
 .data          0x06026490        0x0 ../../saturnringlib/../modules/sgl/LIB/LIBSGL.A(sglH04.o)
 .data          0x06026490        0x0 ../../saturnringlib/../modules/sgl/LIB/LIBSGL.A(sglI01.o)
 .data          0x06026490        0x0 ../../saturnringlib/../modules/sgl/LIB/LIBSGL.A(sglI04.o)
 .data          0x06026490       0x80 ../../saturnringlib/../modules/sgl/LIB/LIBSGL.A(sglIc0.o)
                0x06026490                IntPrioMask
 .data          0x06026510        0x0 ../../saturnringlib/../modules/sgl/LIB/LIBSGL.A(sglJ00.o)
 .data          0x06026510        0x0 ../../saturnringlib/../modules/sgl/LIB/LIBSGL.A(sglJ01.o)
 .data          0x06026510        0x0 ../../saturnringlib/../modules/sgl/LIB/LIBSGL.A(sglJ02.o)
 .data          0x06026510        0x0 ../../saturnringlib/../modules/sgl/LIB/LIBSGL.A(sglJ03.o)
 .data          0x06026510        0x0 ../../saturnringlib/../modules/sgl/LIB/LIBSGL.A(sglJ04.o)
 .data          0x06026510        0x0 ../../saturnringlib/../modules/sgl/LIB/LIBSGL.A(sglJ05.o)
 .data          0x06026510        0x0 ../../saturnringlib/../modules/sgl/LIB/LIBSGL.A(sglK01.o)
 .data          0x06026510        0x0 ../../saturnringlib/../modules/sgl/LIB/LIBSGL.A(sglM00.o)
 .data          0x06026510        0x0 ../../saturnringlib/../modules/sgl/LIB/LIBSGL.A(sglM01.o)
 .data          0x06026510        0x0 ../../saturnringlib/../modules/sgl/LIB/LIBSGL.A(sglA00.o)
 .data          0x06026510        0x0 ../../saturnringlib/../modules/sgl/LIB/LIBSGL.A(sglA01.o)
 .data          0x06026510        0x0 ../../saturnringlib/../modules/sgl/LIB/LIBSGL.A(sglA03.o)
 .data          0x06026510        0x0 ../../saturnringlib/../modules/sgl/LIB/LIBSGL.A(sglA10.o)
 .data          0x06026510        0x0 ../../saturnringlib/../modules/sgl/LIB/LIBSGL.A(sglA25.o)
 .data          0x06026510        0x0 ../../saturnringlib/../modules/sgl/LIB/LIBSGL.A(sglA40.o)
 .data          0x06026510        0x0 ../../saturnringlib/../modules/sgl/LIB/LIBSGL.A(sglB000.o)
 .data          0x06026510        0x0 ../../saturnringlib/../modules/sgl/LIB/LIBSGL.A(sglB035.o)
 .data          0x06026510        0x0 ../../saturnringlib/../modules/sgl/LIB/LIBSGL.A(sglC00.o)
 .data          0x06026510        0x0 ../../saturnringlib/../modules/sgl/LIB/LIBSGL.A(sglC13.o)
 .data          0x06026510        0x0 ../../saturnringlib/../modules/sgl/LIB/LIBSGL.A(sglD02.o)
 .data          0x06026510        0x0 ../../saturnringlib/../modules/sgl/LIB/LIBSGL.A(sglD19.o)
 .data          0x06026510        0x0 ../../saturnringlib/../modules/sgl/LIB/LIBSGL.A(sglI00.o)
 .data          0x06026510        0x0 ../../saturnringlib/../modules/sgl/LIB/LIBSGL.A(sglH03.o)
 .data          0x06026510        0x0 ../../saturnringlib/../modules/sgl/LIB/LIBSND.A(snd_main.o)
 .data          0x06026510        0x0 C:/saturn/SaturnRingLib-main/Compiler/sh2eb-elf/bin/../lib/gcc/sh-elf/14.2.0\libgcc.a(_ashiftrt.o)
 .data          0x06026510        0x0 C:/saturn/SaturnRingLib-main/Compiler/sh2eb-elf/bin/../lib/gcc/sh-elf/14.2.0\libgcc.a(_ashiftrt_n.o)
 .data          0x06026510        0x0 C:/saturn/SaturnRingLib-main/Compiler/sh2eb-elf/bin/../lib/gcc/sh-elf/14.2.0\libgcc.a(_ashiftlt.o)
 .data          0x06026510        0x0 C:/saturn/SaturnRingLib-main/Compiler/sh2eb-elf/bin/../lib/gcc/sh-elf/14.2.0\libgcc.a(_lshiftrt.o)
 .data          0x06026510        0x0 C:/saturn/SaturnRingLib-main/Compiler/sh2eb-elf/bin/../lib/gcc/sh-elf/14.2.0\libgcc.a(_movmem.o)
 .data          0x06026510        0x0 C:/saturn/SaturnRingLib-main/Compiler/sh2eb-elf/bin/../lib/gcc/sh-elf/14.2.0\libgcc.a(_sdivsi3.o)
 .data          0x06026510        0x0 C:/saturn/SaturnRingLib-main/Compiler/sh2eb-elf/bin/../lib/gcc/sh-elf/14.2.0\libgcc.a(_udivsi3.o)
 .data          0x06026510        0x0 C:/saturn/SaturnRingLib-main/Compiler/sh2eb-elf/bin/../lib/gcc/sh-elf/14.2.0/../../../../sh-elf/lib\libc.a(libc_a-abort.o)
 .data          0x06026510        0x0 C:/saturn/SaturnRingLib-main/Compiler/sh2eb-elf/bin/../lib/gcc/sh-elf/14.2.0/../../../../sh-elf/lib\libc.a(libc_a-snprintf.o)
 .data          0x06026510        0x0 C:/saturn/SaturnRingLib-main/Compiler/sh2eb-elf/bin/../lib/gcc/sh-elf/14.2.0/../../../../sh-elf/lib\libc.a(libc_a-memcmp.o)
 .data          0x06026510        0x0 C:/saturn/SaturnRingLib-main/Compiler/sh2eb-elf/bin/../lib/gcc/sh-elf/14.2.0/../../../../sh-elf/lib\libc.a(libc_a-strncmp.o)
 .data          0x06026510        0x0 C:/saturn/SaturnRingLib-main/Compiler/sh2eb-elf/bin/../lib/gcc/sh-elf/14.2.0/../../../../sh-elf/lib\libc.a(libc_a-strncpy.o)
 .data          0x06026510        0x0 C:/saturn/SaturnRingLib-main/Compiler/sh2eb-elf/bin/../lib/gcc/sh-elf/14.2.0/../../../../sh-elf/lib\libc.a(libc_a-signal.o)
 .data          0x06026510      0x120 C:/saturn/SaturnRingLib-main/Compiler/sh2eb-elf/bin/../lib/gcc/sh-elf/14.2.0/../../../../sh-elf/lib\libc.a(libc_a-impure.o)
                0x06026510                _impure_ptr
                0x06026514                _impure_data
 .data          0x06026630        0x0 C:/saturn/SaturnRingLib-main/Compiler/sh2eb-elf/bin/../lib/gcc/sh-elf/14.2.0/../../../../sh-elf/lib\libc.a(libc_a-signalr.o)
 .data          0x06026630        0x0 C:/saturn/SaturnRingLib-main/Compiler/sh2eb-elf/bin/../lib/gcc/sh-elf/14.2.0/../../../../sh-elf/lib\libc.a(libc_a-memcpy.o)
 .data          0x06026630        0x0 C:/saturn/SaturnRingLib-main/Compiler/sh2eb-elf/bin/../lib/gcc/sh-elf/14.2.0/../../../../sh-elf/lib\libc.a(libc_a-memset.o)
 .data          0x06026630        0x0 C:/saturn/SaturnRingLib-main/Compiler/sh2eb-elf/bin/../lib/gcc/sh-elf/14.2.0/../../../../sh-elf/lib\libc.a(libc_a-mallocr.o)
 .data          0x06026630        0x0 C:/saturn/SaturnRingLib-main/Compiler/sh2eb-elf/bin/../lib/gcc/sh-elf/14.2.0/../../../../sh-elf/lib\libc.a(libc_a-mlock.o)
 .data          0x06026630        0x0 C:/saturn/SaturnRingLib-main/Compiler/sh2eb-elf/bin/../lib/gcc/sh-elf/14.2.0/../../../../sh-elf/lib\libc.a(libc_a-nano-svfprintf.o)
 .data          0x06026630        0x0 C:/saturn/SaturnRingLib-main/Compiler/sh2eb-elf/bin/../lib/gcc/sh-elf/14.2.0/../../../../sh-elf/lib\libc.a(libc_a-nano-vfprintf_i.o)
 .data          0x06026630        0xc C:/saturn/SaturnRingLib-main/Compiler/sh2eb-elf/bin/../lib/gcc/sh-elf/14.2.0/../../../../sh-elf/lib\libc.a(libc_a-findfp.o)
                0x06026630                __sglue
 .data          0x0602663c        0x0 C:/saturn/SaturnRingLib-main/Compiler/sh2eb-elf/bin/../lib/gcc/sh-elf/14.2.0/../../../../sh-elf/lib\libc.a(libc_a-fwalk.o)
 .data          0x0602663c        0x0 C:/saturn/SaturnRingLib-main/Compiler/sh2eb-elf/bin/../lib/gcc/sh-elf/14.2.0/../../../../sh-elf/lib\libc.a(libc_a-stdio.o)
 .data          0x0602663c        0x0 C:/saturn/SaturnRingLib-main/Compiler/sh2eb-elf/bin/../lib/gcc/sh-elf/14.2.0/../../../../sh-elf/lib\libc.a(libc_a-memchr.o)
 .data          0x0602663c        0x0 C:/saturn/SaturnRingLib-main/Compiler/sh2eb-elf/bin/../lib/gcc/sh-elf/14.2.0/../../../../sh-elf/lib\libc.a(libc_a-memmove.o)
 .data          0x0602663c        0x0 C:/saturn/SaturnRingLib-main/Compiler/sh2eb-elf/bin/../lib/gcc/sh-elf/14.2.0/../../../../sh-elf/lib\libc.a(libc_a-closer.o)
 .data          0x0602663c        0x0 C:/saturn/SaturnRingLib-main/Compiler/sh2eb-elf/bin/../lib/gcc/sh-elf/14.2.0/../../../../sh-elf/lib\libc.a(libc_a-reent.o)
 .data          0x0602663c        0x0 C:/saturn/SaturnRingLib-main/Compiler/sh2eb-elf/bin/../lib/gcc/sh-elf/14.2.0/../../../../sh-elf/lib\libc.a(libc_a-lseekr.o)
 .data          0x0602663c        0x0 C:/saturn/SaturnRingLib-main/Compiler/sh2eb-elf/bin/../lib/gcc/sh-elf/14.2.0/../../../../sh-elf/lib\libc.a(libc_a-readr.o)
 .data          0x0602663c        0x0 C:/saturn/SaturnRingLib-main/Compiler/sh2eb-elf/bin/../lib/gcc/sh-elf/14.2.0/../../../../sh-elf/lib\libc.a(libc_a-sbrkr.o)
 .data          0x0602663c        0x0 C:/saturn/SaturnRingLib-main/Compiler/sh2eb-elf/bin/../lib/gcc/sh-elf/14.2.0/../../../../sh-elf/lib\libc.a(libc_a-writer.o)
 .data          0x0602663c        0x0 C:/saturn/SaturnRingLib-main/Compiler/sh2eb-elf/bin/../lib/gcc/sh-elf/14.2.0/../../../../sh-elf/lib\libc.a(libc_a-freer.o)
 .data          0x0602663c        0x0 C:/saturn/SaturnRingLib-main/Compiler/sh2eb-elf/bin/../lib/gcc/sh-elf/14.2.0/../../../../sh-elf/lib\libc.a(libc_a-reallocr.o)
 .data          0x0602663c        0x0 C:/saturn/SaturnRingLib-main/Compiler/sh2eb-elf/bin/../lib/gcc/sh-elf/14.2.0/../../../../sh-elf/lib\libc.a(libc_a-fflush.o)
 .data          0x0602663c        0x0 C:/saturn/SaturnRingLib-main/Compiler/sh2eb-elf/bin/../lib/gcc/sh-elf/14.2.0/../../../../sh-elf/lib\libc.a(libc_a-msizer.o)
 .data          0x0602663c        0x0 C:/saturn/SaturnRingLib-main/Compiler/sh2eb-elf/bin/../lib/gcc/sh-elf/14.2.0/../../../../sh-elf/lib\libnosys.a(close.o)
 .data          0x0602663c        0x0 C:/saturn/SaturnRingLib-main/Compiler/sh2eb-elf/bin/../lib/gcc/sh-elf/14.2.0/../../../../sh-elf/lib\libnosys.a(getpid.o)
 .data          0x0602663c        0x0 C:/saturn/SaturnRingLib-main/Compiler/sh2eb-elf/bin/../lib/gcc/sh-elf/14.2.0/../../../../sh-elf/lib\libnosys.a(kill.o)
 .data          0x0602663c        0x0 C:/saturn/SaturnRingLib-main/Compiler/sh2eb-elf/bin/../lib/gcc/sh-elf/14.2.0/../../../../sh-elf/lib\libnosys.a(lseek.o)
 .data          0x0602663c        0x0 C:/saturn/SaturnRingLib-main/Compiler/sh2eb-elf/bin/../lib/gcc/sh-elf/14.2.0/../../../../sh-elf/lib\libnosys.a(read.o)
 .data          0x0602663c        0x0 C:/saturn/SaturnRingLib-main/Compiler/sh2eb-elf/bin/../lib/gcc/sh-elf/14.2.0/../../../../sh-elf/lib\libnosys.a(sbrk.o)
 .data          0x0602663c        0x0 C:/saturn/SaturnRingLib-main/Compiler/sh2eb-elf/bin/../lib/gcc/sh-elf/14.2.0/../../../../sh-elf/lib\libnosys.a(write.o)
 .data          0x0602663c        0x0 C:/saturn/SaturnRingLib-main/Compiler/sh2eb-elf/bin/../lib/gcc/sh-elf/14.2.0/../../../../sh-elf/lib\libnosys.a(_exit.o)
                0x0602663c                        __edata = .

.rodata         0x06026640      0x830
 *(.rodata*)
 .rodata        0x06026640       0x18 ../../saturnringlib/../modules/sgl/LIB/../SRC/workarea.o
                0x06026640                PCM_WkSize
                0x06026644                MaxVertices
                0x06026646                MaxPolygons
                0x06026648                SortListSize
                0x0602664c                SpriteBufSize
                0x06026650                EventSize
                0x06026652                MaxEvents
                0x06026654                WorkSize
                0x06026656                MaxWorks
 .rodata._ZN3SRL5Sound8Hardware10InitializeEv.str1.4
                0x06026658       0x25 src/main.o
 *fill*         0x0602667d        0x3 
 .rodata._ZN11ModelObjectC2EPKcj.str1.4
                0x06026680       0x26 src/main.o
 *fill*         0x060266a6        0x2 
 .rodata._ZN3SRL5Debug12AssertScreenIJEEEvPKcS3_S3_DpT_.str1.4
                0x060266a8       0x41 src/main.o
 *fill*         0x060266e9        0x3 
 .rodata._ZN3SRL4VDP24VRAM16AutoAllocateCellERNS_7Tilemap11TilemapInfoEt.str1.4
                0x060266ec       0x95 src/main.o
 *fill*         0x06026781        0x3 
 .rodata._ZN3SRL7Tilemap10Interfaces8Bmp2Tile13ConvertBitmapERNS0_11TilemapInfoERNS_6Bitmap7IBitmapEib.isra.0.str1.4
                0x06026784       0x7a src/main.o
 *fill*         0x060267fe        0x2 
 .rodata._ZN3SRL7Tilemap10Interfaces8Bmp2TileC2ERNS_6Bitmap7IBitmapEh.str1.4
                0x06026800       0x36 src/main.o
 *fill*         0x06026836        0x2 
 .rodata._ZN3SRL6Bitmap3TGA8LoadDataEPNS_2Cd4FileEPNS1_14LoaderSettingsE.str1.4
                0x06026838       0xdb src/main.o
 *fill*         0x06026913        0x1 
 .rodata._ZN3SRL4VDP212ScrollScreenINS0_4NBG0ELs1ELt1EE11LoadTilemapERNS_7Tilemap8ITilemapE.str1.4
                0x06026914      0x104 src/main.o
 .rodata.str1.4
                0x06026a18      0x1bd src/main.o
 *fill*         0x06026bd5        0x3 
 .rodata        0x06026bd8        0x6 src/main.o
 *fill*         0x06026bde        0x2 
 .rodata._ZTVN3SRL7Tilemap10Interfaces8Bmp2TileE
                0x06026be0       0x18 src/main.o
                0x06026be0                vtable for SRL::Tilemap::Interfaces::Bmp2Tile
 .rodata._ZTVN3SRL5Input7DigitalE
                0x06026bf8       0x18 src/main.o
                0x06026bf8                vtable for SRL::Input::Digital
 .rodata._ZTVN3SRL6Bitmap3TGAE
                0x06026c10       0x10 src/main.o
                0x06026c10                vtable for SRL::Bitmap::TGA
 .rodata._ZZN3SRL7Tilemap11TilemapInfo12SGLColorModeEvE8sglColor
                0x06026c20        0x7 src/main.o
                0x06026c20                SRL::Tilemap::TilemapInfo::SGLColorMode()::sglColor
 *fill*         0x06026c27        0x1 
 .rodata._ZN3SRL4Math12Trigonometry8sinTableE
                0x06026c28      0x200 src/main.o
                0x06026c28                SRL::Math::Trigonometry::sinTable
 .rodata.str1.4
                0x06026e28       0x13 C:/saturn/SaturnRingLib-main/Compiler/sh2eb-elf/bin/../lib/gcc/sh-elf/14.2.0/../../../../sh-elf/lib\libc.a(libc_a-nano-svfprintf.o)
 *fill*         0x06026e3b        0x1 
 .rodata.str1.4
                0x06026e3c       0x25 C:/saturn/SaturnRingLib-main/Compiler/sh2eb-elf/bin/../lib/gcc/sh-elf/14.2.0/../../../../sh-elf/lib\libc.a(libc_a-nano-vfprintf_i.o)

.bss            0x06026e70     0x6938
                0x06026e70                        __bstart = .
 *(.bss*)
 .bss           0x06026e70      0x320 ../../saturnringlib/../modules/sgl/LIB/../SRC/workarea.o
                0x06026e70                RemainWork
                0x06026e80                WorkBuf
                0x06026f80                RemainEvent
                0x06026f90                EventBuf
 .bss           0x06027190        0x0 src/main.o
 .bss._ZGVN3SRL4Core8OnVblankE
                0x06027190        0x8 src/main.o
                0x06027190                guard variable for SRL::Core::OnVblank
 .bss._ZGVN3SRL4VDP212ScrollScreenINS0_4RBG0ELs5ELt16EE11TilePaletteE
                0x06027198        0x8 src/main.o
                0x06027198                guard variable for SRL::VDP2::ScrollScreen<SRL::VDP2::RBG0, (short)5, (unsigned short)16>::TilePalette
 .bss._ZGVN3SRL4VDP212ScrollScreenINS0_4NBG3ELs2ELt8EE11TilePaletteE
                0x060271a0        0x8 src/main.o
                0x060271a0                guard variable for SRL::VDP2::ScrollScreen<SRL::VDP2::NBG3, (short)2, (unsigned short)8>::TilePalette
 .bss._ZGVN3SRL4VDP212ScrollScreenINS0_4NBG2ELs3ELt4EE11TilePaletteE
                0x060271a8        0x8 src/main.o
                0x060271a8                guard variable for SRL::VDP2::ScrollScreen<SRL::VDP2::NBG2, (short)3, (unsigned short)4>::TilePalette
 .bss._ZGVN3SRL4VDP212ScrollScreenINS0_4NBG1ELs0ELt2EE11TilePaletteE
                0x060271b0        0x8 src/main.o
                0x060271b0                guard variable for SRL::VDP2::ScrollScreen<SRL::VDP2::NBG1, (short)0, (unsigned short)2>::TilePalette
 .bss._ZGVN3SRL4VDP212ScrollScreenINS0_4NBG0ELs1ELt1EE11TilePaletteE
                0x060271b8        0x8 src/main.o
                0x060271b8                guard variable for SRL::VDP2::ScrollScreen<SRL::VDP2::NBG0, (short)1, (unsigned short)1>::TilePalette
 .bss._ZGVN3SRL4VDP18MetadataE
                0x060271c0        0x8 src/main.o
                0x060271c0                guard variable for SRL::VDP1::Metadata
 .bss._ZGVN3SRL4VDP18TexturesE
                0x060271c8        0x8 src/main.o
                0x060271c8                guard variable for SRL::VDP1::Textures
 .bss._ZN3SRL7Scene2D7EffectsE
                0x060271d0        0x4 src/main.o
                0x060271d0                SRL::Scene2D::Effects
 .bss._ZN3SRL4Core8OnVblankE
                0x060271d4       0x18 src/main.o
                0x060271d4                SRL::Core::OnVblank