Archive member included to satisfy reference by file (symbol)

../../saturnringlib/../modules/sgl/LIB/LIBCD.A(CDC_CMN.O)
                              src/main.o (CDC_CdInit)
../../saturnringlib/../modules/sgl/LIB/LIBCD.A(CDC_REG.O)
                              ../../saturnringlib/../modules/sgl/LIB/LIBCD.A(CDC_CMN.O) (CDREG_ClrHirqReq)
../../saturnringlib/../modules/sgl/LIB/LIBCD.A(CDC_SUB.O)
                              ../../saturnringlib/../modules/sgl/LIB/LIBCD.A(CDC_CMN.O) (CDSUB_UpdStatus)
../../saturnringlib/../modules/sgl/LIB/LIBCD.A(GFS.O)
                              src/main.o (GFS_Init)
../../saturnringlib/../modules/sgl/LIB/LIBCD.A(GFS_BUF.O)
                              ../../saturnringlib/../modules/sgl/LIB/LIBCD.A(GFS.O) (GFBF_GetNumData)
../../saturnringlib/../modules/sgl/LIB/LIBCD.A(GFS_CDB.O)
                              ../../saturnringlib/../modules/sgl/LIB/LIBCD.A(GFS.O) (GFCB_Close)
../../saturnringlib/../modules/sgl/LIB/LIBCD.A(GFS_CDC.O)
                              ../../saturnringlib/../modules/sgl/LIB/LIBCD.A(GFS.O) (GFCD_SetCdbfs)
../../saturnringlib/../modules/sgl/LIB/LIBCD.A(GFS_CDF.O)
                              ../../saturnringlib/../modules/sgl/LIB/LIBCD.A(GFS.O) (GFCF_Init)
../../saturnringlib/../modules/sgl/LIB/LIBCD.A(GFS_DIR.O)
                              ../../saturnringlib/../modules/sgl/LIB/LIBCD.A(GFS.O) (GFDR_SetupDirTbl)
../../saturnringlib/../modules/sgl/LIB/LIBCD.A(GFS_TRN.O)
                              ../../saturnringlib/../modules/sgl/LIB/LIBCD.A(GFS.O) (GFTR_Setup)
../../saturnringlib/../modules/sgl/LIB/LIBCD.A(CDC_DRV.O)
                              ../../saturnringlib/../modules/sgl/LIB/LIBCD.A(GFS_CDC.O) (CDC_CdPlay)
../../saturnringlib/../modules/sgl/LIB/LIBCD.A(CDC_DEV.O)
                              ../../saturnringlib/../modules/sgl/LIB/LIBCD.A(GFS_CDC.O) (CDC_CdSetCon)
../../saturnringlib/../modules/sgl/LIB/LIBCD.A(CDC_SEL.O)
                              ../../saturnringlib/../modules/sgl/LIB/LIBCD.A(GFS_CDC.O) (CDC_SetFiltRange)
../../saturnringlib/../modules/sgl/LIB/LIBCD.A(CDC_BIF.O)
                              ../../saturnringlib/../modules/sgl/LIB/LIBCD.A(GFS_CDC.O) (CDC_GetBufSiz)
../../saturnringlib/../modules/sgl/LIB/LIBCD.A(CDC_BIO.O)
                              ../../saturnringlib/../modules/sgl/LIB/LIBCD.A(GFS_CDC.O) (CDC_SetSctLen)
../../saturnringlib/../modules/sgl/LIB/LIBCD.A(CDC_CFS.O)
                              ../../saturnringlib/../modules/sgl/LIB/LIBCD.A(GFS_CDC.O) (CDC_ChgDir)
../../saturnringlib/../modules/sgl/LIB/LIBSGL.A(sglA15.o)
                              src/main.o (slSlaveFunc)
../../saturnringlib/../modules/sgl/LIB/LIBSGL.A(sglA16.o)
                              src/main.o (slLookAt)
../../saturnringlib/../modules/sgl/LIB/LIBSGL.A(sglA17.o)
                              ../../saturnringlib/../modules/sgl/LIB/LIBSGL.A(sglA16.o) (slRotZ)
../../saturnringlib/../modules/sgl/LIB/LIBSGL.A(sglA18.o)
                              src/main.o (slRotY)
../../saturnringlib/../modules/sgl/LIB/LIBSGL.A(sglA19.o)
                              src/main.o (slRotX)
../../saturnringlib/../modules/sgl/LIB/LIBSGL.A(sglA20.o)
                              src/main.o (slUnitMatrix)
../../saturnringlib/../modules/sgl/LIB/LIBSGL.A(sglA21.o)
                              src/main.o (slPushMatrix)
../../saturnringlib/../modules/sgl/LIB/LIBSGL.A(sglA27.o)
                              src/main.o (slTranslate)
../../saturnringlib/../modules/sgl/LIB/LIBSGL.A(sglA28.o)
                              src/mesh_renderer.o (slScale)
../../saturnringlib/../modules/sgl/LIB/LIBSGL.A(sglA39.o)
                              src/main.o (slConvert3Dto2DFX)
../../saturnringlib/../modules/sgl/LIB/LIBSGL.A(sglB001.o)
                              src/main.o (slTVOn)
../../saturnringlib/../modules/sgl/LIB/LIBSGL.A(sglB002.o)
                              src/main.o (slColRAMMode)
../../saturnringlib/../modules/sgl/LIB/LIBSGL.A(sglB015.o)
                              src/main.o (slScrAutoDisp)
../../saturnringlib/../modules/sgl/LIB/LIBSGL.A(sglB016.o)
                              src/main.o (slBack1ColSet)
../../saturnringlib/../modules/sgl/LIB/LIBSGL.A(sglB031.o)
                              src/main.o (slMapNbg0)
../../saturnringlib/../modules/sgl/LIB/LIBSGL.A(sglB034.o)
                              src/main.o (slMapNbg3)
../../saturnringlib/../modules/sgl/LIB/LIBSGL.A(sglB035.o)
                              src/main.o (sl1MapRA)
../../saturnringlib/../modules/sgl/LIB/LIBSGL.A(sglB038.o)
                              src/main.o (slRparaInitSet)
../../saturnringlib/../modules/sgl/LIB/LIBSGL.A(sglB040.o)
                              src/main.o (slKtableRA)
../../saturnringlib/../modules/sgl/LIB/LIBSGL.A(sglB042.o)
                              src/main.o (slCurRpara)
../../saturnringlib/../modules/sgl/LIB/LIBSGL.A(sglB043.o)
                              src/main.o (slRparaMode)
../../saturnringlib/../modules/sgl/LIB/LIBSGL.A(sglB044.o)
[...]
Memory Configuration

Name             Origin             Length             Attributes
*default*        0x00000000         0xffffffff

Linker script and memory map


SLSTART         0x06004000       0x30
                0x06004000                        ___Start = .
 *(SLSTART)
 SLSTART        0x06004000       0x28 ../../saturnringlib/../modules/sgl/LIB/LIBSGL.A(sglI00.o)
                0x06004000                SGL_Start
                0x06004002                slStartSGL

.text           0x06004040    0x4eb80
 *(.text*)
 .text          0x06004040        0x0 ../../saturnringlib/../modules/sgl/LIB/../SRC/workarea.o
 .text          0x06004040      0xff0 src/camera_system.o
                0x06004088                CameraSystem::InitializeManualOffset()
                0x06004138                CameraSystem::CameraSystem()
                0x06004138                CameraSystem::CameraSystem()
                0x0600452c                CameraSystem::ResetToDefaultView()
                0x060046cc                CameraSystem::UpdateFromPad(SRL::Input::Digital&, long&, CameraRig::OrbitState&)
                0x06004bb4                CameraSystem::CameraLocation(SRL::Math::Types::Vector3D const&) const
                0x06004eb8                CameraSystem::ViewDirection() const
                0x06004ef4                CameraSystem::LookTarget(SRL::Math::Types::Vector3D const&, SRL::Math::Types::Vector3D const&) const
                0x06004f58                CameraSystem::SetCinematicFrame(SRL::Math::Types::Vector3D const&, SRL::Math::Types::Vector3D const&)
                0x06004f80                CameraSystem::CreateSnapshot() const
 .text._ZN3SRL5Input7Digital6IsHeldERKNS1_6ButtonE
                0x06005030       0x1c src/camera_system.o
                0x06005030                SRL::Input::Digital::IsHeld(SRL::Input::Digital::Button const&)
 .text._ZN3SRL6Memory12SimpleMalloc21MergeFreeMemoryBlocksERKNS0_10MemoryZoneEj.isra.0
                0x0600504c       0x78 src/camera_system.o
 .text._ZN3SRL4Math5Types3FxpC2Ev
                0x060050c4        0x8 src/camera_system.o
                0x060050c4                SRL::Math::Types::Fxp::Fxp()
                0x060050c4                SRL::Math::Types::Fxp::Fxp()
 .text._ZN3SRL4Math5Types3FxpC2ERKS2_
                0x060050cc        0x8 src/camera_system.o
                0x060050cc                SRL::Math::Types::Fxp::Fxp(SRL::Math::Types::Fxp const&)
                0x060050cc                SRL::Math::Types::Fxp::Fxp(SRL::Math::Types::Fxp const&)
 .text._ZNK3SRL4Math5Types3Fxp8RawValueEv
                0x060050d4        0x4 src/camera_system.o
                0x060050d4                SRL::Math::Types::Fxp::RawValue() const
 .text._ZN3SRL6Memory11HighWorkRam6MallocEj
                0x060050d8      0x1c0 src/camera_system.o
                0x060050d8                SRL::Memory::HighWorkRam::Malloc(unsigned int)
 .text._ZN3SRL6Memory10LowWorkRam4FreeEPv
                0x06005298      0x170 src/camera_system.o
                0x06005298                SRL::Memory::LowWorkRam::Free(void*)
 .text._ZN3SRL6Memory4FreeEPv
                0x06005408      0x25c src/camera_system.o
                0x06005408                SRL::Memory::Free(void*)
 .text._ZN6Camera13OrbitPositionEN3SRL4Math5Types5AngleES3_NS2_3FxpE
                0x06005664      0x1b0 src/camera_system.o
                0x06005664                Camera::OrbitPosition(SRL::Math::Types::Angle, SRL::Math::Types::Angle, SRL::Math::Types::Fxp)
 .text._ZN3SRL5Types5EventIJEEC2Ev
                0x06005814       0x40 src/camera_system.o
                0x06005814                SRL::Types::Event<>::Event()
                0x06005814                SRL::Types::Event<>::Event()
 .text.startup  0x06005854      0x198 src/camera_system.o
 .text.exit     0x060059ec       0x54 src/camera_system.o
 .text          0x06005a40      0x600 src/car_system.o
                0x06005a40                Game::CarSystem::CarCommandAdapter::Accelerate()
                0x06005a64                Game::CarSystem::CarCommandAdapter::Brake()
                0x06005a8c                Game::CarSystem::CarCommandAdapter::SteerLeft()
                0x06005ab0                Game::CarSystem::CarCommandAdapter::SteerRight()
                0x06005af4                Game::CarSystem::CarSystem(ModelObject*, bool, Game::CarSystem::Config const&)
                0x06005af4                Game::CarSystem::CarSystem(ModelObject*, bool, Game::CarSystem::Config const&)
                0x06005ce0                Game::CarSystem::UpdateWheels(bool, bool)
                0x06005d10                Game::CarSystem::TickCommandState()
                0x06005d84                Game::CarSystem::Render(long)
                0x06005e48                Game::CarSystem::SubmitRender(RenderPipeline&, bool)
 .text._ZN4Game9CarSystem8RendererEv
                0x06006040        0x4 src/car_system.o
                0x06006040                Game::CarSystem::Renderer()
 .text._ZNK4Game9CarSystem4NameEv
                0x06006044        0x8 src/car_system.o
                0x06006044                Game::CarSystem::Name() const
 .text._ZN4Game9CarSystem17CarCommandAdapterD2Ev
                0x0600604c        0x4 src/car_system.o
                0x0600604c                Game::CarSystem::CarCommandAdapter::~CarCommandAdapter()
                0x0600604c                Game::CarSystem::CarCommandAdapter::~CarCommandAdapter()
 .text._ZNK4Game9CarSystem8PositionEv
                0x06006050       0x3c src/car_system.o
                0x06006050                Game::CarSystem::Position() const
 .text._ZNK4Game9CarSystem17CarCommandAdapter13WorldPositionEv
                0x0600608c       0x88 src/car_system.o
                0x0600608c                Game::CarSystem::CarCommandAdapter::WorldPosition() const
 .text._ZNK4Game9CarSystem3YawEv
                0x06006114       0x40 src/car_system.o
                0x06006114                Game::CarSystem::Yaw() const
 .text.unlikely
                0x06006154        0x4 src/car_system.o
 .text._ZN4Game9CarSystem17CarCommandAdapterD0Ev
                0x06006158        0xc src/car_system.o
                0x06006158                Game::CarSystem::CarCommandAdapter::~CarCommandAdapter()
 .text._ZN4Game9CarSystemD2Ev
                0x06006164       0x3c src/car_system.o
                0x06006164                Game::CarSystem::~CarSystem()
                0x06006164                Game::CarSystem::~CarSystem()
 .text._ZN4Game9CarSystemD0Ev
                0x060061a0       0x40 src/car_system.o
                0x060061a0                Game::CarSystem::~CarSystem()
 .text.startup  0x060061e0      0x198 src/car_system.o
 .text.exit     0x06006378       0x54 src/car_system.o
 .text          0x060063cc      0x338 src/exception_stubs.o
                0x060063cc                malloc
                0x060063e0                free
                0x0600645c                calloc
                0x060064a8                realloc
                0x060065a0                cfree
                0x0600661c                _malloc_r
                0x06006630                _free_r
                0x060066ac                _calloc_r
                0x060066f8                _realloc_r
 .text.unlikely
                0x06006704        0x4 src/exception_stubs.o
 .text._ZN3SRL6Memory12SimpleMalloc4FreeERKNS0_10MemoryZoneEPv
                0x06006708       0xe0 src/exception_stubs.o
                0x06006708                SRL::Memory::SimpleMalloc::Free(SRL::Memory::MemoryZone const&, void*)
 .text._ZN3SRL6Memory12SimpleMalloc7ReallocERKNS0_10MemoryZoneEPvj
                0x060067e8      0x184 src/exception_stubs.o
                0x060067e8                SRL::Memory::SimpleMalloc::Realloc(SRL::Memory::MemoryZone const&, void*, unsigned int)
 .text._ZN3SRL6Memory11HighWorkRam4FreeEPv
                0x0600696c      0x170 src/exception_stubs.o
                0x0600696c                SRL::Memory::HighWorkRam::Free(void*)
 .text._ZN3SRL6Memory11HighWorkRam7ReallocEPvj
                0x06006adc      0x308 src/exception_stubs.o
                0x06006adc                SRL::Memory::HighWorkRam::Realloc(void*, unsigned int)
 .text._ZN3SRL6Memory10LowWorkRam7ReallocEPvj
                0x06006de4      0x224 src/exception_stubs.o
                0x06006de4                SRL::Memory::LowWorkRam::Realloc(void*, unsigned int)
 .text.startup  0x06007008      0x198 src/exception_stubs.o
 .text.exit     0x060071a0       0xe8 src/exception_stubs.o
 .text          0x06007288     0x2dd4 src/main.o
                0x06007abc                __throw_bad_array_new_length
                0x06007ac0                __throw_bad_alloc
                0x06007ac4                std::__throw_bad_array_new_length()
                0x06007ac8                std::__throw_bad_alloc()
                0x06007b38                GameApp::Run()
 .text._ZN3SRL7Tilemap10Interfaces8Bmp2Tile11GetCellDataEv
                0x0600a05c        0x4 src/main.o
                0x0600a05c                SRL::Tilemap::Interfaces::Bmp2Tile::GetCellData()
 .text._ZN3SRL7Tilemap10Interfaces8Bmp2Tile10GetMapDataEv
                0x0600a060        0x4 src/main.o
                0x0600a060                SRL::Tilemap::Interfaces::Bmp2Tile::GetMapData()
 .text._ZN3SRL7Tilemap10Interfaces8Bmp2Tile10GetPalDataEv
                0x0600a064        0x4 src/main.o
                0x0600a064                SRL::Tilemap::Interfaces::Bmp2Tile::GetPalData()
 .text._ZN3SRL7Tilemap10Interfaces8Bmp2Tile7GetInfoEv
                0x0600a068       0x18 src/main.o
                0x0600a068                SRL::Tilemap::Interfaces::Bmp2Tile::GetInfo()
 .text._ZN3SRL5Input7Digital11IsConnectedEv
                0x0600a080       0x28 src/main.o
                0x0600a080                SRL::Input::Digital::IsConnected()
 .text._ZN3SRL5Input7Digital11WasReleasedERKNS1_6ButtonE
                0x0600a0a8       0x2c src/main.o
                0x0600a0a8                SRL::Input::Digital::WasReleased(SRL::Input::Digital::Button const&)
 .text._ZN3SRL5Input7Digital10WasPressedERKNS1_6ButtonE
                0x0600a0d4       0x2c src/main.o
                0x0600a0d4                SRL::Input::Digital::WasPressed(SRL::Input::Digital::Button const&)
 .text._ZN3SRL5Types5ITask6IsDoneEv
                0x0600a100        0x8 src/main.o
                0x0600a100                SRL::Types::ITask::IsDone()
 .text._ZN3SRL5Types5ITask5StartEv
                0x0600a108       0x18 src/main.o
                0x0600a108                SRL::Types::ITask::Start()
 .text._ZN3SRL5Types5ITask9ResetTaskEv
                0x0600a120        0x8 src/main.o
                0x0600a120                SRL::Types::ITask::ResetTask()
 .text._ZN3SRL6Bitmap3TGA7GetDataEv
                0x0600a128        0x4 src/main.o
                0x0600a128                SRL::Bitmap::TGA::GetData()
 .text._ZN3SRL6Bitmap3TGA7GetInfoEv
                0x0600a12c       0x34 src/main.o
                0x0600a12c                SRL::Bitmap::TGA::GetInfo()
 .text._ZN22SlaveTrackDrawProducerIN16TrackSegmentPoolILj30EN11TrackSystem18SegmentRenderEntryEE6HandleELj30EE9BuildTaskD2Ev
                0x0600a160        0x4 src/main.o
                0x0600a160                SlaveTrackDrawProducer<TrackSegmentPool<30u, TrackSystem::SegmentRenderEntry>::Handle, 30u>::BuildTask::~BuildTask()
                0x0600a160                SlaveTrackDrawProducer<TrackSegmentPool<30u, TrackSystem::SegmentRenderEntry>::Handle, 30u>::BuildTask::~BuildTask()
 .text._ZN14GameLoopSystem14SimulationTaskD2Ev
                0x0600a164        0x4 src/main.o
                0x0600a164                GameLoopSystem::SimulationTask::~SimulationTask()
                0x0600a164                GameLoopSystem::SimulationTask::~SimulationTask()
 .text._ZN14GameLoopSystem20CarRenderPrepareTaskD2Ev
                0x0600a168        0x4 src/main.o
                0x0600a168                GameLoopSystem::CarRenderPrepareTask::~CarRenderPrepareTask()
                0x0600a168                GameLoopSystem::CarRenderPrepareTask::~CarRenderPrepareTask()
 .text._ZN14GameLoopSystem20CarRenderPrepareTask2DoEv
                0x0600a16c       0x54 src/main.o
                0x0600a16c                GameLoopSystem::CarRenderPrepareTask::Do()
 .text._ZN22SlaveTrackDrawProducerIN16TrackSegmentPoolILj30EN11TrackSystem18SegmentRenderEntryEE6HandleELj30EED2Ev
                0x0600a1c0        0x4 src/main.o
                0x0600a1c0                SlaveTrackDrawProducer<TrackSegmentPool<30u, TrackSystem::SegmentRenderEntry>::Handle, 30u>::~SlaveTrackDrawProducer()
                0x0600a1c0                SlaveTrackDrawProducer<TrackSegmentPool<30u, TrackSystem::SegmentRenderEntry>::Handle, 30u>::~SlaveTrackDrawProducer()
 .text._ZNK22SlaveTrackDrawProducerIN16TrackSegmentPoolILj30EN11TrackSystem18SegmentRenderEntryEE6HandleELj30EE7ConsumeEv
                0x0600a1c4       0x20 src/main.o
                0x0600a1c4                SlaveTrackDrawProducer<TrackSegmentPool<30u, TrackSystem::SegmentRenderEntry>::Handle, 30u>::Consume() const
 .text._ZNK22SlaveTrackDrawProducerIN16TrackSegmentPoolILj30EN11TrackSystem18SegmentRenderEntryEE6HandleELj30EE5StatsEv
                0x0600a1e4       0x44 src/main.o
                0x0600a1e4                SlaveTrackDrawProducer<TrackSegmentPool<30u, TrackSystem::SegmentRenderEntry>::Handle, 30u>::Stats() const
 .text._ZN22SlaveTrackDrawProducerIN16TrackSegmentPoolILj30EN11TrackSystem18SegmentRenderEntryEE6HandleELj30EE9BuildTask2DoEv
                0x0600a228       0xa0 src/main.o
                0x0600a228                SlaveTrackDrawProducer<TrackSegmentPool<30u, TrackSystem::SegmentRenderEntry>::Handle, 30u>::BuildTask::Do()
 .text._ZN3SRL4Math5Types3FxpmIERKS2_.isra.0
                0x0600a2c8        0x8 src/main.o
 .text._ZN22SlaveTrackDrawProducerIN16TrackSegmentPoolILj30EN11TrackSystem18SegmentRenderEntryEE6HandleELj30EE5BuildERKSt6vectorIS4_SaIS4_EEj
                0x0600a2d0      0x280 src/main.o
                0x0600a2d0                SlaveTrackDrawProducer<TrackSegmentPool<30u, TrackSystem::SegmentRenderEntry>::Handle, 30u>::Build(std::vector<TrackSegmentPool<30u, TrackSystem::SegmentRenderEntry>::Handle, std::allocator<TrackSegmentPool<30u, TrackSystem::SegmentRenderEntry>::Handle> > const&, unsigned int)
 .text._ZN22SlaveTrackDrawProducerIN16TrackSegmentPoolILj30EN11TrackSystem18SegmentRenderEntryEE6HandleELj30EE10BeginFrameEm
                0x0600a550      0x10c src/main.o
                0x0600a550                SlaveTrackDrawProducer<TrackSegmentPool<30u, TrackSystem::SegmentRenderEntry>::Handle, 30u>::BeginFrame(unsigned long)
 .text._ZN3SRL5Slave9SlaveTaskEPv
                0x0600a65c       0x2c src/main.o
                0x0600a65c                SRL::Slave::SlaveTask(void*)
 .text._ZN3SRL4Core14VblankHandlingEv
                0x0600a688      0x1b4 src/main.o
                0x0600a688                SRL::Core::VblankHandling()
 .text._ZN14GameLoopSystem14SimulationTask2DoEv
                0x0600a83c      0x168 src/main.o
                0x0600a83c                GameLoopSystem::SimulationTask::Do()
 .text.unlikely
                0x0600a9a4        0x4 src/main.o
                0x0600a9a4                std::__throw_length_error(char const*)
 .text._ZN3SRL6Memory12SimpleMalloc6MallocERKNS0_10MemoryZoneEj
                0x0600a9a8       0xe4 src/main.o
                0x0600a9a8                SRL::Memory::SimpleMalloc::Malloc(SRL::Memory::MemoryZone const&, unsigned int)
 .text._ZN3SRL6Memory11HighWorkRam12GetFreeSpaceEv
                0x0600aa8c       0x30 src/main.o
                0x0600aa8c                SRL::Memory::HighWorkRam::GetFreeSpace()
 .text._ZN3SRL6Memory10LowWorkRam6MallocEj
                0x0600aabc      0x1c0 src/main.o
                0x0600aabc                SRL::Memory::LowWorkRam::Malloc(unsigned int)
 .text._ZN3SRL6Memory7CartRam9GetReportEv
                0x0600ac7c       0x94 src/main.o
                0x0600ac7c                SRL::Memory::CartRam::GetReport()
 .text._ZN22SlaveTrackDrawProducerIN16TrackSegmentPoolILj30EN11TrackSystem18SegmentRenderEntryEE6HandleELj30EE9BuildTaskD0Ev
                0x0600ad10        0xc src/main.o
                0x0600ad10                SlaveTrackDrawProducer<TrackSegmentPool<30u, TrackSystem::SegmentRenderEntry>::Handle, 30u>::BuildTask::~BuildTask()
 .text._ZN14GameLoopSystem14SimulationTaskD0Ev
                0x0600ad1c        0xc src/main.o
                0x0600ad1c                GameLoopSystem::SimulationTask::~SimulationTask()
 .text._ZN14GameLoopSystem20CarRenderPrepareTaskD0Ev
                0x0600ad28        0xc src/main.o
                0x0600ad28                GameLoopSystem::CarRenderPrepareTask::~CarRenderPrepareTask()
 .text._ZN22SlaveTrackDrawProducerIN16TrackSegmentPoolILj30EN11TrackSystem18SegmentRenderEntryEE6HandleELj30EED0Ev
                0x0600ad34        0xc src/main.o
                0x0600ad34                SlaveTrackDrawProducer<TrackSegmentPool<30u, TrackSystem::SegmentRenderEntry>::Handle, 30u>::~SlaveTrackDrawProducer()
 .text._ZN3SRL6Memory15PlacementMallocEjm
                0x0600ad40       0x7c src/main.o
                0x0600ad40                SRL::Memory::PlacementMalloc(unsigned int, unsigned long)
 .text._ZN3SRL2Cd4FileC2EPKc
                0x0600adbc       0xf0 src/main.o
                0x0600adbc                SRL::Cd::File::File(char const*)
                0x0600adbc                SRL::Cd::File::File(char const*)
 .text._ZN3SRL2Cd4File5CloseEv
                0x0600aeac       0x34 src/main.o
                0x0600aeac                SRL::Cd::File::Close()
 .text._ZN3SRL2Cd4File4ReadElPv
                0x0600aee0      0x110 src/main.o
                0x0600aee0                SRL::Cd::File::Read(long, void*)
 .text._ZN3SRL2Cd9ChangeDirEPc
                0x0600aff0       0x40 src/main.o
                0x0600aff0                SRL::Cd::ChangeDir(char*)
 .text._ZN3SRL4VDP114TryLoadTextureEttNS_4CRAM16TextureColorModeEtPv
                0x0600b030      0x110 src/main.o
                0x0600b030                SRL::VDP1::TryLoadTexture(unsigned short, unsigned short, SRL::CRAM::TextureColorMode, unsigned short, void*)
 .text._ZN3SRL4VDP24VRAM8AllocateEmmNS0_8VramBankEh
                0x0600b140       0x68 src/main.o
                0x0600b140                SRL::VDP2::VRAM::Allocate(unsigned long, unsigned long, SRL::VDP2::VramBank, unsigned char)
 .text._ZN3SRL4VDP210InitializeERKNS_5Types9HighColorE
                0x0600b1a8      0x1ac src/main.o
                0x0600b1a8                SRL::VDP2::Initialize(SRL::Types::HighColor const&)
 .text._ZN3SRL5Input3Gun11SynchronizeEv
                0x0600b354      0x1d0 src/main.o
                0x0600b354                SRL::Input::Gun::Synchronize()
 .text._ZN3SRL5Sound8Hardware10InitializeEv
                0x0600b524      0x458 src/main.o
                0x0600b524                SRL::Sound::Hardware::Initialize()
 .text._ZN3SRL4Core10InitializeERKNS_5Types9HighColorE
                0x0600b97c      0x1f8 src/main.o
                0x0600b97c                SRL::Core::Initialize(SRL::Types::HighColor const&)
 .text._ZN3SRL6Bitmap3TGA13DecodePaletteEPhPKNS1_9TgaHeaderEl
                0x0600bb74      0x350 src/main.o
                0x0600bb74                SRL::Bitmap::TGA::DecodePalette(unsigned char*, SRL::Bitmap::TGA::TgaHeader const*, long)
 .text._ZN11ModelObject19AllocatePaletteBankEN3SRL4CRAM16TextureColorModeE
                0x0600bec4      0x1b0 src/main.o
                0x0600bec4                ModelObject::AllocatePaletteBank(SRL::CRAM::TextureColorMode)
 .text._ZN11ModelObject25RemapLoadedTextureIndicesEjRKSt6vectorIlSaIlEE
                0x0600c074      0x21c src/main.o
                0x0600c074                ModelObject::RemapLoadedTextureIndices(unsigned int, std::vector<long, std::allocator<long> > const&)
 .text._ZN11ModelObjectD2Ev
                0x0600c290       0xbc src/main.o
                0x0600c290                ModelObject::~ModelObject()
                0x0600c290                ModelObject::~ModelObject()
 .text._ZN11ModelObject12GetFaceCountEv
                0x0600c34c       0x84 src/main.o
                0x0600c34c                ModelObject::GetFaceCount()
 .text._ZN17SkyBackgroundDome6UpdateElll
                0x0600c3d0      0x180 src/main.o
                0x0600c3d0                SkyBackgroundDome::Update(long, long, long)
 .text._ZN7PathNya26TryParseWithDescriptorBaseEPKhjbmjRSt5arrayISt6vectorINS_8PointRawESaIS4_EELj3EERj
                0x0600c550      0x374 src/main.o
                0x0600c550                PathNya::TryParseWithDescriptorBase(unsigned char const*, unsigned int, bool, unsigned long, unsigned int, std::array<std::vector<PathNya::PointRaw, std::allocator<PathNya::PointRaw> >, 3u>&, unsigned int&)
 .text._ZN7PathNya5ParseEPKhjRNS_11ParseResultE
                0x0600c8c4      0x30c src/main.o
                0x0600c8c4                PathNya::Parse(unsigned char const*, unsigned int, PathNya::ParseResult&)
 .text._ZN14GameLoopSystem23ResolveCameraFrameStateEv
                0x0600cbd0      0x198 src/main.o
                0x0600cbd0                GameLoopSystem::ResolveCameraFrameState()
 .text._ZN14GameLoopSystem10RenderAxesEv
                0x0600cd68      0x2e8 src/main.o
                0x0600cd68                GameLoopSystem::RenderAxes()
 .text._ZN3SRL5Debug12AssertScreenIJEEEvPKcS3_S3_DpT_
                0x0600d050      0x540 src/main.o
                0x0600d050                void SRL::Debug::AssertScreen<>(char const*, char const*, char const*)
 .text._ZN3SRL4VDP24VRAM16AutoAllocateCellERNS_7Tilemap11TilemapInfoEt
                0x0600d590      0x1cc src/main.o
                0x0600d590                SRL::VDP2::VRAM::AutoAllocateCell(SRL::Tilemap::TilemapInfo&, unsigned short)
 .text._ZN3SRL7Tilemap10Interfaces8Bmp2Tile13ConvertBitmapERNS0_11TilemapInfoERNS_6Bitmap7IBitmapEib.isra.0
                0x0600d75c      0x3f4 src/main.o
 .text._ZN3SRL5Debug12AssertScreenIJlEEEvPKcS3_S3_DpT_
                0x0600db50      0x5c0 src/main.o
                0x0600db50                void SRL::Debug::AssertScreen<long>(char const*, char const*, char const*, long)
 .text._ZN3SRL7Tilemap10Interfaces8Bmp2TileC2ERNS_6Bitmap7IBitmapEh
                0x0600e110      0x268 src/main.o
                0x0600e110                SRL::Tilemap::Interfaces::Bmp2Tile::Bmp2Tile(SRL::Bitmap::IBitmap&, unsigned char)
                0x0600e110                SRL::Tilemap::Interfaces::Bmp2Tile::Bmp2Tile(SRL::Bitmap::IBitmap&, unsigned char)
 .text._ZN3SRL5Debug12AssertScreenIJaEEEvPKcS3_S3_DpT_
                0x0600e378      0x5c4 src/main.o
                0x0600e378                void SRL::Debug::AssertScreen<signed char>(char const*, char const*, char const*, signed char)
 .text._ZN3SRL6Bitmap3TGA8LoadDataEPNS_2Cd4FileEPNS1_14LoaderSettingsE
                0x0600e93c      0xef0 src/main.o
                0x0600e93c                SRL::Bitmap::TGA::LoadData(SRL::Cd::File*, SRL::Bitmap::TGA::LoaderSettings*)
 .text._ZN3SRL5Debug5PrintIJmmmEEEvhhPKcDpT_
                0x0600f82c      0x178 src/main.o
                0x0600f82c                void SRL::Debug::Print<unsigned long, unsigned long, unsigned long>(unsigned char, unsigned char, char const*, unsigned long, unsigned long, unsigned long)
 .text._ZN11ModelObject18LoadFlatMeshStreamERN3SRL2Cd4FileEj
                0x0600f9a4      0x724 src/main.o
                0x0600f9a4                ModelObject::LoadFlatMeshStream(SRL::Cd::File&, unsigned int)
 .text._ZN11ModelObject18LoadFlatMeshBufferEPPcj
                0x060100c8      0x520 src/main.o
                0x060100c8                ModelObject::LoadFlatMeshBuffer(char**, unsigned int)
 .text._ZN11ModelObject20LoadSmoothMeshBufferEPPcPjj
                0x060105e8      0x8dc src/main.o
                0x060105e8                ModelObject::LoadSmoothMeshBuffer(char**, unsigned int*, unsigned int)
 .text._ZN11ModelObject20LoadSmoothMeshStreamERN3SRL2Cd4FileEPjj
                0x06010ec4      0x904 src/main.o
                0x06010ec4                ModelObject::LoadSmoothMeshStream(SRL::Cd::File&, unsigned int*, unsigned int)
 .text._ZN3SRL5Debug5PrintIJPKcEEEvhhS3_DpT_
                0x060117c8      0x164 src/main.o
                0x060117c8                void SRL::Debug::Print<char const*>(unsigned char, unsigned char, char const*, char const*)
 .text._ZN11ModelObject11ParseBufferEPKcjj
                0x0601192c      0xb7c src/main.o
                0x0601192c                ModelObject::ParseBuffer(char const*, unsigned int, unsigned int)
 .text._ZN11ModelObject10LoadBufferEPKcj
                0x060124a8      0x444 src/main.o
                0x060124a8                ModelObject::LoadBuffer(char const*, unsigned int)
 .text._ZN3SRL5Debug5PrintIJPKcmmmEEEvhhS3_DpT_
                0x060128ec      0x180 src/main.o
                0x060128ec                void SRL::Debug::Print<char const*, unsigned long, unsigned long, unsigned long>(unsigned char, unsigned char, char const*, char const*, unsigned long, unsigned long, unsigned long)
 .text._ZN11ModelObject13LoadStreamingEPKcj
                0x06012a6c      0xe44 src/main.o
                0x06012a6c                ModelObject::LoadStreaming(char const*, unsigned int)
 .text._ZN11ModelObjectC2EPKcjbjbbb
                0x060138b0      0x28c src/main.o
                0x060138b0                ModelObject::ModelObject(char const*, unsigned int, bool, unsigned int, bool, bool, bool)
                0x060138b0                ModelObject::ModelObject(char const*, unsigned int, bool, unsigned int, bool, bool, bool)
 .text._ZZ13LoadCarToCartPKPKcjbjENKUlS0_E_clES0_
                0x06013b3c      0x42c src/main.o
                0x06013b3c                LoadCarToCart(char const* const*, unsigned int, bool, unsigned int)::{lambda(char const*)#1}::operator()(char const*) const
 .text._Z13LoadCarToCartPKPKcjbj
                0x06013f68      0xa10 src/main.o
                0x06013f68                LoadCarToCart(char const* const*, unsigned int, bool, unsigned int)
 .text._ZNSt6vectorIN3SRL5Types9HighColorESaIS2_EE6resizeEj
                0x06014978      0x120 src/main.o
                0x06014978                std::vector<SRL::Types::HighColor, std::allocator<SRL::Types::HighColor> >::resize(unsigned int)
 .text._ZNSt6vectorIhSaIhEE6resizeEj
                0x06014a98      0x128 src/main.o
                0x06014a98                std::vector<unsigned char, std::allocator<unsigned char> >::resize(unsigned int)
 .text._ZN3SRL5Debug5PrintIJjjEEEvhhPKcDpT_
                0x06014bc0      0x170 src/main.o
                0x06014bc0                void SRL::Debug::Print<unsigned int, unsigned int>(unsigned char, unsigned char, char const*, unsigned int, unsigned int)
 .text._ZN3SRL5Debug5PrintIJjjjEEEvhhPKcDpT_
                0x06014d30      0x178 src/main.o
                0x06014d30                void SRL::Debug::Print<unsigned int, unsigned int, unsigned int>(unsigned char, unsigned char, char const*, unsigned int, unsigned int, unsigned int)
 .text._ZN9HudSystem25PresentPeriodicFrameStatsEmbbmmmm
                0x06014ea8      0x400 src/main.o
                0x06014ea8                HudSystem::PresentPeriodicFrameStats(unsigned long, bool, bool, unsigned long, unsigned long, unsigned long, unsigned long)
 .text._ZN14GameLoopSystem24UpdateLowWorkFreeOverlayEv
                0x060152a8      0xb88 src/main.o
                0x060152a8                GameLoopSystem::UpdateLowWorkFreeOverlay()
 .text._ZN3SRL5Debug5PrintIJjEEEvhhPKcDpT_
                0x06015e30      0x164 src/main.o
                0x06015e30                void SRL::Debug::Print<unsigned int>(unsigned char, unsigned char, char const*, unsigned int)
 .text._ZN14GameLoopSystem21LoadAutoLapGuideLinesEv
                0x06015f94      0x928 src/main.o
                0x06015f94                GameLoopSystem::LoadAutoLapGuideLines()
 .text._ZN14GameLoopSystem30BuildAutoLapRouteFromPathGuideERKNS_7ContextE
                0x060168bc      0x5a8 src/main.o
                0x060168bc                GameLoopSystem::BuildAutoLapRouteFromPathGuide(GameLoopSystem::Context const&)
 .text._ZN14GameLoopSystem17BuildAutoLapRouteERKNS_7ContextE
                0x06016e64      0x374 src/main.o
                0x06016e64                GameLoopSystem::BuildAutoLapRoute(GameLoopSystem::Context const&)
 .text._ZN14GameLoopSystem18UpdateAutoLapRouteERKNS_7ContextERN3SRL4Math5Types8Vector3DERl
                0x060171d8      0x454 src/main.o
                0x060171d8                GameLoopSystem::UpdateAutoLapRoute(GameLoopSystem::Context const&, SRL::Math::Types::Vector3D&, long&)
 .text._ZN3SRL4VDP212ScrollScreenINS0_4RBG0ELs5ELt16EE11LoadTilemapERNS_7Tilemap8ITilemapE
                0x0601762c      0x494 src/main.o
                0x0601762c                SRL::VDP2::ScrollScreen<SRL::VDP2::RBG0, (short)5, (unsigned short)16>::LoadTilemap(SRL::Tilemap::ITilemap&)
 .text._ZN3SRL4VDP212ScrollScreenINS0_4NBG0ELs1ELt1EE12SetMapLayoutEhhhh
                0x06017ac0      0x210 src/main.o
                0x06017ac0                SRL::VDP2::ScrollScreen<SRL::VDP2::NBG0, (short)1, (unsigned short)1>::SetMapLayout(unsigned char, unsigned char, unsigned char, unsigned char)
 .text._ZN3SRL4VDP212ScrollScreenINS0_4NBG0ELs1ELt1EE11LoadTilemapERNS_7Tilemap8ITilemapE
                0x06017cd0      0x5b0 src/main.o
                0x06017cd0                SRL::VDP2::ScrollScreen<SRL::VDP2::NBG0, (short)1, (unsigned short)1>::LoadTilemap(SRL::Tilemap::ITilemap&)
 .text._ZN13SkyBackground6UpdateEll
                0x06018280      0x2a4 src/main.o
                0x06018280                SkyBackground::Update(long, long)
 .text._ZZN13SkyBackground4LoadEPKPKcjENKUlS1_S3_jE_clES1_S3_j.isra.0
                0x06018524      0x280 src/main.o
 .text._ZN13SkyBackground4LoadEPKPKcj
                0x060187a4      0x59c src/main.o
                0x060187a4                SkyBackground::Load(char const* const*, unsigned int)
 .text._ZN14SkyEnvironment4LoadEPKPKcj
                0x06018d40      0x290 src/main.o
                0x06018d40                SkyEnvironment::Load(char const* const*, unsigned int)
 .text._ZN17BackgroundManager4InitEPKPKcj
                0x06018fd0       0xcc src/main.o
                0x06018fd0                BackgroundManager::Init(char const* const*, unsigned int)
 .text.startup  0x0601909c      0x1a8 src/main.o
                0x0601909c                main
 .text.exit     0x06019244       0x54 src/main.o
 .text          0x06019298      0xabc src/mesh_renderer.o
                0x06019308                MeshRenderer::SetSkipMesh(unsigned int)
                0x06019310                MeshRenderer::SetScale(SRL::Math::Types::Fxp const&)
                0x06019318                MeshRenderer::SetOffset(SRL::Math::Types::Vector3D const&)
                0x06019330                MeshRenderer::SetLightDirection(SRL::Math::Types::Vector3D const&)
                0x06019340                MeshRenderer::DrawMesh(unsigned int)
                0x06019404                MeshRenderer::Render(SRL::Math::Types::Vector3D const&, SRL::Math::Types::Angle const&, bool)
                0x0601960c                MeshRenderer::ApplyTransform(SRL::Math::Types::Vector3D const&, SRL::Math::Types::Angle const&)
                0x060196a4                MeshRenderer::ComputeMeshCenters()
                0x06019c70                MeshRenderer::MeshRenderer(ModelObject&, bool, MeshRenderer::Config const&)
                0x06019c70                MeshRenderer::MeshRenderer(ModelObject&, bool, MeshRenderer::Config const&)
 .text.unlikely
                0x06019d54        0x4 src/mesh_renderer.o
 .text.startup  0x06019d58      0x198 src/mesh_renderer.o
 .text.exit     0x06019ef0       0x54 src/mesh_renderer.o
 .text          0x06019f44    0x26a50 src/track_system.o
                0x06022a00                TrackSystem::ComputeRendererCenter(TrackRenderer const&)
                0x06022b18                TrackSystem::ReleaseRawSegmentCatalog()
                0x06022c6c                TrackSystem::ReleaseSeg1Texbanks()
                0x06022db0                TrackSystem::ReleaseSeg1TgaCatalog()
                0x06022f18                TrackSystem::BuildSeg1TexbankCandidatePaths(int, std::array<std::array<char, 40u>, 16u>&, char const**, unsigned int&)
                0x060231f4                TrackSystem::LoadSeg1TexbankIndexToCart(unsigned int, int)
                0x06023a84                TrackSystem::FindRawSegmentCopyById(int) const
                0x06023abc                TrackSystem::FindExistingPath(char const* const*, unsigned int)
                0x06023d94                TrackSystem::ResolveSegmentPath(unsigned int)
                0x06023e1c                TrackSystem::CopySegmentById(unsigned int)
                0x060241bc                TrackSystem::CopyAllTrackSegments(unsigned int)
                0x06024530                TrackSystem::BuildSegmentHandleTable()
                0x06024758                TrackSystem::InitializeFamilySlots(std::vector<TrackSystem::Seg1FamilySlotEntry, TrackZoneAllocator<TrackSystem::Seg1FamilySlotEntry, (SRL::Memory::Zone)1> >&, int const*, unsigned int) const
                0x0602498c                TrackSystem::InitializeFamilySlots(std::vector<TrackSystem::Seg1FamilySlotEntry, TrackZoneAllocator<TrackSystem::Seg1FamilySlotEntry, (SRL::Memory::Zone)1> >&, std::vector<unsigned short, TrackZoneAllocator<unsigned short, (SRL::Memory::Zone)1> > const&) const
                0x06024bc0                TrackSystem::InvalidateFamilySlotIndex() const
                0x06024bcc                TrackSystem::RebuildFamilySlotIndex() const
                0x06024be8                TrackSystem::FindFamilySlot(std::vector<TrackSystem::Seg1FamilySlotEntry, TrackZoneAllocator<TrackSystem::Seg1FamilySlotEntry, (SRL::Memory::Zone)1> >&, unsigned short)
                0x06024ca8                TrackSystem::FindFamilySlot(std::vector<TrackSystem::Seg1FamilySlotEntry, TrackZoneAllocator<TrackSystem::Seg1FamilySlotEntry, (SRL::Memory::Zone)1> > const&, unsigned short) const
                0x06024cb4                TrackSystem::TryGetFamilyLodSlot(std::vector<TrackSystem::Seg1FamilySlotEntry, TrackZoneAllocator<TrackSystem::Seg1FamilySlotEntry, (SRL::Memory::Zone)1> > const&, unsigned short, unsigned char, unsigned short&) const
                0x06024d24                TrackSystem::FindTexbankEntryByFamily(TrackSystem::Seg1TexbankCart const&, unsigned short) const
                0x06024d64                TrackSystem::TryLoadFamilyLodSlot(TrackSystem::Seg1FamilySlotEntry&, unsigned char, bool, bool, bool*, bool*, bool*, int*)
                0x06025e08                TrackSystem::InvalidateEntryWorkingSetCache(TrackSystem::SegmentRenderEntry&)
                0x06025e10                TrackSystem::RebuildEntryWorkingSetCache(TrackSystem::SegmentRenderEntry&)
                0x060262fc                TrackSystem::BuildTrackFamilyLodSlots(std::vector<TrackSystem::Seg1FamilySlotEntry, TrackZoneAllocator<TrackSystem::Seg1FamilySlotEntry, (SRL::Memory::Zone)1> >&)
                0x060265c8                TrackSystem::RebuildUsedTextureSlotFlagsFromWorkingRefs()
                0x06026678                TrackSystem::GetStrictPendingLodPriority(unsigned int) const
                0x060266e4                TrackSystem::EnsureFamilyLodSlotLoaded(std::vector<TrackSystem::Seg1FamilySlotEntry, TrackZoneAllocator<TrackSystem::Seg1FamilySlotEntry, (SRL::Memory::Zone)1> >&, unsigned short, unsigned char, bool)
                0x06026a64                TrackSystem::TryGetBestFamilyLodSlot(std::vector<TrackSystem::Seg1FamilySlotEntry, TrackZoneAllocator<TrackSystem::Seg1FamilySlotEntry, (SRL::Memory::Zone)1> >&, unsigned short, unsigned char, unsigned short&, unsigned char*, bool, bool)
                0x06026cf0                TrackSystem::ResolveBestEffortFaceSlots(std::vector<unsigned short, TrackZoneAllocator<unsigned short, (SRL::Memory::Zone)1> > const&, unsigned char, std::vector<TrackSystem::Seg1FamilySlotEntry, TrackZoneAllocator<TrackSystem::Seg1FamilySlotEntry, (SRL::Memory::Zone)1> >&, std::vector<short, TrackZoneAllocator<short, (SRL::Memory::Zone)1> >&, bool, bool)
                0x06026f30                TrackSystem::RebuildSegmentFaceSlotsForLod(TrackSystem::SegmentRenderEntry&, unsigned char, std::vector<TrackSystem::Seg1FamilySlotEntry, TrackZoneAllocator<TrackSystem::Seg1FamilySlotEntry, (SRL::Memory::Zone)1> >&, bool)
                0x06026f50                TrackSystem::RebuildSegmentFaceSlotsForBaseRank(TrackSystem::SegmentRenderEntry&, unsigned int, std::vector<TrackSystem::Seg1FamilySlotEntry, TrackZoneAllocator<TrackSystem::Seg1FamilySlotEntry, (SRL::Memory::Zone)1> >&, bool)
                0x0602726c                TrackSystem::BuildSegmentLodState(TrackSystem::SegmentRenderEntry&, SegmentComponent::Blob const&, SegmentComponent::Loader::MatView const&, std::vector<TrackSystem::Seg1FamilySlotEntry, TrackZoneAllocator<TrackSystem::Seg1FamilySlotEntry, (SRL::Memory::Zone)1> >&)
                0x060273ec                TrackSystem::GetTextureUploadBudgetPerFrame() const
                0x060273f0                TrackSystem::ResolveSegmentLodIndexByRank(unsigned int) const
                0x0602740c                TrackSystem::TryGetWindowLogicalRank(long, unsigned int&) const
                0x06027478                TrackSystem::InvalidateActiveWindowLookupTables()
                0x06027484                TrackSystem::RebuildActiveWindowLookupTables()
                0x060274a0                TrackSystem::FindWindowEntryByIdFast(long)
                0x0602753c                TrackSystem::FindWindowEntryByIdFast(long) const
                0x060275d8                TrackSystem::HasPendingStabilizedWindowLodChanges() const
                0x060275dc                TrackSystem::ResetPendingStabilizedLodRanks()
                0x06027614                TrackSystem::UpdateDesiredStabilizedWindowLodTargets()
                0x060277dc                TrackSystem::QueuePendingStabilizedLodRank(unsigned int)
                0x060277e0                TrackSystem::SeedPendingStabilizedLodRanksForWindow()
                0x06027818                TrackSystem::ProcessPendingStabilizedWindowLodChanges(unsigned char)
                0x0602781c                TrackSystem::ResetSlidePrefetchState()
                0x060279c0                TrackSystem::ResetSlideBackBuffer()
                0x06027ab0                TrackSystem::PrimeRuntimeScratchCapacities()
                0x06027fac                TrackSystem::CaptureTrackTextureHeapBase()
                0x06027fc8                TrackSystem::ShouldRecycleTrackTextureHeap() const
                0x06027fcc                TrackSystem::ShouldCompactTrackTextureHeapInStabilization() const
                0x06028150                TrackSystem::RecycleTrackTextureHeap()
                0x060283dc                TrackSystem::EstimateWorkRamRetainedBytes() const
                0x060284fc                TrackSystem::EstimateLowWorkRamRetainedBytes() const
                0x06028be0                TrackSystem::PreloadFullTrackFamilyLodCache()
                0x0602907c                TrackSystem::CaptureLowWorkBreakdown() const
                0x060297c8                TrackSystem::AllocateWorkRamEmergencyReserve()
                0x06029800                TrackSystem::ReleaseWorkRamEmergencyReserve()
                0x06029848                TrackSystem::ReacquireWorkRamEmergencyReserve()
                0x060298a0                TrackSystem::ClassifyMemoryPressure(unsigned int, bool) const
                0x060298c4                TrackSystem::ReleaseTrackFamilyResourcesImmediate(TrackSystem::MemoryPressureLevel)
                0x060299c8                TrackSystem::EmitWorkRamLivePointersTelemetry()
                0x060299e0                TrackSystem::PrewarmNextSegmentLod8()
                0x060299e4                TrackSystem::PrewarmUpcomingBoundaryLods()
                0x060299e8                TrackSystem::MergeCurrentWindowFamilies()
                0x06029ec4                TrackSystem::RefreshFamilyWorkingSet(bool)
                0x0602a3f0                TrackSystem::ReleaseUnusedFamilyResourcesEndFrame()
                0x0602a534                TrackSystem::EmitFamilyWorkingSetTelemetry() const
                0x0602a538                TrackSystem::UpdateActiveSegmentWindowForPosition(SRL::Math::Types::Vector3D const&, SRL::Math::Types::Vector3D const&)
                0x0602ac70                TrackSystem::ResolveInitialLoadLimit(TrackSystem::Config const&) const
                0x0602ac88                TrackSystem::ConfigureCoordinatorAndBudget(TrackSystem::Config const&)
                0x0602aee4                TrackSystem::LogInitialSegmentDiagnostics() const
                0x0602b084                TrackSystem::BuildVisibleSegmentOrder(SRL::Math::Types::Vector3D const&, SRL::Math::Types::Vector3D const&)
                0x0602c03c                TrackSystem::RunSeg1DiagnosticsForFrame()
                0x0602c040                TrackSystem::EndFrame()
                0x0602c1fc                TrackSystem::FindNearestSegment(SRL::Math::Types::Vector3D const&, SRL::Math::Types::Vector3D const&, long&, SRL::Math::Types::Vector3D&) const
                0x0602c468                TrackSystem::FindSegmentCenterById(long, SRL::Math::Types::Vector3D const&, SRL::Math::Types::Vector3D&) const
                0x0602c57c                TrackSystem::HasSmoothSegments() const
                0x0602c5a8                TrackSystem::MaxSegmentFaceCount() const
                0x0602c5f4                TrackSystem::MaxSegmentVertexCount() const
                0x0602fc90                TrackSystem::BuildSegmentCenterCatalog()
                0x06030ca8                TrackSystem::PreloadTgaCatalogFromSegmentsMap()
                0x06035ff4                TrackSystem::ResetInitializationState()
                0x06036a4c                TrackSystem::RebuildTrackTextureResidencyForWindow()
                0x06036e78                TrackSystem::ApplyInitialSdrFamilySlots()
                0x06037108                TrackSystem::CommitStabilizedSlideBackBuffer()
                0x06037630                TrackSystem::UpdateVisibleSegmentLods(std::vector<TrackSegmentPool<30u, TrackSystem::SegmentRenderEntry>::Handle, std::allocator<TrackSegmentPool<30u, TrackSystem::SegmentRenderEntry>::Handle> > const&)
                0x0603792c                TrackSystem::UpdateStabilizedWindowLodBands()
                0x06037c80                TrackSystem::ApplyStabilizedLodForLogicalRank(unsigned int)
                0x06037fdc                TrackSystem::UpdateStabilizedWindowLodBoundaries()
                0x0603815c                TrackSystem::BuildSegmentRenderers(std::vector<TrackSystem::TrackSegmentEntry, TrackZoneAllocator<TrackSystem::TrackSegmentEntry, (SRL::Memory::Zone)1> >&)
                0x06039954                TrackSystem::BuildSegmentIntoRenderer(long, TrackRenderer&, SRL::Math::Types::Vector3D&, std::vector<unsigned short, TrackZoneAllocator<unsigned short, (SRL::Memory::Zone)1> >&)
                0x060399c4                TrackSystem::BuildSegmentIntoPrefetch(long)
                0x06039f00                TrackSystem::TryPrefetchUpcomingSegment()
                0x0603a0a0                TrackSystem::RebuildActiveSegmentWindow(long, unsigned int, signed char)
                0x0603aaec                TrackSystem::ValidateAndRepairWindowState()
                0x0603b2a0                TrackSystem::PrepareInitialSegmentPackages(unsigned int)
                0x0603b2f8                TrackSystem::SetObservedCarSegmentId(long)
                0x0603b520                TrackSystem::Initialize(TrackSystem::Config const&)
                0x0603b890                TrackSystem::BuildSegmentIntoSlideScratch(long, SRL::Math::Types::Vector3D&, std::vector<unsigned short, TrackZoneAllocator<unsigned short, (SRL::Memory::Zone)1> >&)
                0x0603b924                TrackSystem::RebuildSafeSegmentEntry(TrackSystem::SegmentRenderEntry&)
                0x0603c07c                TrackSystem::RenderVisibleSegmentOrder(std::vector<TrackSegmentPool<30u, TrackSystem::SegmentRenderEntry>::Handle, std::allocator<TrackSegmentPool<30u, TrackSystem::SegmentRenderEntry>::Handle> > const&, SRL::Math::Types::Vector3D const&, SRL::Math::Types::Vector3D const&, SRL::Math::Types::Vector3D const&, std::array<unsigned char, 31u>&, std::array<unsigned char, 31u>&, bool&, bool&)
                0x0603c860                TrackSystem::TrimWorkRamRetainedCapacities(bool, long*)
                0x0603d65c                TrackSystem::RunWorkRamMaintenance(bool)
                0x0603df58                TrackSystem::RenderFrame(bool, SRL::Math::Types::Vector3D const&, SRL::Math::Types::Vector3D const&, SRL::Math::Types::Vector3D const&, SRL::Math::Types::Vector3D const&)
                0x0603e3a0                TrackSystem::PrepareStabilizedSlideBackBuffer(unsigned int, signed char, long, long)
                0x0603ed54                TrackSystem::ExecuteDeterministicStabilizedSlide(unsigned int, signed char, long, long)
                0x0603f9cc                TrackSystem::SlideActiveSegmentWindow(unsigned int, signed char)
                0x06040668                TrackSystem::BeginFrame(unsigned long)
 .text._ZN3SRL4Math5Types3FxpC2ERKs
                0x06040994        0x8 src/track_system.o
                0x06040994                SRL::Math::Types::Fxp::Fxp(short const&)
                0x06040994                SRL::Math::Types::Fxp::Fxp(short const&)
 .text._ZN3SRL4Math5Types8Vector3DC2ERKS2_
                0x0604099c       0x34 src/track_system.o
                0x0604099c                SRL::Math::Types::Vector3D::Vector3D(SRL::Math::Types::Vector3D const&)
                0x0604099c                SRL::Math::Types::Vector3D::Vector3D(SRL::Math::Types::Vector3D const&)
 .text._ZNK3SRL4Math5Types8Vector3DplERKS2_
                0x060409d0       0x64 src/track_system.o
                0x060409d0                SRL::Math::Types::Vector3D::operator+(SRL::Math::Types::Vector3D const&) const
 .text._ZNSt6vectorIN3SRL5Types7PolygonE18TrackZoneAllocatorIS2_LNS0_6Memory4ZoneE1EEE13_M_assign_auxIPS2_EEvT_SA_St20forward_iterator_tag.isra.0
                0x06040a34      0x214 src/track_system.o
 .text._ZNSt6vectorIN3SRL4Math5Types8Vector3DE18TrackZoneAllocatorIS3_LNS0_6Memory4ZoneE1EEE13_M_assign_auxIPS3_EEvT_SB_St20forward_iterator_tag.isra.0
                0x06040c48      0x194 src/track_system.o
 .text._ZN16TrackSglRenderer8DrawMeshEPKN3SRL4Math5Types8Vector3DEjPKNS0_5Types7PolygonEjPKNS6_9AttributeEtRS4_NS2_3FxpEb
                0x06040ddc      0x588 src/track_system.o
                0x06040ddc                TrackSglRenderer::DrawMesh(SRL::Math::Types::Vector3D const*, unsigned int, SRL::Types::Polygon const*, unsigned int, SRL::Types::Attribute const*, unsigned short, SRL::Math::Types::Vector3D const&, SRL::Math::Types::Fxp, bool)
 .text._ZN17TrackVdp1Renderer19DrawTexturedCommandERKNS_15PreparedCommandEl
                0x06041364      0x238 src/track_system.o
                0x06041364                TrackVdp1Renderer::DrawTexturedCommand(TrackVdp1Renderer::PreparedCommand const&, long)
 .text._ZNK13TrackRenderer13RetainedBytesEv
                0x0604159c      0x258 src/track_system.o
                0x0604159c                TrackRenderer::RetainedBytes() const
 .text._ZN13TrackRenderer5ResetEv
                0x060417f4      0x308 src/track_system.o
                0x060417f4                TrackRenderer::Reset()
 .text._Z19CopyCdFileToCartRamPKcj
                0x06041afc      0x51c src/track_system.o
                0x06041afc                CopyCdFileToCartRam(char const*, unsigned int)
 .text._Z22CopyTrackSegmentToCartPKcj
                0x06042018      0x508 src/track_system.o
                0x06042018                CopyTrackSegmentToCart(char const*, unsigned int)
 .text._ZN18SegmentRuntimeDraw6Loader14ReadHeaderLeAtEPKhjjRNS_8HeaderV1E
                0x06042520      0x30c src/track_system.o
                0x06042520                SegmentRuntimeDraw::Loader::ReadHeaderLeAt(unsigned char const*, unsigned int, unsigned int, SegmentRuntimeDraw::HeaderV1&)
 .text._ZN16TrackRuntimePack6Loader14ReadHeaderLeAtEPKhjjRNS_8HeaderV1E
                0x0604282c      0x1b0 src/track_system.o
                0x0604282c                TrackRuntimePack::Loader::ReadHeaderLeAt(unsigned char const*, unsigned int, unsigned int, TrackRuntimePack::HeaderV1&)
 .text._ZN16TrackRuntimePack6Loader13ReadEntryLeAtERKNS0_4ViewEiRNS_16DirectoryEntryV1E
                0x060429dc      0x12c src/track_system.o
                0x060429dc                TrackRuntimePack::Loader::ReadEntryLeAt(TrackRuntimePack::Loader::View const&, int, TrackRuntimePack::DirectoryEntryV1&)
 .text._ZN11TrackSystem18SegmentRenderEntryD2Ev
                0x06042b08      0x180 src/track_system.o
                0x06042b08                TrackSystem::SegmentRenderEntry::~SegmentRenderEntry()
                0x06042b08                TrackSystem::SegmentRenderEntry::~SegmentRenderEntry()
 .text._ZN3SRL5Debug5PrintIJiEEEvhhPKcDpT_
                0x06042c88      0x164 src/track_system.o
                0x06042c88                void SRL::Debug::Print<int>(unsigned char, unsigned char, char const*, int)
 .text._ZN3SRL5Debug5PrintIJssssssEEEvhhPKcDpT_
                0x06042dec      0x1b8 src/track_system.o
                0x06042dec                void SRL::Debug::Print<short, short, short, short, short, short>(unsigned char, unsigned char, char const*, short, short, short, short, short, short)
 .text._ZN3SRL5Debug5PrintIJsssssssssEEEvhhPKcDpT_
                0x06042fa4      0x1f4 src/track_system.o
                0x06042fa4                void SRL::Debug::Print<short, short, short, short, short, short, short, short, short>(unsigned char, unsigned char, char const*, short, short, short, short, short, short, short, short, short)
 .text._ZN13TrackRenderer18CompactVectorSlackISt6vectorIN3SRL4Math5Types8Vector3DE18TrackZoneAllocatorIS5_LNS2_6Memory4ZoneE1EEEEEbRT_jb
                0x06043198       0xec src/track_system.o
                0x06043198                bool TrackRenderer::CompactVectorSlack<std::vector<SRL::Math::Types::Vector3D, TrackZoneAllocator<SRL::Math::Types::Vector3D, (SRL::Memory::Zone)1> > >(std::vector<SRL::Math::Types::Vector3D, TrackZoneAllocator<SRL::Math::Types::Vector3D, (SRL::Memory::Zone)1> >&, unsigned int, bool)
 .text._ZN13TrackRenderer18CompactVectorSlackISt6vectorIN3SRL5Types7PolygonE18TrackZoneAllocatorIS4_LNS2_6Memory4ZoneE1EEEEEbRT_jb
                0x06043284       0xec src/track_system.o
                0x06043284                bool TrackRenderer::CompactVectorSlack<std::vector<SRL::Types::Polygon, TrackZoneAllocator<SRL::Types::Polygon, (SRL::Memory::Zone)1> > >(std::vector<SRL::Types::Polygon, TrackZoneAllocator<SRL::Types::Polygon, (SRL::Memory::Zone)1> >&, unsigned int, bool)
 .text._ZN13TrackRenderer18CompactVectorSlackISt6vectorIN3SRL5Types9AttributeE18TrackZoneAllocatorIS4_LNS2_6Memory4ZoneE1EEEEEbRT_jb
                0x06043370       0xec src/track_system.o
                0x06043370                bool TrackRenderer::CompactVectorSlack<std::vector<SRL::Types::Attribute, TrackZoneAllocator<SRL::Types::Attribute, (SRL::Memory::Zone)1> > >(std::vector<SRL::Types::Attribute, TrackZoneAllocator<SRL::Types::Attribute, (SRL::Memory::Zone)1> >&, unsigned int, bool)
 .text._ZN13TrackRenderer18CompactVectorSlackISt6vectorIj18TrackZoneAllocatorIjLN3SRL6Memory4ZoneE1EEEEEbRT_jb
                0x0604345c      0x14c src/track_system.o
                0x0604345c                bool TrackRenderer::CompactVectorSlack<std::vector<unsigned int, TrackZoneAllocator<unsigned int, (SRL::Memory::Zone)1> > >(std::vector<unsigned int, TrackZoneAllocator<unsigned int, (SRL::Memory::Zone)1> >&, unsigned int, bool)
 .text._ZN3SRL5Debug5PrintIJljEEEvhhPKcDpT_
                0x060435a8      0x170 src/track_system.o
                0x060435a8                void SRL::Debug::Print<long, unsigned int>(unsigned char, unsigned char, char const*, long, unsigned int)
 .text._ZN3SRL5Debug5PrintIJPKcjjEEEvhhS3_DpT_
                0x06043718      0x178 src/track_system.o
                0x06043718                void SRL::Debug::Print<char const*, unsigned int, unsigned int>(unsigned char, unsigned char, char const*, char const*, unsigned int, unsigned int)
 .text._ZNSt6vectorIh18TrackZoneAllocatorIhLN3SRL6Memory4ZoneE1EEE6resizeEj
                0x06043890      0x108 src/track_system.o
                0x06043890                std::vector<unsigned char, TrackZoneAllocator<unsigned char, (SRL::Memory::Zone)1> >::resize(unsigned int)
 .text._ZN3SRL5Debug5PrintIJPcEEEvhhPKcDpT_
                0x06043998      0x164 src/track_system.o
                0x06043998                void SRL::Debug::Print<char*>(unsigned char, unsigned char, char const*, char*)
 .text._ZN3SRL5Debug5PrintIJijEEEvhhPKcDpT_
                0x06043afc      0x170 src/track_system.o
                0x06043afc                void SRL::Debug::Print<int, unsigned int>(unsigned char, unsigned char, char const*, int, unsigned int)
 .text._ZN13TrackRenderer35InitializeFromComponentDataRecycledISt6vectorIN3SRL4Math5Types8Vector3DE18TrackZoneAllocatorIS5_LNS2_6Memory4ZoneE0EEES1_INS2_5Types7PolygonES6_ISC_LS8_0EEES1_INSB_9AttributeES6_ISF_LS8_0EEEEEbRT_RT0_RT1_
                0x06043c6c      0x7ec src/track_system.o
                0x06043c6c                bool TrackRenderer::InitializeFromComponentDataRecycled<std::vector<SRL::Math::Types::Vector3D, TrackZoneAllocator<SRL::Math::Types::Vector3D, (SRL::Memory::Zone)0> >, std::vector<SRL::Types::Polygon, TrackZoneAllocator<SRL::Types::Polygon, (SRL::Memory::Zone)0> >, std::vector<SRL::Types::Attribute, TrackZoneAllocator<SRL::Types::Attribute, (SRL::Memory::Zone)0> > >(std::vector<SRL::Math::Types::Vector3D, TrackZoneAllocator<SRL::Math::Types::Vector3D, (SRL::Memory::Zone)0> >&, std::vector<SRL::Types::Polygon, TrackZoneAllocator<SRL::Types::Polygon, (SRL::Memory::Zone)0> >&, std::vector<SRL::Types::Attribute, TrackZoneAllocator<SRL::Types::Attribute, (SRL::Memory::Zone)0> >&)
 .text._Z21MakeTrackObjectUniqueI13TrackRendererLN3SRL6Memory4ZoneE1EJEESt10unique_ptrIT_18TrackObjectDeleterIS5_XT0_EEEDpOT1_
                0x06044458      0x158 src/track_system.o
                0x06044458                std::unique_ptr<TrackRenderer, TrackObjectDeleter<TrackRenderer, (SRL::Memory::Zone)1> > MakeTrackObjectUnique<TrackRenderer, (SRL::Memory::Zone)1>()
 .text._ZN13TrackRenderer35InitializeFromComponentDataRecycledISt6vectorIN3SRL4Math5Types8Vector3DE18TrackZoneAllocatorIS5_LNS2_6Memory4ZoneE1EEES1_INS2_5Types7PolygonES6_ISC_LS8_1EEES1_INSB_9AttributeES6_ISF_LS8_1EEEEEbRT_RT0_RT1_
                0x060445b0      0x678 src/track_system.o
                0x060445b0                bool TrackRenderer::InitializeFromComponentDataRecycled<std::vector<SRL::Math::Types::Vector3D, TrackZoneAllocator<SRL::Math::Types::Vector3D, (SRL::Memory::Zone)1> >, std::vector<SRL::Types::Polygon, TrackZoneAllocator<SRL::Types::Polygon, (SRL::Memory::Zone)1> >, std::vector<SRL::Types::Attribute, TrackZoneAllocator<SRL::Types::Attribute, (SRL::Memory::Zone)1> > >(std::vector<SRL::Math::Types::Vector3D, TrackZoneAllocator<SRL::Math::Types::Vector3D, (SRL::Memory::Zone)1> >&, std::vector<SRL::Types::Polygon, TrackZoneAllocator<SRL::Types::Polygon, (SRL::Memory::Zone)1> >&, std::vector<SRL::Types::Attribute, TrackZoneAllocator<SRL::Types::Attribute, (SRL::Memory::Zone)1> >&)
 .text._ZNSt6vectorIN11TrackSystem18SegmentRenderEntryE18TrackZoneAllocatorIS1_LN3SRL6Memory4ZoneE1EEED2Ev
                0x06044c28      0x1ac src/track_system.o
                0x06044c28                std::vector<TrackSystem::SegmentRenderEntry, TrackZoneAllocator<TrackSystem::SegmentRenderEntry, (SRL::Memory::Zone)1> >::~vector()
                0x06044c28                std::vector<TrackSystem::SegmentRenderEntry, TrackZoneAllocator<TrackSystem::SegmentRenderEntry, (SRL::Memory::Zone)1> >::~vector()
 .text._ZNSt6vectorIN11TrackSystem18SegmentRenderEntryE18TrackZoneAllocatorIS1_LN3SRL6Memory4ZoneE1EEE7reserveEj
                0x06044dd4      0x324 src/track_system.o
                0x06044dd4                std::vector<TrackSystem::SegmentRenderEntry, TrackZoneAllocator<TrackSystem::SegmentRenderEntry, (SRL::Memory::Zone)1> >::reserve(unsigned int)
 .text._ZN3SRL5Debug5PrintIJsEEEvhhPKcDpT_
                0x060450f8      0x168 src/track_system.o
                0x060450f8                void SRL::Debug::Print<short>(unsigned char, unsigned char, char const*, short)
 .text._ZN11TrackSystem35ResolvePreparedFaceSlotsForBaseRankISt6vectorIs18TrackZoneAllocatorIsLN3SRL6Memory4ZoneE0EEEEEbRKNS_18SegmentRenderEntryEjRS1_INS_19Seg1FamilySlotEntryES2_ISB_LS5_1EEERT_b
                0x06045260      0x31c src/track_system.o
                0x06045260                bool TrackSystem::ResolvePreparedFaceSlotsForBaseRank<std::vector<short, TrackZoneAllocator<short, (SRL::Memory::Zone)0> > >(TrackSystem::SegmentRenderEntry const&, unsigned int, std::vector<TrackSystem::Seg1FamilySlotEntry, TrackZoneAllocator<TrackSystem::Seg1FamilySlotEntry, (SRL::Memory::Zone)1> >&, std::vector<short, TrackZoneAllocator<short, (SRL::Memory::Zone)0> >&, bool)
 .text._ZN11TrackSystem30ResolvePreparedFaceSlotsForLodISt6vectorIs18TrackZoneAllocatorIsLN3SRL6Memory4ZoneE0EEEEEbRKNS_18SegmentRenderEntryEhRS1_INS_19Seg1FamilySlotEntryES2_ISB_LS5_1EEERT_b
                0x0604557c      0x2cc src/track_system.o
                0x0604557c                bool TrackSystem::ResolvePreparedFaceSlotsForLod<std::vector<short, TrackZoneAllocator<short, (SRL::Memory::Zone)0> > >(TrackSystem::SegmentRenderEntry const&, unsigned char, std::vector<TrackSystem::Seg1FamilySlotEntry, TrackZoneAllocator<TrackSystem::Seg1FamilySlotEntry, (SRL::Memory::Zone)1> >&, std::vector<short, TrackZoneAllocator<short, (SRL::Memory::Zone)0> >&, bool)
 .text._ZN11TrackSystem35ResolvePreparedFaceSlotsForBaseRankISt6vectorIs18TrackZoneAllocatorIsLN3SRL6Memory4ZoneE1EEEEEbRKNS_18SegmentRenderEntryEjRS1_INS_19Seg1FamilySlotEntryES2_ISB_LS5_1EEERT_b
                0x06045848      0x31c src/track_system.o
                0x06045848                bool TrackSystem::ResolvePreparedFaceSlotsForBaseRank<std::vector<short, TrackZoneAllocator<short, (SRL::Memory::Zone)1> > >(TrackSystem::SegmentRenderEntry const&, unsigned int, std::vector<TrackSystem::Seg1FamilySlotEntry, TrackZoneAllocator<TrackSystem::Seg1FamilySlotEntry, (SRL::Memory::Zone)1> >&, std::vector<short, TrackZoneAllocator<short, (SRL::Memory::Zone)1> >&, bool)
 .text._ZN11TrackSystem30ResolvePreparedFaceSlotsForLodISt6vectorIs18TrackZoneAllocatorIsLN3SRL6Memory4ZoneE1EEEEEbRKNS_18SegmentRenderEntryEhRS1_INS_19Seg1FamilySlotEntryES2_ISB_LS5_1EEERT_b
                0x06045b64      0x2cc src/track_system.o
                0x06045b64                bool TrackSystem::ResolvePreparedFaceSlotsForLod<std::vector<short, TrackZoneAllocator<short, (SRL::Memory::Zone)1> > >(TrackSystem::SegmentRenderEntry const&, unsigned char, std::vector<TrackSystem::Seg1FamilySlotEntry, TrackZoneAllocator<TrackSystem::Seg1FamilySlotEntry, (SRL::Memory::Zone)1> >&, std::vector<short, TrackZoneAllocator<short, (SRL::Memory::Zone)1> >&, bool)
 .text._ZNSt6vectorIN11TrackSystem17TrackSegmentEntryE18TrackZoneAllocatorIS1_LN3SRL6Memory4ZoneE1EEE6resizeEj
                0x06045e30      0x198 src/track_system.o
                0x06045e30                std::vector<TrackSystem::TrackSegmentEntry, TrackZoneAllocator<TrackSystem::TrackSegmentEntry, (SRL::Memory::Zone)1> >::resize(unsigned int)
 .text._ZNSt6vectorIN3SRL5Types9AttributeE18TrackZoneAllocatorIS2_LNS0_6Memory4ZoneE1EEE17_M_default_appendEj
                0x06045fc8      0x170 src/track_system.o
                0x06045fc8                std::vector<SRL::Types::Attribute, TrackZoneAllocator<SRL::Types::Attribute, (SRL::Memory::Zone)1> >::_M_default_append(unsigned int)
 .text._ZN13TrackRenderer12EnsureCachedEj
                0x06046138      0x58c src/track_system.o
                0x06046138                TrackRenderer::EnsureCached(unsigned int)
 .text._ZNSt6vectorIh18TrackZoneAllocatorIhLN3SRL6Memory4ZoneE1EEE14_M_fill_assignEjRKh
                0x060466c4       0xec src/track_system.o
                0x060466c4                std::vector<unsigned char, TrackZoneAllocator<unsigned char, (SRL::Memory::Zone)1> >::_M_fill_assign(unsigned int, unsigned char const&)
 .text._ZNSt6vectorIs18TrackZoneAllocatorIsLN3SRL6Memory4ZoneE1EEE14_M_fill_assignEjRKs
                0x060467b0      0x104 src/track_system.o
                0x060467b0                std::vector<short, TrackZoneAllocator<short, (SRL::Memory::Zone)1> >::_M_fill_assign(unsigned int, short const&)
 .text._ZNSt6vectorIN11TrackSystem18SegmentRenderEntryE18TrackZoneAllocatorIS1_LN3SRL6Memory4ZoneE1EEE15_M_erase_at_endEPS1_
                0x060468b4      0x194 src/track_system.o
                0x060468b4                std::vector<TrackSystem::SegmentRenderEntry, TrackZoneAllocator<TrackSystem::SegmentRenderEntry, (SRL::Memory::Zone)1> >::_M_erase_at_end(TrackSystem::SegmentRenderEntry*)
 .text._ZNSt6vectorIN11TrackSystem18SegmentRenderEntryE18TrackZoneAllocatorIS1_LN3SRL6Memory4ZoneE1EEE17_M_default_appendEj
                0x06046a48      0x30c src/track_system.o
                0x06046a48                std::vector<TrackSystem::SegmentRenderEntry, TrackZoneAllocator<TrackSystem::SegmentRenderEntry, (SRL::Memory::Zone)1> >::_M_default_append(unsigned int)
 .text._ZN13TrackRenderer11SmoothCacheC2ERKS0_
                0x06046d54      0x1d0 src/track_system.o
                0x06046d54                TrackRenderer::SmoothCache::SmoothCache(TrackRenderer::SmoothCache const&)
                0x06046d54                TrackRenderer::SmoothCache::SmoothCache(TrackRenderer::SmoothCache const&)
 .text._ZNSt6vectorIN13TrackRenderer11SmoothCacheE18TrackZoneAllocatorIS1_LN3SRL6Memory4ZoneE1EEE14_M_fill_assignEjRKS1_
                0x06046f24      0x238 src/track_system.o
                0x06046f24                std::vector<TrackRenderer::SmoothCache, TrackZoneAllocator<TrackRenderer::SmoothCache, (SRL::Memory::Zone)1> >::_M_fill_assign(unsigned int, TrackRenderer::SmoothCache const&)
 .text._ZN13TrackRenderer18CompactVectorSlackISt6vectorINS_11SmoothCacheE18TrackZoneAllocatorIS2_LN3SRL6Memory4ZoneE1EEEEEbRT_jb
                0x0604715c      0x1b8 src/track_system.o
                0x0604715c                bool TrackRenderer::CompactVectorSlack<std::vector<TrackRenderer::SmoothCache, TrackZoneAllocator<TrackRenderer::SmoothCache, (SRL::Memory::Zone)1> > >(std::vector<TrackRenderer::SmoothCache, TrackZoneAllocator<TrackRenderer::SmoothCache, (SRL::Memory::Zone)1> >&, unsigned int, bool)
 .text._ZN13TrackRenderer9FlatCacheC2ERKS0_
                0x06047314      0x16c src/track_system.o
                0x06047314                TrackRenderer::FlatCache::FlatCache(TrackRenderer::FlatCache const&)
                0x06047314                TrackRenderer::FlatCache::FlatCache(TrackRenderer::FlatCache const&)
 .text._ZNSt6vectorIN13TrackRenderer9FlatCacheE18TrackZoneAllocatorIS1_LN3SRL6Memory4ZoneE1EEE14_M_fill_assignEjRKS1_
                0x06047480      0x3a4 src/track_system.o
                0x06047480                std::vector<TrackRenderer::FlatCache, TrackZoneAllocator<TrackRenderer::FlatCache, (SRL::Memory::Zone)1> >::_M_fill_assign(unsigned int, TrackRenderer::FlatCache const&)
 .text._ZN13TrackRenderer18CompactVectorSlackISt6vectorINS_9FlatCacheE18TrackZoneAllocatorIS2_LN3SRL6Memory4ZoneE1EEEEEbRT_jb
                0x06047824      0x1b0 src/track_system.o
                0x06047824                bool TrackRenderer::CompactVectorSlack<std::vector<TrackRenderer::FlatCache, TrackZoneAllocator<TrackRenderer::FlatCache, (SRL::Memory::Zone)1> > >(std::vector<TrackRenderer::FlatCache, TrackZoneAllocator<TrackRenderer::FlatCache, (SRL::Memory::Zone)1> >&, unsigned int, bool)
 .text._ZN13TrackRenderer19CompactRuntimeStateEb
                0x060479d4      0x2ec src/track_system.o
                0x060479d4                TrackRenderer::CompactRuntimeState(bool)
 .text.startup  0x06047cc0      0x198 src/track_system.o
 .text.exit     0x06047e58      0x128 src/track_system.o
 .text          0x06047f80      0x3a0 ../../saturnringlib/../modules/sgl/LIB/LIBCD.A(CDC_CMN.O)
                0x06047f80                CDC_GetCurStat
                0x06047fd0                CDC_GetLastStat
                0x06047fe8                CDC_GetPeriStat
                0x060480bc                CDC_GetHwInfo
                0x06048124                CDC_TgetToc
                0x06048174                CDC_GetSes
                0x060481b0                CDC_CdInit
                0x06048234                CDC_CdOpen
                0x0604825c                CDC_DataReady
                0x060482c8                CDC_DataEnd
 .text          0x06048320      0x2dc ../../saturnringlib/../modules/sgl/LIB/LIBCD.A(CDC_REG.O)
                0x06048320                CDC_GetDataPtr
                0x06048330                CDC_GetHirqReq
                0x06048344                CDC_ClrHirqReq
                0x06048374                CDREG_ClrHirqReq
                0x06048384                CDREG_InitHirqReq
                0x060483ac                CDREG_SetHirqFlag
                0x060483c0                CDC_GetHirqMsk
                0x060483d4                CDC_SetHirqMsk
                0x060483e4                CDC_GetMpegPtr
                0x060483f4                CDREG_TgetData
                0x06048450                CDREG_CmdRsp
                0x06048550                CDREG_WaitHirq
                0x060485c0                CDREG_ReadRsp
 *fill*         0x060485fc        0x4 
 .text          0x06048600      0x152 ../../saturnringlib/../modules/sgl/LIB/LIBCD.A(CDC_SUB.O)
                0x06048600                CDSUB_UpdStatus
                0x06048618                CDSUB_UpdCdstat
                0x06048638                CDSUB_CdCmd
                0x060486a8                CDSUB_GetCdstat
                0x060486e8                CDSUB_RspToCdstat
                0x06048730                CDSUB_SoftTimer
 *fill*         0x06048752        0xe 
 .text          0x06048760     0x1adc ../../saturnringlib/../modules/sgl/LIB/LIBCD.A(GFS.O)
                0x06048760                gfs_version
                0x06048780                GFS_Init
                0x06048868                GFS_LoadDir
                0x06048910                GFS_SetDir
                0x06048978                GFS_NameToId
                0x060489dc                GFS_IdToName
                0x06048a48                GFS_GetDirInfo
                0x06048ab8                GFS_Reset
                0x06048b3c                GFS_Open
                0x06048bf0                GFS_Close
                0x06048c28                GFS_Seek
                0x06048cdc                GFS_Tell
                0x06048d2c                GFS_IsEof
                0x06048d80                GFS_ByteToSct
                0x06048ddc                GFS_GetFileSize
                0x06048e38                GFS_GetFileInfo
                0x06048eac                GFS_GetNumCdbuf
                0x06048ed4                GFS_Load
                0x06048f98                GFS_Fread
                0x06049034                gfs_waitRead
                0x060490dc                GFS_NwFread
                0x060491e8                GFS_NwCdRead
                0x06049260                GFS_NwIsComplete
                0x06049298                GFS_NwStop
                0x06049304                GFS_NwGetStat
                0x06049380                gfs_recovRdErr
                0x060493b0                GFS_NwExecOne
                0x06049470                GFS_NwExecServer
                0x060494ec                GFS_SetGmode
                0x06049550                GFS_SetTmode
                0x060495bc                GFS_SetReadPara
                0x06049620                GFS_SetTransPara
                0x0604968c                GFS_SetTrFunc
                0x060496f0                GFS_StartTrans
                0x0604973c                GFS_CdMovePickup
                0x060497a8                GFS_SetErrFunc
                0x060497d4                GFS_GetErrStat
                0x060497f8                GFS_ConvTno
                0x06049820                gfs_chgRoot
                0x060498ec                gfs_aborttrans
                0x060498f8                gfs_mngSetupFuncTbl
                0x0604992c                gfs_mngInitWork
                0x060499d0                gfs_mngGetNumFile
                0x06049a38                GFS_mngAllocGrp
                0x06049a80                gfs_mngFreeGrp
                0x06049a8c                gfs_mngTermAccess
                0x06049b10                gfs_mngSetErrCode
                0x06049b90                gfs_svrSearchHndl
                0x06049bd0                gfs_svrAddHndl
                0x06049c0c                gfs_svrRemoveHndl
                0x06049c68                GFS_OpenSub
                0x06049cc0                gfs_loadVol
                0x06049d84                gfs_getRootDir
                0x06049e80                gfs_loadRootDir
                0x06049f08                gfs_flowIn
                0x06049fb0                gfs_transData
                0x0604a054                GFS_GetFad
                0x0604a0ac                gfs_SetSct
                0x0604a0ec                gfs_GetFinfo
                0x0604a12c                gfs_closeSub
                0x0604a168                gfs_getGmode
                0x0604a174                gfs_isTaskDone
                0x0604a1c8                gfs_convFinStat
 *fill*         0x0604a23c        0x4 
 .text          0x0604a240      0x106 ../../saturnringlib/../modules/sgl/LIB/LIBCD.A(GFS_BUF.O)
                0x0604a270                GFBF_GetTranData
                0x0604a298                GFBF_GetNumData
                0x0604a2c8                GFBF_GetSrcPk
                0x0604a2f0                GFBF_GetSctData
                0x0604a314                GFBF_RtnPk
                0x0604a33c                gfbf_getSctDt
 *fill*         0x0604a346        0xa 
 .text          0x0604a350      0x600 ../../saturnringlib/../modules/sgl/LIB/LIBCD.A(GFS_CDB.O)
                0x0604a350                GFCB_Setup
                0x0604a470                GFCB_Close
                0x0604a498                GFCB_GetLenData
                0x0604a544                GFCB_GetLenRoom
                0x0604a550                GFCB_SetFilt
                0x0604a5b8                GFCB_DeleteAllData
                0x0604a5e0                GFCB_Tell
                0x0604a5f0                gfcb_getSctNum
                0x0604a640                GFCB_Seek
                0x0604a73c                GFCB_GetSrcPack
                0x0604a81c                GFCB_GetSctData
                0x0604a854                GFCB_GetDstPack
                0x0604a860                GFCB_RtnPk
                0x0604a8a8                GFCB_MovePickup
                0x0604a8c4                GFCB_SetCon
                0x0604a8f8                GFCB_GetPickup
                0x0604a920                GFCB_IsPuOwner
                0x0604a938                GFCB_UngetPickup
 .text          0x0604a950     0x1a10 ../../saturnringlib/../modules/sgl/LIB/LIBCD.A(GFS_CDC.O)
                0x0604a950                GFCD_SetCdbfs
                0x0604a97c                GFCD_Init
                0x0604ab80                GFCD_AllocFilt
                0x0604abbc                GFCD_FreeFilt
                0x0604abec                GFCD_AllocBuf
                0x0604ac20                GFCD_FreeBuf
                0x0604acc4                GFCD_GetBaseFad
                0x0604acf8                GFCD_GetPickup
                0x0604ad2c                GFCD_UngetPickup
                0x0604ad58                GFCD_IsPuOwner
                0x0604ad7c                GFCD_SetFilt
                0x0604ae40                GFCD_GetFilt
                0x0604ae88                GFCD_SetCon
                0x0604aee0                GFCD_Play
                0x0604af40                GFCD_GetLenData
                0x0604afa8                GFCD_ReqData
                0x0604b004                GFCD_EndData
                0x0604b04c                GFCD_DelSctData
                0x0604b0a4                GFCD_CheckDelSctData
                0x0604b0d4                GFCD_GetStat
                0x0604b188                GFCD_MovePickup
                0x0604b1d4                GFCD_MoveSctData
                0x0604b248                GFCD_CheckMove
                0x0604b26c                GFCD_GetSctInfo
                0x0604b2b4                GFCD_ChgDir
                0x0604b328                GFCD_SetFiltCon
                0x0604b410                GFCD_GetFileInfo
                0x0604b4ec                GFCD_GetBufSiz
                0x0604b524                GFCD_ExecServer
                0x0604b5f8                gfcd_isIdleTask
                0x0604b684                gfcd_doTask
                0x0604b730                GFCD_SetTimer
                0x0604b744                GFCD_WaitServer
                0x0604b780                gfcd_doSetFiltTsk
                0x0604b944                gfcd_doSetConTsk
                0x0604b9d4                gfcd_doGetLenDataTsk
                0x0604bb28                gfcd_doReqDataTsk
                0x0604bbc8                gfcd_doDelSctDataTsk
                0x0604bcfc                gfcd_doMoveSctTsk
                0x0604be60                gfcd_doChgDirTsk
                0x0604c05c                gfcd_doSetFiltConTsk
                0x0604c1a0                gfcd_checkEflag
                0x0604c1c4                gfcd_initCdbMng
                0x0604c244                gfcd_setStat
                0x0604c270                GFCD_SetCsctFunc
                0x0604c28c                GFCD_ChkScdqFlag
                0x0604c2b0                GFCD_ClrScdqFlag
                0x0604c2cc                GFCD_WaitScdqFlag
                0x0604c310                GFCD_WaitPause
 .text          0x0604c360      0x8d8 ../../saturnringlib/../modules/sgl/LIB/LIBCD.A(GFS_CDF.O)
                0x0604c360                GFCF_Init
                0x0604c400                GFCF_Setup
                0x0604c548                GFCF_SetSct
                0x0604c58c                GFCF_GetFileInfo
                0x0604c600                GFCF_FlowInBuf
                0x0604c754                GFCF_StopInBuf
                0x0604c7f4                GFCF_Recover
                0x0604c83c                GFCF_Tell
                0x0604c854                GFCF_Seek
                0x0604c86c                GFCF_MovePickup
                0x0604c908                GFCF_cnvIntlvOfs
                0x0604c95c                GFCF_GetStat
                0x0604c9f4                gfcf_getSctSize
                0x0604ca30                gfcf_isCdOk
                0x0604caf0                gfcf_getPlayRange
 *fill*         0x0604cc38        0x8 
 .text          0x0604cc40      0x92c ../../saturnringlib/../modules/sgl/LIB/LIBCD.A(GFS_DIR.O)
                0x0604cc40                GFDR_SetupDirTbl
                0x0604ccb4                GFDR_NameToId
                0x0604cd14                GFDR_GetInfoDirId
                0x0604cd28                GFDR_GetInfoDirName
                0x0604cd3c                GFDR_GetAtrDirId
                0x0604cd54                GFDR_GetAtrDirName
                0x0604cd6c                GFDR_ChgRoot
                0x0604cd84                GFDR_ChgDir
                0x0604cdf8                gfdr_setupDirIdTbl
                0x0604ce7c                gfdr_setupDirNameTbl
                0x0604cf28                gfdr_open
                0x0604cf50                gfdr_read
                0x0604d010                gfdr_readByte
                0x0604d03c                gfdr_readWord
                0x0604d068                gfdr_readWordNB
                0x0604d0bc                gfdr_readLongNB
                0x0604d108                gfdr_readLongNM
                0x0604d130                gfdr_setNextRec
                0x0604d1b4                gfdr_readDirEnt
                0x0604d530                gfdr_setDirrecCd
 *fill*         0x0604d56c        0x4 
 .text          0x0604d570      0x9c6 ../../saturnringlib/../modules/sgl/LIB/LIBCD.A(GFS_TRN.O)
                0x0604d5a0                GFTR_Setup
                0x0604d5e4                GFTR_SetMode
                0x0604d5f8                GFTR_SetUnit
                0x0604d604                GFTR_SetTransPara
                0x0604d638                GFTR_GetTransPara
                0x0604d644                GFTR_GetNumTrans
                0x0604d650                GFTR_SetTransMax
                0x0604d65c                GFTR_Start
                0x0604d668                GFTR_Pause
                0x0604d674                GFTR_Stop
                0x0604d72c                GFTR_Exec
                0x0604d7b0                GFTR_Idle
                0x0604d828                GFTR_ExecSvr
                0x0604d930                gftr_getSrcPack
                0x0604d9b8                gftr_getDstPack
                0x0604da14                gftr_reqScu
                0x0604da20                gftr_execScu
                0x0604dabc                gftr_remScu
                0x0604daf0                gfdma_canUse
                0x0604dafc                gfdma_exec
                0x0604db6c                gfdma_getBytecnt
                0x0604dba4                gftr_reqDma0
                0x0604dbbc                gftr_execSdma0
                0x0604dbe0                gftr_remDma0
                0x0604dbf8                gftr_reqDma1
                0x0604dc10                gftr_execSdma1
                0x0604dc34                gftr_remDma1
                0x0604dc4c                gftr_reqCpu
                0x0604dc58                gftr_execCpu
                0x0604dc98                gftr_remCpu
                0x0604dca4                gftr_reqTrn
                0x0604dd14                gftr_execTrn
                0x0604ddec                gftr_remTrn
                0x0604de60                gftr_copyFrac
                0x0604de88                GFTR_GetLenData
                0x0604de94                GFTR_GetLenRoom
                0x0604deac                GFTR_GetDstPack
                0x0604dee0                GFTR_RtnDstPk
                0x0604defc                GFTR_GetData
                0x0604df10                GFTR_SetData
                0x0604df24                GFTR_SetTransFunc
 *fill*         0x0604df36        0xa 
 .text          0x0604df40      0x130 ../../saturnringlib/../modules/sgl/LIB/LIBCD.A(CDC_DRV.O)
                0x0604df40                CDC_CdPlay
                0x0604e00c                CDC_CdSeek
                0x0604e040                CDC_CdScan
 .text          0x0604e070       0xa8 ../../saturnringlib/../modules/sgl/LIB/LIBCD.A(CDC_DEV.O)
                0x0604e070                CDC_CdSetCon
                0x0604e0a0                CDC_CdGetCon
                0x0604e0dc                CDC_CdGetLastBuf
 *fill*         0x0604e118        0x8 
 .text          0x0604e120      0x2b8 ../../saturnringlib/../modules/sgl/LIB/LIBCD.A(CDC_SEL.O)
                0x0604e120                CDC_SetFiltRange
                0x0604e154                CDC_GetFiltRange
                0x0604e1ac                CDC_SetFiltSubh
                0x0604e21c                CDC_GetFiltSubh
                0x0604e298                CDC_SetFiltMode
                0x0604e2cc                CDC_GetFiltMode
                0x0604e310                CDC_SetFiltCon
                0x0604e350                CDC_GetFiltCon
                0x0604e3a4                CDC_ResetSelector
 *fill*         0x0604e3d8        0x8 
 .text          0x0604e3e0      0x270 ../../saturnringlib/../modules/sgl/LIB/LIBCD.A(CDC_BIF.O)
                0x0604e3e0                CDC_GetBufSiz
                0x0604e43c                CDC_GetSctNum
                0x0604e480                CDC_CalActSiz
                0x0604e4bc                CDC_GetActSiz
                0x0604e53c                CDC_GetSctInfo
                0x0604e5bc                CDC_ExeFadSearch
                0x0604e5f4                CDC_GetFadSearch
 .text          0x0604e650      0x1e4 ../../saturnringlib/../modules/sgl/LIB/LIBCD.A(CDC_BIO.O)
                0x0604e650                CDC_SetSctLen
                0x0604e684                CDC_GetSctData
                0x0604e6c0                CDC_DelSctData
                0x0604e6fc                CDC_GetdelSctData
                0x0604e738                CDC_PutSctData
                0x0604e770                CDC_CopySctData
                0x0604e7b4                CDC_MoveSctData
                0x0604e7f8                CDC_GetCopyErr
 *fill*         0x0604e834        0xc 
 .text          0x0604e840      0x194 ../../saturnringlib/../modules/sgl/LIB/LIBCD.A(CDC_CFS.O)
                0x0604e840                CDC_ChgDir
                0x0604e874                CDC_ReadDir
                0x0604e8a8                CDC_GetFileScope
                0x0604e908                CDC_TgetFileInfo
                0x0604e964                CDC_ReadFile
                0x0604e998                CDC_AbortFile
 *fill*         0x0604e9d4        0xc 
 .text          0x0604e9e0        0x0 ../../saturnringlib/../modules/sgl/LIB/LIBSGL.A(sglA15.o)
 .text          0x0604e9e0        0x0 ../../saturnringlib/../modules/sgl/LIB/LIBSGL.A(sglA16.o)
 .text          0x0604e9e0        0x0 ../../saturnringlib/../modules/sgl/LIB/LIBSGL.A(sglA17.o)
 .text          0x0604e9e0        0x0 ../../saturnringlib/../modules/sgl/LIB/LIBSGL.A(sglA18.o)
 .text          0x0604e9e0        0x0 ../../saturnringlib/../modules/sgl/LIB/LIBSGL.A(sglA19.o)
 .text          0x0604e9e0        0x0 ../../saturnringlib/../modules/sgl/LIB/LIBSGL.A(sglA20.o)
 .text          0x0604e9e0        0x0 ../../saturnringlib/../modules/sgl/LIB/LIBSGL.A(sglA21.o)
 .text          0x0604e9e0        0x0 ../../saturnringlib/../modules/sgl/LIB/LIBSGL.A(sglA27.o)
 .text          0x0604e9e0        0x0 ../../saturnringlib/../modules/sgl/LIB/LIBSGL.A(sglA28.o)
 .text          0x0604e9e0        0x0 ../../saturnringlib/../modules/sgl/LIB/LIBSGL.A(sglA39.o)
 .text          0x0604e9e0        0x0 ../../saturnringlib/../modules/sgl/LIB/LIBSGL.A(sglB001.o)
 .text          0x0604e9e0        0x0 ../../saturnringlib/../modules/sgl/LIB/LIBSGL.A(sglB002.o)
 .text          0x0604e9e0        0x0 ../../saturnringlib/../modules/sgl/LIB/LIBSGL.A(sglB015.o)
 .text          0x0604e9e0        0x0 ../../saturnringlib/../modules/sgl/LIB/LIBSGL.A(sglB016.o)
 .text          0x0604e9e0        0x0 ../../saturnringlib/../modules/sgl/LIB/LIBSGL.A(sglB031.o)
 .text          0x0604e9e0        0x0 ../../saturnringlib/../modules/sgl/LIB/LIBSGL.A(sglB034.o)
 .text          0x0604e9e0        0x0 ../../saturnringlib/../modules/sgl/LIB/LIBSGL.A(sglB035.o)
 .text          0x0604e9e0        0x0 ../../saturnringlib/../modules/sgl/LIB/LIBSGL.A(sglB038.o)
 .text          0x0604e9e0        0x0 ../../saturnringlib/../modules/sgl/LIB/LIBSGL.A(sglB040.o)
 .text          0x0604e9e0        0x0 ../../saturnringlib/../modules/sgl/LIB/LIBSGL.A(sglB042.o)
 .text          0x0604e9e0        0x0 ../../saturnringlib/../modules/sgl/LIB/LIBSGL.A(sglB043.o)
 .text          0x0604e9e0        0x0 ../../saturnringlib/../modules/sgl/LIB/LIBSGL.A(sglB044.o)
 .text          0x0604e9e0        0x0 ../../saturnringlib/../modules/sgl/LIB/LIBSGL.A(sglB045.o)
 .text          0x0604e9e0        0x0 ../../saturnringlib/../modules/sgl/LIB/LIBSGL.A(sglB047.o)
 .text          0x0604e9e0        0x0 ../../saturnringlib/../modules/sgl/LIB/LIBSGL.A(sglB055.o)
 .text          0x0604e9e0        0x0 ../../saturnringlib/../modules/sgl/LIB/LIBSGL.A(sglB058.o)
 .text          0x0604e9e0        0x0 ../../saturnringlib/../modules/sgl/LIB/LIBSGL.A(sglB059.o)
 .text          0x0604e9e0        0x0 ../../saturnringlib/../modules/sgl/LIB/LIBSGL.A(sglB063.o)
 .text          0x0604e9e0        0x0 ../../saturnringlib/../modules/sgl/LIB/LIBSGL.A(sglB070.o)
 .text          0x0604e9e0        0x0 ../../saturnringlib/../modules/sgl/LIB/LIBSGL.A(sglB112.o)
 .text          0x0604e9e0        0x0 ../../saturnringlib/../modules/sgl/LIB/LIBSGL.A(sglB200.o)
 .text          0x0604e9e0        0x0 ../../saturnringlib/../modules/sgl/LIB/LIBSGL.A(sglC01.o)
 .text          0x0604e9e0        0x0 ../../saturnringlib/../modules/sgl/LIB/LIBSGL.A(sglC02.o)
 .text          0x0604e9e0        0x0 ../../saturnringlib/../modules/sgl/LIB/LIBSGL.A(sglC04.o)
 .text          0x0604e9e0        0x0 ../../saturnringlib/../modules/sgl/LIB/LIBSGL.A(sglC05.o)
 .text          0x0604e9e0        0x0 ../../saturnringlib/../modules/sgl/LIB/LIBSGL.A(sglC08.o)
 .text          0x0604e9e0        0x0 ../../saturnringlib/../modules/sgl/LIB/LIBSGL.A(sglC19.o)
 .text          0x0604e9e0        0x0 ../../saturnringlib/../modules/sgl/LIB/LIBSGL.A(sglC20.o)
 .text          0x0604e9e0        0x0 ../../saturnringlib/../modules/sgl/LIB/LIBSGL.A(sglC21.o)
 .text          0x0604e9e0        0x0 ../../saturnringlib/../modules/sgl/LIB/LIBSGL.A(sglD00.o)
 .text          0x0604e9e0        0x0 ../../saturnringlib/../modules/sgl/LIB/LIBSGL.A(sglD01.o)
 .text          0x0604e9e0        0x0 ../../saturnringlib/../modules/sgl/LIB/LIBSGL.A(sglD03.o)
 .text          0x0604e9e0        0x0 ../../saturnringlib/../modules/sgl/LIB/LIBSGL.A(sglD15.o)
 .text          0x0604e9e0        0x0 ../../saturnringlib/../modules/sgl/LIB/LIBSGL.A(sglD16.o)
 .text          0x0604e9e0        0x0 ../../saturnringlib/../modules/sgl/LIB/LIBSGL.A(sglD17.o)
 .text          0x0604e9e0        0x0 ../../saturnringlib/../modules/sgl/LIB/LIBSGL.A(sglD18.o)
 .text          0x0604e9e0        0x0 ../../saturnringlib/../modules/sgl/LIB/LIBSGL.A(sglF00.o)
 .text          0x0604e9e0        0x0 ../../saturnringlib/../modules/sgl/LIB/LIBSGL.A(sglG00.o)
 .text          0x0604e9e0        0x0 ../../saturnringlib/../modules/sgl/LIB/LIBSGL.A(sglH00.o)
 .text          0x0604e9e0        0x0 ../../saturnringlib/../modules/sgl/LIB/LIBSGL.A(sglH02.o)
 .text          0x0604e9e0        0x0 ../../saturnringlib/../modules/sgl/LIB/LIBSGL.A(sglH04.o)
 .text          0x0604e9e0        0x0 ../../saturnringlib/../modules/sgl/LIB/LIBSGL.A(sglI01.o)
 .text          0x0604e9e0        0x0 ../../saturnringlib/../modules/sgl/LIB/LIBSGL.A(sglI04.o)
 .text          0x0604e9e0      0x128 ../../saturnringlib/../modules/sgl/LIB/LIBSGL.A(sglIc0.o)
                0x0604e9e0                slInitSystem
 *fill*         0x0604eb08        0x8 
 .text          0x0604eb10        0x0 ../../saturnringlib/../modules/sgl/LIB/LIBSGL.A(sglJ00.o)
 .text          0x0604eb10        0x0 ../../saturnringlib/../modules/sgl/LIB/LIBSGL.A(sglJ01.o)
 .text          0x0604eb10        0x0 ../../saturnringlib/../modules/sgl/LIB/LIBSGL.A(sglJ02.o)
 .text          0x0604eb10        0x0 ../../saturnringlib/../modules/sgl/LIB/LIBSGL.A(sglJ03.o)
 .text          0x0604eb10        0x0 ../../saturnringlib/../modules/sgl/LIB/LIBSGL.A(sglJ04.o)
 .text          0x0604eb10        0x0 ../../saturnringlib/../modules/sgl/LIB/LIBSGL.A(sglJ05.o)
 .text          0x0604eb10        0x0 ../../saturnringlib/../modules/sgl/LIB/LIBSGL.A(sglK01.o)
 .text          0x0604eb10        0x0 ../../saturnringlib/../modules/sgl/LIB/LIBSGL.A(sglM00.o)
 .text          0x0604eb10        0x0 ../../saturnringlib/../modules/sgl/LIB/LIBSGL.A(sglM01.o)
 .text          0x0604eb10        0x0 ../../saturnringlib/../modules/sgl/LIB/LIBSGL.A(sglA00.o)
 .text          0x0604eb10        0x0 ../../saturnringlib/../modules/sgl/LIB/LIBSGL.A(sglA01.o)
 .text          0x0604eb10        0x0 ../../saturnringlib/../modules/sgl/LIB/LIBSGL.A(sglA03.o)
 .text          0x0604eb10        0x0 ../../saturnringlib/../modules/sgl/LIB/LIBSGL.A(sglA10.o)
 .text          0x0604eb10        0x0 ../../saturnringlib/../modules/sgl/LIB/LIBSGL.A(sglA24.o)
 .text          0x0604eb10        0x0 ../../saturnringlib/../modules/sgl/LIB/LIBSGL.A(sglA25.o)
 .text          0x0604eb10        0x0 ../../saturnringlib/../modules/sgl/LIB/LIBSGL.A(sglA40.o)
 .text          0x0604eb10        0x0 ../../saturnringlib/../modules/sgl/LIB/LIBSGL.A(sglB000.o)
 .text          0x0604eb10        0x0 ../../saturnringlib/../modules/sgl/LIB/LIBSGL.A(sglC00.o)
 .text          0x0604eb10        0x0 ../../saturnringlib/../modules/sgl/LIB/LIBSGL.A(sglC13.o)
 .text          0x0604eb10        0x0 ../../saturnringlib/../modules/sgl/LIB/LIBSGL.A(sglD02.o)
 .text          0x0604eb10        0x0 ../../saturnringlib/../modules/sgl/LIB/LIBSGL.A(sglD19.o)
 .text          0x0604eb10        0x0 ../../saturnringlib/../modules/sgl/LIB/LIBSGL.A(sglI00.o)
 .text          0x0604eb10        0x0 ../../saturnringlib/../modules/sgl/LIB/LIBSGL.A(sglH03.o)
 .text          0x0604eb10     0x10b4 ../../saturnringlib/../modules/sgl/LIB/LIBSND.A(snd_main.o)
                0x0604eb10                SND_Init
                0x0604ec88                SND_MoveData
                0x0604ecd4                SND_ChgMap
                0x0604edac                SND_SetTlVl
                0x0604ee0c                SND_ChgEfct
                0x0604ee6c                SND_ChgMix
                0x0604eed8                SND_ChgMixPrm
                0x0604ef60                SND_ChkHard
                0x0604effc                SND_StopDsp
                0x0604f050                SND_OffAllSound
                0x0604f0a4                SND_StartSeq
                0x0604f128                SND_StopSeq
                0x0604f188                SND_PauseSeq
                0x0604f1e8                SND_ContSeq
                0x0604f248                SND_SetSeqVl
                0x0604f2c0                SND_ChgTempo
                0x0604f33c                SND_CtrlDirMidi
                0x0604f3f4                SND_SetSeqPan
                0x0604f468                SND_StartPcm
                0x0604f578                SND_StopPcm
                0x0604f5d8                SND_ChgPcm
                0x0604f6a8                SND_StartVlAnl
                0x0604f6fc                SND_StopVlAnl
                0x0604f750                SND_SetCdDaLev
                0x0604f7cc                SND_SetCdDaPan
                0x0604f848                SND_GetSeqStat
                0x0604f870                SND_GetSeqPlayPos
                0x0604f88c                SND_GetPcmPlayAdr
                0x0604f8b4                SND_GetAnlTlVl
                0x0604f8d0                SND_GetAnlHzVl
                0x0604fa8c                SND_SetQSound
                0x0604faf8                SND_Set3D_Stat
                0x0604fb70                SND_Set3D_Init
 .text          0x0604fbc4       0x52 C:/saturn/SaturnRingLib-main/Compiler/sh2eb-elf/bin/../lib/gcc/sh-elf/14.2.0\libgcc.a(_ashiftrt.o)
                0x0604fbc4                __ashiftrt_r4_31
                0x0604fbc4                __ashiftrt_r4_32
                0x0604fbca                __ashiftrt_r4_30
                0x0604fbcc                __ashiftrt_r4_29
                0x0604fbce                __ashiftrt_r4_28
                0x0604fbd0                __ashiftrt_r4_27
                0x0604fbd2                __ashiftrt_r4_26
                0x0604fbd4                __ashiftrt_r4_25
                0x0604fbd6                __ashiftrt_r4_24
                0x0604fbde                __ashiftrt_r4_23
                0x0604fbe0                __ashiftrt_r4_22
                0x0604fbe2                __ashiftrt_r4_21
                0x0604fbe4                __ashiftrt_r4_20
                0x0604fbe6                __ashiftrt_r4_19
                0x0604fbe8                __ashiftrt_r4_18
                0x0604fbea                __ashiftrt_r4_17
                0x0604fbec                __ashiftrt_r4_16
                0x0604fbf2                __ashiftrt_r4_15
                0x0604fbf4                __ashiftrt_r4_14
                0x0604fbf6                __ashiftrt_r4_13
                0x0604fbf8                __ashiftrt_r4_12
                0x0604fbfa                __ashiftrt_r4_11
                0x0604fbfc                __ashiftrt_r4_10
                0x0604fbfe                __ashiftrt_r4_9
                0x0604fc00                __ashiftrt_r4_8
                0x0604fc02                __ashiftrt_r4_7
                0x0604fc04                __ashiftrt_r4_6
                0x0604fc06                __ashiftrt_r4_5
                0x0604fc08                __ashiftrt_r4_4
                0x0604fc0a                __ashiftrt_r4_3
                0x0604fc0c                __ashiftrt_r4_2
                0x0604fc0e                __ashiftrt_r4_1
                0x0604fc12                __ashiftrt_r4_0
 *fill*         0x0604fc16        0x2 
 .text          0x0604fc18       0x80 C:/saturn/SaturnRingLib-main/Compiler/sh2eb-elf/bin/../lib/gcc/sh-elf/14.2.0\libgcc.a(_ashiftrt_n.o)
                0x0604fc18                __ashrsi3
 .text          0x0604fc98       0xbc C:/saturn/SaturnRingLib-main/Compiler/sh2eb-elf/bin/../lib/gcc/sh-elf/14.2.0\libgcc.a(_ashiftlt.o)
                0x0604fc98                __ashlsi3
                0x0604fc9c                __ashlsi3_r0
 .text          0x0604fd54       0xbc C:/saturn/SaturnRingLib-main/Compiler/sh2eb-elf/bin/../lib/gcc/sh-elf/14.2.0\libgcc.a(_lshiftrt.o)
                0x0604fd54                __lshrsi3
                0x0604fd58                __lshrsi3_r0