Archive member included to satisfy reference by file (symbol)

../../saturnringlib/../modules/sgl/LIB/LIBCD.A(CDC_CMN.O)
                              src/main.o (CDC_CdInit)
../../saturnringlib/../modules/sgl/LIB/LIBCD.A(CDC_REG.O)
                              ../../saturnringlib/../modules/sgl/LIB/LIBCD.A(CDC_CMN.O) (CDREG_ClrHirqReq)
../../saturnringlib/../modules/sgl/LIB/LIBCD.A(CDC_SUB.O)
                              ../../saturnringlib/../modules/sgl/LIB/LIBCD.A(CDC_CMN.O) (CDSUB_UpdStatus)
../../saturnringlib/../modules/sgl/LIB/LIBCD.A(GFS.O)
                              src/main.o (GFS_Init)
../../saturnringlib/../modules/sgl/LIB/LIBCD.A(GFS_BUF.O)
                              ../../saturnringlib/../modules/sgl/LIB/LIBCD.A(GFS.O) (GFBF_GetNumData)
../../saturnringlib/../modules/sgl/LIB/LIBCD.A(GFS_CDB.O)
                              ../../saturnringlib/../modules/sgl/LIB/LIBCD.A(GFS.O) (GFCB_Close)
../../saturnringlib/../modules/sgl/LIB/LIBCD.A(GFS_CDC.O)
                              ../../saturnringlib/../modules/sgl/LIB/LIBCD.A(GFS.O) (GFCD_SetCdbfs)
../../saturnringlib/../modules/sgl/LIB/LIBCD.A(GFS_CDF.O)
                              ../../saturnringlib/../modules/sgl/LIB/LIBCD.A(GFS.O) (GFCF_Init)
../../saturnringlib/../modules/sgl/LIB/LIBCD.A(GFS_DIR.O)
                              ../../saturnringlib/../modules/sgl/LIB/LIBCD.A(GFS.O) (GFDR_SetupDirTbl)
../../saturnringlib/../modules/sgl/LIB/LIBCD.A(GFS_TRN.O)
                              ../../saturnringlib/../modules/sgl/LIB/LIBCD.A(GFS.O) (GFTR_Setup)
../../saturnringlib/../modules/sgl/LIB/LIBCD.A(CDC_DRV.O)
                              ../../saturnringlib/../modules/sgl/LIB/LIBCD.A(GFS_CDC.O) (CDC_CdPlay)
../../saturnringlib/../modules/sgl/LIB/LIBCD.A(CDC_DEV.O)
                              ../../saturnringlib/../modules/sgl/LIB/LIBCD.A(GFS_CDC.O) (CDC_CdSetCon)
../../saturnringlib/../modules/sgl/LIB/LIBCD.A(CDC_SEL.O)
                              ../../saturnringlib/../modules/sgl/LIB/LIBCD.A(GFS_CDC.O) (CDC_SetFiltRange)
../../saturnringlib/../modules/sgl/LIB/LIBCD.A(CDC_BIF.O)
                              ../../saturnringlib/../modules/sgl/LIB/LIBCD.A(GFS_CDC.O) (CDC_GetBufSiz)
../../saturnringlib/../modules/sgl/LIB/LIBCD.A(CDC_BIO.O)
                              ../../saturnringlib/../modules/sgl/LIB/LIBCD.A(GFS_CDC.O) (CDC_SetSctLen)
../../saturnringlib/../modules/sgl/LIB/LIBCD.A(CDC_CFS.O)
                              ../../saturnringlib/../modules/sgl/LIB/LIBCD.A(GFS_CDC.O) (CDC_ChgDir)
../../saturnringlib/../modules/sgl/LIB/LIBSGL.A(sglA15.o)
                              src/main.o (slSlaveFunc)
../../saturnringlib/../modules/sgl/LIB/LIBSGL.A(sglA16.o)
                              src/main.o (slLookAt)
../../saturnringlib/../modules/sgl/LIB/LIBSGL.A(sglA17.o)
                              src/mesh_renderer.o (slRotZ)
../../saturnringlib/../modules/sgl/LIB/LIBSGL.A(sglA18.o)
                              src/main.o (slRotY)
../../saturnringlib/../modules/sgl/LIB/LIBSGL.A(sglA19.o)
                              src/main.o (slRotX)
../../saturnringlib/../modules/sgl/LIB/LIBSGL.A(sglA20.o)
                              src/main.o (slUnitMatrix)
../../saturnringlib/../modules/sgl/LIB/LIBSGL.A(sglA21.o)
                              src/main.o (slPushMatrix)
../../saturnringlib/../modules/sgl/LIB/LIBSGL.A(sglA27.o)
                              src/main.o (slTranslate)
../../saturnringlib/../modules/sgl/LIB/LIBSGL.A(sglA28.o)
                              src/mesh_renderer.o (slScale)
../../saturnringlib/../modules/sgl/LIB/LIBSGL.A(sglA39.o)
                              src/main.o (slConvert3Dto2DFX)
../../saturnringlib/../modules/sgl/LIB/LIBSGL.A(sglB001.o)
                              src/main.o (slTVOn)
../../saturnringlib/../modules/sgl/LIB/LIBSGL.A(sglB002.o)
                              src/main.o (slColRAMMode)
../../saturnringlib/../modules/sgl/LIB/LIBSGL.A(sglB015.o)
                              src/main.o (slScrAutoDisp)
../../saturnringlib/../modules/sgl/LIB/LIBSGL.A(sglB016.o)
                              src/main.o (slBack1ColSet)
../../saturnringlib/../modules/sgl/LIB/LIBSGL.A(sglB031.o)
                              src/main.o (slMapNbg0)
../../saturnringlib/../modules/sgl/LIB/LIBSGL.A(sglB034.o)
                              src/main.o (slMapNbg3)
../../saturnringlib/../modules/sgl/LIB/LIBSGL.A(sglB035.o)
                              src/main.o (sl1MapRA)
../../saturnringlib/../modules/sgl/LIB/LIBSGL.A(sglB038.o)
                              src/main.o (slRparaInitSet)
../../saturnringlib/../modules/sgl/LIB/LIBSGL.A(sglB040.o)
                              src/main.o (slKtableRA)
../../saturnringlib/../modules/sgl/LIB/LIBSGL.A(sglB042.o)
                              src/main.o (slCurRpara)
../../saturnringlib/../modules/sgl/LIB/LIBSGL.A(sglB043.o)
                              src/main.o (slRparaMode)
../../saturnringlib/../modules/sgl/LIB/LIBSGL.A(sglB044.o)
[...]
Memory Configuration

Name             Origin             Length             Attributes
*default*        0x00000000         0xffffffff

Linker script and memory map


SLSTART         0x06004000       0x30
                0x06004000                        ___Start = .
 *(SLSTART)
 SLSTART        0x06004000       0x28 ../../saturnringlib/../modules/sgl/LIB/LIBSGL.A(sglI00.o)
                0x06004000                SGL_Start
                0x06004002                slStartSGL

.text           0x06004040    0x79a50
 *(.text*)
 .text          0x06004040        0x0 ../../saturnringlib/../modules/sgl/LIB/../SRC/workarea.o
 .text          0x06004040     0x2fec src/camera_system.o
                0x0600420c                CameraSystem::ViewDirection() const
                0x060043a4                CameraSystem::SetCinematicFrame(SRL::Math::Types::Vector3D const&, SRL::Math::Types::Vector3D const&)
                0x060043cc                CameraSystem::CreateSnapshot() const
                0x0600447c                CameraSystem::PresetConfig(CameraSystem::ChasePreset) const
                0x060044f8                CameraSystem::LookTarget(SRL::Math::Types::Vector3D const&, SRL::Math::Types::Vector3D const&) const
                0x060049bc                CameraSystem::ForwardFromYawDeg(long)
                0x06004af8                CameraSystem::UpdateHeadingFromCarMotion(SRL::Math::Types::Vector3D const&) const
                0x06004fbc                CameraSystem::NormalizeYawDeg(long)
                0x06004ff8                CameraSystem::CameraFollowBlendRaw() const
                0x06005050                CameraSystem::UpdateSmoothedCamPitch() const
                0x06005384                CameraSystem::ApplyLocalPitchYZ(long, SRL::Math::Types::Fxp&, SRL::Math::Types::Fxp&)
                0x06005398                CameraSystem::ResolveLocalOffsetWorld(long, long, long, long) const
                0x060054cc                CameraSystem::BoomSafetyConfig(long) const
                0x06005578                CameraSystem::ApplyGradeBehindClearance(SRL::Math::Types::Vector3D const&, SRL::Math::Types::Vector3D const&, long) const
                0x060056b8                CameraSystem::ResolvePresetOffsetWorld() const
                0x060057f4                CameraSystem::InitializeManualOffset()
                0x060058a8                CameraSystem::SetChaseNearFollowDistance(short)
                0x060058e4                CameraSystem::ApplyChasePreset(CameraSystem::ChasePreset, bool)
                0x06005af4                CameraSystem::CameraSystem()
                0x06005af4                CameraSystem::CameraSystem()
                0x060060c0                CameraSystem::ResetToDefaultView()
                0x060062c0                CameraSystem::UpdateFromPad(SRL::Input::Digital&, long&, CameraRig::OrbitState&, bool)
                0x06006978                CameraSystem::CameraLocation(SRL::Math::Types::Vector3D const&) const
 .text._ZN3SRL5Input7Digital6IsHeldERKNS1_6ButtonE
                0x0600702c       0x1c src/camera_system.o
                0x0600702c                SRL::Input::Digital::IsHeld(SRL::Input::Digital::Button const&)
 .text._ZN3SRL6Memory12SimpleMalloc21MergeFreeMemoryBlocksERKNS0_10MemoryZoneEj.isra.0
                0x06007048       0x78 src/camera_system.o
 .text._ZN3SRL4Math5Types3FxpC2Ev
                0x060070c0        0x8 src/camera_system.o
                0x060070c0                SRL::Math::Types::Fxp::Fxp()
                0x060070c0                SRL::Math::Types::Fxp::Fxp()
 .text._ZN3SRL4Math5Types3FxpC2ERKS2_
                0x060070c8        0x8 src/camera_system.o
                0x060070c8                SRL::Math::Types::Fxp::Fxp(SRL::Math::Types::Fxp const&)
                0x060070c8                SRL::Math::Types::Fxp::Fxp(SRL::Math::Types::Fxp const&)
 .text._ZNK3SRL4Math5Types3Fxp8RawValueEv
                0x060070d0        0x4 src/camera_system.o
                0x060070d0                SRL::Math::Types::Fxp::RawValue() const
 .text._ZN3SRL6Memory11HighWorkRam6MallocEj
                0x060070d4      0x1f8 src/camera_system.o
                0x060070d4                SRL::Memory::HighWorkRam::Malloc(unsigned int)
 .text._ZN3SRL6Memory10LowWorkRam4FreeEPv
                0x060072cc      0x170 src/camera_system.o
                0x060072cc                SRL::Memory::LowWorkRam::Free(void*)
 .text._ZN3SRL6Memory4FreeEPv
                0x0600743c      0x25c src/camera_system.o
                0x0600743c                SRL::Memory::Free(void*)
 .text._ZN6Camera13OrbitPositionEN3SRL4Math5Types5AngleES3_NS2_3FxpE
                0x06007698      0x1b0 src/camera_system.o
                0x06007698                Camera::OrbitPosition(SRL::Math::Types::Angle, SRL::Math::Types::Angle, SRL::Math::Types::Fxp)
 .text._ZN12CameraSafety16ResolveBoomGuardERKN3SRL4Math5Types8Vector3DES5_RKNS_6ConfigE
                0x06007848      0x200 src/camera_system.o
                0x06007848                CameraSafety::ResolveBoomGuard(SRL::Math::Types::Vector3D const&, SRL::Math::Types::Vector3D const&, CameraSafety::Config const&)
 .text._ZN3SRL5Types5EventIJEEC2Ev
                0x06007a48       0x40 src/camera_system.o
                0x06007a48                SRL::Types::Event<>::Event()
                0x06007a48                SRL::Types::Event<>::Event()
 .text.startup  0x06007a88      0x198 src/camera_system.o
 .text.exit     0x06007c20       0x54 src/camera_system.o
 .text          0x06007c74     0x1460 src/car_system.o
                0x06007c74                Game::CarSystem::CarCommandAdapter::Brake()
                0x06007cb8                Game::CarSystem::CarCommandAdapter::SteerLeft()
                0x06007ccc                Game::CarSystem::CarCommandAdapter::SteerRight()
                0x06007ce0                Game::CarSystem::CarCommandAdapter::Accelerate()
                0x06007d54                Game::CarSystem::CarSystem(ModelObject*, bool, Game::CarSystem::Config const&)
                0x06007d54                Game::CarSystem::CarSystem(ModelObject*, bool, Game::CarSystem::Config const&)
                0x06008410                Game::CarSystem::UpdateWheels(bool, bool)
                0x0600844c                Game::CarSystem::TickCommandState()
                0x060086b8                Game::CarSystem::SetRuntimeFrameState(Game::GameplayFrameState const&)
                0x0600882c                Game::CarSystem::ApplyGameplayInput(Game::CarSystem::GameplayInputSnapshot const&, unsigned long, Game::GameplayFrameState&)
                0x06008c50                Game::CarSystem::PrepareGameplayFrameState(Game::CarSystem::GameplayInputSnapshot const*, unsigned long, SRL::Math::Types::Vector3D const&, long, bool, Game::GameplayFrameState&)
                0x06008d04                Game::CarSystem::ApplySimulationFrameState(Game::GameplayFrameState const&)
                0x06008d5c                Game::CarSystem::SyncRenderState(SRL::Math::Types::Vector3D const&, long)
                0x06008dac                Game::CarSystem::BuildDrivetrainDebugSnapshot() const
                0x06008e28                Game::CarSystem::WriteCommandsToFrameState(Game::GameplayFrameState&, bool) const
                0x06008e74                Game::CarSystem::SubmitRender(RenderPipeline&, bool)
 .text._ZN4Game9CarSystem8RendererEv
                0x060090d4        0x4 src/car_system.o
                0x060090d4                Game::CarSystem::Renderer()
 .text._ZNK4Game9CarSystem4NameEv
                0x060090d8        0x8 src/car_system.o
                0x060090d8                Game::CarSystem::Name() const
 .text._ZN4Game9CarSystem17CarCommandAdapterD2Ev
                0x060090e0        0x4 src/car_system.o
                0x060090e0                Game::CarSystem::CarCommandAdapter::~CarCommandAdapter()
                0x060090e0                Game::CarSystem::CarCommandAdapter::~CarCommandAdapter()
 .text._ZNK4Game9CarSystem8PositionEv
                0x060090e4       0x3c src/car_system.o
                0x060090e4                Game::CarSystem::Position() const
 .text._ZNK4Game9CarSystem17CarCommandAdapter13WorldPositionEv
                0x06009120       0x88 src/car_system.o
                0x06009120                Game::CarSystem::CarCommandAdapter::WorldPosition() const
 .text._ZNK4Game9CarSystem3YawEv
                0x060091a8       0x74 src/car_system.o
                0x060091a8                Game::CarSystem::Yaw() const
 .text._ZN4Game9CarSystem17CarCommandAdapterD0Ev
                0x0600921c        0xc src/car_system.o
                0x0600921c                Game::CarSystem::CarCommandAdapter::~CarCommandAdapter()
 .text._ZN4Game9CarSystemD0Ev
                0x06009228       0x50 src/car_system.o
                0x06009228                Game::CarSystem::~CarSystem()
 .text._ZN4Game9CarSystemD2Ev
                0x06009278       0x4c src/car_system.o
                0x06009278                Game::CarSystem::~CarSystem()
                0x06009278                Game::CarSystem::~CarSystem()
 .text.startup  0x060092c4      0x198 src/car_system.o
 .text.exit     0x0600945c       0x54 src/car_system.o
 .text          0x060094b0     0x35d0 src/car_wheel_rig.o
                0x0600a27c                CarWheelRig::Update(CarWheelRig::Input const&)
                0x0600a690                CarWheelRig::Apply(MeshRenderer&) const
                0x0600a82c                CarWheelRig::DetectWheelIdsFromMeshtex(unsigned int, std::array<unsigned int, 4u>&, unsigned int&) const
                0x0600ae40                CarWheelRig::DetectWheelIdsFromMeshStats(ModelObject&, bool, SRL::Math::Types::Vector3D const*, unsigned int, std::array<unsigned int, 4u>&, unsigned int&) const
                0x0600b404                CarWheelRig::RefreshWheelGeometryFromCenters()
                0x0600b6a0                CarWheelRig::ClassifyWheels(std::array<unsigned int, 4u> const&, ModelObject&, bool, SRL::Math::Types::Vector3D const*, bool)
                0x0600c888                CarWheelRig::ResetState()
                0x0600c958                CarWheelRig::Initialize(ModelObject&, bool, SRL::Math::Types::Vector3D const*, unsigned int)
                0x0600ca24                CarWheelRig::ClampInt(long, long, long)
                0x0600ca38                CarWheelRig::StepToward(long, long, long)
 .text.startup  0x0600ca80      0x198 src/car_wheel_rig.o
 .text.exit     0x0600cc18       0x54 src/car_wheel_rig.o
 .text          0x0600cc6c      0x374 src/exception_stubs.o
                0x0600cc6c                std::__throw_bad_array_new_length()
                0x0600cc70                std::__throw_bad_alloc()
                0x0600cc74                malloc
                0x0600cca4                free
                0x0600cd20                calloc
                0x0600cd84                realloc
                0x0600cea0                cfree
                0x0600cf1c                _malloc_r
                0x0600cf4c                _free_r
                0x0600cfc8                _calloc_r
                0x0600cfd4                _realloc_r
 .text._ZN3SRL6Memory12SimpleMalloc4FreeERKNS0_10MemoryZoneEPv
                0x0600cfe0       0xe0 src/exception_stubs.o
                0x0600cfe0                SRL::Memory::SimpleMalloc::Free(SRL::Memory::MemoryZone const&, void*)
 .text._ZN3SRL6Memory12SimpleMalloc7ReallocERKNS0_10MemoryZoneEPvj
                0x0600d0c0      0x184 src/exception_stubs.o
                0x0600d0c0                SRL::Memory::SimpleMalloc::Realloc(SRL::Memory::MemoryZone const&, void*, unsigned int)
 .text._ZN3SRL6Memory11HighWorkRam4FreeEPv
                0x0600d244      0x170 src/exception_stubs.o
                0x0600d244                SRL::Memory::HighWorkRam::Free(void*)
 .text._ZN3SRL6Memory11HighWorkRam7ReallocEPvj
                0x0600d3b4      0x370 src/exception_stubs.o
                0x0600d3b4                SRL::Memory::HighWorkRam::Realloc(void*, unsigned int)
 .text._ZN3SRL6Memory10LowWorkRam6MallocEj
                0x0600d724      0x1f8 src/exception_stubs.o
                0x0600d724                SRL::Memory::LowWorkRam::Malloc(unsigned int)
 .text._ZN3SRL6Memory10LowWorkRam7ReallocEPvj
                0x0600d91c      0x3c4 src/exception_stubs.o
                0x0600d91c                SRL::Memory::LowWorkRam::Realloc(void*, unsigned int)
 .text.unlikely
                0x0600dce0       0x12 src/exception_stubs.o
                0x0600dce0                std::__throw_length_error(char const*)
                0x0600dce4                std::__throw_out_of_range(char const*)
                0x0600dce8                std::__throw_out_of_range_fmt(char const*, ...)
 *fill*         0x0600dcf2        0x2 
 .text.startup  0x0600dcf4      0x198 src/exception_stubs.o
 .text.exit     0x0600de8c       0xe8 src/exception_stubs.o
 .text          0x0600df74     0x4184 src/main.o
                0x0600ebdc                SRL_AppGetVblankCounter
                0x060120b4                GameApp::Run()
 .text._ZN3SRL7Tilemap10Interfaces8Bmp2Tile11GetCellDataEv
                0x060120f8        0x4 src/main.o
                0x060120f8                SRL::Tilemap::Interfaces::Bmp2Tile::GetCellData()
 .text._ZN3SRL7Tilemap10Interfaces8Bmp2Tile10GetMapDataEv
                0x060120fc        0x4 src/main.o
                0x060120fc                SRL::Tilemap::Interfaces::Bmp2Tile::GetMapData()
 .text._ZN3SRL7Tilemap10Interfaces8Bmp2Tile10GetPalDataEv
                0x06012100        0x4 src/main.o
                0x06012100                SRL::Tilemap::Interfaces::Bmp2Tile::GetPalData()
 .text._ZN3SRL7Tilemap10Interfaces8Bmp2Tile7GetInfoEv
                0x06012104       0x18 src/main.o
                0x06012104                SRL::Tilemap::Interfaces::Bmp2Tile::GetInfo()
 .text._ZN3SRL5Input7Digital11IsConnectedEv
                0x0601211c       0x28 src/main.o
                0x0601211c                SRL::Input::Digital::IsConnected()
 .text._ZN3SRL5Input7Digital11WasReleasedERKNS1_6ButtonE
                0x06012144       0x2c src/main.o
                0x06012144                SRL::Input::Digital::WasReleased(SRL::Input::Digital::Button const&)
 .text._ZN3SRL5Input7Digital10WasPressedERKNS1_6ButtonE
                0x06012170       0x2c src/main.o
                0x06012170                SRL::Input::Digital::WasPressed(SRL::Input::Digital::Button const&)
 .text._ZN3SRL5Types5ITask6IsDoneEv
                0x0601219c        0x8 src/main.o
                0x0601219c                SRL::Types::ITask::IsDone()
 .text._ZN3SRL5Types5ITask5StartEv
                0x060121a4       0x18 src/main.o
                0x060121a4                SRL::Types::ITask::Start()
 .text._ZN3SRL5Types5ITask9ResetTaskEv
                0x060121bc        0x8 src/main.o
                0x060121bc                SRL::Types::ITask::ResetTask()
 .text._ZN3SRL6Bitmap3TGA7GetDataEv
                0x060121c4        0x4 src/main.o
                0x060121c4                SRL::Bitmap::TGA::GetData()
 .text._ZN3SRL6Bitmap3TGA7GetInfoEv
                0x060121c8       0x34 src/main.o
                0x060121c8                SRL::Bitmap::TGA::GetInfo()
 .text._ZNK4Game20ITrackCollisionQuery31SampleSurfaceYByFamilySetStrictERKN3SRL4Math5Types8Vector3DEPKtjRNS3_3FxpEPll
                0x060121fc        0x8 src/main.o
                0x060121fc                Game::ITrackCollisionQuery::SampleSurfaceYByFamilySetStrict(SRL::Math::Types::Vector3D const&, unsigned short const*, unsigned int, SRL::Math::Types::Fxp&, long*, long) const
 .text._ZNK4Game20ITrackCollisionQuery36SampleSurfaceYBySurfaceTypeSetStrictERKN3SRL4Math5Types8Vector3DEPKhjRNS3_3FxpEPll
                0x06012204        0x8 src/main.o
                0x06012204                Game::ITrackCollisionQuery::SampleSurfaceYBySurfaceTypeSetStrict(SRL::Math::Types::Vector3D const&, unsigned char const*, unsigned int, SRL::Math::Types::Fxp&, long*, long) const
 .text._ZNK4Game14CarAudioSystem16FixedVoiceRouter12ResolveVoiceENS_15AudioVoiceGroupE
                0x0601220c       0x18 src/main.o
                0x0601220c                Game::CarAudioSystem::FixedVoiceRouter::ResolveVoice(Game::AudioVoiceGroup) const
 .text._ZN4Game14CarAudioSystem16FixedVoiceRouterD2Ev
                0x06012224        0x4 src/main.o
                0x06012224                Game::CarAudioSystem::FixedVoiceRouter::~FixedVoiceRouter()
                0x06012224                Game::CarAudioSystem::FixedVoiceRouter::~FixedVoiceRouter()
 .text._ZNK4Game18ProjectVoiceRouter12ResolveVoiceENS_15AudioVoiceGroupE
                0x06012228       0x18 src/main.o
                0x06012228                Game::ProjectVoiceRouter::ResolveVoice(Game::AudioVoiceGroup) const
 .text._ZN21SlaveTrackDepthSorterIN16TrackSegmentPoolILj48EN11TrackSystem18SegmentRenderEntryEE6HandleExLj48EE9BuildTaskD2Ev
                0x06012240        0x4 src/main.o
                0x06012240                SlaveTrackDepthSorter<TrackSegmentPool<48u, TrackSystem::SegmentRenderEntry>::Handle, long long, 48u>::BuildTask::~BuildTask()
                0x06012240                SlaveTrackDepthSorter<TrackSegmentPool<48u, TrackSystem::SegmentRenderEntry>::Handle, long long, 48u>::BuildTask::~BuildTask()
 .text._ZN22SlaveTrackDrawProducerIN16TrackSegmentPoolILj48EN11TrackSystem18SegmentRenderEntryEE6HandleELj48EE9BuildTaskD2Ev
                0x06012244        0x4 src/main.o
                0x06012244                SlaveTrackDrawProducer<TrackSegmentPool<48u, TrackSystem::SegmentRenderEntry>::Handle, 48u>::BuildTask::~BuildTask()
                0x06012244                SlaveTrackDrawProducer<TrackSegmentPool<48u, TrackSystem::SegmentRenderEntry>::Handle, 48u>::BuildTask::~BuildTask()
 .text._ZN4Game20CarRenderPrepareTask2DoEv
                0x06012248       0x54 src/main.o
                0x06012248                Game::CarRenderPrepareTask::Do()
 .text._ZN4Game14SimulationTaskD2Ev
                0x0601229c        0x4 src/main.o
                0x0601229c                Game::SimulationTask::~SimulationTask()
                0x0601229c                Game::SimulationTask::~SimulationTask()
 .text._ZN4Game20CarRenderPrepareTaskD2Ev
                0x060122a0        0x4 src/main.o
                0x060122a0                Game::CarRenderPrepareTask::~CarRenderPrepareTask()
                0x060122a0                Game::CarRenderPrepareTask::~CarRenderPrepareTask()
 .text._ZN4Game18ProjectVoiceRouterD2Ev
                0x060122a4        0x4 src/main.o
                0x060122a4                Game::ProjectVoiceRouter::~ProjectVoiceRouter()
                0x060122a4                Game::ProjectVoiceRouter::~ProjectVoiceRouter()
 .text._ZN4Game14CarAudioSystemD2Ev
                0x060122a8        0x4 src/main.o
                0x060122a8                Game::CarAudioSystem::~CarAudioSystem()
                0x060122a8                Game::CarAudioSystem::~CarAudioSystem()
 .text._ZN22SlaveTrackDrawProducerIN16TrackSegmentPoolILj48EN11TrackSystem18SegmentRenderEntryEE6HandleELj48EED2Ev
                0x060122ac        0x4 src/main.o
                0x060122ac                SlaveTrackDrawProducer<TrackSegmentPool<48u, TrackSystem::SegmentRenderEntry>::Handle, 48u>::~SlaveTrackDrawProducer()
                0x060122ac                SlaveTrackDrawProducer<TrackSegmentPool<48u, TrackSystem::SegmentRenderEntry>::Handle, 48u>::~SlaveTrackDrawProducer()
 .text._ZN29TrackCollisionQueryFromSystemD2Ev
                0x060122b0        0x4 src/main.o
                0x060122b0                TrackCollisionQueryFromSystem::~TrackCollisionQueryFromSystem()
                0x060122b0                TrackCollisionQueryFromSystem::~TrackCollisionQueryFromSystem()
 .text._ZN22PocTrackCollisionQueryD2Ev
                0x060122b4        0x4 src/main.o
                0x060122b4                PocTrackCollisionQuery::~PocTrackCollisionQuery()
                0x060122b4                PocTrackCollisionQuery::~PocTrackCollisionQuery()
 .text._ZN4Game16VehiclePhysicsV2D2Ev
                0x060122b8        0x4 src/main.o
                0x060122b8                Game::VehiclePhysicsV2::~VehiclePhysicsV2()
                0x060122b8                Game::VehiclePhysicsV2::~VehiclePhysicsV2()
 .text._ZN4Game16SimpleCarPhysicsD2Ev
                0x060122bc        0x4 src/main.o
                0x060122bc                Game::SimpleCarPhysics::~SimpleCarPhysics()
                0x060122bc                Game::SimpleCarPhysics::~SimpleCarPhysics()
 .text._ZN4Game18SimpleGameplayTickD2Ev
                0x060122c0        0x4 src/main.o
                0x060122c0                Game::SimpleGameplayTick::~SimpleGameplayTick()
                0x060122c0                Game::SimpleGameplayTick::~SimpleGameplayTick()
 .text._ZNK22SlaveTrackDrawProducerIN16TrackSegmentPoolILj48EN11TrackSystem18SegmentRenderEntryEE6HandleELj48EE7ConsumeEv
                0x060122c4       0x24 src/main.o
                0x060122c4                SlaveTrackDrawProducer<TrackSegmentPool<48u, TrackSystem::SegmentRenderEntry>::Handle, 48u>::Consume() const
 .text._ZNK22SlaveTrackDrawProducerIN16TrackSegmentPoolILj48EN11TrackSystem18SegmentRenderEntryEE6HandleELj48EE5StatsEv
                0x060122e8       0x44 src/main.o
                0x060122e8                SlaveTrackDrawProducer<TrackSegmentPool<48u, TrackSystem::SegmentRenderEntry>::Handle, 48u>::Stats() const
 .text._ZN22SlaveTrackDrawProducerIN16TrackSegmentPoolILj48EN11TrackSystem18SegmentRenderEntryEE6HandleELj48EE9BuildTask2DoEv
                0x0601232c       0xa4 src/main.o
                0x0601232c                SlaveTrackDrawProducer<TrackSegmentPool<48u, TrackSystem::SegmentRenderEntry>::Handle, 48u>::BuildTask::Do()
 .text._ZNK3SRL4Math5Types3FxpleERKS2_.isra.0
                0x060123d0        0x8 src/main.o
 .text._ZNK4Game20ITrackCollisionQuery30SampleSurfaceYBySurfaceTypeSetERKN3SRL4Math5Types8Vector3DEPKhjRNS3_3FxpEPll
                0x060123d8       0x2c src/main.o
                0x060123d8                Game::ITrackCollisionQuery::SampleSurfaceYBySurfaceTypeSet(SRL::Math::Types::Vector3D const&, unsigned char const*, unsigned int, SRL::Math::Types::Fxp&, long*, long) const
 .text._ZN3SRL5Slave9SlaveTaskEPv
                0x06012404       0x2c src/main.o
                0x06012404                SRL::Slave::SlaveTask(void*)
 .text._ZN3SRL4Core14VblankHandlingEv
                0x06012430      0x1b4 src/main.o
                0x06012430                SRL::Core::VblankHandling()
 .text._ZN22SlaveTrackDrawProducerIN16TrackSegmentPoolILj48EN11TrackSystem18SegmentRenderEntryEE6HandleELj48EE10BeginFrameEm
                0x060125e4      0x1b4 src/main.o
                0x060125e4                SlaveTrackDrawProducer<TrackSegmentPool<48u, TrackSystem::SegmentRenderEntry>::Handle, 48u>::BeginFrame(unsigned long)
 .text._ZNK4Game20ITrackCollisionQuery25SampleSurfaceYByFamilySetERKN3SRL4Math5Types8Vector3DEPKtjRNS3_3FxpEPll
                0x06012798      0x130 src/main.o
                0x06012798                Game::ITrackCollisionQuery::SampleSurfaceYByFamilySet(SRL::Math::Types::Vector3D const&, unsigned short const*, unsigned int, SRL::Math::Types::Fxp&, long*, long) const
 .text._ZN4Game18SimpleGameplayTick4TickERNS_18GameplayFrameStateEPKNS_20ITrackCollisionQueryE
                0x060128c8      0x19c src/main.o
                0x060128c8                Game::SimpleGameplayTick::Tick(Game::GameplayFrameState&, Game::ITrackCollisionQuery const*)
 .text._ZNK4Game20ITrackCollisionQuery21ResolvePlanarWallPushERKN3SRL4Math5Types8Vector3DES6_NS3_3FxpERS4_Pll
                0x06012a64       0x6c src/main.o
                0x06012a64                Game::ITrackCollisionQuery::ResolvePlanarWallPush(SRL::Math::Types::Vector3D const&, SRL::Math::Types::Vector3D const&, SRL::Math::Types::Fxp, SRL::Math::Types::Vector3D&, long*, long) const
 .text._ZNK4Game20ITrackCollisionQuery40SampleWheelSurfaceBySurfaceTypeSetStrictERKN3SRL4Math5Types8Vector3DEPKhjRNS_14SurfaceContactEls
                0x06012ad0       0xc4 src/main.o
                0x06012ad0                Game::ITrackCollisionQuery::SampleWheelSurfaceBySurfaceTypeSetStrict(SRL::Math::Types::Vector3D const&, unsigned char const*, unsigned int, Game::SurfaceContact&, long, short) const
 .text._ZN4Game14SimulationTask2DoEv
                0x06012b94      0x3f0 src/main.o
                0x06012b94                Game::SimulationTask::Do()
 .text._ZNK29TrackCollisionQueryFromSystem24SampleSurfaceYByFamilyIdERKN3SRL4Math5Types8Vector3DEtRNS2_3FxpEPll
                0x06012f84      0x11c src/main.o
                0x06012f84                TrackCollisionQueryFromSystem::SampleSurfaceYByFamilyId(SRL::Math::Types::Vector3D const&, unsigned short, SRL::Math::Types::Fxp&, long*, long) const
 .text._ZNK29TrackCollisionQueryFromSystem21ResolvePlanarWallPushERKN3SRL4Math5Types8Vector3DES5_NS2_3FxpERS3_Pll
                0x060130a0      0x1a0 src/main.o
                0x060130a0                TrackCollisionQueryFromSystem::ResolvePlanarWallPush(SRL::Math::Types::Vector3D const&, SRL::Math::Types::Vector3D const&, SRL::Math::Types::Fxp, SRL::Math::Types::Vector3D&, long*, long) const
 .text._ZNK29TrackCollisionQueryFromSystem20SampleSurfaceContactERKN3SRL4Math5Types8Vector3DERN4Game14SurfaceContactEl
                0x06013240      0x184 src/main.o
                0x06013240                TrackCollisionQueryFromSystem::SampleSurfaceContact(SRL::Math::Types::Vector3D const&, Game::SurfaceContact&, long) const
 .text._ZNK29TrackCollisionQueryFromSystem30SampleSurfaceYBySurfaceTypeSetERKN3SRL4Math5Types8Vector3DEPKhjRNS2_3FxpEPll
                0x060133c4      0x140 src/main.o
                0x060133c4                TrackCollisionQueryFromSystem::SampleSurfaceYBySurfaceTypeSet(SRL::Math::Types::Vector3D const&, unsigned char const*, unsigned int, SRL::Math::Types::Fxp&, long*, long) const
 .text._ZNK29TrackCollisionQueryFromSystem36SampleSurfaceYBySurfaceTypeSetStrictERKN3SRL4Math5Types8Vector3DEPKhjRNS2_3FxpEPll
                0x06013504      0x140 src/main.o
                0x06013504                TrackCollisionQueryFromSystem::SampleSurfaceYBySurfaceTypeSetStrict(SRL::Math::Types::Vector3D const&, unsigned char const*, unsigned int, SRL::Math::Types::Fxp&, long*, long) const
 .text._ZNK29TrackCollisionQueryFromSystem25SampleSurfaceYByFamilySetERKN3SRL4Math5Types8Vector3DEPKtjRNS2_3FxpEPll
                0x06013644      0x148 src/main.o
                0x06013644                TrackCollisionQueryFromSystem::SampleSurfaceYByFamilySet(SRL::Math::Types::Vector3D const&, unsigned short const*, unsigned int, SRL::Math::Types::Fxp&, long*, long) const
 .text._ZNK29TrackCollisionQueryFromSystem31SampleSurfaceYByFamilySetStrictERKN3SRL4Math5Types8Vector3DEPKtjRNS2_3FxpEPll
                0x0601378c      0x148 src/main.o
                0x0601378c                TrackCollisionQueryFromSystem::SampleSurfaceYByFamilySetStrict(SRL::Math::Types::Vector3D const&, unsigned short const*, unsigned int, SRL::Math::Types::Fxp&, long*, long) const
 .text._ZNK29TrackCollisionQueryFromSystem40SampleWheelSurfaceBySurfaceTypeSetStrictERKN3SRL4Math5Types8Vector3DEPKhjRN4Game14SurfaceContactEls
                0x060138d4      0x190 src/main.o
                0x060138d4                TrackCollisionQueryFromSystem::SampleWheelSurfaceBySurfaceTypeSetStrict(SRL::Math::Types::Vector3D const&, unsigned char const*, unsigned int, Game::SurfaceContact&, long, short) const
 .text._ZNK29TrackCollisionQueryFromSystem6SampleERKN3SRL4Math5Types8Vector3DERS3_Rl
                0x06013a64      0x264 src/main.o
                0x06013a64                TrackCollisionQueryFromSystem::Sample(SRL::Math::Types::Vector3D const&, SRL::Math::Types::Vector3D&, long&) const
 .text._ZN3SRL4Math5Types3Fxp3MaxERKS2_S4_
                0x06013cc8       0x10 src/main.o
                0x06013cc8                SRL::Math::Types::Fxp::Max(SRL::Math::Types::Fxp const&, SRL::Math::Types::Fxp const&)
 .text._ZN3SRL4Math5Types3Fxp3MinERKS2_S4_
                0x06013cd8       0x10 src/main.o
                0x06013cd8                SRL::Math::Types::Fxp::Min(SRL::Math::Types::Fxp const&, SRL::Math::Types::Fxp const&)
 .text._ZNK22PocTrackCollisionQuery6SampleERKN3SRL4Math5Types8Vector3DERS3_Rl
                0x06013ce8      0x3a0 src/main.o
                0x06013ce8                PocTrackCollisionQuery::Sample(SRL::Math::Types::Vector3D const&, SRL::Math::Types::Vector3D&, long&) const
 .text._ZNK22PocTrackCollisionQuery20SampleSurfaceContactERKN3SRL4Math5Types8Vector3DERN4Game14SurfaceContactEl
                0x06014088      0x204 src/main.o
                0x06014088                PocTrackCollisionQuery::SampleSurfaceContact(SRL::Math::Types::Vector3D const&, Game::SurfaceContact&, long) const
 .text._ZNK22PocTrackCollisionQuery24SampleSurfaceYByFamilyIdERKN3SRL4Math5Types8Vector3DEtRNS2_3FxpEPll
                0x0601428c      0x170 src/main.o
                0x0601428c                PocTrackCollisionQuery::SampleSurfaceYByFamilyId(SRL::Math::Types::Vector3D const&, unsigned short, SRL::Math::Types::Fxp&, long*, long) const
 .text._ZN3SRL4Math12Trigonometry5Atan2ERKNS0_5Types3FxpES5_
                0x060143fc      0x160 src/main.o
                0x060143fc                SRL::Math::Trigonometry::Atan2(SRL::Math::Types::Fxp const&, SRL::Math::Types::Fxp const&)
 .text._ZN3SRL6Memory12SimpleMalloc6MallocERKNS0_10MemoryZoneEj
                0x0601455c       0xe4 src/main.o
                0x0601455c                SRL::Memory::SimpleMalloc::Malloc(SRL::Memory::MemoryZone const&, unsigned int)
 .text._ZN22SlaveTrackDrawProducerIN16TrackSegmentPoolILj48EN11TrackSystem18SegmentRenderEntryEE6HandleELj48EE9BuildTaskD0Ev
                0x06014640      0x104 src/main.o
                0x06014640                SlaveTrackDrawProducer<TrackSegmentPool<48u, TrackSystem::SegmentRenderEntry>::Handle, 48u>::BuildTask::~BuildTask()
 .text._ZN21SlaveTrackDepthSorterIN16TrackSegmentPoolILj48EN11TrackSystem18SegmentRenderEntryEE6HandleExLj48EE9BuildTaskD0Ev
                0x06014744      0x104 src/main.o
                0x06014744                SlaveTrackDepthSorter<TrackSegmentPool<48u, TrackSystem::SegmentRenderEntry>::Handle, long long, 48u>::BuildTask::~BuildTask()
 .text._ZN4Game14SimulationTaskD0Ev
                0x06014848      0x104 src/main.o
                0x06014848                Game::SimulationTask::~SimulationTask()
 .text._ZN4Game20CarRenderPrepareTaskD0Ev
                0x0601494c      0x104 src/main.o
                0x0601494c                Game::CarRenderPrepareTask::~CarRenderPrepareTask()
 .text._ZN4Game18ProjectVoiceRouterD0Ev
                0x06014a50      0x104 src/main.o
                0x06014a50                Game::ProjectVoiceRouter::~ProjectVoiceRouter()
 .text._ZN4Game14CarAudioSystem16FixedVoiceRouterD0Ev
                0x06014b54      0x104 src/main.o
                0x06014b54                Game::CarAudioSystem::FixedVoiceRouter::~FixedVoiceRouter()
 .text._ZN4Game16VehiclePhysicsV2D0Ev
                0x06014c58      0x104 src/main.o
                0x06014c58                Game::VehiclePhysicsV2::~VehiclePhysicsV2()
 .text._ZN4Game16SimpleCarPhysicsD0Ev
                0x06014d5c      0x104 src/main.o
                0x06014d5c                Game::SimpleCarPhysics::~SimpleCarPhysics()
 .text._ZN22SlaveTrackDrawProducerIN16TrackSegmentPoolILj48EN11TrackSystem18SegmentRenderEntryEE6HandleELj48EED0Ev
                0x06014e60      0x104 src/main.o
                0x06014e60                SlaveTrackDrawProducer<TrackSegmentPool<48u, TrackSystem::SegmentRenderEntry>::Handle, 48u>::~SlaveTrackDrawProducer()
 .text._ZN22PocTrackCollisionQueryD0Ev
                0x06014f64      0x104 src/main.o
                0x06014f64                PocTrackCollisionQuery::~PocTrackCollisionQuery()
 .text._ZN29TrackCollisionQueryFromSystemD0Ev
                0x06015068      0x104 src/main.o
                0x06015068                TrackCollisionQueryFromSystem::~TrackCollisionQueryFromSystem()
 .text._ZN4Game14CarAudioSystemD0Ev
                0x0601516c      0x104 src/main.o
                0x0601516c                Game::CarAudioSystem::~CarAudioSystem()
 .text._ZN4Game18SimpleGameplayTickD0Ev
                0x06015270      0x104 src/main.o
                0x06015270                Game::SimpleGameplayTick::~SimpleGameplayTick()
 .text._ZN3SRL6Memory15PlacementMallocEjm
                0x06015374      0x148 src/main.o
                0x06015374                SRL::Memory::PlacementMalloc(unsigned int, unsigned long)
 .text._ZN3SRL2Cd4File4ReadElPv
                0x060154bc      0x110 src/main.o
                0x060154bc                SRL::Cd::File::Read(long, void*)
 .text._ZN3SRL2Cd9ChangeDirEPc
                0x060155cc       0x40 src/main.o
                0x060155cc                SRL::Cd::ChangeDir(char*)
 .text._ZN3SRL4CRAM16SetBankUsedStateEtNS0_16TextureColorModeEb
                0x0601560c       0xb8 src/main.o
                0x0601560c                SRL::CRAM::SetBankUsedState(unsigned short, SRL::CRAM::TextureColorMode, bool)
 .text._ZN3SRL4VDP24VRAM8AllocateEmmNS0_8VramBankEh
                0x060156c4       0x68 src/main.o
                0x060156c4                SRL::VDP2::VRAM::Allocate(unsigned long, unsigned long, SRL::VDP2::VramBank, unsigned char)
 .text._ZN3SRL4VDP210InitializeERKNS_5Types9HighColorE
                0x0601572c      0x1a8 src/main.o
                0x0601572c                SRL::VDP2::Initialize(SRL::Types::HighColor const&)
 .text._ZN3SRL5Input3Gun11SynchronizeEv
                0x060158d4      0x1d0 src/main.o
                0x060158d4                SRL::Input::Gun::Synchronize()
 .text._ZN3SRL5Sound8Hardware10InitializeEv
                0x06015aa4      0x578 src/main.o
                0x06015aa4                SRL::Sound::Hardware::Initialize()
 .text._ZN3SRL5Sound3Pcm8IPcmFile11PlayOnVoiceEhha
                0x0601601c      0x11c src/main.o
                0x0601601c                SRL::Sound::Pcm::IPcmFile::PlayOnVoice(unsigned char, unsigned char, signed char)
 .text._ZN3SRL4Core10InitializeERKNS_5Types9HighColorE
                0x06016138      0x1f4 src/main.o
                0x06016138                SRL::Core::Initialize(SRL::Types::HighColor const&)
 .text._ZN3SRL6Bitmap3TGA13DecodePaletteEPhPKNS1_9TgaHeaderEl
                0x0601632c      0x380 src/main.o
                0x0601632c                SRL::Bitmap::TGA::DecodePalette(unsigned char*, SRL::Bitmap::TGA::TgaHeader const*, long)
 .text._ZN11ModelObject19AllocatePaletteBankEN3SRL4CRAM16TextureColorModeE
                0x060166ac      0x218 src/main.o
                0x060166ac                ModelObject::AllocatePaletteBank(SRL::CRAM::TextureColorMode)
 .text._ZN11ModelObject22ReleaseLoadedMeshStateEv
                0x060168c4       0xc4 src/main.o
                0x060168c4                ModelObject::ReleaseLoadedMeshState()
 .text._ZN11ModelObject25RemapLoadedTextureIndicesEjRKSt6vectorIlSaIlEE
                0x06016988      0x21c src/main.o
                0x06016988                ModelObject::RemapLoadedTextureIndices(unsigned int, std::vector<long, std::allocator<long> > const&)
 .text._ZN11ModelObject18LoadFlatMeshStreamERN3SRL2Cd4FileEj
                0x06016ba4      0x7d0 src/main.o
                0x06016ba4                ModelObject::LoadFlatMeshStream(SRL::Cd::File&, unsigned int)
 .text._ZN11ModelObject18LoadFlatMeshBufferEPPcj
                0x06017374      0x7d8 src/main.o
                0x06017374                ModelObject::LoadFlatMeshBuffer(char**, unsigned int)
 .text._ZN11ModelObject20LoadSmoothMeshStreamERN3SRL2Cd4FileEPjj
                0x06017b4c      0x9ac src/main.o
                0x06017b4c                ModelObject::LoadSmoothMeshStream(SRL::Cd::File&, unsigned int*, unsigned int)
 .text._ZN11ModelObject20LoadSmoothMeshBufferEPPcPjj
                0x060184f8      0x8c0 src/main.o
                0x060184f8                ModelObject::LoadSmoothMeshBuffer(char**, unsigned int*, unsigned int)
 .text._ZN11ModelObject12GetFaceCountEv
                0x06018db8       0x84 src/main.o
                0x06018db8                ModelObject::GetFaceCount()
 .text._ZN11ModelObject13ForceSortModeEN3SRL5Types9Attribute8SortModeE
                0x06018e3c       0xf0 src/main.o
                0x06018e3c                ModelObject::ForceSortMode(SRL::Types::Attribute::SortMode)
 .text._ZN11ModelObject22ForceUnlitKeepTexturesEv
                0x06018f2c       0xf4 src/main.o
                0x06018f2c                ModelObject::ForceUnlitKeepTextures()
 .text._ZN11ModelObject30ForceSolidColorPreserveDisplayERKN3SRL5Types9HighColorE
                0x06019020      0x10c src/main.o
                0x06019020                ModelObject::ForceSolidColorPreserveDisplay(SRL::Types::HighColor const&)
 .text._ZN4Game25MemoryBudgetRuntimeBridge19BuildCategoryPolicyEN18MemoryBudgetDomain16ConsumerCategoryE
                0x0601912c       0xf0 src/main.o
                0x0601912c                Game::MemoryBudgetRuntimeBridge::BuildCategoryPolicy(MemoryBudgetDomain::ConsumerCategory)
 .text._ZN4Game14ScspEngineLoop14ParseAndUploadEPhm
                0x0601921c      0x220 src/main.o
                0x0601921c                Game::ScspEngineLoop::ParseAndUpload(unsigned char*, unsigned long)
 .text._ZN4Game14CarAudioSystem13TickGearShiftERKNS_18GameplayFrameStateE
                0x0601943c      0x390 src/main.o
                0x0601943c                Game::CarAudioSystem::TickGearShift(Game::GameplayFrameState const&)
 .text._ZN4Game14CarAudioSystem7OnFrameERKNS_18GameplayFrameStateE
                0x060197cc      0x780 src/main.o
                0x060197cc                Game::CarAudioSystem::OnFrame(Game::GameplayFrameState const&)
 .text._ZN4Game10CarPhysics13DynamicsModel19ComputePostShiftRpmERKNS_18GameplayFrameStateEssaa
                0x06019f4c      0x2dc src/main.o
                0x06019f4c                Game::CarPhysics::DynamicsModel::ComputePostShiftRpm(Game::GameplayFrameState const&, short, short, signed char, signed char)
 .text._ZN4Game10CarPhysics13DynamicsModel20UpdateEngineRpmStateERKNS_18GameplayFrameStateERNS0_13DynamicsStateEsbbRNS1_10ShiftStateE
                0x0601a228      0x5b8 src/main.o
                0x0601a228                Game::CarPhysics::DynamicsModel::UpdateEngineRpmState(Game::GameplayFrameState const&, Game::CarPhysics::DynamicsState&, short, bool, bool, Game::CarPhysics::DynamicsModel::ShiftState&)
 .text._ZN4Game10CarPhysics13DynamicsModel15IntegratePlanarERNS_18GameplayFrameStateERNS0_13DynamicsStateERN3SRL4Math5Types8Vector3DERlRNS0_15FrameStepOutputE
                0x0601a7e0     0x23a0 src/main.o
                0x0601a7e0                Game::CarPhysics::DynamicsModel::IntegratePlanar(Game::GameplayFrameState&, Game::CarPhysics::DynamicsState&, SRL::Math::Types::Vector3D&, long&, Game::CarPhysics::FrameStepOutput&)
 .text._ZN4Game10CarPhysics14GroundFollower21ApplyVerticalAdhesionERNS0_11GroundStateERN3SRL4Math5Types8Vector3DE
                0x0601cb80      0x22c src/main.o
                0x0601cb80                Game::CarPhysics::GroundFollower::ApplyVerticalAdhesion(Game::CarPhysics::GroundState&, SRL::Math::Types::Vector3D&)
 .text._ZN4Game10CarPhysics14GroundFollower5ResetERNS0_11GroundStateE
                0x0601cdac      0x188 src/main.o
                0x0601cdac                Game::CarPhysics::GroundFollower::Reset(Game::CarPhysics::GroundState&)
 .text._ZN4Game10CarPhysics14GroundFollower25ResolveWallPushMultiProbeEPKNS_20ITrackCollisionQueryERKN3SRL4Math5Types8Vector3DERKNS7_3FxpESD_SB_lRS8_Ps
                0x0601cf34      0x400 src/main.o
                0x0601cf34                Game::CarPhysics::GroundFollower::ResolveWallPushMultiProbe(Game::ITrackCollisionQuery const*, SRL::Math::Types::Vector3D const&, SRL::Math::Types::Fxp const&, SRL::Math::Types::Fxp const&, SRL::Math::Types::Fxp, long, SRL::Math::Types::Vector3D&, short*)
 .text._ZZZN4Game10CarPhysics14GroundFollower18ProbeSurfaceTargetEPKNS_20ITrackCollisionQueryERKN3SRL4Math5Types8Vector3DERKNS7_3FxpESD_lbRNS0_11GroundStateERNS_18GameplayFrameStateEENKUlhSD_SD_E_clEhSD_SD_ENKUlSD_SD_lE_clESD_SD_l
                0x0601d334      0x1e8 src/main.o
                0x0601d334                Game::CarPhysics::GroundFollower::ProbeSurfaceTarget(Game::ITrackCollisionQuery const*, SRL::Math::Types::Vector3D const&, SRL::Math::Types::Fxp const&, SRL::Math::Types::Fxp const&, long, bool, Game::CarPhysics::GroundState&, Game::GameplayFrameState&)::{lambda(unsigned char, SRL::Math::Types::Fxp const&, SRL::Math::Types::Fxp const&)#1}::operator()(unsigned char, SRL::Math::Types::Fxp const&, SRL::Math::Types::Fxp const&) const::{lambda(SRL::Math::Types::Fxp const&, SRL::Math::Types::Fxp const&, long)#1}::operator()(SRL::Math::Types::Fxp const&, SRL::Math::Types::Fxp const&, long) const
 .text._ZZN4Game10CarPhysics14GroundFollower18ProbeSurfaceTargetEPKNS_20ITrackCollisionQueryERKN3SRL4Math5Types8Vector3DERKNS7_3FxpESD_lbRNS0_11GroundStateERNS_18GameplayFrameStateEENKUlhSD_SD_E_clEhSD_SD_
                0x0601d51c      0x1e0 src/main.o
                0x0601d51c                Game::CarPhysics::GroundFollower::ProbeSurfaceTarget(Game::ITrackCollisionQuery const*, SRL::Math::Types::Vector3D const&, SRL::Math::Types::Fxp const&, SRL::Math::Types::Fxp const&, long, bool, Game::CarPhysics::GroundState&, Game::GameplayFrameState&)::{lambda(unsigned char, SRL::Math::Types::Fxp const&, SRL::Math::Types::Fxp const&)#1}::operator()(unsigned char, SRL::Math::Types::Fxp const&, SRL::Math::Types::Fxp const&) const
 .text._ZN4Game16VehiclePhysicsV224ApplyLowCostWallResponseERNS_10CarPhysics13DynamicsStateERKNS1_15FrameStepOutputERKNS1_11GroundStateERKN3SRL4Math5Types8Vector3DERSD_
                0x0601d6fc      0x4b4 src/main.o
                0x0601d6fc                Game::VehiclePhysicsV2::ApplyLowCostWallResponse(Game::CarPhysics::DynamicsState&, Game::CarPhysics::FrameStepOutput const&, Game::CarPhysics::GroundState const&, SRL::Math::Types::Vector3D const&, SRL::Math::Types::Vector3D&)
 .text._ZN4Game16VehiclePhysicsV28StepOnceERNS_18GameplayFrameStateEPKNS_20ITrackCollisionQueryERN3SRL4Math5Types8Vector3DERl
                0x0601dbb0     0x3f34 src/main.o
                0x0601dbb0                Game::VehiclePhysicsV2::StepOnce(Game::GameplayFrameState&, Game::ITrackCollisionQuery const*, SRL::Math::Types::Vector3D&, long&)
 .text._ZN4Game16VehiclePhysicsV24StepERNS_18GameplayFrameStateEPKNS_20ITrackCollisionQueryERN3SRL4Math5Types8Vector3DERl
                0x06021ae4      0x1bc src/main.o
                0x06021ae4                Game::VehiclePhysicsV2::Step(Game::GameplayFrameState&, Game::ITrackCollisionQuery const*, SRL::Math::Types::Vector3D&, long&)
 .text._ZN4Game16SimpleCarPhysics4StepERNS_18GameplayFrameStateEPKNS_20ITrackCollisionQueryERN3SRL4Math5Types8Vector3DERl
                0x06021ca0      0x1c8 src/main.o
                0x06021ca0                Game::SimpleCarPhysics::Step(Game::GameplayFrameState&, Game::ITrackCollisionQuery const*, SRL::Math::Types::Vector3D&, long&)
 .text._ZN13TrackRenderer5ResetEv
                0x06021e68      0x2d4 src/main.o
                0x06021e68                TrackRenderer::Reset()
 .text._ZN17SkyBackgroundDome6UpdateElll
                0x0602213c      0x170 src/main.o
                0x0602213c                SkyBackgroundDome::Update(long, long, long)
 .text._ZN7PathNya26TryParseWithDescriptorBaseEPKhjbmjRSt5arrayISt6vectorINS_8PointRawESaIS4_EELj3EERj
                0x060222ac      0x38c src/main.o
                0x060222ac                PathNya::TryParseWithDescriptorBase(unsigned char const*, unsigned int, bool, unsigned long, unsigned int, std::array<std::vector<PathNya::PointRaw, std::allocator<PathNya::PointRaw> >, 3u>&, unsigned int&)
 .text._ZN7PathNya5ParseEPKhjRNS_11ParseResultE
                0x06022638      0x318 src/main.o
                0x06022638                PathNya::Parse(unsigned char const*, unsigned int, PathNya::ParseResult&)
 .text._ZN18AutoLapRouteDomain26PopulateRouteFromGuideLineER17AutoLapRouteStateR11TrackSystemRKN3SRL4Math5Types8Vector3DERKSt6vectorIS7_18TrackZoneAllocatorIS7_LNS4_6Memory4ZoneE1EEE
                0x06022950      0x584 src/main.o
                0x06022950                AutoLapRouteDomain::PopulateRouteFromGuideLine(AutoLapRouteState&, TrackSystem&, SRL::Math::Types::Vector3D const&, std::vector<SRL::Math::Types::Vector3D, TrackZoneAllocator<SRL::Math::Types::Vector3D, (SRL::Memory::Zone)1> > const&)
 .text._ZN18AutoLapRouteDomain21ResolveRouteGroundYAtERK17AutoLapRouteStateR11TrackSystemRKN3SRL4Math5Types8Vector3DEjRKNS7_3FxpE
                0x06022ed4      0x11c src/main.o
                0x06022ed4                AutoLapRouteDomain::ResolveRouteGroundYAt(AutoLapRouteState const&, TrackSystem&, SRL::Math::Types::Vector3D const&, unsigned int, SRL::Math::Types::Fxp const&)
 .text._ZN18AutoLapRouteDomain17SimplifyGuideLineERKSt6vectorIN3SRL4Math5Types8Vector3DE18TrackZoneAllocatorIS4_LNS1_6Memory4ZoneE1EEEj
                0x06022ff0      0x9ec src/main.o
                0x06022ff0                AutoLapRouteDomain::SimplifyGuideLine(std::vector<SRL::Math::Types::Vector3D, TrackZoneAllocator<SRL::Math::Types::Vector3D, (SRL::Memory::Zone)1> > const&, unsigned int)
 .text._ZN18AutoLapRouteDomain20CopyParsedGuideLinesER17AutoLapRouteStateRKN7PathNya11ParseResultE
                0x060239dc      0x25c src/main.o
                0x060239dc                AutoLapRouteDomain::CopyParsedGuideLines(AutoLapRouteState&, PathNya::ParseResult const&)
 .text._ZN15GameLoopRuntime25PrintSegmentWindowOverlayERKNS_22SegmentOverlaySnapshotE
                0x06023c38      0x4a4 src/main.o
                0x06023c38                GameLoopRuntime::PrintSegmentWindowOverlay(GameLoopRuntime::SegmentOverlaySnapshot const&)
 .text._ZN15GameLoopRuntime25PresentGroundProbeOverlayERKNS_26OverlayDiagnosticsSnapshotE
                0x060240dc      0x384 src/main.o
                0x060240dc                GameLoopRuntime::PresentGroundProbeOverlay(GameLoopRuntime::OverlayDiagnosticsSnapshot const&)
 .text._ZN21GameLoopOverlayDomain27BuildSegmentOverlaySnapshotERKNS_29SegmentSnapshotAssemblyInputsERN15GameLoopRuntime22SegmentOverlaySnapshotE
                0x06024460      0x2fc src/main.o
                0x06024460                GameLoopOverlayDomain::BuildSegmentOverlaySnapshot(GameLoopOverlayDomain::SegmentSnapshotAssemblyInputs const&, GameLoopRuntime::SegmentOverlaySnapshot&)
 .text._ZN27GameLoopObservabilityDomain29BuildReuseObservabilityPacketERKNS_32ReuseObservabilityAssemblyInputsE
                0x0602475c      0x2e0 src/main.o
                0x0602475c                GameLoopObservabilityDomain::BuildReuseObservabilityPacket(GameLoopObservabilityDomain::ReuseObservabilityAssemblyInputs const&)
 .text._ZN27GameLoopObservabilityDomain44TryPresentTrackReuseObservabilityDebugBundleERKN15GameLoopRuntime22TrackReuseRuntimeStateEb.isra.0
                0x06024a3c      0x5f8 src/main.o
 .text._ZN14GameLoopSystem28TryDispatchSimulationOnSlaveERKN4Game18GameplayFrameStateE
                0x06025034      0x430 src/main.o
                0x06025034                GameLoopSystem::TryDispatchSimulationOnSlave(Game::GameplayFrameState const&)
 .text._ZN14GameLoopSystem25ResolveCameraSurfaceGuardERKN3SRL4Math5Types8Vector3DE
                0x06025464      0x2f8 src/main.o
                0x06025464                GameLoopSystem::ResolveCameraSurfaceGuard(SRL::Math::Types::Vector3D const&)
 .text._ZN14GameLoopSystem23ResolveCameraFrameStateEv
                0x0602575c      0x36c src/main.o
                0x0602575c                GameLoopSystem::ResolveCameraFrameState()
 .text._ZN14GameLoopSystem9RenderCarERKN15GameLoopRuntime16CameraFrameStateE
                0x06025ac8      0x5e4 src/main.o
                0x06025ac8                GameLoopSystem::RenderCar(GameLoopRuntime::CameraFrameState const&)
 .text._ZN14GameLoopSystem10RenderAxesEv
                0x060260ac      0x2e8 src/main.o
                0x060260ac                GameLoopSystem::RenderAxes()
 .text._ZN14GameLoopSystem30PrintSegmentOverlapDiagnosticsEmmRKN15GameLoopRuntime30TrackRenderTelemetryViewPacketE
                0x06026394      0x9b0 src/main.o
                0x06026394                GameLoopSystem::PrintSegmentOverlapDiagnostics(unsigned long, unsigned long, GameLoopRuntime::TrackRenderTelemetryViewPacket const&)
 .text._ZN14GameLoopSystem24UpdateRealtimeFpsOverlayEv
                0x06026d44      0x334 src/main.o
                0x06026d44                GameLoopSystem::UpdateRealtimeFpsOverlay()
 .text._ZN14GameLoopSystem22UpdateFrameEndOverlaysEv
                0x06027078      0x1a4 src/main.o
                0x06027078                GameLoopSystem::UpdateFrameEndOverlays()
 .text._ZN14GameLoopSystem26RebuildAutoLapRouteYawDataEv
                0x0602721c      0x4bc src/main.o
                0x0602721c                GameLoopSystem::RebuildAutoLapRouteYawData()
 .text._ZN14GameLoopSystem30InitializeAutoLapRouteIfNeededERKNS_7ContextERN3SRL4Math5Types8Vector3DERlRKNS5_3FxpEl
                0x060276d8      0x35c src/main.o
                0x060276d8                GameLoopSystem::InitializeAutoLapRouteIfNeeded(GameLoopSystem::Context const&, SRL::Math::Types::Vector3D&, long&, SRL::Math::Types::Fxp const&, long)
 .text._ZN11CarPipelineD2Ev
                0x06027a34      0x180 src/main.o
                0x06027a34                CarPipeline::~CarPipeline()
                0x06027a34                CarPipeline::~CarPipeline()
 .text._ZN11TrackSystem18SegmentRenderEntryD2Ev
                0x06027bb4      0x190 src/main.o
                0x06027bb4                TrackSystem::SegmentRenderEntry::~SegmentRenderEntry()
                0x06027bb4                TrackSystem::SegmentRenderEntry::~SegmentRenderEntry()
 .text._ZN11TrackSystemD2Ev
                0x06027d44      0x56c src/main.o
                0x06027d44                TrackSystem::~TrackSystem()
                0x06027d44                TrackSystem::~TrackSystem()
 .text._ZN3SRL5Debug12AssertScreenIJEEEvPKcS3_S3_DpT_
                0x060282b0      0x618 src/main.o
                0x060282b0                void SRL::Debug::AssertScreen<>(char const*, char const*, char const*)
 .text._ZN3SRL4VDP24VRAM16AutoAllocateCellERNS_7Tilemap11TilemapInfoEt
                0x060288c8      0x1fc src/main.o
                0x060288c8                SRL::VDP2::VRAM::AutoAllocateCell(SRL::Tilemap::TilemapInfo&, unsigned short)
 .text._ZN3SRL7Tilemap10Interfaces8Bmp2Tile13ConvertBitmapERNS0_11TilemapInfoERNS_6Bitmap7IBitmapEib.isra.0
                0x06028ac4      0x3f4 src/main.o
 .text._ZN3SRL5Debug12AssertScreenIJlEEEvPKcS3_S3_DpT_
                0x06028eb8      0x6ec src/main.o
                0x06028eb8                void SRL::Debug::AssertScreen<long>(char const*, char const*, char const*, long)
 .text._ZN3SRL7Tilemap10Interfaces8Bmp2TileC2ERNS_6Bitmap7IBitmapEhNS_6Memory4ZoneE
                0x060295a4      0x2f4 src/main.o
                0x060295a4                SRL::Tilemap::Interfaces::Bmp2Tile::Bmp2Tile(SRL::Bitmap::IBitmap&, unsigned char, SRL::Memory::Zone)
                0x060295a4                SRL::Tilemap::Interfaces::Bmp2Tile::Bmp2Tile(SRL::Bitmap::IBitmap&, unsigned char, SRL::Memory::Zone)
 .text._ZN3SRL5Debug12AssertScreenIJmEEEvPKcS3_S3_DpT_
                0x06029898      0x6ec src/main.o
                0x06029898                void SRL::Debug::AssertScreen<unsigned long>(char const*, char const*, char const*, unsigned long)
 .text._ZN3SRL5Sound3Pcm9WaveSound11LoadPcmDataEPhmbb
                0x06029f84      0x34c src/main.o
                0x06029f84                SRL::Sound::Pcm::WaveSound::LoadPcmData(unsigned char*, unsigned long, bool, bool)
 .text._ZN3SRL5Debug12AssertScreenIJllEEEvPKcS3_S3_DpT_
                0x0602a2d0      0x6fc src/main.o
                0x0602a2d0                void SRL::Debug::AssertScreen<long, long>(char const*, char const*, char const*, long, long)
 .text._ZN3SRL5Sound3Pcm9WaveSoundC2EPNS_2Cd4FileE
                0x0602a9cc      0x348 src/main.o
                0x0602a9cc                SRL::Sound::Pcm::WaveSound::WaveSound(SRL::Cd::File*)
                0x0602a9cc                SRL::Sound::Pcm::WaveSound::WaveSound(SRL::Cd::File*)
 .text._ZN4Game14CarAudioSystem10InitializeEv
                0x0602ad14      0x9a8 src/main.o
                0x0602ad14                Game::CarAudioSystem::Initialize()
 .text._ZN3SRL5Debug12AssertScreenIJaEEEvPKcS3_S3_DpT_
                0x0602b6bc      0x6f0 src/main.o
                0x0602b6bc                void SRL::Debug::AssertScreen<signed char>(char const*, char const*, char const*, signed char)
 .text._ZN3SRL6Bitmap3TGA8LoadDataEPNS_2Cd4FileEPNS1_14LoaderSettingsE
                0x0602bdac      0xfe0 src/main.o
                0x0602bdac                SRL::Bitmap::TGA::LoadData(SRL::Cd::File*, SRL::Bitmap::TGA::LoaderSettings*)
 .text._ZN3SRL5Debug5PrintIJllEEEvhhPKcDpT_
                0x0602cd8c      0x170 src/main.o
                0x0602cd8c                void SRL::Debug::Print<long, long>(unsigned char, unsigned char, char const*, long, long)
 .text._ZNSt6vectorIhSaIhEE6resizeEj
                0x0602cefc      0x108 src/main.o
                0x0602cefc                std::vector<unsigned char, std::allocator<unsigned char> >::resize(unsigned int)
 .text._ZN14GameLoopSystem21LoadAutoLapGuideLinesEv
                0x0602d004      0x358 src/main.o
                0x0602d004                GameLoopSystem::LoadAutoLapGuideLines()
 .text._ZN14GameLoopSystem17BuildAutoLapRouteERKNS_7ContextERKN3SRL4Math5Types8Vector3DE
                0x0602d35c      0x794 src/main.o
                0x0602d35c                GameLoopSystem::BuildAutoLapRoute(GameLoopSystem::Context const&, SRL::Math::Types::Vector3D const&)
 .text._ZN14GameLoopSystem18UpdateAutoLapRouteERKNS_7ContextERN3SRL4Math5Types8Vector3DERl
                0x0602daf0      0x908 src/main.o
                0x0602daf0                GameLoopSystem::UpdateAutoLapRoute(GameLoopSystem::Context const&, SRL::Math::Types::Vector3D&, long&)
 .text._ZNSt6vectorIN3SRL5Types9HighColorESaIS2_EE6resizeEj
                0x0602e3f8      0x12c src/main.o
                0x0602e3f8                std::vector<SRL::Types::HighColor, std::allocator<SRL::Types::HighColor> >::resize(unsigned int)
 .text._ZN11ModelObject11ParseBufferEPKcjj
                0x0602e524     0x1074 src/main.o
                0x0602e524                ModelObject::ParseBuffer(char const*, unsigned int, unsigned int)
 .text._ZN11ModelObject10LoadBufferEPKcj
                0x0602f598      0x330 src/main.o
                0x0602f598                ModelObject::LoadBuffer(char const*, unsigned int)
 .text._ZN11ModelObject13LoadStreamingEPKcj
                0x0602f8c8     0x1554 src/main.o
                0x0602f8c8                ModelObject::LoadStreaming(char const*, unsigned int)
 .text._ZN11ModelObjectC2EPKcjbjbbb
                0x06030e1c      0x2b4 src/main.o
                0x06030e1c                ModelObject::ModelObject(char const*, unsigned int, bool, unsigned int, bool, bool, bool)
                0x06030e1c                ModelObject::ModelObject(char const*, unsigned int, bool, unsigned int, bool, bool, bool)
 .text._ZZ13LoadCarToCartPKPKcjbjENKUlS0_E_clES0_
                0x060310d0      0x844 src/main.o
                0x060310d0                LoadCarToCart(char const* const*, unsigned int, bool, unsigned int)::{lambda(char const*)#1}::operator()(char const*) const
 .text._Z13LoadCarToCartPKPKcjbj
                0x06031914      0xae8 src/main.o
                0x06031914                LoadCarToCart(char const* const*, unsigned int, bool, unsigned int)
 .text._ZN3SRL5Debug5PrintIJjjEEEvhhPKcDpT_
                0x060323fc      0x170 src/main.o
                0x060323fc                void SRL::Debug::Print<unsigned int, unsigned int>(unsigned char, unsigned char, char const*, unsigned int, unsigned int)
 .text._ZN9HudSystem25PresentPeriodicFrameStatsEmmbbbmmmm
                0x0603256c      0x5dc src/main.o
                0x0603256c                HudSystem::PresentPeriodicFrameStats(unsigned long, unsigned long, bool, bool, bool, unsigned long, unsigned long, unsigned long, unsigned long)
 .text._ZN3SRL5Debug5PrintIJjjjjEEEvhhPKcDpT_
                0x06032b48      0x180 src/main.o
                0x06032b48                void SRL::Debug::Print<unsigned int, unsigned int, unsigned int, unsigned int>(unsigned char, unsigned char, char const*, unsigned int, unsigned int, unsigned int, unsigned int)
 .text._ZN14GameLoopSystem11FinishFrameEv
                0x06032cc8      0x5e4 src/main.o
                0x06032cc8                GameLoopSystem::FinishFrame()
 .text._ZN3SRL4VDP212ScrollScreenINS0_4RBG0ELs5ELt16EE11LoadTilemapERNS_7Tilemap8ITilemapE
                0x060332ac      0x510 src/main.o
                0x060332ac                SRL::VDP2::ScrollScreen<SRL::VDP2::RBG0, (short)5, (unsigned short)16>::LoadTilemap(SRL::Tilemap::ITilemap&)
 .text._ZN3SRL5Debug5PrintIJjEEEvhhPKcDpT_
                0x060337bc      0x164 src/main.o
                0x060337bc                void SRL::Debug::Print<unsigned int>(unsigned char, unsigned char, char const*, unsigned int)
 .text._ZN14GameLoopSystem14PollFrameInputEv
                0x06033920      0x48c src/main.o
                0x06033920                GameLoopSystem::PollFrameInput()
 .text._ZN3SRL4VDP212ScrollScreenINS0_4NBG0ELs1ELt1EE12SetMapLayoutEhhhh
                0x06033dac      0x210 src/main.o
                0x06033dac                SRL::VDP2::ScrollScreen<SRL::VDP2::NBG0, (short)1, (unsigned short)1>::SetMapLayout(unsigned char, unsigned char, unsigned char, unsigned char)
 .text._ZN3SRL4VDP212ScrollScreenINS0_4NBG0ELs1ELt1EE11LoadTilemapERNS_7Tilemap8ITilemapE
                0x06033fbc      0x600 src/main.o
                0x06033fbc                SRL::VDP2::ScrollScreen<SRL::VDP2::NBG0, (short)1, (unsigned short)1>::LoadTilemap(SRL::Tilemap::ITilemap&)
 .text._ZN11SkyPanorama4LoadEPKPKcj
                0x060345bc      0x910 src/main.o
                0x060345bc                SkyPanorama::Load(char const* const*, unsigned int)
 .text._ZN14SkyEnvironment4LoadEPKPKcj
                0x06034ecc      0x298 src/main.o
                0x06034ecc                SkyEnvironment::Load(char const* const*, unsigned int)
 .text.startup  0x06035164      0x1a8 src/main.o
                0x06035164                main
 .text._ZN22SlaveTrackDrawProducerIN16TrackSegmentPoolILj48EN11TrackSystem18SegmentRenderEntryEE6HandleELj48EE14BuildFromRangeEPKS4_jj
                0x0603530c      0x324 src/main.o
                0x0603530c                SlaveTrackDrawProducer<TrackSegmentPool<48u, TrackSystem::SegmentRenderEntry>::Handle, 48u>::BuildFromRange(TrackSegmentPool<48u, TrackSystem::SegmentRenderEntry>::Handle const*, unsigned int, unsigned int)
 .text._ZN22SlaveTrackDrawProducerIN16TrackSegmentPoolILj48EN11TrackSystem18SegmentRenderEntryEE6HandleELj48EE5BuildERKSt6vectorIS4_SaIS4_EEj
                0x06035630       0x18 src/main.o
                0x06035630                SlaveTrackDrawProducer<TrackSegmentPool<48u, TrackSystem::SegmentRenderEntry>::Handle, 48u>::Build(std::vector<TrackSegmentPool<48u, TrackSystem::SegmentRenderEntry>::Handle, std::allocator<TrackSegmentPool<48u, TrackSystem::SegmentRenderEntry>::Handle> > const&, unsigned int)
 .text._ZN21SlaveTrackDepthSorterIN16TrackSegmentPoolILj48EN11TrackSystem18SegmentRenderEntryEE6HandleExLj48EE8ApplyJobERKNS5_12BuildJobDataER13TrackDrawListIS4_Lj48EE
                0x06035648      0x138 src/main.o
                0x06035648                SlaveTrackDepthSorter<TrackSegmentPool<48u, TrackSystem::SegmentRenderEntry>::Handle, long long, 48u>::ApplyJob(SlaveTrackDepthSorter<TrackSegmentPool<48u, TrackSystem::SegmentRenderEntry>::Handle, long long, 48u>::BuildJobData const&, TrackDrawList<TrackSegmentPool<48u, TrackSystem::SegmentRenderEntry>::Handle, 48u>&)
 .text._ZN21SlaveTrackDepthSorterIN16TrackSegmentPoolILj48EN11TrackSystem18SegmentRenderEntryEE6HandleExLj48EE9BuildTask2DoEv
                0x06035780       0x68 src/main.o
                0x06035780                SlaveTrackDepthSorter<TrackSegmentPool<48u, TrackSystem::SegmentRenderEntry>::Handle, long long, 48u>::BuildTask::Do()
 .text.exit     0x060357e8       0x54 src/main.o
 .text          0x0603583c     0x1a3c src/mesh_renderer.o
                0x06035874                MeshRenderer::SetSkipMesh(unsigned int)
                0x0603587c                MeshRenderer::SetScale(SRL::Math::Types::Fxp const&)
                0x06035884                MeshRenderer::SetOffset(SRL::Math::Types::Vector3D const&)
                0x0603589c                MeshRenderer::SetLightDirection(SRL::Math::Types::Vector3D const&)
                0x060358ac                MeshRenderer::SetBodyAttitude(SRL::Math::Types::Angle const&, SRL::Math::Types::Angle const&)
                0x060358b8                MeshRenderer::ClearMeshLocalTransforms()
                0x06035b20                MeshRenderer::SetMeshLocalTransform(unsigned int, MeshRenderer::LocalTransform const&)
                0x06035e18                MeshRenderer::DrawMesh(unsigned int)
                0x06035f54                MeshRenderer::Render(SRL::Math::Types::Vector3D const&, SRL::Math::Types::Angle const&, bool)
                0x060364e0                MeshRenderer::ApplyTransform(SRL::Math::Types::Vector3D const&, SRL::Math::Types::Angle const&)
                0x060365bc                MeshRenderer::ComputeMeshCenters()
                0x06036e58                MeshRenderer::MeshRenderer(ModelObject&, bool, MeshRenderer::Config const&)
                0x06036e58                MeshRenderer::MeshRenderer(ModelObject&, bool, MeshRenderer::Config const&)
 .text.startup  0x06037278      0x198 src/mesh_renderer.o
 .text.exit     0x06037410       0x54 src/mesh_renderer.o
 .text          0x06037464       0x60 src/track_pipeline_stages.o
                0x06037464                TrackPipeline::TrackMaintenanceStage::RunInitial(TrackSystem&)
                0x06037470                TrackPipeline::TrackMaintenanceStage::RunPostSlide(TrackSystem&, bool)
                0x0603747c                TrackPipeline::TrackMaintenanceStage::RunLegacy(TrackSystem&, bool)
                0x06037488                TrackPipeline::TrackWindowStage::Run(TrackSystem&, SRL::Math::Types::Vector3D const&, SRL::Math::Types::Vector3D const&)
                0x06037494                TrackPipeline::TrackPrefetchStage::RunCompaction(TrackSystem&, bool)
                0x060374a0                TrackPipeline::TrackPrefetchStage::RunPrefetch(TrackSystem&, bool)
                0x060374ac                TrackPipeline::TrackLodStage::RunRecovery(TrackSystem&, bool)
                0x060374b8                TrackPipeline::TrackWorkingSetStage::Run(TrackSystem&)
 .text.startup  0x060374c4      0x198 src/track_pipeline_stages.o
 .text.exit     0x0603765c       0x54 src/track_pipeline_stages.o
 .text          0x060376b0    0x34088 src/track_system.o
                0x06042ca8                TrackSystem::ComputeRendererCenter(TrackRenderer const&)
                0x06042dc0                TrackSystem::ReleaseRawSegmentCatalog()
                0x06042f14                TrackSystem::ReleaseSeg1Texbanks()
                0x06043084                TrackSystem::ReleaseSeg1TgaCatalog()
                0x060431ec                TrackSystem::BuildSeg1TexbankCandidatePaths(int, std::array<std::array<char, 40u>, 16u>&, char const**, unsigned int&)
                0x06043380                TrackSystem::LoadSeg1TexbankIndexToCart(unsigned int, int)
                0x06043bb0                TrackSystem::FindRawSegmentCopyById(int) const
                0x06043be8                TrackSystem::FindExistingPath(char const* const*, unsigned int)
                0x06043ec0                TrackSystem::ResolveSegmentPath(unsigned int)
                0x06043f48                TrackSystem::BuildSegmentHandleTable()
                0x060441d8                TrackSystem::InitializeFamilySlots(std::vector<TrackSystem::Seg1FamilySlotEntry, TrackZoneAllocator<TrackSystem::Seg1FamilySlotEntry, (SRL::Memory::Zone)1> >&, int const*, unsigned int) const
                0x06044414                TrackSystem::InitializeFamilySlots(std::vector<TrackSystem::Seg1FamilySlotEntry, TrackZoneAllocator<TrackSystem::Seg1FamilySlotEntry, (SRL::Memory::Zone)1> >&, std::vector<unsigned short, TrackZoneAllocator<unsigned short, (SRL::Memory::Zone)1> > const&) const
                0x06044650                TrackSystem::InvalidateFamilySlotIndex() const
                0x06044664                TrackSystem::FindTexbankEntryByFamily(TrackSystem::Seg1TexbankCart const&, unsigned short) const
                0x060446a4                TrackSystem::BuildTrackFamilyLodSlots(std::vector<TrackSystem::Seg1FamilySlotEntry, TrackZoneAllocator<TrackSystem::Seg1FamilySlotEntry, (SRL::Memory::Zone)1> >&)
                0x0604494c                TrackSystem::InvalidateEntryWorkingSetCache(TrackSystem::SegmentRenderEntry&)
                0x06044958                TrackSystem::RebuildUsedTextureSlotFlagsFromWorkingRefs()
                0x06044a64                TrackSystem::GetStrictPendingLodPriority(unsigned int) const
                0x06044aa4                TrackSystem::GetTextureUploadBudgetPerFrame() const
                0x06044aa8                TrackSystem::ResolveSegmentLodIndexByRank(unsigned int) const
                0x06044abc                TrackSystem::TryGetWindowLogicalRank(long, unsigned int&) const
                0x06044b68                TrackSystem::InvalidateActiveWindowLookupTables()
                0x06044b7c                TrackSystem::LogicalToPhysicalWindowIndex(unsigned int, unsigned int) const
                0x06044bbc                TrackSystem::ResolveWindowOutgoingSegmentId(signed char, unsigned int) const
                0x06044c08                TrackSystem::ResolveWindowIncomingSegmentId(signed char, unsigned int) const
                0x06044c74                TrackSystem::TryResolveWindowEntryIndexBySegmentId(long, unsigned int&)
                0x06044ddc                TrackSystem::TryResolveWindowEntryIndexBySegmentId(long, unsigned int&) const
                0x06044de8                TrackSystem::ResolveWindowDropIndexByDirection(signed char, unsigned int, unsigned int&)
                0x06044e08                TrackSystem::ResolveWindowHeadByStartId(unsigned int)
                0x06044e98                TrackSystem::AdvanceWindowHeadByDirection(signed char, unsigned int)
                0x06044f10                TrackSystem::RebuildActiveWindowLookupTables()
                0x06044f30                TrackSystem::FindWindowEntryByIdFast(long)
                0x06044f6c                TrackSystem::FindWindowEntryByIdFast(long) const
                0x06044fa8                TrackSystem::EnsureWallSegmentCache(TrackSystem::SegmentRenderEntry&) const
                0x06047000                TrackSystem::HasPendingStabilizedWindowLodChanges() const
                0x06047014                TrackSystem::ResetPendingStabilizedLodRanks()
                0x06047168                TrackSystem::UpdateDesiredStabilizedWindowLodTargets()
                0x06047190                TrackSystem::QueuePendingStabilizedLodRank(unsigned int)
                0x060471b8                TrackSystem::SeedPendingStabilizedLodRanksForWindow()
                0x06047398                TrackSystem::ResetSlideBackBuffer()
                0x060474f0                TrackSystem::DemobilizeSegmentSlotMetadata(TrackSystem::SegmentRenderEntry&)
                0x060475ec                TrackSystem::ApplyActiveRendererCapacityFloor(TrackRenderer&)
                0x06047838                TrackSystem::CaptureTrackTextureHeapBase()
                0x0604785c                TrackSystem::RebaseTrackTextureHeapBase()
                0x06047880                TrackSystem::ShouldRecycleTrackTextureHeap() const
                0x06047884                TrackSystem::ShouldCompactTrackTextureHeapInStabilization() const
                0x06047aa0                TrackSystem::RecycleTrackTextureHeap()
                0x06047d20                TrackSystem::EstimateWorkRamRetainedBytes() const
                0x06047dc8                TrackSystem::EstimateLowWorkRamRetainedBytes() const
                0x060484dc                TrackSystem::CaptureLowWorkBreakdown() const
                0x06048b98                TrackSystem::AllocateWorkRamEmergencyReserve()
                0x06048bf0                TrackSystem::ReleaseWorkRamEmergencyReserve()
                0x06048c38                TrackSystem::ReacquireWorkRamEmergencyReserve()
                0x06048c90                TrackSystem::ClassifyMemoryPressure(unsigned int, bool) const
                0x06048cb4                TrackSystem::ReleaseTrackFamilyResourcesImmediate(TrackSystem::MemoryPressureLevel)
                0x06048dd4                TrackSystem::EmitWorkRamLivePointersTelemetry()
                0x06048dec                TrackSystem::PrewarmUpcomingBoundaryLods()
                0x06048df0                TrackSystem::ReleaseUnusedFamilyResourcesEndFrame()
                0x06048e0c                TrackSystem::EmitFamilyWorkingSetTelemetry() const
                0x06048e10                TrackSystem::ResolveCameraWindowDirection(SRL::Math::Types::Vector3D const&, SRL::Math::Types::Vector3D const&, SRL::Math::Types::Vector3D const&) const
                0x06049098                TrackSystem::UpdateCameraDrivenWindowDirection(SRL::Math::Types::Vector3D const&, SRL::Math::Types::Vector3D const&, SRL::Math::Types::Vector3D const&)
                0x0604920c                TrackSystem::UpdateActiveSegmentWindowForPosition(SRL::Math::Types::Vector3D const&, SRL::Math::Types::Vector3D const&)
                0x06049b1c                TrackSystem::ResolveInitialLoadLimit(TrackSystem::Config const&) const
                0x06049b20                TrackSystem::ApplyTrackSlaveMode()
                0x06049b74                TrackSystem::SetTrackSlaveMode(bool)
                0x06049bc8                TrackSystem::ConfigureCoordinatorAndBudget(TrackSystem::Config const&)
                0x06049eb8                TrackSystem::LogInitialSegmentDiagnostics() const
                0x0604a060                TrackSystem::TickRuntimeFrameCooldowns()
                0x0604a0ac                TrackSystem::ShouldRunPostSlideMaintenance(bool) const
                0x0604a148                TrackSystem::SetObservedCarSegmentId(long)
                0x0604a3e0                TrackSystem::BuildVisibleSegmentOrder(SRL::Math::Types::Vector3D const&, SRL::Math::Types::Vector3D const&)
                0x0604b34c                TrackSystem::RunSeg1DiagnosticsForFrame()
                0x0604b350                TrackSystem::RunWindowStage(SRL::Math::Types::Vector3D const&, SRL::Math::Types::Vector3D const&)
                0x0604b3a0                TrackSystem::RunTextureCompactionStage(bool)
                0x0604b3a4                TrackSystem::UpdatePrefetchSpeedProxy(SRL::Math::Types::Vector3D const&)
                0x0604b4a4                TrackSystem::RunLegacyMaintenanceStage(bool)
                0x0604b4a8                TrackSystem::ResetFramePlan(TrackSystem::TrackFramePlan&) const
                0x0604b508                TrackSystem::ApplyFramePlanLodTargets(TrackSystem::TrackFramePlan const&)
                0x0604b51c                TrackSystem::PromoteLastValidFramePlanForCurrentFrame(bool)
                0x0604b6b8                TrackSystem::BuildOrderedHandlesStage(SRL::Math::Types::Vector3D const&, SRL::Math::Types::Vector3D const&, std::vector<TrackSegmentPool<48u, TrackSystem::SegmentRenderEntry>::Handle, std::allocator<TrackSegmentPool<48u, TrackSystem::SegmentRenderEntry>::Handle> >&)
                0x0604b6c8                TrackSystem::ShouldRunFramePlanThisFrame(bool)
                0x0604b740                TrackSystem::FinalizeDrawStage(unsigned short, std::array<unsigned char, 49u> const&, std::array<unsigned char, 49u> const*)
                0x0604b8b0                TrackSystem::PresentVdp1FpsTelemetry()
                0x0604b8cc                TrackSystem::PresentPerFrameDebugOverlay()
                0x0604b8d0                TrackSystem::PresentCoordinatorTelemetryAndSoak()
                0x0604b94c                TrackSystem::PresentSh2UsageOverlay()
                0x0604b950                TrackSystem::UpdateAdaptiveBudgetAfterFrame()
                0x0604b954                TrackSystem::FindNearestSegment(SRL::Math::Types::Vector3D const&, SRL::Math::Types::Vector3D const&, long&, SRL::Math::Types::Vector3D&) const
                0x0604bbc8                TrackSystem::FindSurfaceYByFamilySet(SRL::Math::Types::Vector3D const&, SRL::Math::Types::Vector3D const&, unsigned short const*, unsigned int, SRL::Math::Types::Fxp&, long*, long, bool, unsigned short*, unsigned char*, short*, short, bool, unsigned char const*, unsigned int) const
                0x0604c8a8                TrackSystem::FindSurfaceYByFamilyId(SRL::Math::Types::Vector3D const&, SRL::Math::Types::Vector3D const&, unsigned short, SRL::Math::Types::Fxp&, long*, long, bool) const
                0x0604c914                TrackSystem::FindSurfaceYBySurfaceTypeSet(SRL::Math::Types::Vector3D const&, SRL::Math::Types::Vector3D const&, unsigned char const*, unsigned int, SRL::Math::Types::Fxp&, long*, long, bool, unsigned short*, unsigned char*, short*, short, bool) const
                0x0604c9c0                TrackSystem::FindSurfaceContact(SRL::Math::Types::Vector3D const&, SRL::Math::Types::Vector3D const&, Game::SurfaceContact&, long, bool) const
                0x0604cb00                TrackSystem::FindSegmentCenterById(long, SRL::Math::Types::Vector3D const&, SRL::Math::Types::Vector3D&) const
                0x0604cc18                TrackSystem::FindPlanarWallPush(SRL::Math::Types::Vector3D const&, SRL::Math::Types::Vector3D const&, SRL::Math::Types::Vector3D const&, SRL::Math::Types::Fxp, SRL::Math::Types::Vector3D&, long*, long, bool) const
                0x0604d20c                TrackSystem::GetRenderWindowDebugSnapshot(long&, signed char&, unsigned short&) const
                0x0604d2b4                TrackSystem::GetRenderWindowSegmentIdAt(unsigned int, long&) const
                0x0604d35c                TrackSystem::HasSmoothSegments() const
                0x0604d38c                TrackSystem::MaxSegmentFaceCount() const
                0x0604d3cc                TrackSystem::MaxSegmentVertexCount() const
                0x0604d9f4                TrackSystem::ResetSlidePrefetchState()
                0x0604f64c                TrackSystem::CopySegmentById(unsigned int)
                0x0604f9ec                TrackSystem::CopyAllTrackSegments(unsigned int)
                0x06054768                TrackSystem::BuildSegmentCenterCatalog()
                0x06054a6c                TrackSystem::TryLoadFamilyLodSlot(TrackSystem::Seg1FamilySlotEntry&, unsigned char, bool, bool, bool*, bool*, bool*, int*)
                0x060566b8                TrackSystem::PreloadTgaCatalogFromSegmentsMap()
                0x06057550                TrackSystem::PreloadFullTrackFamilyLodCache()
                0x060598c8                TrackSystem::BuildSegmentIntoRenderer(long, TrackRenderer&, SRL::Math::Types::Vector3D&, std::vector<unsigned short, TrackZoneAllocator<unsigned short, (SRL::Memory::Zone)1> >&, unsigned char)
                0x06059988                TrackSystem::BuildSegmentIntoSlideScratch(long, SRL::Math::Types::Vector3D&, std::vector<unsigned short, TrackZoneAllocator<unsigned short, (SRL::Memory::Zone)1> >&, unsigned char)
                0x06059c80                TrackSystem::BuildSegmentIntoPrefetch(long, bool)
                0x0605a09c                TrackSystem::TrimWorkRamRetainedCapacities(bool, long*)
                0x0605b5e0                TrackSystem::RunWorkRamMaintenance(bool)
                0x0605be90                TrackSystem::RunInitialMaintenanceStage()
                0x0605bf6c                TrackSystem::RunPostSlideMaintenanceStage(bool)
                0x0605c000                TrackSystem::PrimeRuntimeScratchCapacities()
                0x0605cde4                TrackSystem::BuildSegmentRenderers(std::vector<TrackSystem::TrackSegmentEntry, TrackZoneAllocator<TrackSystem::TrackSegmentEntry, (SRL::Memory::Zone)1> >&)
                0x0605e6d0                TrackSystem::EnsureSurfaceFamilyLookupCapacity(unsigned int)
                0x0605e730                TrackSystem::EnsureFamilySlotIndexCapacity(unsigned int) const
                0x0605e798                TrackSystem::RebuildFamilySlotIndex() const
                0x0605e87c                TrackSystem::FindFamilySlot(std::vector<TrackSystem::Seg1FamilySlotEntry, TrackZoneAllocator<TrackSystem::Seg1FamilySlotEntry, (SRL::Memory::Zone)1> >&, unsigned short)
                0x0605e930                TrackSystem::RebuildEntryWorkingSetCache(TrackSystem::SegmentRenderEntry&)
                0x0605f03c                TrackSystem::RebuildUsedTextureSlotFlagsFromCurrentFaces()
                0x0605f078                TrackSystem::EnsureFamilyLodSlotLoaded(std::vector<TrackSystem::Seg1FamilySlotEntry, TrackZoneAllocator<TrackSystem::Seg1FamilySlotEntry, (SRL::Memory::Zone)1> >&, unsigned short, unsigned char, bool)
                0x0605f168                TrackSystem::TryGetBestFamilyLodSlot(std::vector<TrackSystem::Seg1FamilySlotEntry, TrackZoneAllocator<TrackSystem::Seg1FamilySlotEntry, (SRL::Memory::Zone)1> >&, unsigned short, unsigned char, unsigned short&, unsigned char*, bool, bool)
                0x0605f624                TrackSystem::ResolveBestEffortFaceSlots(std::vector<unsigned short, TrackZoneAllocator<unsigned short, (SRL::Memory::Zone)1> > const&, unsigned char, std::vector<TrackSystem::Seg1FamilySlotEntry, TrackZoneAllocator<TrackSystem::Seg1FamilySlotEntry, (SRL::Memory::Zone)1> >&, std::vector<short, TrackZoneAllocator<short, (SRL::Memory::Zone)1> >&, bool, bool)
                0x0605f880                TrackSystem::PrewarmNextSegmentLod32()
                0x0605fdc4                TrackSystem::TryPrefetchUpcomingSegment()
                0x0605ff98                TrackSystem::RunPrefetchStage(bool)
                0x0605ffe8                TrackSystem::MergeCurrentWindowFamilies()
                0x060603c4                TrackSystem::CommitStabilizedSlideBackBuffer()
                0x06060aa4                TrackSystem::ValidateStabilizedWindowInvariants()
                0x06061068                TrackSystem::RunEndFrameResourceMaintenance()
                0x060617d4                TrackSystem::EndFrame()
                0x0606183c                TrackSystem::TryGetFamilyLodSlot(std::vector<TrackSystem::Seg1FamilySlotEntry, TrackZoneAllocator<TrackSystem::Seg1FamilySlotEntry, (SRL::Memory::Zone)1> > const&, unsigned short, unsigned char, unsigned short&) const
                0x060618a8                TrackSystem::FindFamilySlot(std::vector<TrackSystem::Seg1FamilySlotEntry, TrackZoneAllocator<TrackSystem::Seg1FamilySlotEntry, (SRL::Memory::Zone)1> > const&, unsigned short) const
                0x060618b4                TrackSystem::RebuildSegmentFaceSlotsForBaseRank(TrackSystem::SegmentRenderEntry&, unsigned int, std::vector<TrackSystem::Seg1FamilySlotEntry, TrackZoneAllocator<TrackSystem::Seg1FamilySlotEntry, (SRL::Memory::Zone)1> >&, bool)
                0x060618f0                TrackSystem::BuildSegmentLodState(TrackSystem::SegmentRenderEntry&, SegmentComponent::Blob const&, SegmentComponent::Loader::MatView const&, std::vector<TrackSystem::Seg1FamilySlotEntry, TrackZoneAllocator<TrackSystem::Seg1FamilySlotEntry, (SRL::Memory::Zone)1> >&)
                0x06061a80                TrackSystem::RebuildSegmentFaceSlotsForLod(TrackSystem::SegmentRenderEntry&, unsigned char, std::vector<TrackSystem::Seg1FamilySlotEntry, TrackZoneAllocator<TrackSystem::Seg1FamilySlotEntry, (SRL::Memory::Zone)1> >&, bool)
                0x06061acc                TrackSystem::UpdateVisibleSegmentLods(std::vector<TrackSegmentPool<48u, TrackSystem::SegmentRenderEntry>::Handle, std::allocator<TrackSegmentPool<48u, TrackSystem::SegmentRenderEntry>::Handle> > const&)
                0x06061d90                TrackSystem::RebuildTrackTextureResidencyForWindow(bool)
                0x0606229c                TrackSystem::ApplyInitialSdrFamilySlots()
                0x0606244c                TrackSystem::PrepareStabilizedSlideBackBuffer(unsigned int, signed char, long, long)
                0x06063130                TrackSystem::RebuildSafeSegmentEntry(TrackSystem::SegmentRenderEntry&)
                0x060637cc                TrackSystem::ApplyStabilizedLodForLogicalRank(unsigned int)
                0x06063b38                TrackSystem::UpdateStabilizedWindowLodBoundaries()
                0x06063bb4                TrackSystem::ProcessPendingStabilizedWindowLodChanges(unsigned char)
                0x06063fe8                TrackSystem::RunPendingLodRecoveryStage(bool)
                0x06064588                TrackSystem::UpdateStabilizedWindowLodBands()
                0x06064934                TrackSystem::RefreshFamilyWorkingSet(bool)
                0x06064b68                TrackSystem::RunWorkingSetStage()
                0x06064bdc                TrackSystem::ResetFamilyLookupTables()
                0x06064c30                TrackSystem::LoadSurfaceCollisionMaps()
                0x060652c4                TrackSystem::ResetInitializationState()
                0x060659ac                TrackSystem::RebuildActiveSegmentWindow(long, unsigned int, signed char)
                0x06066ad4                TrackSystem::PrepareInitialSegmentPackages(unsigned int)
                0x06066b34                TrackSystem::Initialize(TrackSystem::Config const&)
                0x06066e10                TrackSystem::ValidateAndRepairWindowState()
                0x060674c0                TrackSystem::ExecuteDeterministicStabilizedSlide(unsigned int, signed char, long, long)
                0x06069238                TrackSystem::SlideActiveSegmentWindow(unsigned int, signed char)
                0x0606924c                TrackSystem::BeginFrame(unsigned long)
                0x06069c84                TrackSystem::BuildStabilizedSortedHandles(SRL::Math::Types::Vector3D const&, SRL::Math::Types::Vector3D const&)
                0x0606a63c                TrackSystem::BuildAndApplyFramePlanStage(SRL::Math::Types::Vector3D const&, SRL::Math::Types::Vector3D const&, SRL::Math::Types::Vector3D const&)
                0x0606ab68                TrackSystem::RunFramePlanStage(SRL::Math::Types::Vector3D const&, SRL::Math::Types::Vector3D const&, SRL::Math::Types::Vector3D const&, bool)
                0x0606ac4c                TrackSystem::RenderVisibleSegmentOrderStabilized(SRL::Math::Types::Vector3D const&, SRL::Math::Types::Vector3D const&, SRL::Math::Types::Vector3D const&, std::array<unsigned char, 49u>&, std::array<unsigned char, 49u>*, bool&)
                0x0606b454                TrackSystem::RenderVisibleSegmentOrder(std::vector<TrackSegmentPool<48u, TrackSystem::SegmentRenderEntry>::Handle, std::allocator<TrackSegmentPool<48u, TrackSystem::SegmentRenderEntry>::Handle> > const*, SRL::Math::Types::Vector3D const&, SRL::Math::Types::Vector3D const&, SRL::Math::Types::Vector3D const&, std::array<unsigned char, 49u>&, std::array<unsigned char, 49u>*, bool&, bool&)
                0x0606b4a8                TrackSystem::RunDrawStage(std::vector<TrackSegmentPool<48u, TrackSystem::SegmentRenderEntry>::Handle, std::allocator<TrackSegmentPool<48u, TrackSystem::SegmentRenderEntry>::Handle> > const*, SRL::Math::Types::Vector3D const&, SRL::Math::Types::Vector3D const&, SRL::Math::Types::Vector3D const&, std::array<unsigned char, 49u>&, std::array<unsigned char, 49u>*, bool&, bool&)
                0x0606b538                TrackSystem::RenderFrame(bool, SRL::Math::Types::Vector3D const&, SRL::Math::Types::Vector3D const&, SRL::Math::Types::Vector3D const&, SRL::Math::Types::Vector3D const&, SRL::Math::Types::Vector3D const&)
 .text._ZN3SRL4Math5Types3FxpC2ERKs
                0x0606b738        0x8 src/track_system.o
                0x0606b738                SRL::Math::Types::Fxp::Fxp(short const&)
                0x0606b738                SRL::Math::Types::Fxp::Fxp(short const&)
 .text._ZN3SRL4Math5Types8Vector3DC2ERKS2_
                0x0606b740       0x34 src/track_system.o
                0x0606b740                SRL::Math::Types::Vector3D::Vector3D(SRL::Math::Types::Vector3D const&)
                0x0606b740                SRL::Math::Types::Vector3D::Vector3D(SRL::Math::Types::Vector3D const&)
 .text._ZNK3SRL4Math5Types8Vector3DplERKS2_
                0x0606b774       0x64 src/track_system.o
                0x0606b774                SRL::Math::Types::Vector3D::operator+(SRL::Math::Types::Vector3D const&) const
 .text._ZNSt6vectorIN3SRL5Types7PolygonE18TrackZoneAllocatorIS2_LNS0_6Memory4ZoneE1EEE13_M_assign_auxIPS2_EEvT_SA_St20forward_iterator_tag.isra.0
                0x0606b7d8      0x214 src/track_system.o
 .text._ZNSt6vectorIN3SRL4Math5Types8Vector3DE18TrackZoneAllocatorIS3_LNS0_6Memory4ZoneE1EEE13_M_assign_auxIPS3_EEvT_SB_St20forward_iterator_tag.isra.0
                0x0606b9ec      0x194 src/track_system.o
 .text._ZN16TrackSglRenderer8DrawMeshEPKN3SRL4Math5Types8Vector3DEjPKNS0_5Types7PolygonEjPKNS6_9AttributeEtRS4_NS2_3FxpEb
                0x0606bb80      0x588 src/track_system.o
                0x0606bb80                TrackSglRenderer::DrawMesh(SRL::Math::Types::Vector3D const*, unsigned int, SRL::Types::Polygon const*, unsigned int, SRL::Types::Attribute const*, unsigned short, SRL::Math::Types::Vector3D const&, SRL::Math::Types::Fxp, bool)
 .text._ZN17TrackVdp1Renderer19DrawTexturedCommandERKNS_15PreparedCommandEl
                0x0606c108      0x238 src/track_system.o
                0x0606c108                TrackVdp1Renderer::DrawTexturedCommand(TrackVdp1Renderer::PreparedCommand const&, long)
 .text._ZNK13TrackRenderer13RetainedBytesEv
                0x0606c340      0x258 src/track_system.o
                0x0606c340                TrackRenderer::RetainedBytes() const
 .text._ZN13TrackRenderer23SetRuntimeCapacityFloorEjj
                0x0606c598      0x288 src/track_system.o
                0x0606c598                TrackRenderer::SetRuntimeCapacityFloor(unsigned int, unsigned int)
 .text._Z19CopyCdFileToCartRamPKcj
                0x0606c820      0x51c src/track_system.o
                0x0606c820                CopyCdFileToCartRam(char const*, unsigned int)
 .text._ZN18SegmentRuntimeDraw6Loader14ReadHeaderLeAtEPKhjjRNS_8HeaderV1E
                0x0606cd3c      0x30c src/track_system.o
                0x0606cd3c                SegmentRuntimeDraw::Loader::ReadHeaderLeAt(unsigned char const*, unsigned int, unsigned int, SegmentRuntimeDraw::HeaderV1&)
 .text._ZN16TrackRuntimePack6Loader14ReadHeaderLeAtEPKhjjRNS_8HeaderV1E
                0x0606d048      0x1b0 src/track_system.o
                0x0606d048                TrackRuntimePack::Loader::ReadHeaderLeAt(unsigned char const*, unsigned int, unsigned int, TrackRuntimePack::HeaderV1&)
 .text._ZN16TrackRuntimePack6Loader13ReadEntryLeAtERKNS0_4ViewEiRNS_16DirectoryEntryV1E
                0x0606d1f8      0x12c src/track_system.o
                0x0606d1f8                TrackRuntimePack::Loader::ReadEntryLeAt(TrackRuntimePack::Loader::View const&, int, TrackRuntimePack::DirectoryEntryV1&)
 .text._ZN3SRL5Debug5PrintIJiEEEvhhPKcDpT_
                0x0606d324      0x164 src/track_system.o
                0x0606d324                void SRL::Debug::Print<int>(unsigned char, unsigned char, char const*, int)
 .text._ZNSt6vectorIN3SRL4Math5Types8Vector3DE18TrackZoneAllocatorIS3_LNS0_6Memory4ZoneE1EEE7reserveEj
                0x0606d488       0xdc src/track_system.o
                0x0606d488                std::vector<SRL::Math::Types::Vector3D, TrackZoneAllocator<SRL::Math::Types::Vector3D, (SRL::Memory::Zone)1> >::reserve(unsigned int)
 .text._ZNSt6vectorIN3SRL5Types7PolygonE18TrackZoneAllocatorIS2_LNS0_6Memory4ZoneE1EEE7reserveEj
                0x0606d564       0xf0 src/track_system.o
                0x0606d564                std::vector<SRL::Types::Polygon, TrackZoneAllocator<SRL::Types::Polygon, (SRL::Memory::Zone)1> >::reserve(unsigned int)
 .text._ZNSt6vectorIN3SRL5Types9AttributeE18TrackZoneAllocatorIS2_LNS0_6Memory4ZoneE1EEE7reserveEj
                0x0606d654       0xc4 src/track_system.o
                0x0606d654                std::vector<SRL::Types::Attribute, TrackZoneAllocator<SRL::Types::Attribute, (SRL::Memory::Zone)1> >::reserve(unsigned int)
 .text._ZN13TrackRenderer18CompactVectorSlackISt6vectorIN3SRL4Math5Types8Vector3DE18TrackZoneAllocatorIS5_LNS2_6Memory4ZoneE1EEEEEbRT_jb
                0x0606d718       0xec src/track_system.o
                0x0606d718                bool TrackRenderer::CompactVectorSlack<std::vector<SRL::Math::Types::Vector3D, TrackZoneAllocator<SRL::Math::Types::Vector3D, (SRL::Memory::Zone)1> > >(std::vector<SRL::Math::Types::Vector3D, TrackZoneAllocator<SRL::Math::Types::Vector3D, (SRL::Memory::Zone)1> >&, unsigned int, bool)
 .text._ZN13TrackRenderer18CompactVectorSlackISt6vectorIj18TrackZoneAllocatorIjLN3SRL6Memory4ZoneE1EEEEEbRT_jb
                0x0606d804      0x14c src/track_system.o
                0x0606d804                bool TrackRenderer::CompactVectorSlack<std::vector<unsigned int, TrackZoneAllocator<unsigned int, (SRL::Memory::Zone)1> > >(std::vector<unsigned int, TrackZoneAllocator<unsigned int, (SRL::Memory::Zone)1> >&, unsigned int, bool)
 .text._ZN13TrackRenderer18CompactVectorSlackISt6vectorINS_11SmoothCacheE18TrackZoneAllocatorIS2_LN3SRL6Memory4ZoneE1EEEEEbRT_jb
                0x0606d950      0x50c src/track_system.o
                0x0606d950                bool TrackRenderer::CompactVectorSlack<std::vector<TrackRenderer::SmoothCache, TrackZoneAllocator<TrackRenderer::SmoothCache, (SRL::Memory::Zone)1> > >(std::vector<TrackRenderer::SmoothCache, TrackZoneAllocator<TrackRenderer::SmoothCache, (SRL::Memory::Zone)1> >&, unsigned int, bool)
 .text._ZN13TrackRenderer18CompactVectorSlackISt6vectorINS_9FlatCacheE18TrackZoneAllocatorIS2_LN3SRL6Memory4ZoneE1EEEEEbRT_jb
                0x0606de5c      0x448 src/track_system.o
                0x0606de5c                bool TrackRenderer::CompactVectorSlack<std::vector<TrackRenderer::FlatCache, TrackZoneAllocator<TrackRenderer::FlatCache, (SRL::Memory::Zone)1> > >(std::vector<TrackRenderer::FlatCache, TrackZoneAllocator<TrackRenderer::FlatCache, (SRL::Memory::Zone)1> >&, unsigned int, bool)
 .text._ZN13TrackRenderer19CompactRuntimeStateEb
                0x0606e2a4      0x790 src/track_system.o
                0x0606e2a4                TrackRenderer::CompactRuntimeState(bool)
 .text._ZN13TrackRenderer19RecycleRuntimeStateEb
                0x0606ea34      0x814 src/track_system.o
                0x0606ea34                TrackRenderer::RecycleRuntimeState(bool)
 .text._ZNSt6vectorIN3SRL5Types9AttributeE18TrackZoneAllocatorIS2_LNS0_6Memory4ZoneE1EEE6resizeEj
                0x0606f248      0x194 src/track_system.o
                0x0606f248                std::vector<SRL::Types::Attribute, TrackZoneAllocator<SRL::Types::Attribute, (SRL::Memory::Zone)1> >::resize(unsigned int)
 .text._ZN13TrackRenderer12EnsureCachedEj
                0x0606f3dc      0x3d8 src/track_system.o
                0x0606f3dc                TrackRenderer::EnsureCached(unsigned int)
 .text._ZN3SRL5Debug5PrintIJljEEEvhhPKcDpT_
                0x0606f7b4      0x170 src/track_system.o
                0x0606f7b4                void SRL::Debug::Print<long, unsigned int>(unsigned char, unsigned char, char const*, long, unsigned int)
 .text._ZN3SRL5Debug5PrintIJPKcEEEvhhS3_DpT_
                0x0606f924      0x164 src/track_system.o
                0x0606f924                void SRL::Debug::Print<char const*>(unsigned char, unsigned char, char const*, char const*)
 .text._Z22CopyTrackSegmentToCartPKcj
                0x0606fa88      0x430 src/track_system.o
                0x0606fa88                CopyTrackSegmentToCart(char const*, unsigned int)
 .text._ZN3SRL5Debug5PrintIJPKcjjEEEvhhS3_DpT_
                0x0606feb8      0x178 src/track_system.o
                0x0606feb8                void SRL::Debug::Print<char const*, unsigned int, unsigned int>(unsigned char, unsigned char, char const*, char const*, unsigned int, unsigned int)
 .text._ZNSt6vectorIh18TrackZoneAllocatorIhLN3SRL6Memory4ZoneE1EEE6resizeEj
                0x06070030      0x108 src/track_system.o
                0x06070030                std::vector<unsigned char, TrackZoneAllocator<unsigned char, (SRL::Memory::Zone)1> >::resize(unsigned int)
 .text._ZNSt6vectorIt18TrackZoneAllocatorItLN3SRL6Memory4ZoneE1EEE7reserveEj
                0x06070138       0xa4 src/track_system.o
                0x06070138                std::vector<unsigned short, TrackZoneAllocator<unsigned short, (SRL::Memory::Zone)1> >::reserve(unsigned int)
 .text._ZN3SRL5Debug5PrintIJPcEEEvhhPKcDpT_
                0x060701dc      0x164 src/track_system.o
                0x060701dc                void SRL::Debug::Print<char*>(unsigned char, unsigned char, char const*, char*)
 .text._ZN3SRL5Debug5PrintIJjjjEEEvhhPKcDpT_
                0x06070340      0x178 src/track_system.o
                0x06070340                void SRL::Debug::Print<unsigned int, unsigned int, unsigned int>(unsigned char, unsigned char, char const*, unsigned int, unsigned int, unsigned int)
 .text._ZN3SRL5Debug5PrintIJijEEEvhhPKcDpT_
                0x060704b8      0x170 src/track_system.o
                0x060704b8                void SRL::Debug::Print<int, unsigned int>(unsigned char, unsigned char, char const*, int, unsigned int)