asfalto_64
asfalto_64
asfalto_64
faixa_amarela_64
faixa_amarela_64
patrocinio_heineken_3_64
patrocinio_heineken_3_64
torcida_64
Muro_reta_oposta_64
Muro_reta_oposta_64
Muro_reta_oposta_64
Muro_reta_oposta_64
forte_sec_patrocinio_64
forte_sec_patrocinio_64
cerca_64
cerca_64
msc_64
teto_64
teto_64
asfalto_64
faixa_amarela_64
faixa_amarela_64
patrocinio_heineken_3_64
patrocinio_heineken_3_64
torcida_64
Muro_reta_oposta_64
Muro_reta_oposta_64
Muro_reta_oposta_64
forte_sec_patrocinio_64
cerca_64
cerca_64
teto_64
teto_64
faixa_amarela_64
patrocinio_heineken_3_64
patrocinio_heineken_3_64
torcida_64
Muro_reta_oposta_64
Muro_reta_oposta_64
Muro_reta_oposta_64
forte_sec_patrocinio_64
forte_sec_patrocinio_64
cerca_64
cerca_64
teto_64
teto_64
predio_kobro_64
predio_kobro_64
predio_kobro_64
faixa_amarela_64
faixa_amarela_64
patrocinio_heineken_3_64
patrocinio_heineken_3_64
patrocinio_heineken_3_64
torcida_64
Muro_reta_oposta_64
Muro_reta_oposta_64
Muro_reta_oposta_64
forte_sec_patrocinio_64
cerca_64
cerca_64
teto_64
teto_64
predio_kobro_64
predio_kobro_64
asfalto_64
asfalto_64
asfalto_64
faixa_amarela_64
faixa_amarela_64
patrocinio_heineken_3_64
patrocinio_heineken_3_64
patrocinio_heineken_3_64
torcida_64
Muro_reta_oposta_64
Muro_reta_oposta_64
forte_sec_patrocinio_64
cerca_64
teto_64
asfalto_64
asfalto_64
asfalto_64
patrocinio_heineken_3_64
patrocinio_heineken_3_64
patrocinio_heineken_3_64
torcida_64
Muro_reta_oposta_64
Muro_reta_oposta_64
cerca_64
cerca_64
entrada_box_64
frente_box_predio_64
frente_box_predio_64
msc_64
msc_64
msc_64
teto_64
teto_64
sinal
asfalto_64
asfalto_64
patrocinio_heineken_3_64
patrocinio_heineken_3_64
patrocinio_heineken_3_64
torcida_64
Muro_reta_oposta_64
Muro_reta_oposta_64
Muro_reta_oposta_64
Muro_reta_oposta_64
cerca_64
entrada_box_64
teto_64
teto_64
asfalto_64
patrocinio_heineken_3_64
patrocinio_heineken_3_64
patrocinio_heineken_3_64
torcida_64
Muro_reta_oposta_64
Muro_reta_oposta_64
cerca_64
entrada_box_64
frente_box_predio_64
frente_box_predio_64
teto_64
patrocinio_heineken_3_64
patrocinio_heineken_3_64
patrocinio_heineken_3_64
torcida_64
Muro_reta_oposta_64
Muro_reta_oposta_64
cerca_64
cerca_64
asfalto_64
patrocinio_heineken_3_64
patrocinio_heineken_3_64
patrocinio_heineken_3_64
torcida_64
Muro_reta_oposta_64
Muro_reta_oposta_64
cerca_64
cerca_64
frente_box_predio_64
teto_64
teto_64
asfalto_64
asfalto_64
asfalto_64
patrocinio_heineken_3_64
patrocinio_heineken_3_64
patrocinio_heineken_3_64
torcida_64
Muro_reta_oposta_64
Muro_reta_oposta_64
cerca_64
cerca_64
asfalto_64
patrocinio_heineken_3_64
patrocinio_heineken_3_64
patrocinio_heineken_3_64
torcida_64
Muro_reta_oposta_64
Muro_reta_oposta_64
cerca_64
cerca_64
entrada_box_64
teto_64
asfalto_64
patrocinio_heineken_3_64
patrocinio_heineken_3_64
patrocinio_heineken_3_64
torcida_64
Muro_reta_oposta_64
Muro_reta_oposta_64
cerca_64
entrada_box_64
frente_box_predio_64
teto_64
teto_64
patrocinio_heineken_3_64
patrocinio_heineken_3_64
patrocinio_heineken_3_64
torcida_64
Muro_reta_oposta_64
cerca_64
frente_box_predio_64
teto_64
patrocinio_heineken_3_64
patrocinio_heineken_3_64
patrocinio_heineken_3_64
torcida_64
Muro_reta_oposta_64
cerca_64
cerca_64
entrada_box_64
teto_64
teto_64
patrocinio_heineken_3_64
patrocinio_heineken_3_64
patrocinio_heineken_3_64
patrocinio_heineken_3_64
torcida_64
Muro_reta_oposta_64
Muro_reta_oposta_64
cerca_64
entrada_box_64
teto_64
teto_64
patrocinio_heineken_3_64
patrocinio_heineken_3_64
patrocinio_heineken_3_64
patrocinio_heineken_3_64
torcida_64
Muro_reta_oposta_64
Muro_reta_oposta_64
cerca_64
frente_box_predio_64
patrocinio_heineken_3_64
patrocinio_heineken_3_64
patrocinio_heineken_3_64
patrocinio_heineken_3_64
torcida_64
Muro_reta_oposta_64
Muro_reta_oposta_64
Muro_reta_oposta_64
cerca_64
cerca_64
teto_64
teto_64
patrocinio_heineken_3_64
patrocinio_heineken_3_64
patrocinio_heineken_3_64
Muro_reta_oposta_64
entrada_box_64
patrocinioheineken_64
patrocinio_heineken_3_64
patrocinio_heineken_3_64
Muro_reta_oposta_64
teto_64
teto_64
teto_64
asfalto_64
asfalto_64
asfalto_64
patrocinioheineken_64
patrocinioheineken_64
patrocinioheineken_64
Guard_rail_64
grama-verde-foto_64
grama-verde-foto_64
grama-verde-foto_64
grama-verde-foto_64
asfalto_64
faixa_amarela_64
patrocinioheineken_64
patrocinioheineken_64
patrocinioheineken_64
patrocinioheineken_64
Guard_rail_64
grama-verde-foto_64
grama-verde-foto_64
grama-verde-foto_64
santander_64
asfalto_64
patrocinioheineken_64
patrocinioheineken_64
patrocinioheineken_64
Guard_rail_64
Zebra_64
torcida_64
Muro_reta_oposta_64
grama-verde-foto_64
grama-verde-foto_64
grama-verde-foto_64
teto_64
teto_64
asfalto_64
asfalto_64
patrocinioheineken_64
patrocinio_heineken_3_64
Guard_rail_64
Guard_rail_64
Zebra_64
torcida_64
grama-verde-foto_64
grama-verde-foto_64
grama-verde-foto_64
grama-verde-foto_64
teto_64
teto_64
santander_64
asfalto_64
asfalto_64
patrocinioheineken_64
patrocinioheineken_64
Guard_rail_64
Guard_rail_64
Zebra_64
torcida_64
grama-verde-foto_64
grama-verde-foto_64
grama-verde-foto_64
grama-verde-foto_64
teto_64
teto_64
santander_64
asfalto_64
patrocinioheineken_64
Guard_rail_64
Zebra_64
grama-verde-foto_64
grama-verde-foto_64
grama-verde-foto_64
grama-verde-foto_64
rolex_verde_64
santander_64
asfalto_64
asfalto_64
patrocinioheineken_64
patrocinioheineken_64
Guard_rail_64
Guard_rail_64
Zebra_64
torcida_64
grama-verde-foto_64
grama-verde-foto_64
grama-verde-foto_64
grama-verde-foto_64
rolex_verde_64
teto_64
teto_64
santander_64
asfalto_64
asfalto_64
asfalto_64
patrocinioheineken_64
patrocinio_heineken_3_64
Guard_rail_64
Zebra_64
torcida_64
grama-verde-foto_64
grama-verde-foto_64
grama-verde-foto_64
grama-verde-foto_64
grama-verde-foto_64
grama-verde-foto_64
rolex_verde_64
frente_box_predio_64
teto_64
teto_64
teto_64
santander_64
santander_64
asfalto_64
patrocinioheineken_64
patrocinio_heineken_3_64
Guard_rail_64
Zebra_64
torcida_64
grama-verde-foto_64
grama-verde-foto_64
grama-verde-foto_64
grama-verde-foto_64
grama-verde-foto_64
grama-verde-foto_64
rolex_verde_64
frente_box_predio_64
teto_64
teto_64
teto_64
santander_64
asfalto_64
asfalto_64
patrocinioheineken_64
patrocinio_heineken_3_64
Zebra_64
torcida_64
Muro_reta_oposta_64
grama-verde-foto_64
grama-verde-foto_64
grama-verde-foto_64
grama-verde-foto_64
grama-verde-foto_64
grama-verde-foto_64
forte_sec_patrocinio_64
rolex_verde_64
frente_box_predio_64
teto_64
teto_64
teto_64
asfalto_64
patrocinio_heineken_3_64
Zebra_64
grama-verde-foto_64
grama-verde-foto_64
grama-verde-foto_64
grama-verde-foto_64
grama-verde-foto_64
grama-verde-foto_64
forte_sec_patrocinio_64
forte_sec_patrocinio_64
rolex_verde_64
frente_box_predio_64
teto_64
asfalto_64
patrocinio_heineken_3_64
Zebra_64
grama-verde-foto_64
grama-verde-foto_64
grama-verde-foto_64
grama-verde-foto_64
grama-verde-foto_64
grama-verde-foto_64
crypto_64
rolex_verde_64
teto_64
patrocinioheineken_64
Zebra_64
grama_lugar_alto_64
grama_lugar_alto_64
grama-verde-foto_64
grama-verde-foto_64
grama-verde-foto_64
grama-verde-foto_64
grama-verde-foto_64
grama-verde-foto_64
forte_sec_patrocinio_64
forte_sec_patrocinio_64
rolex_verde_64
frente_box_predio_64
teto_64
asfalto_64
asfalto_64
faixa_amarela_64
Zebra_64
grama_lugar_alto_64
grama_lugar_alto_64
grama-verde-foto_64
grama-verde-foto_64
grama-verde-foto_64
grama-verde-foto_64
grama-verde-foto_64
grama-verde-foto_64
mato_3_64
forte_sec_patrocinio_64
forte_sec_patrocinio_64
pireli_propaganda_64
arvore_3_64
arvore_3_64
asfalto_64
Guard_rail_64
Zebra_64
grama_lugar_alto_64
grama_lugar_alto_64
torcida_64
grama-verde-foto_64
grama-verde-foto_64
grama-verde-foto_64
grama-verde-foto_64
pireli_propaganda_64
teto_64
teto_64
asfalto_64
asfalto_64
Guard_rail_64
Guard_rail_64
Zebra_64
grama_lugar_alto_64
grama_lugar_alto_64
torcida_64
grama-verde-foto_64
grama-verde-foto_64
grama-verde-foto_64
grama-verde-foto_64
grama-verde-foto_64
grama-verde-foto_64
mato_3_64
arvore_low_poly_64
teto_64
teto_64
asfalto_64
asfalto_64
Guard_rail_64
Guard_rail_64
Zebra_64
grama_lugar_alto_64
grama_lugar_alto_64
torcida_64
grama-verde-foto_64
grama-verde-foto_64
grama-verde-foto_64
grama-verde-foto_64
grama-verde-foto_64
grama-verde-foto_64
grama-verde-foto_64
mato_3_64
teto_64
asfalto_64
asfalto_64
Guard_rail_64
Zebra_64
grama_lugar_alto_64
grama_lugar_alto_64
grama-verde-foto_64
grama-verde-foto_64
grama-verde-foto_64
grama-verde-foto_64
grama-verde-foto_64
grama-verde-foto_64
grama-verde-foto_64
mato_3_64
teto_64
asfalto_64
Zebra_64
grama_lugar_alto_64
grama_lugar_alto_64
torcida_64
grama-verde-foto_64
grama-verde-foto_64
grama-verde-foto_64
grama-verde-foto_64
grama-verde-foto_64
grama-verde-foto_64
mato_3_64
asfalto_64
asfalto_64
Guard_rail_64
Guard_rail_64
Zebra_64
grama_lugar_alto_64
grama_lugar_alto_64
torcida_64
grama-verde-foto_64
grama-verde-foto_64
grama-verde-foto_64
grama-verde-foto_64
mato_3_64
teto_64
teto_64
asfalto_64
Guard_rail_64
Zebra_64
grama_lugar_alto_64
grama_lugar_alto_64
torcida_64
grama-verde-foto_64
grama-verde-foto_64
grama-verde-foto_64
grama-verde-foto_64
grama-verde-foto_64
grama-verde-foto_64
mato_3_64
teto_64
teto_64
asfalto_64
asfalto_64
Guard_rail_64
Zebra_64
grama_lugar_alto_64
grama_lugar_alto_64
grama-verde-foto_64
grama-verde-foto_64
grama-verde-foto_64
grama-verde-foto_64
grama-verde-foto_64
grama-verde-foto_64
grama-verde-foto_64
mato_3_64
crypto_64
asfalto_64
patrocinioheineken_64
Guard_rail_64
Guard_rail_64
Zebra_64
grama_lugar_alto_64
torcida_64
Muro_reta_oposta_64
grama-verde-foto_64
grama-verde-foto_64
grama-verde-foto_64
grama-verde-foto_64
grama-verde-foto_64
grama-verde-foto_64
crypto_64
teto_64
teto_64
asfalto_64
patrocinio_heineken_3_64
Guard_rail_64
Zebra_64
grama_lugar_alto_64
torcida_64
grama-verde-foto_64
grama-verde-foto_64
grama-verde-foto_64
grama-verde-foto_64
grama-verde-foto_64
grama-verde-foto_64
mato_3_64
Guincho_1_64
Guincho_1_64
teto_64
teto_64
asfalto_64
asfalto_64
patrocinioheineken_64
Guard_rail_64
Zebra_64
grama_lugar_alto_64
torcida_64
grama-verde-foto_64
grama-verde-foto_64
grama-verde-foto_64
grama-verde-foto_64
grama-verde-foto_64
grama-verde-foto_64
grama-verde-foto_64
crypto_64
arvore_3_64
teto_64
asfalto_64
asfalto_64
patrocinio_heineken_3_64
Zebra_64
grama_lugar_alto_64
torcida_64
grama-verde-foto_64
grama-verde-foto_64
grama-verde-foto_64
grama-verde-foto_64
grama-verde-foto_64
grama-verde-foto_64
mato_3_64
crypto_64
arvore_3_64
teto_64
teto_64
patrocinioheineken_64
Zebra_64
grama_lugar_alto_64
torcida_64
grama-verde-foto_64
grama-verde-foto_64
grama-verde-foto_64
grama-verde-foto_64
grama-verde-foto_64
grama-verde-foto_64
arvores_reta_1_64
teto_64
asfalto_64
patrocinio_heineken_3_64
Zebra_64
grama_lugar_alto_64
torcida_64
grama-verde-foto_64
grama-verde-foto_64
grama-verde-foto_64
grama-verde-foto_64
grama-verde-foto_64
grama-verde-foto_64
arvores_reta_1_64
teto_64
patrocinio_heineken_3_64
Guard_rail_64
Zebra_64
grama_lugar_alto_64
torcida_64
grama-verde-foto_64
grama-verde-foto_64
grama-verde-foto_64
grama-verde-foto_64
grama-verde-foto_64
grama-verde-foto_64
grama-verde-foto_64
arvores_reta_1_64
teto_64
asfalto_64
patrocinioheineken_64
Guard_rail_64
Guard_rail_64
Zebra_64
grama_lugar_alto_64
torcida_64
grama-verde-foto_64
grama-verde-foto_64
grama-verde-foto_64
grama-verde-foto_64
grama-verde-foto_64
grama-verde-foto_64
grama-verde-foto_64
arvores_reta_1_64
arvore_low_poly_64
teto_64
teto_64
patrocinio_heineken_3_64
Guard_rail_64
Guard_rail_64
Zebra_64
grama_lugar_alto_64
torcida_64
Muro_reta_oposta_64
grama-verde-foto_64
grama-verde-foto_64
grama-verde-foto_64
grama-verde-foto_64
grama-verde-foto_64
grama-verde-foto_64
arvores_reta_2_64
teto_64
teto_64
asfalto_64
asfalto_64
Zebra_64
Zebra_64
grama_lugar_alto_64
grama-verde-foto_64
grama-verde-foto_64
grama-verde-foto_64
grama-verde-foto_64
crypto_64
arvores_reta_2_64
Guard_rail_64
Zebra_64
Zebra_64
grama_lugar_alto_64
torcida_64
grama-verde-foto_64
grama-verde-foto_64
grama-verde-foto_64
patrocinio_heineken_4_64
arvores_reta_1_64
asfalto_64
patrocinioheineken_64
Zebra_64
Zebra_64
grama_lugar_alto_64
torcida_64
grama-verde-foto_64
grama-verde-foto_64
grama-verde-foto_64
grama-verde-foto_64
grama-verde-foto_64
patrocinio_heineken_4_64
arvores_reta_1_64
patrocinioheineken_64
Zebra_64
Zebra_64
grama_lugar_alto_64
torcida_64
grama-verde-foto_64
grama-verde-foto_64
grama-verde-foto_64
grama-verde-foto_64
patrocinio_heineken_4_64
arvores_reta_1_64
asfalto_64
patrocinioheineken_64
Guard_rail_64
Guard_rail_64
Zebra_64
Zebra_64
grama_lugar_alto_64
torcida_64
grama-verde-foto_64
grama-verde-foto_64
patrocinio_heineken_4_64
arvores_reta_1_64
asfalto_64
Zebra_64
Zebra_64
grama-verde-foto_64
grama-verde-foto_64
grama-verde-foto_64
grama-verde-foto_64
patrocinio_heineken_4_64
arvores_reta_2_64
asfalto_64
asfalto_64
asfalto_64
asfalto_64
Guard_rail_64
Zebra_64
grama_lugar_alto_64
torcida_64
grama-verde-foto_64
grama-verde-foto_64
grama-verde-foto_64
cerca_64
cerca_64
arvores_reta_2_64
asfalto_64
Guard_rail_64
Zebra_64
grama_lugar_alto_64
torcida_64
grama-verde-foto_64
grama-verde-foto_64
grama-verde-foto_64
cerca_64
cerca_64
arvores_reta_2_64
asfalto_64
patrocinioheineken_64
Zebra_64
grama_lugar_alto_64
torcida_64
grama-verde-foto_64
grama-verde-foto_64
grama-verde-foto_64
cerca_64
cerca_64
arvores_reta_2_64
asfalto_64
patrocinioheineken_64
grama_lugar_alto_64
torcida_64
grama-verde-foto_64
grama-verde-foto_64
grama-verde-foto_64
patrocinio_heineken_4_64
cerca_64
cerca_64
arvores_reta_1_64
asfalto_64
Guard_rail_64
grama_lugar_alto_64
torcida_64
grama-verde-foto_64
grama-verde-foto_64
grama-verde-foto_64
grama-verde-foto_64
cerca_64
cerca_64
arvores_reta_1_64
torcida_64
grama-verde-foto_64
grama-verde-foto_64
grama-verde-foto_64
cerca_64
cerca_64
asfalto_64
patrocinioheineken_64
grama_lugar_alto_64
torcida_64
grama-verde-foto_64
grama-verde-foto_64
cerca_64
asfalto_64
patrocinioheineken_64
patrocinioheineken_64
grama_lugar_alto_64
torcida_64
grama-verde-foto_64
grama-verde-foto_64
cerca_64
cerca_64
arvores_reta_2_64
asfalto_64
patrocinioheineken_64
grama_lugar_alto_64
torcida_64
grama-verde-foto_64
grama-verde-foto_64
crypto_64
crypto_64
crypto_64
crypto_64
cerca_64
cerca_64
arvores_reta_2_64
grama_lugar_alto_64
Muro_reta_oposta_64
grama-verde-foto_64
grama-verde-foto_64
grama-verde-foto_64
grama-verde-foto_64
grama-verde-foto_64
grama-verde-foto_64
cerca_64
cerca_64
cerca_64
cerca_64
arvores_reta_1_64
asfalto_64
Guard_rail_64
grama_lugar_alto_64
torcida_64
Muro_reta_oposta_64
grama-verde-foto_64
grama-verde-foto_64
grama-verde-foto_64
grama-verde-foto_64
cerca_64
cerca_64
cerca_64
cerca_64
arvores_reta_1_64
asfalto_64
patrocinioheineken_64
grama_lugar_alto_64
torcida_64
Muro_reta_oposta_64
grama-verde-foto_64
grama-verde-foto_64
grama-verde-foto_64
grama-verde-foto_64
cerca_64
cerca_64
cerca_64
cerca_64
arvores_reta_1_64
asfalto_64
grama_lugar_alto_64
torcida_64
Muro_reta_oposta_64
grama-verde-foto_64
grama-verde-foto_64
grama-verde-foto_64
cerca_64
cerca_64
cerca_64
cerca_64
arvores_reta_2_64
asfalto_64
grama_lugar_alto_64
Muro_reta_oposta_64
grama-verde-foto_64
grama-verde-foto_64
cerca_64
cerca_64
cerca_64
cerca_64
arvores_reta_2_64
asfalto_64
grama_lugar_alto_64
torcida_64
Muro_reta_oposta_64
grama-verde-foto_64
grama-verde-foto_64
grama-verde-foto_64
cerca_64
cerca_64
cerca_64
cerca_64
arvores_reta_1_64
asfalto_64
Guard_rail_64
grama_lugar_alto_64
torcida_64
Muro_reta_oposta_64
grama-verde-foto_64
grama-verde-foto_64
cerca_64
cerca_64
cerca_64
arvores_reta_1_64
grama_lugar_alto_64
torcida_64
Muro_reta_oposta_64
grama-verde-foto_64
grama-verde-foto_64
grama-verde-foto_64
patrocinio_heineken_4_64
cerca_64
cerca_64
cerca_64
cerca_64
arvores_reta_2_64
asfalto_64
grama_lugar_alto_64
torcida_64
Muro_reta_oposta_64
grama-verde-foto_64
grama-verde-foto_64
cerca_64
cerca_64
cerca_64
arvores_reta_2_64
Guard_rail_64
grama_lugar_alto_64
Muro_reta_oposta_64
grama-verde-foto_64
grama-verde-foto_64
cerca_64
cerca_64
cerca_64
cerca_64
arvores_reta_2_64
asfalto_64
Muro_reta_oposta_64
grama-verde-foto_64
grama-verde-foto_64
cerca_64
cerca_64
cerca_64
cerca_64
arvores_reta_2_64
Guincho_1_64
asfalto_64
torcida_64
grama-verde-foto_64
grama-verde-foto_64
cerca_64
cerca_64
cerca_64
cerca_64
arvores_reta_1_64
Guard_rail_64
grama-verde-foto_64
grama-verde-foto_64
cerca_64
cerca_64
cerca_64
cerca_64
asfalto_64
patrocinio_heineken_3_64
grama_lugar_alto_64
torcida_64
Muro_reta_oposta_64
grama-verde-foto_64
grama-verde-foto_64
grama-verde-foto_64
grama-verde-foto_64
cerca_64
cerca_64
cerca_64
cerca_64
asfalto_64
asfalto_64
Guard_rail_64
grama_lugar_alto_64
grama_lugar_alto_64
grama_lugar_alto_64
torcida_64
Muro_reta_oposta_64
Muro_reta_oposta_64
grama-verde-foto_64
grama-verde-foto_64
grama-verde-foto_64
cerca_64
cerca_64
cerca_64
cerca_64
cerca_64
cerca_64
arvores_reta_2_64
asfalto_64
asfalto_64
asfalto_64
Guard_rail_64
grama_lugar_alto_64
torcida_64
grama-verde-foto_64
grama-verde-foto_64
cerca_64
cerca_64
cerca_64
cerca_64
arvores_reta_1_64
asfalto_64
asfalto_64
grama_lugar_alto_64
torcida_64
Muro_reta_oposta_64
grama-verde-foto_64
grama-verde-foto_64
grama-verde-foto_64
cerca_64
cerca_64
cerca_64
cerca_64
arvores_reta_1_64
asfalto_64
grama-verde-foto_64
grama-verde-foto_64
cerca_64
cerca_64
cerca_64
cerca_64
asfalto_64
Guard_rail_64
grama_lugar_alto_64
grama-verde-foto_64
grama-verde-foto_64
patrocinio_heineken_4_64
cerca_64
cerca_64
cerca_64
cerca_64
Guard_rail_64
grama_lugar_alto_64
Muro_reta_oposta_64
grama-verde-foto_64
cerca_64
cerca_64
cerca_64
cerca_64
arvores_reta_1_64
asfalto_64
patrocinio_heineken_3_64
torcida_64
grama-verde-foto_64
grama-verde-foto_64
grama-verde-foto_64
grama-verde-foto_64
cerca_64
cerca_64
cerca_64
cerca_64
arvores_reta_1_64
asfalto_64
asfalto_64
Zebra_64
grama_lugar_alto_64
torcida_64
Muro_reta_oposta_64
grama-verde-foto_64
grama-verde-foto_64
grama-verde-foto_64
cerca_64
cerca_64
cerca_64
cerca_64
arvores_reta_1_64
asfalto_64
asfalto_64
asfalto_64
Zebra_64
Zebra_64
grama_lugar_alto_64
torcida_64
Muro_reta_oposta_64
grama-verde-foto_64
grama-verde-foto_64
patrocinio_heineken_4_64
mato_3_64
cerca_64
cerca_64
cerca_64
cerca_64
DHL_PROPAGANDA_64
asfalto_64
asfalto_64
Zebra_64
Zebra_64
grama-verde-foto_64
grama-verde-foto_64
mato_3_64
cerca_64
cerca_64
DHL_PROPAGANDA_64
Zebra_64
Zebra_64
grama-verde-foto_64
grama-verde-foto_64
mato_3_64
cerca_64
DHL_PROPAGANDA_64
Zebra_64
Zebra_64
grama-verde-foto_64
mato_3_64
cerca_64
cerca_64
Zebra_64
Zebra_64
grama-verde-foto_64
cerca_64
cerca_64
asfalto_64
asfalto_64
asfalto_64
asfalto_64
asfalto_64
grama_lugar_alto_64
torcida_64
Muro_reta_oposta_64
patrocinio_heineken_4_64
mato_3_64
cerca_64
cerca_64
DHL_PROPAGANDA_64
asfalto_64
asfalto_64
grama_lugar_alto_64
torcida_64
Muro_reta_oposta_64
patrocinio_heineken_4_64
mato_3_64
cerca_64
cerca_64
asfalto_64
torcida_64
Muro_reta_oposta_64
Muro_reta_oposta_64
cerca_64
cerca_64
DHL_PROPAGANDA_64
patrocinioheineken_64
patrocinioheineken_64
patrocinioheineken_64
patrocinio_heineken_3_64
patrocinio_heineken_3_64
patrocinio_heineken_3_64
torcida_64
torcida_64
torcida_64
torcida_64
torcida_64
Muro_reta_oposta_64
Muro_reta_oposta_64
teto_64
teto_64
teto_64
teto_64
teto_64
teto_64
asfalto_64
Zebra_64
grama-verde-foto_64
grama-verde-foto_64
grama-verde-foto_64
patrocinio_heineken_4_64
mato_3_64
mato_3_64
cerca_64
cerca_64
Zebra_64
grama-verde-foto_64
grama-verde-foto_64
grama-verde-foto_64
mato_3_64
mato_3_64
cerca_64
cerca_64
DHL_PROPAGANDA_64
asfalto_64
Zebra_64
grama-verde-foto_64
grama-verde-foto_64
patrocinio_heineken_4_64
mato_3_64
mato_3_64
cerca_64
cerca_64
DHL_PROPAGANDA_64
asfalto_64
grama_lateral_64
grama-verde-foto_64
grama-verde-foto_64
grama-verde-foto_64
patrocinio_heineken_4_64
mato_3_64
cerca_64
cerca_64
asfalto_64
grama_lateral_64
grama-verde-foto_64
grama-verde-foto_64
grama-verde-foto_64
mato_3_64
mato_3_64
cerca_64
cerca_64
DHL_PROPAGANDA_64
asfalto_64
grama_lateral_64
grama-verde-foto_64
grama-verde-foto_64
grama-verde-foto_64
mato_3_64
mato_3_64
cerca_64
DHL_PROPAGANDA_64
asfalto_64
asfalto_64
grama_lateral_64
grama-verde-foto_64
grama-verde-foto_64
grama-verde-foto_64
mato_3_64
mato_3_64
cerca_64
cerca_64
asfalto_64
grama_lateral_64
Zebra_64
grama-verde-foto_64
grama-verde-foto_64
mato_3_64
cerca_64
cerca_64
asfalto_64
grama_lateral_64
Zebra_64
grama-verde-foto_64
grama-verde-foto_64
mato_3_64
mato_3_64
cerca_64
DHL_PROPAGANDA_64
asfalto_64
grama_lateral_64
Zebra_64
grama-verde-foto_64
grama-verde-foto_64
mato_3_64
mato_3_64
cerca_64
Zebra_64
Zebra_64
grama-verde-foto_64
grama-verde-foto_64
mato_3_64
DHL_PROPAGANDA_64
asfalto_64
asfalto_64
Zebra_64
grama-verde-foto_64
grama-verde-foto_64
grama-verde-foto_64
Zebra_64
grama-verde-foto_64
grama-verde-foto_64
grama-verde-foto_64
DHL_PROPAGANDA_64
DHL_PROPAGANDA_64
asfalto_64
Zebra_64
grama-verde-foto_64
grama-verde-foto_64
DHL_PROPAGANDA_64
DHL_PROPAGANDA_64
DHL_PROPAGANDA_64
asfalto_64
Zebra_64
grama-verde-foto_64
grama-verde-foto_64
grama-verde-foto_64
asfalto_64
Zebra_64
grama-verde-foto_64
grama-verde-foto_64
grama-verde-foto_64
DHL_PROPAGANDA_64
asfalto_64
asfalto_64
Zebra_64
grama-verde-foto_64
grama-verde-foto_64
grama-verde-foto_64
DHL_PROPAGANDA_64
asfalto_64
asfalto_64
Zebra_64
grama-verde-foto_64
grama-verde-foto_64
grama-verde-foto_64
DHL_PROPAGANDA_64
DHL_PROPAGANDA_64
grama_lateral_64
grama_lateral_64
grama-verde-foto_64
grama-verde-foto_64
grama-verde-foto_64
grama-verde-foto_64
grama-verde-foto_64
grama-verde-foto_64
grama_lateral_64
grama_lateral_64
grama-verde-foto_64
grama-verde-foto_64
grama-verde-foto_64
grama-verde-foto_64
grama-verde-foto_64
DHL_PROPAGANDA_64
asfalto_64
grama-verde-foto_64
grama-verde-foto_64
grama-verde-foto_64
grama-verde-foto_64
grama-verde-foto_64
grama-verde-foto_64
grama-verde-foto_64
grama-verde-foto_64
grama-verde-foto_64
DHL_PROPAGANDA_64
Lenovo_64
asfalto_64
grama_lateral_64
grama-verde-foto_64
grama-verde-foto_64
grama-verde-foto_64
grama-verde-foto_64
grama-verde-foto_64
grama-verde-foto_64
grama-verde-foto_64
grama-verde-foto_64
grama-verde-foto_64
asfalto_64
grama-verde-foto_64
grama-verde-foto_64
grama-verde-foto_64
grama-verde-foto_64
grama-verde-foto_64
grama-verde-foto_64
asfalto_64
grama-verde-foto_64
grama-verde-foto_64
grama-verde-foto_64
grama-verde-foto_64
grama-verde-foto_64
grama-verde-foto_64
Muro_reta_oposta_64
grama-verde-foto_64
grama-verde-foto_64
grama-verde-foto_64
grama-verde-foto_64
grama-verde-foto_64
Lenovo_64
Lenovo_64
teto_64
asfalto_64
Guard_rail_64
torcida_64
grama-verde-foto_64
grama-verde-foto_64
grama-verde-foto_64
grama-verde-foto_64
Lenovo_64
teto_64
grama-verde-foto_64
grama-verde-foto_64
grama-verde-foto_64
grama-verde-foto_64
Lenovo_64
grama-verde-foto_64
grama-verde-foto_64
grama-verde-foto_64
grama-verde-foto_64
grama-verde-foto_64
grama-verde-foto_64
Lenovo_64
teto_64
grama_lateral_64
Guard_rail_64
grama-verde-foto_64
grama-verde-foto_64
grama-verde-foto_64
Lenovo_64
Guard_rail_64
grama-verde-foto_64
grama-verde-foto_64
grama-verde-foto_64
Lenovo_64
grama-verde-foto_64
grama-verde-foto_64
grama-verde-foto_64
grama-verde-foto_64
Lenovo_64
Muro_reta_oposta_64
grama-verde-foto_64
grama-verde-foto_64
grama-verde-foto_64
grama-verde-foto_64
grama-verde-foto_64
grama-verde-foto_64
Lenovo_64
teto_64
grama_lateral_64
grama_lateral_64
Guard_rail_64
grama-verde-foto_64
grama-verde-foto_64
grama-verde-foto_64
asfalto_64
grama_lateral_64
grama_lateral_64
Guard_rail_64
grama-verde-foto_64
grama-verde-foto_64
grama-verde-foto_64
grama-verde-foto_64
grama-verde-foto_64
grama-verde-foto_64
teto_64
teto_64
predio_podio_64
grama_lateral_64
Zebra_64
grama-verde-foto_64
grama-verde-foto_64
grama-verde-foto_64
grama-verde-foto_64
grama-verde-foto_64
Lenovo_64
teto_64
Zebra_64
grama-verde-foto_64
grama-verde-foto_64
grama-verde-foto_64
teto_64
predio_podio_64
asfalto_64
Zebra_64
Zebra_64
torcida_64
Muro_reta_oposta_64
Muro_reta_oposta_64
grama-verde-foto_64
grama-verde-foto_64
grama-verde-foto_64
patrocinio_heineken_4_64
patrocinio_heineken_4_64
teto_64
teto_64
predio_podio_64
Zebra_64
Zebra_64
torcida_64
grama-verde-foto_64
grama-verde-foto_64
grama-verde-foto_64
patrocinio_heineken_4_64
patrocinio_heineken_4_64
teto_64
teto_64
predio_podio_64
Zebra_64
Zebra_64
torcida_64
Muro_reta_oposta_64
grama-verde-foto_64
grama-verde-foto_64
grama-verde-foto_64
patrocinio_heineken_4_64
Lenovo_64
teto_64
teto_64
predio_podio_64
Zebra_64
Zebra_64
torcida_64
Muro_reta_oposta_64
grama-verde-foto_64
grama-verde-foto_64
grama-verde-foto_64
patrocinio_heineken_4_64
patrocinio_heineken_4_64
teto_64
teto_64
Zebra_64
Zebra_64
torcida_64
Muro_reta_oposta_64
grama-verde-foto_64
grama-verde-foto_64
grama-verde-foto_64
patrocinio_heineken_4_64
patrocinio_heineken_4_64
frente_predio_kobra_64
frente_predio_kobra_64
frente_predio_kobra_64
frente_predio_kobra_64
Zebra_64
Zebra_64
torcida_64
Muro_reta_oposta_64
grama-verde-foto_64
grama-verde-foto_64
patrocinio_heineken_4_64
patrocinio_heineken_4_64
teto_64
frente_predio_kobra_64
frente_predio_kobra_64
frente_predio_kobra_64
frente_predio_kobra_64
Zebra_64
Zebra_64
torcida_64
Muro_reta_oposta_64
grama-verde-foto_64
grama-verde-foto_64
grama-verde-foto_64
patrocinio_heineken_4_64
patrocinio_heineken_4_64
teto_64
frente_predio_kobra_64
frente_predio_kobra_64
frente_predio_kobra_64
asfalto_64
Zebra_64
torcida_64
grama-verde-foto_64
grama-verde-foto_64
patrocinio_heineken_4_64
Lenovo_64
teto_64
frente_predio_kobra_64
frente_predio_kobra_64
frente_predio_kobra_64
frente_predio_kobra_64
asfalto_64
torcida_64
grama-verde-foto_64
grama-verde-foto_64
grama-verde-foto_64
patrocinio_heineken_4_64
Lenovo_64
predio_kobro_64
predio_kobro_64
predio_kobro_64
asfalto_64
Zebra_64
torcida_64
Muro_reta_oposta_64
Muro_reta_oposta_64
Muro_reta_oposta_64
grama-verde-foto_64
patrocinio_heineken_4_64
Lenovo_64
predio_kobro_64
predio_kobro_64
asfalto_64
Zebra_64
Muro_reta_oposta_64
Muro_reta_oposta_64
Muro_reta_oposta_64
Muro_reta_oposta_64
Muro_reta_oposta_64
grama-verde-foto_64
grama-verde-foto_64
grama-verde-foto_64
grama-verde-foto_64
bandeira_imperio_64
Zebra_64
Muro_reta_oposta_64
Muro_reta_oposta_64
grama-verde-foto_64
grama-verde-foto_64
grama-verde-foto_64
grama-verde-foto_64
crypto_64
Zebra_64
Zebra_64
grama-verde-foto_64
grama-verde-foto_64
grama-verde-foto_64
grama-verde-foto_64
crypto_64
crypto_64
asfalto_64
Zebra_64
grama-verde-foto_64
grama-verde-foto_64
grama-verde-foto_64
grama-verde-foto_64
crypto_64
crypto_64
Zebra_64
Muro_reta_oposta_64
Muro_reta_oposta_64
grama-verde-foto_64
grama-verde-foto_64
grama-verde-foto_64
crypto_64
grama_lateral_64
Guard_rail_64
Zebra_64
grama-verde-foto_64
grama-verde-foto_64
crypto_64
Guard_rail_64
Zebra_64
Muro_reta_oposta_64
grama-verde-foto_64
grama-verde-foto_64
grama-verde-foto_64
grama-verde-foto_64
crypto_64
asfalto_64
grama_lateral_64
Zebra_64
Muro_reta_oposta_64
Muro_reta_oposta_64
grama-verde-foto_64
grama-verde-foto_64
grama-verde-foto_64
grama-verde-foto_64
asfalto_64
grama_lateral_64
Zebra_64
grama-verde-foto_64
grama-verde-foto_64
grama-verde-foto_64
grama-verde-foto_64
crypto_64
crypto_64
asfalto_64
grama_lateral_64
Zebra_64
Muro_reta_oposta_64
Muro_reta_oposta_64
grama-verde-foto_64
grama-verde-foto_64
grama-verde-foto_64
crypto_64
Zebra_64
grama_lugar_alto_64
grama_lugar_alto_64
grama_lugar_alto_64
grama_lugar_alto_64
grama_lugar_alto_64
grama_lugar_alto_64
grama-verde-foto_64
grama-verde-foto_64
grama-verde-foto_64
grama-verde-foto_64
crypto_64
Guard_rail_64
Zebra_64
grama_lugar_alto_64
grama_lugar_alto_64
grama_lugar_alto_64
grama_lugar_alto_64
grama_lugar_alto_64
grama_lugar_alto_64
grama-verde-foto_64
grama-verde-foto_64
grama-verde-foto_64
grama-verde-foto_64
crypto_64
asfalto_64
Zebra_64
grama_lugar_alto_64
grama_lugar_alto_64
grama_lugar_alto_64
grama_lugar_alto_64
grama_lugar_alto_64
grama_lugar_alto_64
grama-verde-foto_64
grama-verde-foto_64
grama-verde-foto_64
American_Express_logo_64
Zebra_64
grama_lugar_alto_64
grama_lugar_alto_64
grama_lugar_alto_64
grama-verde-foto_64
grama-verde-foto_64
grama-verde-foto_64
American_Express_logo_64
asfalto_64
Guard_rail_64
Zebra_64
grama_lugar_alto_64
grama_lugar_alto_64
grama_lugar_alto_64
grama-verde-foto_64
grama-verde-foto_64
grama-verde-foto_64
American_Express_logo_64
asfalto_64
Guard_rail_64
Zebra_64
grama_lugar_alto_64
grama_lugar_alto_64
grama_lugar_alto_64
grama-verde-foto_64
grama-verde-foto_64
grama-verde-foto_64
grama-verde-foto_64
Zebra_64
grama-verde-foto_64
grama-verde-foto_64
grama-verde-foto_64
grama-verde-foto_64
grama-verde-foto_64
grama-verde-foto_64
grama-verde-foto_64
grama-verde-foto_64
patrocinio_heineken_4_64
asfalto_64
grama_lateral_64
Guard_rail_64
Zebra_64
grama-verde-foto_64
grama-verde-foto_64
grama-verde-foto_64
grama-verde-foto_64
asfalto_64
patrocinio_heineken_3_64
grama_lateral_64
Guard_rail_64
Guard_rail_64
Zebra_64
grama-verde-foto_64
grama-verde-foto_64
grama-verde-foto_64
asfalto_64
patrocinio_heineken_3_64
grama_lateral_64
Guard_rail_64
Guard_rail_64
Zebra_64
grama-verde-foto_64
grama-verde-foto_64
asfalto_64
patrocinio_heineken_3_64
grama_lateral_64
Guard_rail_64
Guard_rail_64
Zebra_64
grama-verde-foto_64
grama-verde-foto_64
patrocinio_heineken_3_64
grama_lateral_64
Guard_rail_64
Guard_rail_64
Zebra_64
grama-verde-foto_64
grama-verde-foto_64
patrocinio_heineken_3_64
grama_lateral_64
Guard_rail_64
Guard_rail_64
Zebra_64
grama-verde-foto_64
grama-verde-foto_64
asfalto_64
grama_lateral_64
Guard_rail_64
Guard_rail_64
Zebra_64
grama-verde-foto_64
grama-verde-foto_64
grama-verde-foto_64
grama-verde-foto_64
cerca_64
msc_64
msc_64
msc_64
asfalto_64
Guard_rail_64
Guard_rail_64
grama-verde-foto_64
grama-verde-foto_64
grama-verde-foto_64
grama-verde-foto_64
grama-verde-foto_64
grama-verde-foto_64
cerca_64
Guard_rail_64
Guard_rail_64
Zebra_64
grama-verde-foto_64
grama-verde-foto_64
grama-verde-foto_64
grama-verde-foto_64
grama-verde-foto_64
cerca_64
asfalto_64
Guard_rail_64
Guard_rail_64
Zebra_64
grama_lugar_alto_64
grama_lugar_alto_64
grama_lugar_alto_64
grama-verde-foto_64
grama-verde-foto_64
grama-verde-foto_64
grama-verde-foto_64
grama-verde-foto_64
cerca_64
Guard_rail_64
Zebra_64
grama_lugar_alto_64
grama-verde-foto_64
grama-verde-foto_64
grama-verde-foto_64
grama-verde-foto_64
grama-verde-foto_64
cerca_64
Guard_rail_64
Guard_rail_64
grama_lugar_alto_64
grama-verde-foto_64
grama-verde-foto_64
grama-verde-foto_64
grama-verde-foto_64
grama-verde-foto_64
grama-verde-foto_64
cerca_64
asfalto_64
Guard_rail_64
Guard_rail_64
grama_lugar_alto_64
grama_lugar_alto_64
grama_lugar_alto_64
grama-verde-foto_64
grama-verde-foto_64
grama-verde-foto_64
grama-verde-foto_64
grama-verde-foto_64
grama-verde-foto_64
cerca_64
Guard_rail_64
Guard_rail_64
grama_lugar_alto_64
grama_lugar_alto_64
grama_lugar_alto_64
grama-verde-foto_64
grama-verde-foto_64
grama-verde-foto_64
grama-verde-foto_64
grama-verde-foto_64
grama-verde-foto_64
cerca_64
Guard_rail_64
Zebra_64
grama_lugar_alto_64
grama_lugar_alto_64
grama_lugar_alto_64
grama_lugar_alto_64
grama_lugar_alto_64
grama_lugar_alto_64
grama-verde-foto_64
grama-verde-foto_64
grama-verde-foto_64
grama-verde-foto_64
cerca_64
Guard_rail_64
Guard_rail_64
Guard_rail_64
Zebra_64
grama_lugar_alto_64
grama_lugar_alto_64
grama_lugar_alto_64
grama-verde-foto_64
grama-verde-foto_64
grama-verde-foto_64
grama-verde-foto_64
cerca_64
Guard_rail_64
Guard_rail_64
Zebra_64
grama_lugar_alto_64
grama_lugar_alto_64
grama_lugar_alto_64
grama_lugar_alto_64
grama_lugar_alto_64
grama_lugar_alto_64
grama-verde-foto_64
grama-verde-foto_64
grama-verde-foto_64
grama-verde-foto_64
grama-verde-foto_64
cerca_64
asfalto_64
Guard_rail_64
Zebra_64
grama_lugar_alto_64
grama_lugar_alto_64
grama_lugar_alto_64
grama_lugar_alto_64
grama-verde-foto_64
grama-verde-foto_64
grama-verde-foto_64
grama-verde-foto_64
grama-verde-foto_64
cerca_64
aws_64
Guard_rail_64
Guard_rail_64
Zebra_64
grama_lugar_alto_64
grama-verde-foto_64
grama-verde-foto_64
grama-verde-foto_64
grama-verde-foto_64
grama-verde-foto_64
cerca_64
aws_64
asfalto_64
Guard_rail_64
Guard_rail_64
Zebra_64
grama_lugar_alto_64
grama-verde-foto_64
grama-verde-foto_64
grama-verde-foto_64
grama-verde-foto_64
grama-verde-foto_64
cerca_64
aws_64
asfalto_64
Guard_rail_64
Guard_rail_64
Zebra_64
Zebra_64
grama-verde-foto_64
grama-verde-foto_64
grama-verde-foto_64
patrocinio_heineken_4_64
cerca_64
aws_64
Guard_rail_64
Guard_rail_64
Zebra_64
grama-verde-foto_64
grama-verde-foto_64
grama-verde-foto_64
grama-verde-foto_64
grama-verde-foto_64
cerca_64
aws_64
Guard_rail_64
Guard_rail_64
Zebra_64
grama-verde-foto_64
grama-verde-foto_64
cerca_64
aws_64
asfalto_64
Guard_rail_64
Guard_rail_64
grama-verde-foto_64
grama-verde-foto_64
grama-verde-foto_64
grama-verde-foto_64
grama-verde-foto_64
cerca_64
aws_64
asfalto_64
Guard_rail_64
Guard_rail_64
grama-verde-foto_64
grama-verde-foto_64
grama-verde-foto_64
grama-verde-foto_64
grama-verde-foto_64
grama-verde-foto_64
cerca_64
aws_64
Guard_rail_64
Guard_rail_64
grama-verde-foto_64
grama-verde-foto_64
grama-verde-foto_64
grama-verde-foto_64
cerca_64
aws_64
asfalto_64
Guard_rail_64
Guard_rail_64
grama-verde-foto_64
grama-verde-foto_64
grama-verde-foto_64
grama-verde-foto_64
grama-verde-foto_64
cerca_64
aws_64
asfalto_64
Guard_rail_64
grama-verde-foto_64
grama-verde-foto_64
grama-verde-foto_64
grama-verde-foto_64
grama-verde-foto_64
cerca_64
Guard_rail_64
Guard_rail_64
Zebra_64
grama-verde-foto_64
grama-verde-foto_64
grama-verde-foto_64
grama-verde-foto_64
cerca_64
aws_64
patrocinio_heineken_3_64
Guard_rail_64
Guard_rail_64
Zebra_64
grama-verde-foto_64
grama-verde-foto_64
grama-verde-foto_64
patrocinio_heineken_4_64
patrocinio_heineken_3_64
Guard_rail_64
Guard_rail_64
Zebra_64
grama-verde-foto_64
patrocinio_heineken_4_64
patrocinio_heineken_3_64
Guard_rail_64
Guard_rail_64
Zebra_64
grama-verde-foto_64
grama-verde-foto_64
patrocinio_heineken_4_64
patrocinio_heineken_3_64
Guard_rail_64
Guard_rail_64
Zebra_64
grama-verde-foto_64
patrocinio_heineken_4_64
Guard_rail_64
Zebra_64
grama-verde-foto_64
grama-verde-foto_64
patrocinio_heineken_4_64
asfalto_64
patrocinio_heineken_3_64
Guard_rail_64
Guard_rail_64
Zebra_64
grama-verde-foto_64
grama-verde-foto_64
patrocinio_heineken_4_64
asfalto_64
patrocinio_heineken_3_64
Guard_rail_64
Guard_rail_64
Zebra_64
Zebra_64
grama-verde-foto_64
patrocinio_heineken_4_64
American_Express_logo_64
asfalto_64
patrocinio_heineken_3_64
Guard_rail_64
Guard_rail_64
Zebra_64
grama-verde-foto_64
patrocinio_heineken_4_64
American_Express_logo_64
asfalto_64
patrocinio_heineken_3_64
Guard_rail_64
Guard_rail_64
Zebra_64
grama-verde-foto_64
patrocinio_heineken_4_64
asfalto_64
patrocinio_heineken_3_64
Guard_rail_64
Guard_rail_64
Zebra_64
grama-verde-foto_64
crypto_64
Lenovo_64
asfalto_64
patrocinio_heineken_3_64
Guard_rail_64
Guard_rail_64
Zebra_64
grama-verde-foto_64
crypto_64
aws_64
patrocinio_heineken_3_64
Guard_rail_64
Guard_rail_64
grama-verde-foto_64
grama-verde-foto_64
crypto_64
aws_64
asfalto_64
asfalto_64
asfalto_64
patrocinio_heineken_3_64
Guard_rail_64
Guard_rail_64
grama-verde-foto_64
crypto_64
asfalto_64
asfalto_64
patrocinio_heineken_3_64
Guard_rail_64
Guard_rail_64
grama-verde-foto_64
asfalto_64
patrocinio_heineken_3_64
Guard_rail_64
Guard_rail_64
grama-verde-foto_64
asfalto_64
asfalto_64
patrocinio_heineken_3_64
Guard_rail_64
Guard_rail_64
grama-verde-foto_64
asfalto_64
patrocinio_heineken_3_64
Guard_rail_64
Guard_rail_64
grama-verde-foto_64
cerca_64
cerca_64
asfalto_64
asfalto_64
patrocinio_heineken_3_64
Guard_rail_64
Guard_rail_64
grama-verde-foto_64
asfalto_64
asfalto_64
Guard_rail_64
rolex_verde_64
rolex_verde_64
cerca_64
cerca_64
asfalto_64
Guard_rail_64
Guard_rail_64
rolex_verde_64
rolex_verde_64
rolex_verde_64
cerca_64
cerca_64
asfalto_64
Guard_rail_64
rolex_verde_64
rolex_verde_64
asfalto_64
Guard_rail_64
torcida_64
grama-verde-foto_64
grama-verde-foto_64
cerca_64
cerca_64
aws_64
grama-verde-foto_64
rolex_verde_64
rolex_verde_64
asfalto_64
torcida_64
grama-verde-foto_64
aws_64
grama-verde-foto_64
rolex_verde_64
rolex_verde_64
torcida_64
grama-verde-foto_64
grama-verde-foto_64
aws_64
grama-verde-foto_64
rolex_verde_64
torcida_64
aws_64
asfalto_64
grama-verde-foto_64
rolex_verde_64
asfalto_64
torcida_64
grama-verde-foto_64
aws_64
asfalto_64
grama-verde-foto_64
rolex_verde_64
Guard_rail_64
patrocinio_heineken_4_64
asfalto_64
grama-verde-foto_64
rolex_verde_64
Guard_rail_64
grama_lugar_alto_64
patrocinio_heineken_4_64
arvores_reta_1_64
asfalto_64
grama-verde-foto_64
rolex_verde_64
asfalto_64
Guard_rail_64
grama_lugar_alto_64
patrocinio_heineken_4_64
arvores_reta_1_64
grama-verde-foto_64
rolex_verde_64
asfalto_64
Guard_rail_64
grama_lugar_alto_64
patrocinio_heineken_4_64
arvores_reta_1_64
asfalto_64
grama-verde-foto_64
crypto_64
rolex_verde_64
Guard_rail_64
grama_lugar_alto_64
patrocinio_heineken_4_64
arvores_reta_2_64
grama-verde-foto_64
rolex_verde_64
grama-verde-foto_64
rolex_verde_64
asfalto_64
Guard_rail_64
grama_lugar_alto_64
patrocinio_heineken_4_64
arvores_reta_2_64
grama-verde-foto_64
rolex_verde_64
asfalto_64
Guard_rail_64
grama_lugar_alto_64
patrocinio_heineken_4_64
arvores_reta_2_64
grama-verde-foto_64
rolex_verde_64
asfalto_64
Guard_rail_64
grama_lugar_alto_64
patrocinio_heineken_4_64
arvores_reta_1_64
asfalto_64
asfalto_64
Guard_rail_64
grama-verde-foto_64
patrocinio_heineken_4_64
rolex_verde_64
grama_lugar_alto_64
arvores_reta_1_64
asfalto_64
Guard_rail_64
grama_lugar_alto_64
grama-verde-foto_64
patrocinio_heineken_4_64
arvores_reta_1_64
asfalto_64
Guard_rail_64
grama_lugar_alto_64
grama-verde-foto_64
patrocinio_heineken_4_64
rolex_verde_64
arvores_reta_1_64
asfalto_64
asfalto_64
Guard_rail_64
grama_lugar_alto_64
grama-verde-foto_64
patrocinio_heineken_4_64
crypto_64
rolex_verde_64
arvores_reta_1_64
asfalto_64
asfalto_64
Guard_rail_64
grama_lugar_alto_64
patrocinio_heineken_4_64
rolex_verde_64
arvores_reta_2_64
grama_lugar_alto_64
patrocinio_heineken_4_64
crypto_64
rolex_verde_64
arvores_reta_2_64
grama_lugar_alto_64
rolex_verde_64
cerca_64
arvores_reta_2_64
grama_lugar_alto_64
rolex_verde_64
cerca_64
arvores_reta_1_64
asfalto_64
grama_lugar_alto_64
rolex_verde_64
cerca_64
cerca_64
arvores_reta_1_64
grama_lugar_alto_64
rolex_verde_64
cerca_64
cerca_64
arvores_reta_2_64
asfalto_64
grama_lugar_alto_64
rolex_verde_64
cerca_64
arvores_reta_2_64
asfalto_64
grama_lugar_alto_64
rolex_verde_64
arvores_reta_2_64
msc_64
msc_64
asfalto_64
patrocinioheineken_64
grama_lugar_alto_64
rolex_verde_64
cerca_64
arvores_reta_2_64
asfalto_64
patrocinioheineken_64
cerca_64
Lenovo_64
arvores_reta_1_64
patrocinioheineken_64
grama_lugar_alto_64
cerca_64
Lenovo_64
arvores_reta_1_64
patrocinioheineken_64
patrocinio_heineken_3_64
torcida_64
Muro_reta_oposta_64
cerca_64
cerca_64
Lenovo_64
arvores_reta_1_64
asfalto_64
patrocinioheineken_64
patrocinio_heineken_3_64
torcida_64
Muro_reta_oposta_64
cerca_64
Lenovo_64
arvores_reta_1_64
patrocinioheineken_64
patrocinio_heineken_3_64
torcida_64
Muro_reta_oposta_64
cerca_64
Lenovo_64
arvores_reta_2_64
asfalto_64
patrocinioheineken_64
patrocinio_heineken_3_64
torcida_64
Muro_reta_oposta_64
cerca_64
Lenovo_64
arvores_reta_2_64
asfalto_64
patrocinioheineken_64
patrocinio_heineken_3_64
torcida_64
Muro_reta_oposta_64
Lenovo_64
arvores_reta_2_64
asfalto_64
patrocinioheineken_64
patrocinio_heineken_3_64
torcida_64
Muro_reta_oposta_64
cerca_64
arvores_reta_1_64
patrocinioheineken_64
patrocinio_heineken_3_64
torcida_64
arvores_reta_1_64
patrocinioheineken_64
patrocinio_heineken_3_64
torcida_64
arvores_reta_1_64
asfalto_64
patrocinioheineken_64
patrocinio_heineken_3_64
torcida_64
arvores_reta_2_64
patrocinioheineken_64
patrocinio_heineken_3_64
torcida_64
Muro_reta_oposta_64
cerca_64
arvores_reta_2_64
asfalto_64
patrocinioheineken_64
patrocinio_heineken_3_64
Muro_reta_oposta_64
cerca_64
arvores_reta_2_64
patrocinioheineken_64
patrocinio_heineken_3_64
torcida_64
Lenovo_64
arvores_reta_1_64
asfalto_64
asfalto_64
faixa_amarela_64
patrocinio_heineken_3_64
Muro_reta_oposta_64
forte_sec_patrocinio_64
arvores_reta_1_64
msc_64
asfalto_64
faixa_amarela_64
patrocinio_heineken_3_64
torcida_64
Muro_reta_oposta_64
cerca_64
arvores_reta_1_64
msc_64
asfalto_64
patrocinio_heineken_3_64
torcida_64
Muro_reta_oposta_64
arvores_reta_2_64
msc_64
asfalto_64
asfalto_64
patrocinio_heineken_3_64
Muro_reta_oposta_64
forte_sec_patrocinio_64
cerca_64
cerca_64
arvores_reta_2_64
msc_64
asfalto_64
patrocinio_heineken_3_64
torcida_64
Muro_reta_oposta_64
cerca_64
arvores_reta_2_64
msc_64
patrocinio_heineken_3_64
torcida_64
Muro_reta_oposta_64
forte_sec_patrocinio_64
cerca_64
cerca_64
arvores_reta_2_64
msc_64
asfalto_64
patrocinio_heineken_3_64
Muro_reta_oposta_64
arvores_reta_2_64
msc_64
asfalto_64
patrocinio_heineken_3_64
torcida_64
Muro_reta_oposta_64
msc_64
asfalto_64
patrocinio_heineken_3_64
torcida_64
Muro_reta_oposta_64
cerca_64
cerca_64
msc_64
patrocinio_heineken_3_64
torcida_64
Muro_reta_oposta_64
forte_sec_patrocinio_64
arvores_reta_1_64
msc_64
patrocinio_heineken_3_64
torcida_64
Muro_reta_oposta_64
cerca_64
cerca_64
arvores_reta_1_64
msc_64
faixa_amarela_64
patrocinio_heineken_3_64
torcida_64
Muro_reta_oposta_64
cerca_64
arvores_reta_2_64
msc_64
patrocinio_heineken_3_64
torcida_64
Muro_reta_oposta_64
forte_sec_patrocinio_64
cerca_64
cerca_64
arvores_reta_2_64
msc_64
asfalto_64
patrocinio_heineken_3_64
torcida_64
Muro_reta_oposta_64
forte_sec_patrocinio_64
msc_64
asfalto_64
faixa_amarela_64
patrocinio_heineken_3_64
torcida_64
Muro_reta_oposta_64
arvores_reta_1_64
msc_64
asfalto_64
asfalto_64
patrocinio_heineken_3_64
torcida_64
Muro_reta_oposta_64
cerca_64
msc_64
asfalto_64
asfalto_64
faixa_amarela_64
faixa_amarela_64
patrocinio_heineken_3_64
Muro_reta_oposta_64
forte_sec_patrocinio_64
cerca_64
cerca_64
msc_64
faixa_amarela_64
patrocinio_heineken_3_64
patrocinio_heineken_3_64
Muro_reta_oposta_64
Muro_reta_oposta_64
Muro_reta_oposta_64
forte_sec_patrocinio_64
cerca_64
cerca_64
arvores_reta_1_64
msc_64
faixa_amarela_64
patrocinio_heineken_3_64
patrocinio_heineken_3_64
torcida_64
Muro_reta_oposta_64
Muro_reta_oposta_64
Muro_reta_oposta_64
cerca_64
cerca_64
msc_64
faixa_amarela_64
patrocinio_heineken_3_64
patrocinio_heineken_3_64
torcida_64
Muro_reta_oposta_64
Muro_reta_oposta_64
Muro_reta_oposta_64
cerca_64
cerca_64
arvores_reta_2_64
msc_64
faixa_amarela_64
patrocinio_heineken_3_64
patrocinio_heineken_3_64
torcida_64
Muro_reta_oposta_64
Muro_reta_oposta_64
Muro_reta_oposta_64
cerca_64
cerca_64
arvores_reta_2_64
msc_64
faixa_amarela_64
patrocinio_heineken_3_64
patrocinio_heineken_3_64
Muro_reta_oposta_64
Muro_reta_oposta_64
Muro_reta_oposta_64
cerca_64
cerca_64
arvores_reta_1_64
msc_64
patrocinio_heineken_3_64
patrocinio_heineken_3_64
Muro_reta_oposta_64
forte_sec_patrocinio_64
msc_64
asfalto_64
asfalto_64
faixa_amarela_64
faixa_amarela_64
faixa_amarela_64
patrocinioheineken_64
grama-verde-foto_64
grama-verde-foto_64
grama-verde-foto_64
asfalto_64
Guard_rail_64
Guard_rail_64
Zebra_64
grama_lugar_alto_64
grama_lugar_alto_64
torcida_64
grama-verde-foto_64
grama-verde-foto_64
grama-verde-foto_64
grama-verde-foto_64
grama-verde-foto_64
mato_3_64
teto_64
patrocinio_heineken_3_64
patrocinio_heineken_3_64
patrocinio_heineken_3_64
torcida_64
Muro_reta_oposta_64
Muro_reta_oposta_64
frente_box_predio_64
frente_box_predio_64
lateral_predio_64
lateral_predio_64
lateral_predio_64
teto_64
patrocinio_heineken_3_64
patrocinio_heineken_3_64
patrocinio_heineken_3_64
torcida_64
Muro_reta_oposta_64
Muro_reta_oposta_64
cerca_64
teto_64
patrocinio_heineken_3_64
patrocinio_heineken_3_64
patrocinio_heineken_3_64
torcida_64
Muro_reta_oposta_64
Muro_reta_oposta_64
cerca_64
asfalto_64
faixa_amarela_64
patrocinio_heineken_3_64
patrocinio_heineken_3_64
torcida_64
Muro_reta_oposta_64
Muro_reta_oposta_64
Muro_reta_oposta_64
forte_sec_patrocinio_64
forte_sec_patrocinio_64
cerca_64
cerca_64
teto_64
predio_kobro_64
patrocinio_heineken_3_64
patrocinio_heineken_3_64
patrocinio_heineken_3_64
torcida_64
Muro_reta_oposta_64
Muro_reta_oposta_64
cerca_64
cerca_64
Zebra_64
torcida_64
grama-verde-foto_64
grama-verde-foto_64
Lenovo_64
predio_kobro_64
predio_kobro_64
predio_kobro_64
asfalto_64
Guard_rail_64
Zebra_64
torcida_64
Muro_reta_oposta_64
Muro_reta_oposta_64
Muro_reta_oposta_64
Muro_reta_oposta_64
grama-verde-foto_64
grama-verde-foto_64
grama-verde-foto_64
Lenovo_64
bandeira_imperio_64
faixa_amarela_64
faixa_amarela_64
faixa_amarela_64
patrocinio_heineken_3_64
torcida_64
Muro_reta_oposta_64
cerca_64
arvores_reta_1_64
msc_64
asfalto_64
Guard_rail_64
Guard_rail_64
Guard_rail_64
Zebra_64
grama-verde-foto_64
grama-verde-foto_64
grama-verde-foto_64
grama-verde-foto_64
grama-verde-foto_64
cerca_64
asfalto_64
patrocinioheineken_64
torcida_64
arvores_reta_1_64
asfalto_64
Guard_rail_64
Guard_rail_64
grama_lugar_alto_64
grama_lugar_alto_64
grama_lugar_alto_64
grama_lugar_alto_64
grama-verde-foto_64
grama-verde-foto_64
grama-verde-foto_64
grama-verde-foto_64
grama-verde-foto_64
cerca_64
asfalto_64
Guard_rail_64
grama_lugar_alto_64
patrocinio_heineken_4_64
arvores_reta_2_64
patrocinio_heineken_3_64
patrocinio_heineken_3_64
patrocinio_heineken_3_64
torcida_64
Muro_reta_oposta_64
Muro_reta_oposta_64
cerca_64
entrada_box_64
teto_64
