Archive member included to satisfy reference by file (symbol)

../../saturnringlib/../modules/sgl/LIB/LIBCD.A(CDC_CMN.O)
                              src/main.o (CDC_CdInit)
../../saturnringlib/../modules/sgl/LIB/LIBCD.A(CDC_REG.O)
                              ../../saturnringlib/../modules/sgl/LIB/LIBCD.A(CDC_CMN.O) (CDREG_ClrHirqReq)
../../saturnringlib/../modules/sgl/LIB/LIBCD.A(CDC_SUB.O)
                              ../../saturnringlib/../modules/sgl/LIB/LIBCD.A(CDC_CMN.O) (CDSUB_UpdStatus)
../../saturnringlib/../modules/sgl/LIB/LIBCD.A(GFS.O)
                              src/main.o (GFS_Init)
../../saturnringlib/../modules/sgl/LIB/LIBCD.A(GFS_BUF.O)
                              ../../saturnringlib/../modules/sgl/LIB/LIBCD.A(GFS.O) (GFBF_GetNumData)
../../saturnringlib/../modules/sgl/LIB/LIBCD.A(GFS_CDB.O)
                              ../../saturnringlib/../modules/sgl/LIB/LIBCD.A(GFS.O) (GFCB_Close)
../../saturnringlib/../modules/sgl/LIB/LIBCD.A(GFS_CDC.O)
                              ../../saturnringlib/../modules/sgl/LIB/LIBCD.A(GFS.O) (GFCD_SetCdbfs)
../../saturnringlib/../modules/sgl/LIB/LIBCD.A(GFS_CDF.O)
                              ../../saturnringlib/../modules/sgl/LIB/LIBCD.A(GFS.O) (GFCF_Init)
../../saturnringlib/../modules/sgl/LIB/LIBCD.A(GFS_DIR.O)
                              ../../saturnringlib/../modules/sgl/LIB/LIBCD.A(GFS.O) (GFDR_SetupDirTbl)
../../saturnringlib/../modules/sgl/LIB/LIBCD.A(GFS_TRN.O)
                              ../../saturnringlib/../modules/sgl/LIB/LIBCD.A(GFS.O) (GFTR_Setup)
../../saturnringlib/../modules/sgl/LIB/LIBCD.A(CDC_DRV.O)
                              ../../saturnringlib/../modules/sgl/LIB/LIBCD.A(GFS_CDC.O) (CDC_CdPlay)
../../saturnringlib/../modules/sgl/LIB/LIBCD.A(CDC_DEV.O)
                              ../../saturnringlib/../modules/sgl/LIB/LIBCD.A(GFS_CDC.O) (CDC_CdSetCon)
../../saturnringlib/../modules/sgl/LIB/LIBCD.A(CDC_SEL.O)
                              ../../saturnringlib/../modules/sgl/LIB/LIBCD.A(GFS_CDC.O) (CDC_SetFiltRange)
../../saturnringlib/../modules/sgl/LIB/LIBCD.A(CDC_BIF.O)
                              ../../saturnringlib/../modules/sgl/LIB/LIBCD.A(GFS_CDC.O) (CDC_GetBufSiz)
../../saturnringlib/../modules/sgl/LIB/LIBCD.A(CDC_BIO.O)
                              ../../saturnringlib/../modules/sgl/LIB/LIBCD.A(GFS_CDC.O) (CDC_SetSctLen)
../../saturnringlib/../modules/sgl/LIB/LIBCD.A(CDC_CFS.O)
                              ../../saturnringlib/../modules/sgl/LIB/LIBCD.A(GFS_CDC.O) (CDC_ChgDir)
../../saturnringlib/../modules/sgl/LIB/LIBSGL.A(sglA15.o)
                              src/main.o (slSlaveFunc)
../../saturnringlib/../modules/sgl/LIB/LIBSGL.A(sglA16.o)
                              src/main.o (slLookAt)
../../saturnringlib/../modules/sgl/LIB/LIBSGL.A(sglA17.o)
                              src/mesh_renderer.o (slRotZ)
../../saturnringlib/../modules/sgl/LIB/LIBSGL.A(sglA18.o)
                              src/main.o (slRotY)
../../saturnringlib/../modules/sgl/LIB/LIBSGL.A(sglA19.o)
                              src/main.o (slRotX)
../../saturnringlib/../modules/sgl/LIB/LIBSGL.A(sglA20.o)
                              src/main.o (slUnitMatrix)
../../saturnringlib/../modules/sgl/LIB/LIBSGL.A(sglA21.o)
                              src/main.o (slPushMatrix)
../../saturnringlib/../modules/sgl/LIB/LIBSGL.A(sglA27.o)
                              src/main.o (slTranslate)
../../saturnringlib/../modules/sgl/LIB/LIBSGL.A(sglA28.o)
                              src/mesh_renderer.o (slScale)
../../saturnringlib/../modules/sgl/LIB/LIBSGL.A(sglA39.o)
                              src/main.o (slConvert3Dto2DFX)
../../saturnringlib/../modules/sgl/LIB/LIBSGL.A(sglB001.o)
                              src/main.o (slTVOn)
../../saturnringlib/../modules/sgl/LIB/LIBSGL.A(sglB002.o)
                              src/main.o (slColRAMMode)
../../saturnringlib/../modules/sgl/LIB/LIBSGL.A(sglB015.o)
                              src/main.o (slScrAutoDisp)
../../saturnringlib/../modules/sgl/LIB/LIBSGL.A(sglB016.o)
                              src/main.o (slBack1ColSet)
../../saturnringlib/../modules/sgl/LIB/LIBSGL.A(sglB031.o)
                              src/main.o (slMapNbg0)
../../saturnringlib/../modules/sgl/LIB/LIBSGL.A(sglB034.o)
                              src/main.o (slMapNbg3)
../../saturnringlib/../modules/sgl/LIB/LIBSGL.A(sglB035.o)
                              src/main.o (sl1MapRA)
../../saturnringlib/../modules/sgl/LIB/LIBSGL.A(sglB038.o)
                              src/main.o (slRparaInitSet)
../../saturnringlib/../modules/sgl/LIB/LIBSGL.A(sglB040.o)
                              src/main.o (slKtableRA)
../../saturnringlib/../modules/sgl/LIB/LIBSGL.A(sglB042.o)
                              src/main.o (slCurRpara)
../../saturnringlib/../modules/sgl/LIB/LIBSGL.A(sglB043.o)
                              src/main.o (slRparaMode)
../../saturnringlib/../modules/sgl/LIB/LIBSGL.A(sglB044.o)
[...]
Memory Configuration

Name             Origin             Length             Attributes
*default*        0x00000000         0xffffffff

Linker script and memory map


SLSTART         0x06004000       0x30
                0x06004000                        ___Start = .
 *(SLSTART)
 SLSTART        0x06004000       0x28 ../../saturnringlib/../modules/sgl/LIB/LIBSGL.A(sglI00.o)
                0x06004000                SGL_Start
                0x06004002                slStartSGL

.text           0x06004040    0x7d090
 *(.text*)
 .text          0x06004040        0x0 ../../saturnringlib/../modules/sgl/LIB/../SRC/workarea.o
 .text          0x06004040     0x2fec src/camera_system.o
                0x0600420c                CameraSystem::ViewDirection() const
                0x060043a4                CameraSystem::SetCinematicFrame(SRL::Math::Types::Vector3D const&, SRL::Math::Types::Vector3D const&)
                0x060043cc                CameraSystem::CreateSnapshot() const
                0x0600447c                CameraSystem::PresetConfig(CameraSystem::ChasePreset) const
                0x060044f8                CameraSystem::LookTarget(SRL::Math::Types::Vector3D const&, SRL::Math::Types::Vector3D const&) const
                0x060049bc                CameraSystem::ForwardFromYawDeg(long)
                0x06004af8                CameraSystem::UpdateHeadingFromCarMotion(SRL::Math::Types::Vector3D const&) const
                0x06004fbc                CameraSystem::NormalizeYawDeg(long)
                0x06004ff8                CameraSystem::CameraFollowBlendRaw() const
                0x06005050                CameraSystem::UpdateSmoothedCamPitch() const
                0x06005384                CameraSystem::ApplyLocalPitchYZ(long, SRL::Math::Types::Fxp&, SRL::Math::Types::Fxp&)
                0x06005398                CameraSystem::ResolveLocalOffsetWorld(long, long, long, long) const
                0x060054cc                CameraSystem::BoomSafetyConfig(long) const
                0x06005578                CameraSystem::ApplyGradeBehindClearance(SRL::Math::Types::Vector3D const&, SRL::Math::Types::Vector3D const&, long) const
                0x060056b8                CameraSystem::ResolvePresetOffsetWorld() const
                0x060057f4                CameraSystem::InitializeManualOffset()
                0x060058a8                CameraSystem::SetChaseNearFollowDistance(short)
                0x060058e4                CameraSystem::ApplyChasePreset(CameraSystem::ChasePreset, bool)
                0x06005af4                CameraSystem::CameraSystem()
                0x06005af4                CameraSystem::CameraSystem()
                0x060060c0                CameraSystem::ResetToDefaultView()
                0x060062c0                CameraSystem::UpdateFromPad(SRL::Input::Digital&, long&, CameraRig::OrbitState&, bool)
                0x06006978                CameraSystem::CameraLocation(SRL::Math::Types::Vector3D const&) const
 .text._ZN3SRL5Input7Digital6IsHeldERKNS1_6ButtonE
                0x0600702c       0x1c src/camera_system.o
                0x0600702c                SRL::Input::Digital::IsHeld(SRL::Input::Digital::Button const&)
 .text._ZN3SRL6Memory12SimpleMalloc21MergeFreeMemoryBlocksERKNS0_10MemoryZoneEj.isra.0
                0x06007048       0x78 src/camera_system.o
 .text._ZN3SRL4Math5Types3FxpC2Ev
                0x060070c0        0x8 src/camera_system.o
                0x060070c0                SRL::Math::Types::Fxp::Fxp()
                0x060070c0                SRL::Math::Types::Fxp::Fxp()
 .text._ZN3SRL4Math5Types3FxpC2ERKS2_
                0x060070c8        0x8 src/camera_system.o
                0x060070c8                SRL::Math::Types::Fxp::Fxp(SRL::Math::Types::Fxp const&)
                0x060070c8                SRL::Math::Types::Fxp::Fxp(SRL::Math::Types::Fxp const&)
 .text._ZNK3SRL4Math5Types3Fxp8RawValueEv
                0x060070d0        0x4 src/camera_system.o
                0x060070d0                SRL::Math::Types::Fxp::RawValue() const
 .text._ZN3SRL6Memory11HighWorkRam6MallocEj
                0x060070d4      0x1f8 src/camera_system.o
                0x060070d4                SRL::Memory::HighWorkRam::Malloc(unsigned int)
 .text._ZN3SRL6Memory10LowWorkRam4FreeEPv
                0x060072cc      0x170 src/camera_system.o
                0x060072cc                SRL::Memory::LowWorkRam::Free(void*)
 .text._ZN3SRL6Memory4FreeEPv
                0x0600743c      0x25c src/camera_system.o
                0x0600743c                SRL::Memory::Free(void*)
 .text._ZN6Camera13OrbitPositionEN3SRL4Math5Types5AngleES3_NS2_3FxpE
                0x06007698      0x1b0 src/camera_system.o
                0x06007698                Camera::OrbitPosition(SRL::Math::Types::Angle, SRL::Math::Types::Angle, SRL::Math::Types::Fxp)
 .text._ZN12CameraSafety16ResolveBoomGuardERKN3SRL4Math5Types8Vector3DES5_RKNS_6ConfigE
                0x06007848      0x200 src/camera_system.o
                0x06007848                CameraSafety::ResolveBoomGuard(SRL::Math::Types::Vector3D const&, SRL::Math::Types::Vector3D const&, CameraSafety::Config const&)
 .text._ZN3SRL5Types5EventIJEEC2Ev
                0x06007a48       0x40 src/camera_system.o
                0x06007a48                SRL::Types::Event<>::Event()
                0x06007a48                SRL::Types::Event<>::Event()
 .text.startup  0x06007a88      0x198 src/camera_system.o
 .text.exit     0x06007c20       0x54 src/camera_system.o
 .text          0x06007c74     0x1460 src/car_system.o
                0x06007c74                Game::CarSystem::CarCommandAdapter::Brake()
                0x06007cb8                Game::CarSystem::CarCommandAdapter::SteerLeft()
                0x06007ccc                Game::CarSystem::CarCommandAdapter::SteerRight()
                0x06007ce0                Game::CarSystem::CarCommandAdapter::Accelerate()
                0x06007d54                Game::CarSystem::CarSystem(ModelObject*, bool, Game::CarSystem::Config const&)
                0x06007d54                Game::CarSystem::CarSystem(ModelObject*, bool, Game::CarSystem::Config const&)
                0x06008410                Game::CarSystem::UpdateWheels(bool, bool)
                0x0600844c                Game::CarSystem::TickCommandState()
                0x060086b8                Game::CarSystem::SetRuntimeFrameState(Game::GameplayFrameState const&)
                0x0600882c                Game::CarSystem::ApplyGameplayInput(Game::CarSystem::GameplayInputSnapshot const&, unsigned long, Game::GameplayFrameState&)
                0x06008c50                Game::CarSystem::PrepareGameplayFrameState(Game::CarSystem::GameplayInputSnapshot const*, unsigned long, SRL::Math::Types::Vector3D const&, long, bool, Game::GameplayFrameState&)
                0x06008d04                Game::CarSystem::ApplySimulationFrameState(Game::GameplayFrameState const&)
                0x06008d5c                Game::CarSystem::SyncRenderState(SRL::Math::Types::Vector3D const&, long)
                0x06008dac                Game::CarSystem::BuildDrivetrainDebugSnapshot() const
                0x06008e28                Game::CarSystem::WriteCommandsToFrameState(Game::GameplayFrameState&, bool) const
                0x06008e74                Game::CarSystem::SubmitRender(RenderPipeline&, bool)
 .text._ZN4Game9CarSystem8RendererEv
                0x060090d4        0x4 src/car_system.o
                0x060090d4                Game::CarSystem::Renderer()
 .text._ZNK4Game9CarSystem4NameEv
                0x060090d8        0x8 src/car_system.o
                0x060090d8                Game::CarSystem::Name() const
 .text._ZN4Game9CarSystem17CarCommandAdapterD2Ev
                0x060090e0        0x4 src/car_system.o
                0x060090e0                Game::CarSystem::CarCommandAdapter::~CarCommandAdapter()
                0x060090e0                Game::CarSystem::CarCommandAdapter::~CarCommandAdapter()
 .text._ZNK4Game9CarSystem8PositionEv
                0x060090e4       0x3c src/car_system.o
                0x060090e4                Game::CarSystem::Position() const
 .text._ZNK4Game9CarSystem17CarCommandAdapter13WorldPositionEv
                0x06009120       0x88 src/car_system.o
                0x06009120                Game::CarSystem::CarCommandAdapter::WorldPosition() const
 .text._ZNK4Game9CarSystem3YawEv
                0x060091a8       0x74 src/car_system.o
                0x060091a8                Game::CarSystem::Yaw() const
 .text._ZN4Game9CarSystem17CarCommandAdapterD0Ev
                0x0600921c        0xc src/car_system.o
                0x0600921c                Game::CarSystem::CarCommandAdapter::~CarCommandAdapter()
 .text._ZN4Game9CarSystemD0Ev
                0x06009228       0x50 src/car_system.o
                0x06009228                Game::CarSystem::~CarSystem()
 .text._ZN4Game9CarSystemD2Ev
                0x06009278       0x4c src/car_system.o
                0x06009278                Game::CarSystem::~CarSystem()
                0x06009278                Game::CarSystem::~CarSystem()
 .text.startup  0x060092c4      0x198 src/car_system.o
 .text.exit     0x0600945c       0x54 src/car_system.o
 .text          0x060094b0     0x35d0 src/car_wheel_rig.o
                0x0600a27c                CarWheelRig::Update(CarWheelRig::Input const&)
                0x0600a690                CarWheelRig::Apply(MeshRenderer&) const
                0x0600a82c                CarWheelRig::DetectWheelIdsFromMeshtex(unsigned int, std::array<unsigned int, 4u>&, unsigned int&) const
                0x0600ae40                CarWheelRig::DetectWheelIdsFromMeshStats(ModelObject&, bool, SRL::Math::Types::Vector3D const*, unsigned int, std::array<unsigned int, 4u>&, unsigned int&) const
                0x0600b404                CarWheelRig::RefreshWheelGeometryFromCenters()
                0x0600b6a0                CarWheelRig::ClassifyWheels(std::array<unsigned int, 4u> const&, ModelObject&, bool, SRL::Math::Types::Vector3D const*, bool)
                0x0600c888                CarWheelRig::ResetState()
                0x0600c958                CarWheelRig::Initialize(ModelObject&, bool, SRL::Math::Types::Vector3D const*, unsigned int)
                0x0600ca24                CarWheelRig::ClampInt(long, long, long)
                0x0600ca38                CarWheelRig::StepToward(long, long, long)
 .text.startup  0x0600ca80      0x198 src/car_wheel_rig.o
 .text.exit     0x0600cc18       0x54 src/car_wheel_rig.o
 .text          0x0600cc6c      0x374 src/exception_stubs.o
                0x0600cc6c                std::__throw_bad_array_new_length()
                0x0600cc70                std::__throw_bad_alloc()
                0x0600cc74                malloc
                0x0600cca4                free
                0x0600cd20                calloc
                0x0600cd84                realloc
                0x0600cea0                cfree
                0x0600cf1c                _malloc_r
                0x0600cf4c                _free_r
                0x0600cfc8                _calloc_r
                0x0600cfd4                _realloc_r
 .text._ZN3SRL6Memory12SimpleMalloc4FreeERKNS0_10MemoryZoneEPv
                0x0600cfe0       0xe0 src/exception_stubs.o
                0x0600cfe0                SRL::Memory::SimpleMalloc::Free(SRL::Memory::MemoryZone const&, void*)
 .text._ZN3SRL6Memory12SimpleMalloc7ReallocERKNS0_10MemoryZoneEPvj
                0x0600d0c0      0x184 src/exception_stubs.o
                0x0600d0c0                SRL::Memory::SimpleMalloc::Realloc(SRL::Memory::MemoryZone const&, void*, unsigned int)
 .text._ZN3SRL6Memory11HighWorkRam4FreeEPv
                0x0600d244      0x170 src/exception_stubs.o
                0x0600d244                SRL::Memory::HighWorkRam::Free(void*)
 .text._ZN3SRL6Memory11HighWorkRam7ReallocEPvj
                0x0600d3b4      0x370 src/exception_stubs.o
                0x0600d3b4                SRL::Memory::HighWorkRam::Realloc(void*, unsigned int)
 .text._ZN3SRL6Memory10LowWorkRam6MallocEj
                0x0600d724      0x1f8 src/exception_stubs.o
                0x0600d724                SRL::Memory::LowWorkRam::Malloc(unsigned int)
 .text._ZN3SRL6Memory10LowWorkRam7ReallocEPvj
                0x0600d91c      0x3c4 src/exception_stubs.o
                0x0600d91c                SRL::Memory::LowWorkRam::Realloc(void*, unsigned int)
 .text.unlikely
                0x0600dce0       0x12 src/exception_stubs.o
                0x0600dce0                std::__throw_length_error(char const*)
                0x0600dce4                std::__throw_out_of_range(char const*)
                0x0600dce8                std::__throw_out_of_range_fmt(char const*, ...)
 *fill*         0x0600dcf2        0x2 
 .text.startup  0x0600dcf4      0x198 src/exception_stubs.o
 .text.exit     0x0600de8c       0xe8 src/exception_stubs.o
 .text          0x0600df74     0x41ac src/main.o
                0x0600ec70                SRL_AppGetVblankCounter
                0x0600ed70                GameApp::Run()
 .text._ZN3SRL7Tilemap10Interfaces8Bmp2Tile11GetCellDataEv
                0x06012120        0x4 src/main.o
                0x06012120                SRL::Tilemap::Interfaces::Bmp2Tile::GetCellData()
 .text._ZN3SRL7Tilemap10Interfaces8Bmp2Tile10GetMapDataEv
                0x06012124        0x4 src/main.o
                0x06012124                SRL::Tilemap::Interfaces::Bmp2Tile::GetMapData()
 .text._ZN3SRL7Tilemap10Interfaces8Bmp2Tile10GetPalDataEv
                0x06012128        0x4 src/main.o
                0x06012128                SRL::Tilemap::Interfaces::Bmp2Tile::GetPalData()
 .text._ZN3SRL7Tilemap10Interfaces8Bmp2Tile7GetInfoEv
                0x0601212c       0x18 src/main.o
                0x0601212c                SRL::Tilemap::Interfaces::Bmp2Tile::GetInfo()
 .text._ZN3SRL5Input7Digital11IsConnectedEv
                0x06012144       0x28 src/main.o
                0x06012144                SRL::Input::Digital::IsConnected()
 .text._ZN3SRL5Input7Digital11WasReleasedERKNS1_6ButtonE
                0x0601216c       0x2c src/main.o
                0x0601216c                SRL::Input::Digital::WasReleased(SRL::Input::Digital::Button const&)
 .text._ZN3SRL5Input7Digital10WasPressedERKNS1_6ButtonE
                0x06012198       0x2c src/main.o
                0x06012198                SRL::Input::Digital::WasPressed(SRL::Input::Digital::Button const&)
 .text._ZN3SRL5Types5ITask6IsDoneEv
                0x060121c4        0x8 src/main.o
                0x060121c4                SRL::Types::ITask::IsDone()
 .text._ZN3SRL5Types5ITask5StartEv
                0x060121cc       0x18 src/main.o
                0x060121cc                SRL::Types::ITask::Start()
 .text._ZN3SRL5Types5ITask9ResetTaskEv
                0x060121e4        0x8 src/main.o
                0x060121e4                SRL::Types::ITask::ResetTask()
 .text._ZN3SRL6Bitmap3TGA7GetDataEv
                0x060121ec        0x4 src/main.o
                0x060121ec                SRL::Bitmap::TGA::GetData()
 .text._ZN3SRL6Bitmap3TGA7GetInfoEv
                0x060121f0       0x34 src/main.o
                0x060121f0                SRL::Bitmap::TGA::GetInfo()
 .text._ZNK4Game14CarAudioSystem16FixedVoiceRouter12ResolveVoiceENS_15AudioVoiceGroupE
                0x06012224       0x18 src/main.o
                0x06012224                Game::CarAudioSystem::FixedVoiceRouter::ResolveVoice(Game::AudioVoiceGroup) const
 .text._ZN4Game14CarAudioSystem16FixedVoiceRouterD2Ev
                0x0601223c        0x4 src/main.o
                0x0601223c                Game::CarAudioSystem::FixedVoiceRouter::~FixedVoiceRouter()
                0x0601223c                Game::CarAudioSystem::FixedVoiceRouter::~FixedVoiceRouter()
 .text._ZNK4Game18ProjectVoiceRouter12ResolveVoiceENS_15AudioVoiceGroupE
                0x06012240       0x18 src/main.o
                0x06012240                Game::ProjectVoiceRouter::ResolveVoice(Game::AudioVoiceGroup) const
 .text._ZN21SlaveTrackDepthSorterIN16TrackSegmentPoolILj48EN11TrackSystem18SegmentRenderEntryEE6HandleExLj48EE9BuildTaskD2Ev
                0x06012258        0x4 src/main.o
                0x06012258                SlaveTrackDepthSorter<TrackSegmentPool<48u, TrackSystem::SegmentRenderEntry>::Handle, long long, 48u>::BuildTask::~BuildTask()
                0x06012258                SlaveTrackDepthSorter<TrackSegmentPool<48u, TrackSystem::SegmentRenderEntry>::Handle, long long, 48u>::BuildTask::~BuildTask()
 .text._ZN22SlaveTrackDrawProducerIN16TrackSegmentPoolILj48EN11TrackSystem18SegmentRenderEntryEE6HandleELj48EE9BuildTaskD2Ev
                0x0601225c        0x4 src/main.o
                0x0601225c                SlaveTrackDrawProducer<TrackSegmentPool<48u, TrackSystem::SegmentRenderEntry>::Handle, 48u>::BuildTask::~BuildTask()
                0x0601225c                SlaveTrackDrawProducer<TrackSegmentPool<48u, TrackSystem::SegmentRenderEntry>::Handle, 48u>::BuildTask::~BuildTask()
 .text._ZN4Game20CarRenderPrepareTask2DoEv
                0x06012260       0x54 src/main.o
                0x06012260                Game::CarRenderPrepareTask::Do()
 .text._ZN4Game14SimulationTaskD2Ev
                0x060122b4        0x4 src/main.o
                0x060122b4                Game::SimulationTask::~SimulationTask()
                0x060122b4                Game::SimulationTask::~SimulationTask()
 .text._ZN4Game20CarRenderPrepareTaskD2Ev
                0x060122b8        0x4 src/main.o
                0x060122b8                Game::CarRenderPrepareTask::~CarRenderPrepareTask()
                0x060122b8                Game::CarRenderPrepareTask::~CarRenderPrepareTask()
 .text._ZN4Game18ProjectVoiceRouterD2Ev
                0x060122bc        0x4 src/main.o
                0x060122bc                Game::ProjectVoiceRouter::~ProjectVoiceRouter()
                0x060122bc                Game::ProjectVoiceRouter::~ProjectVoiceRouter()
 .text._ZN4Game14CarAudioSystemD2Ev
                0x060122c0        0x4 src/main.o
                0x060122c0                Game::CarAudioSystem::~CarAudioSystem()
                0x060122c0                Game::CarAudioSystem::~CarAudioSystem()
 .text._ZN22SlaveTrackDrawProducerIN16TrackSegmentPoolILj48EN11TrackSystem18SegmentRenderEntryEE6HandleELj48EED2Ev
                0x060122c4        0x4 src/main.o
                0x060122c4                SlaveTrackDrawProducer<TrackSegmentPool<48u, TrackSystem::SegmentRenderEntry>::Handle, 48u>::~SlaveTrackDrawProducer()
                0x060122c4                SlaveTrackDrawProducer<TrackSegmentPool<48u, TrackSystem::SegmentRenderEntry>::Handle, 48u>::~SlaveTrackDrawProducer()
 .text._ZN29TrackCollisionQueryFromSystemD2Ev
                0x060122c8        0x4 src/main.o
                0x060122c8                TrackCollisionQueryFromSystem::~TrackCollisionQueryFromSystem()
                0x060122c8                TrackCollisionQueryFromSystem::~TrackCollisionQueryFromSystem()
 .text._ZN4Game16VehiclePhysicsV2D2Ev
                0x060122cc        0x4 src/main.o
                0x060122cc                Game::VehiclePhysicsV2::~VehiclePhysicsV2()
                0x060122cc                Game::VehiclePhysicsV2::~VehiclePhysicsV2()
 .text._ZN4Game16SimpleCarPhysicsD2Ev
                0x060122d0        0x4 src/main.o
                0x060122d0                Game::SimpleCarPhysics::~SimpleCarPhysics()
                0x060122d0                Game::SimpleCarPhysics::~SimpleCarPhysics()
 .text._ZN4Game18SimpleGameplayTickD2Ev
                0x060122d4        0x4 src/main.o
                0x060122d4                Game::SimpleGameplayTick::~SimpleGameplayTick()
                0x060122d4                Game::SimpleGameplayTick::~SimpleGameplayTick()
 .text._ZNK22SlaveTrackDrawProducerIN16TrackSegmentPoolILj48EN11TrackSystem18SegmentRenderEntryEE6HandleELj48EE7ConsumeEv
                0x060122d8       0x24 src/main.o
                0x060122d8                SlaveTrackDrawProducer<TrackSegmentPool<48u, TrackSystem::SegmentRenderEntry>::Handle, 48u>::Consume() const
 .text._ZNK22SlaveTrackDrawProducerIN16TrackSegmentPoolILj48EN11TrackSystem18SegmentRenderEntryEE6HandleELj48EE5StatsEv
                0x060122fc       0x44 src/main.o
                0x060122fc                SlaveTrackDrawProducer<TrackSegmentPool<48u, TrackSystem::SegmentRenderEntry>::Handle, 48u>::Stats() const
 .text._ZN22SlaveTrackDrawProducerIN16TrackSegmentPoolILj48EN11TrackSystem18SegmentRenderEntryEE6HandleELj48EE9BuildTask2DoEv
                0x06012340       0xa4 src/main.o
                0x06012340                SlaveTrackDrawProducer<TrackSegmentPool<48u, TrackSystem::SegmentRenderEntry>::Handle, 48u>::BuildTask::Do()
 .text._ZNK3SRL4Math5Types3FxpleERKS2_.isra.0
                0x060123e4        0x8 src/main.o
 .text._ZN3SRL5Slave9SlaveTaskEPv
                0x060123ec       0x2c src/main.o
                0x060123ec                SRL::Slave::SlaveTask(void*)
 .text._ZN3SRL4Core14VblankHandlingEv
                0x06012418      0x1b4 src/main.o
                0x06012418                SRL::Core::VblankHandling()
 .text._ZN22SlaveTrackDrawProducerIN16TrackSegmentPoolILj48EN11TrackSystem18SegmentRenderEntryEE6HandleELj48EE10BeginFrameEm
                0x060125cc      0x1b4 src/main.o
                0x060125cc                SlaveTrackDrawProducer<TrackSegmentPool<48u, TrackSystem::SegmentRenderEntry>::Handle, 48u>::BeginFrame(unsigned long)
 .text._ZN4Game18SimpleGameplayTick4TickERNS_18GameplayFrameStateEPKNS_20ITrackCollisionQueryE
                0x06012780      0x19c src/main.o
                0x06012780                Game::SimpleGameplayTick::Tick(Game::GameplayFrameState&, Game::ITrackCollisionQuery const*)
 .text._ZN4Game14SimulationTask2DoEv
                0x0601291c      0x3f0 src/main.o
                0x0601291c                Game::SimulationTask::Do()
 .text._ZNK29TrackCollisionQueryFromSystem24SampleSurfaceYByFamilyIdERKN3SRL4Math5Types8Vector3DEtRNS2_3FxpEPll
                0x06012d0c      0x11c src/main.o
                0x06012d0c                TrackCollisionQueryFromSystem::SampleSurfaceYByFamilyId(SRL::Math::Types::Vector3D const&, unsigned short, SRL::Math::Types::Fxp&, long*, long) const
 .text._ZNK29TrackCollisionQueryFromSystem21ResolvePlanarWallPushERKN3SRL4Math5Types8Vector3DES5_NS2_3FxpERS3_Pll
                0x06012e28      0x1a0 src/main.o
                0x06012e28                TrackCollisionQueryFromSystem::ResolvePlanarWallPush(SRL::Math::Types::Vector3D const&, SRL::Math::Types::Vector3D const&, SRL::Math::Types::Fxp, SRL::Math::Types::Vector3D&, long*, long) const
 .text._ZNK29TrackCollisionQueryFromSystem20SampleSurfaceContactERKN3SRL4Math5Types8Vector3DERN4Game14SurfaceContactEl
                0x06012fc8      0x184 src/main.o
                0x06012fc8                TrackCollisionQueryFromSystem::SampleSurfaceContact(SRL::Math::Types::Vector3D const&, Game::SurfaceContact&, long) const
 .text._ZNK29TrackCollisionQueryFromSystem30SampleSurfaceYBySurfaceTypeSetERKN3SRL4Math5Types8Vector3DEPKhjRNS2_3FxpEPll
                0x0601314c      0x140 src/main.o
                0x0601314c                TrackCollisionQueryFromSystem::SampleSurfaceYBySurfaceTypeSet(SRL::Math::Types::Vector3D const&, unsigned char const*, unsigned int, SRL::Math::Types::Fxp&, long*, long) const
 .text._ZNK29TrackCollisionQueryFromSystem36SampleSurfaceYBySurfaceTypeSetStrictERKN3SRL4Math5Types8Vector3DEPKhjRNS2_3FxpEPll
                0x0601328c      0x140 src/main.o
                0x0601328c                TrackCollisionQueryFromSystem::SampleSurfaceYBySurfaceTypeSetStrict(SRL::Math::Types::Vector3D const&, unsigned char const*, unsigned int, SRL::Math::Types::Fxp&, long*, long) const
 .text._ZNK29TrackCollisionQueryFromSystem31SampleSurfaceYByFamilySetStrictERKN3SRL4Math5Types8Vector3DEPKtjRNS2_3FxpEPll
                0x060133cc      0x148 src/main.o
                0x060133cc                TrackCollisionQueryFromSystem::SampleSurfaceYByFamilySetStrict(SRL::Math::Types::Vector3D const&, unsigned short const*, unsigned int, SRL::Math::Types::Fxp&, long*, long) const
 .text._ZNK29TrackCollisionQueryFromSystem25SampleSurfaceYByFamilySetERKN3SRL4Math5Types8Vector3DEPKtjRNS2_3FxpEPll
                0x06013514      0x148 src/main.o
                0x06013514                TrackCollisionQueryFromSystem::SampleSurfaceYByFamilySet(SRL::Math::Types::Vector3D const&, unsigned short const*, unsigned int, SRL::Math::Types::Fxp&, long*, long) const
 .text._ZNK29TrackCollisionQueryFromSystem40SampleWheelSurfaceBySurfaceTypeSetStrictERKN3SRL4Math5Types8Vector3DEPKhjRN4Game14SurfaceContactEls
                0x0601365c      0x190 src/main.o
                0x0601365c                TrackCollisionQueryFromSystem::SampleWheelSurfaceBySurfaceTypeSetStrict(SRL::Math::Types::Vector3D const&, unsigned char const*, unsigned int, Game::SurfaceContact&, long, short) const
 .text._ZNK29TrackCollisionQueryFromSystem6SampleERKN3SRL4Math5Types8Vector3DERS3_Rl
                0x060137ec      0x264 src/main.o
                0x060137ec                TrackCollisionQueryFromSystem::Sample(SRL::Math::Types::Vector3D const&, SRL::Math::Types::Vector3D&, long&) const
 .text._ZN3SRL4Math5Types3Fxp3MaxERKS2_S4_
                0x06013a50       0x10 src/main.o
                0x06013a50                SRL::Math::Types::Fxp::Max(SRL::Math::Types::Fxp const&, SRL::Math::Types::Fxp const&)
 .text._ZN3SRL4Math5Types3Fxp3MinERKS2_S4_
                0x06013a60       0x10 src/main.o
                0x06013a60                SRL::Math::Types::Fxp::Min(SRL::Math::Types::Fxp const&, SRL::Math::Types::Fxp const&)
 .text._ZN3SRL4Math5Types8Vector3DC2ERKNS1_3FxpES5_S5_
                0x06013a70       0x34 src/main.o
                0x06013a70                SRL::Math::Types::Vector3D::Vector3D(SRL::Math::Types::Fxp const&, SRL::Math::Types::Fxp const&, SRL::Math::Types::Fxp const&)
                0x06013a70                SRL::Math::Types::Vector3D::Vector3D(SRL::Math::Types::Fxp const&, SRL::Math::Types::Fxp const&, SRL::Math::Types::Fxp const&)
 .text._ZN3SRL4Math12Trigonometry5Atan2ERKNS0_5Types3FxpES5_
                0x06013aa4      0x160 src/main.o
                0x06013aa4                SRL::Math::Trigonometry::Atan2(SRL::Math::Types::Fxp const&, SRL::Math::Types::Fxp const&)
 .text._ZN3SRL6Memory12SimpleMalloc6MallocERKNS0_10MemoryZoneEj
                0x06013c04       0xe4 src/main.o
                0x06013c04                SRL::Memory::SimpleMalloc::Malloc(SRL::Memory::MemoryZone const&, unsigned int)
 .text._ZN22SlaveTrackDrawProducerIN16TrackSegmentPoolILj48EN11TrackSystem18SegmentRenderEntryEE6HandleELj48EE9BuildTaskD0Ev
                0x06013ce8      0x104 src/main.o
                0x06013ce8                SlaveTrackDrawProducer<TrackSegmentPool<48u, TrackSystem::SegmentRenderEntry>::Handle, 48u>::BuildTask::~BuildTask()
 .text._ZN21SlaveTrackDepthSorterIN16TrackSegmentPoolILj48EN11TrackSystem18SegmentRenderEntryEE6HandleExLj48EE9BuildTaskD0Ev
                0x06013dec      0x104 src/main.o
                0x06013dec                SlaveTrackDepthSorter<TrackSegmentPool<48u, TrackSystem::SegmentRenderEntry>::Handle, long long, 48u>::BuildTask::~BuildTask()
 .text._ZN4Game14SimulationTaskD0Ev
                0x06013ef0      0x104 src/main.o
                0x06013ef0                Game::SimulationTask::~SimulationTask()
 .text._ZN4Game20CarRenderPrepareTaskD0Ev
                0x06013ff4      0x104 src/main.o
                0x06013ff4                Game::CarRenderPrepareTask::~CarRenderPrepareTask()
 .text._ZN4Game18ProjectVoiceRouterD0Ev
                0x060140f8      0x104 src/main.o
                0x060140f8                Game::ProjectVoiceRouter::~ProjectVoiceRouter()
 .text._ZN4Game14CarAudioSystem16FixedVoiceRouterD0Ev
                0x060141fc      0x104 src/main.o
                0x060141fc                Game::CarAudioSystem::FixedVoiceRouter::~FixedVoiceRouter()
 .text._ZN4Game16VehiclePhysicsV2D0Ev
                0x06014300      0x104 src/main.o
                0x06014300                Game::VehiclePhysicsV2::~VehiclePhysicsV2()
 .text._ZN4Game16SimpleCarPhysicsD0Ev
                0x06014404      0x104 src/main.o
                0x06014404                Game::SimpleCarPhysics::~SimpleCarPhysics()
 .text._ZN22SlaveTrackDrawProducerIN16TrackSegmentPoolILj48EN11TrackSystem18SegmentRenderEntryEE6HandleELj48EED0Ev
                0x06014508      0x104 src/main.o
                0x06014508                SlaveTrackDrawProducer<TrackSegmentPool<48u, TrackSystem::SegmentRenderEntry>::Handle, 48u>::~SlaveTrackDrawProducer()
 .text._ZN29TrackCollisionQueryFromSystemD0Ev
                0x0601460c      0x104 src/main.o
                0x0601460c                TrackCollisionQueryFromSystem::~TrackCollisionQueryFromSystem()
 .text._ZN4Game14CarAudioSystemD0Ev
                0x06014710      0x104 src/main.o
                0x06014710                Game::CarAudioSystem::~CarAudioSystem()
 .text._ZN4Game18SimpleGameplayTickD0Ev
                0x06014814      0x104 src/main.o
                0x06014814                Game::SimpleGameplayTick::~SimpleGameplayTick()
 .text._ZN3SRL6Memory15PlacementMallocEjm
                0x06014918      0x148 src/main.o
                0x06014918                SRL::Memory::PlacementMalloc(unsigned int, unsigned long)
 .text._ZN3SRL2Cd4File4ReadElPv
                0x06014a60      0x110 src/main.o
                0x06014a60                SRL::Cd::File::Read(long, void*)
 .text._ZN3SRL2Cd9ChangeDirEPc
                0x06014b70       0x40 src/main.o
                0x06014b70                SRL::Cd::ChangeDir(char*)
 .text._ZN3SRL4CRAM16SetBankUsedStateEtNS0_16TextureColorModeEb
                0x06014bb0       0xb8 src/main.o
                0x06014bb0                SRL::CRAM::SetBankUsedState(unsigned short, SRL::CRAM::TextureColorMode, bool)
 .text._ZN3SRL4VDP24VRAM8AllocateEmmNS0_8VramBankEh
                0x06014c68       0x68 src/main.o
                0x06014c68                SRL::VDP2::VRAM::Allocate(unsigned long, unsigned long, SRL::VDP2::VramBank, unsigned char)
 .text._ZN3SRL4VDP210InitializeERKNS_5Types9HighColorE
                0x06014cd0      0x1a8 src/main.o
                0x06014cd0                SRL::VDP2::Initialize(SRL::Types::HighColor const&)
 .text._ZN3SRL5Input3Gun11SynchronizeEv
                0x06014e78      0x1d0 src/main.o
                0x06014e78                SRL::Input::Gun::Synchronize()
 .text._ZN3SRL5Sound8Hardware10InitializeEv
                0x06015048      0x578 src/main.o
                0x06015048                SRL::Sound::Hardware::Initialize()
 .text._ZN3SRL5Sound3Pcm8IPcmFile11PlayOnVoiceEhha
                0x060155c0      0x11c src/main.o
                0x060155c0                SRL::Sound::Pcm::IPcmFile::PlayOnVoice(unsigned char, unsigned char, signed char)
 .text._ZN3SRL4Core10InitializeERKNS_5Types9HighColorE
                0x060156dc      0x1f4 src/main.o
                0x060156dc                SRL::Core::Initialize(SRL::Types::HighColor const&)
 .text._ZN3SRL6Bitmap3TGA13DecodePaletteEPhPKNS1_9TgaHeaderEl
                0x060158d0      0x380 src/main.o
                0x060158d0                SRL::Bitmap::TGA::DecodePalette(unsigned char*, SRL::Bitmap::TGA::TgaHeader const*, long)
 .text._ZN11ModelObject19AllocatePaletteBankEN3SRL4CRAM16TextureColorModeE
                0x06015c50      0x218 src/main.o
                0x06015c50                ModelObject::AllocatePaletteBank(SRL::CRAM::TextureColorMode)
 .text._ZN11ModelObject22ReleaseLoadedMeshStateEv
                0x06015e68       0xc4 src/main.o
                0x06015e68                ModelObject::ReleaseLoadedMeshState()
 .text._ZN11ModelObject25RemapLoadedTextureIndicesEjRKSt6vectorIlSaIlEE
                0x06015f2c      0x21c src/main.o
                0x06015f2c                ModelObject::RemapLoadedTextureIndices(unsigned int, std::vector<long, std::allocator<long> > const&)
 .text._ZN11ModelObject18LoadFlatMeshStreamERN3SRL2Cd4FileEj
                0x06016148      0x7d0 src/main.o
                0x06016148                ModelObject::LoadFlatMeshStream(SRL::Cd::File&, unsigned int)
 .text._ZN11ModelObject18LoadFlatMeshBufferEPPcj
                0x06016918      0x7d8 src/main.o
                0x06016918                ModelObject::LoadFlatMeshBuffer(char**, unsigned int)
 .text._ZN11ModelObject20LoadSmoothMeshStreamERN3SRL2Cd4FileEPjj
                0x060170f0      0x9ac src/main.o
                0x060170f0                ModelObject::LoadSmoothMeshStream(SRL::Cd::File&, unsigned int*, unsigned int)
 .text._ZN11ModelObject20LoadSmoothMeshBufferEPPcPjj
                0x06017a9c      0x990 src/main.o
                0x06017a9c                ModelObject::LoadSmoothMeshBuffer(char**, unsigned int*, unsigned int)
 .text._ZN11ModelObject12GetFaceCountEv
                0x0601842c       0x84 src/main.o
                0x0601842c                ModelObject::GetFaceCount()
 .text._ZN11ModelObject13ForceSortModeEN3SRL5Types9Attribute8SortModeE
                0x060184b0       0xf0 src/main.o
                0x060184b0                ModelObject::ForceSortMode(SRL::Types::Attribute::SortMode)
 .text._ZN11ModelObject22ForceUnlitKeepTexturesEv
                0x060185a0       0xf4 src/main.o
                0x060185a0                ModelObject::ForceUnlitKeepTextures()
 .text._ZN11ModelObject30ForceSolidColorPreserveDisplayERKN3SRL5Types9HighColorE
                0x06018694      0x10c src/main.o
                0x06018694                ModelObject::ForceSolidColorPreserveDisplay(SRL::Types::HighColor const&)
 .text._ZN4Game25MemoryBudgetRuntimeBridge19BuildCategoryPolicyEN18MemoryBudgetDomain16ConsumerCategoryE
                0x060187a0       0xf0 src/main.o
                0x060187a0                Game::MemoryBudgetRuntimeBridge::BuildCategoryPolicy(MemoryBudgetDomain::ConsumerCategory)
 .text._ZN4Game14ScspEngineLoop14ParseAndUploadEPhm
                0x06018890      0x220 src/main.o
                0x06018890                Game::ScspEngineLoop::ParseAndUpload(unsigned char*, unsigned long)
 .text._ZN4Game14CarAudioSystem13TickGearShiftERKNS_18GameplayFrameStateE
                0x06018ab0      0x390 src/main.o
                0x06018ab0                Game::CarAudioSystem::TickGearShift(Game::GameplayFrameState const&)
 .text._ZN4Game14CarAudioSystem7OnFrameERKNS_18GameplayFrameStateE
                0x06018e40      0x780 src/main.o
                0x06018e40                Game::CarAudioSystem::OnFrame(Game::GameplayFrameState const&)
 .text._ZN4Game13CdAssetSystem18ParseJsonVec3ByKeyEPKcS2_RN3SRL4Math5Types8Vector3DE
                0x060195c0      0x254 src/main.o
                0x060195c0                Game::CdAssetSystem::ParseJsonVec3ByKey(char const*, char const*, SRL::Math::Types::Vector3D&)
 .text._ZN4Game10CarPhysics13DynamicsModel19ComputePostShiftRpmERKNS_18GameplayFrameStateEssaa
                0x06019814      0x2dc src/main.o
                0x06019814                Game::CarPhysics::DynamicsModel::ComputePostShiftRpm(Game::GameplayFrameState const&, short, short, signed char, signed char)
 .text._ZN4Game10CarPhysics13DynamicsModel20UpdateEngineRpmStateERKNS_18GameplayFrameStateERNS0_13DynamicsStateEsbbRNS1_10ShiftStateE
                0x06019af0      0x5b8 src/main.o
                0x06019af0                Game::CarPhysics::DynamicsModel::UpdateEngineRpmState(Game::GameplayFrameState const&, Game::CarPhysics::DynamicsState&, short, bool, bool, Game::CarPhysics::DynamicsModel::ShiftState&)
 .text._ZN4Game10CarPhysics13DynamicsModel15IntegratePlanarERNS_18GameplayFrameStateERNS0_13DynamicsStateERN3SRL4Math5Types8Vector3DERlRNS0_15FrameStepOutputE
                0x0601a0a8     0x23a0 src/main.o
                0x0601a0a8                Game::CarPhysics::DynamicsModel::IntegratePlanar(Game::GameplayFrameState&, Game::CarPhysics::DynamicsState&, SRL::Math::Types::Vector3D&, long&, Game::CarPhysics::FrameStepOutput&)
 .text._ZN4Game10CarPhysics14GroundFollower21ApplyVerticalAdhesionERNS0_11GroundStateERN3SRL4Math5Types8Vector3DE
                0x0601c448      0x22c src/main.o
                0x0601c448                Game::CarPhysics::GroundFollower::ApplyVerticalAdhesion(Game::CarPhysics::GroundState&, SRL::Math::Types::Vector3D&)
 .text._ZN4Game10CarPhysics14GroundFollower5ResetERNS0_11GroundStateE
                0x0601c674      0x188 src/main.o
                0x0601c674                Game::CarPhysics::GroundFollower::Reset(Game::CarPhysics::GroundState&)
 .text._ZN4Game10CarPhysics14GroundFollower25ResolveWallPushMultiProbeEPKNS_20ITrackCollisionQueryERKN3SRL4Math5Types8Vector3DERKNS7_3FxpESD_SB_lRS8_Ps
                0x0601c7fc      0x400 src/main.o
                0x0601c7fc                Game::CarPhysics::GroundFollower::ResolveWallPushMultiProbe(Game::ITrackCollisionQuery const*, SRL::Math::Types::Vector3D const&, SRL::Math::Types::Fxp const&, SRL::Math::Types::Fxp const&, SRL::Math::Types::Fxp, long, SRL::Math::Types::Vector3D&, short*)
 .text._ZZZN4Game10CarPhysics14GroundFollower18ProbeSurfaceTargetEPKNS_20ITrackCollisionQueryERKN3SRL4Math5Types8Vector3DERKNS7_3FxpESD_lbRNS0_11GroundStateERNS_18GameplayFrameStateEENKUlhSD_SD_E_clEhSD_SD_ENKUlSD_SD_lE_clESD_SD_l
                0x0601cbfc      0x1e8 src/main.o
                0x0601cbfc                Game::CarPhysics::GroundFollower::ProbeSurfaceTarget(Game::ITrackCollisionQuery const*, SRL::Math::Types::Vector3D const&, SRL::Math::Types::Fxp const&, SRL::Math::Types::Fxp const&, long, bool, Game::CarPhysics::GroundState&, Game::GameplayFrameState&)::{lambda(unsigned char, SRL::Math::Types::Fxp const&, SRL::Math::Types::Fxp const&)#1}::operator()(unsigned char, SRL::Math::Types::Fxp const&, SRL::Math::Types::Fxp const&) const::{lambda(SRL::Math::Types::Fxp const&, SRL::Math::Types::Fxp const&, long)#1}::operator()(SRL::Math::Types::Fxp const&, SRL::Math::Types::Fxp const&, long) const
 .text._ZZN4Game10CarPhysics14GroundFollower18ProbeSurfaceTargetEPKNS_20ITrackCollisionQueryERKN3SRL4Math5Types8Vector3DERKNS7_3FxpESD_lbRNS0_11GroundStateERNS_18GameplayFrameStateEENKUlhSD_SD_E_clEhSD_SD_
                0x0601cde4      0x1e0 src/main.o
                0x0601cde4                Game::CarPhysics::GroundFollower::ProbeSurfaceTarget(Game::ITrackCollisionQuery const*, SRL::Math::Types::Vector3D const&, SRL::Math::Types::Fxp const&, SRL::Math::Types::Fxp const&, long, bool, Game::CarPhysics::GroundState&, Game::GameplayFrameState&)::{lambda(unsigned char, SRL::Math::Types::Fxp const&, SRL::Math::Types::Fxp const&)#1}::operator()(unsigned char, SRL::Math::Types::Fxp const&, SRL::Math::Types::Fxp const&) const
 .text._ZN4Game16VehiclePhysicsV224ApplyLowCostWallResponseERNS_10CarPhysics13DynamicsStateERKNS1_15FrameStepOutputERKNS1_11GroundStateERKN3SRL4Math5Types8Vector3DERSD_
                0x0601cfc4      0x4b4 src/main.o
                0x0601cfc4                Game::VehiclePhysicsV2::ApplyLowCostWallResponse(Game::CarPhysics::DynamicsState&, Game::CarPhysics::FrameStepOutput const&, Game::CarPhysics::GroundState const&, SRL::Math::Types::Vector3D const&, SRL::Math::Types::Vector3D&)
 .text._ZN4Game16VehiclePhysicsV28StepOnceERNS_18GameplayFrameStateEPKNS_20ITrackCollisionQueryERN3SRL4Math5Types8Vector3DERl
                0x0601d478     0x3f34 src/main.o
                0x0601d478                Game::VehiclePhysicsV2::StepOnce(Game::GameplayFrameState&, Game::ITrackCollisionQuery const*, SRL::Math::Types::Vector3D&, long&)
 .text._ZN4Game16VehiclePhysicsV24StepERNS_18GameplayFrameStateEPKNS_20ITrackCollisionQueryERN3SRL4Math5Types8Vector3DERl
                0x060213ac      0x1bc src/main.o
                0x060213ac                Game::VehiclePhysicsV2::Step(Game::GameplayFrameState&, Game::ITrackCollisionQuery const*, SRL::Math::Types::Vector3D&, long&)
 .text._ZN4Game16SimpleCarPhysics4StepERNS_18GameplayFrameStateEPKNS_20ITrackCollisionQueryERN3SRL4Math5Types8Vector3DERl
                0x06021568      0x1c8 src/main.o
                0x06021568                Game::SimpleCarPhysics::Step(Game::GameplayFrameState&, Game::ITrackCollisionQuery const*, SRL::Math::Types::Vector3D&, long&)
 .text._ZN13TrackRenderer5ResetEv
                0x06021730      0x2d4 src/main.o
                0x06021730                TrackRenderer::Reset()
 .text._ZN17SkyBackgroundDome6UpdateElll
                0x06021a04      0x170 src/main.o
                0x06021a04                SkyBackgroundDome::Update(long, long, long)
 .text._ZN7PathNya26TryParseWithDescriptorBaseEPKhjbmjRSt5arrayISt6vectorINS_8PointRawESaIS4_EELj3EERj
                0x06021b74      0x38c src/main.o
                0x06021b74                PathNya::TryParseWithDescriptorBase(unsigned char const*, unsigned int, bool, unsigned long, unsigned int, std::array<std::vector<PathNya::PointRaw, std::allocator<PathNya::PointRaw> >, 3u>&, unsigned int&)
 .text._ZN7PathNya5ParseEPKhjRNS_11ParseResultE
                0x06021f00      0x318 src/main.o
                0x06021f00                PathNya::Parse(unsigned char const*, unsigned int, PathNya::ParseResult&)
 .text._ZN18AutoLapRouteDomain26PopulateRouteFromGuideLineER17AutoLapRouteStateR11TrackSystemRKN3SRL4Math5Types8Vector3DERKSt6vectorIS7_18TrackZoneAllocatorIS7_LNS4_6Memory4ZoneE1EEE
                0x06022218      0x584 src/main.o
                0x06022218                AutoLapRouteDomain::PopulateRouteFromGuideLine(AutoLapRouteState&, TrackSystem&, SRL::Math::Types::Vector3D const&, std::vector<SRL::Math::Types::Vector3D, TrackZoneAllocator<SRL::Math::Types::Vector3D, (SRL::Memory::Zone)1> > const&)
 .text._ZN18AutoLapRouteDomain21ResolveRouteGroundYAtERK17AutoLapRouteStateR11TrackSystemRKN3SRL4Math5Types8Vector3DEjRKNS7_3FxpE
                0x0602279c      0x11c src/main.o
                0x0602279c                AutoLapRouteDomain::ResolveRouteGroundYAt(AutoLapRouteState const&, TrackSystem&, SRL::Math::Types::Vector3D const&, unsigned int, SRL::Math::Types::Fxp const&)
 .text._ZN18AutoLapRouteDomain17SimplifyGuideLineERKSt6vectorIN3SRL4Math5Types8Vector3DE18TrackZoneAllocatorIS4_LNS1_6Memory4ZoneE1EEEj
                0x060228b8      0x9ec src/main.o
                0x060228b8                AutoLapRouteDomain::SimplifyGuideLine(std::vector<SRL::Math::Types::Vector3D, TrackZoneAllocator<SRL::Math::Types::Vector3D, (SRL::Memory::Zone)1> > const&, unsigned int)
 .text._ZN18AutoLapRouteDomain20CopyParsedGuideLinesER17AutoLapRouteStateRKN7PathNya11ParseResultE
                0x060232a4      0x25c src/main.o
                0x060232a4                AutoLapRouteDomain::CopyParsedGuideLines(AutoLapRouteState&, PathNya::ParseResult const&)
 .text._ZN15GameLoopRuntime25PrintSegmentWindowOverlayERKNS_22SegmentOverlaySnapshotE
                0x06023500      0x4f0 src/main.o
                0x06023500                GameLoopRuntime::PrintSegmentWindowOverlay(GameLoopRuntime::SegmentOverlaySnapshot const&)
 .text._ZN15GameLoopRuntime25PresentGroundProbeOverlayERKNS_26OverlayDiagnosticsSnapshotE
                0x060239f0      0x384 src/main.o
                0x060239f0                GameLoopRuntime::PresentGroundProbeOverlay(GameLoopRuntime::OverlayDiagnosticsSnapshot const&)
 .text._ZN21GameLoopOverlayDomain27BuildSegmentOverlaySnapshotERKNS_29SegmentSnapshotAssemblyInputsERN15GameLoopRuntime22SegmentOverlaySnapshotE
                0x06023d74      0x2fc src/main.o
                0x06023d74                GameLoopOverlayDomain::BuildSegmentOverlaySnapshot(GameLoopOverlayDomain::SegmentSnapshotAssemblyInputs const&, GameLoopRuntime::SegmentOverlaySnapshot&)
 .text._ZN27GameLoopObservabilityDomain29BuildReuseObservabilityPacketERKNS_32ReuseObservabilityAssemblyInputsE
                0x06024070      0x2e0 src/main.o
                0x06024070                GameLoopObservabilityDomain::BuildReuseObservabilityPacket(GameLoopObservabilityDomain::ReuseObservabilityAssemblyInputs const&)
 .text._ZN27GameLoopObservabilityDomain44TryPresentTrackReuseObservabilityDebugBundleERKN15GameLoopRuntime22TrackReuseRuntimeStateEb.isra.0
                0x06024350      0x5f8 src/main.o
 .text._ZN14GameLoopSystemC2ERKNS_7ContextE
                0x06024948      0x504 src/main.o
                0x06024948                GameLoopSystem::GameLoopSystem(GameLoopSystem::Context const&)
                0x06024948                GameLoopSystem::GameLoopSystem(GameLoopSystem::Context const&)
 .text._ZN14GameLoopSystem28TryDispatchSimulationOnSlaveERKN4Game18GameplayFrameStateE
                0x06024e4c      0x430 src/main.o
                0x06024e4c                GameLoopSystem::TryDispatchSimulationOnSlave(Game::GameplayFrameState const&)
 .text._ZN14GameLoopSystem25ResolveCameraSurfaceGuardERKN3SRL4Math5Types8Vector3DE
                0x0602527c      0x2f8 src/main.o
                0x0602527c                GameLoopSystem::ResolveCameraSurfaceGuard(SRL::Math::Types::Vector3D const&)
 .text._ZN14GameLoopSystem23ResolveCameraFrameStateEv
                0x06025574      0x36c src/main.o
                0x06025574                GameLoopSystem::ResolveCameraFrameState()
 .text._ZN14GameLoopSystem9RenderCarERKN15GameLoopRuntime16CameraFrameStateE
                0x060258e0      0x5b8 src/main.o
                0x060258e0                GameLoopSystem::RenderCar(GameLoopRuntime::CameraFrameState const&)
 .text._ZN14GameLoopSystem16RenderTrackFrameERKN15GameLoopRuntime16CameraFrameStateE
                0x06025e98      0x230 src/main.o
                0x06025e98                GameLoopSystem::RenderTrackFrame(GameLoopRuntime::CameraFrameState const&)
 .text._ZN14GameLoopSystem10RenderAxesEv
                0x060260c8      0x2e8 src/main.o
                0x060260c8                GameLoopSystem::RenderAxes()
 .text._ZN14GameLoopSystem30PrintSegmentOverlapDiagnosticsEmmRKN15GameLoopRuntime30TrackRenderTelemetryViewPacketE
                0x060263b0      0x950 src/main.o
                0x060263b0                GameLoopSystem::PrintSegmentOverlapDiagnostics(unsigned long, unsigned long, GameLoopRuntime::TrackRenderTelemetryViewPacket const&)
 .text._ZN14GameLoopSystem24UpdateRealtimeFpsOverlayEv
                0x06026d00      0x334 src/main.o
                0x06026d00                GameLoopSystem::UpdateRealtimeFpsOverlay()
 .text._ZN14GameLoopSystem22UpdateFrameEndOverlaysEv
                0x06027034      0x1a4 src/main.o
                0x06027034                GameLoopSystem::UpdateFrameEndOverlays()
 .text._ZN14GameLoopSystem26RebuildAutoLapRouteYawDataEv
                0x060271d8      0x4bc src/main.o
                0x060271d8                GameLoopSystem::RebuildAutoLapRouteYawData()
 .text._ZN14GameLoopSystem30InitializeAutoLapRouteIfNeededERKNS_7ContextERN3SRL4Math5Types8Vector3DERlRKNS5_3FxpEl
                0x06027694      0x35c src/main.o
                0x06027694                GameLoopSystem::InitializeAutoLapRouteIfNeeded(GameLoopSystem::Context const&, SRL::Math::Types::Vector3D&, long&, SRL::Math::Types::Fxp const&, long)
 .text._ZN11TrackSystem18SegmentRenderEntryD2Ev
                0x060279f0      0x190 src/main.o
                0x060279f0                TrackSystem::SegmentRenderEntry::~SegmentRenderEntry()
                0x060279f0                TrackSystem::SegmentRenderEntry::~SegmentRenderEntry()
 .text._ZN11TrackSystemD2Ev
                0x06027b80      0x56c src/main.o
                0x06027b80                TrackSystem::~TrackSystem()
                0x06027b80                TrackSystem::~TrackSystem()
 .text._ZN3SRL5Debug12AssertScreenIJEEEvPKcS3_S3_DpT_
                0x060280ec      0x618 src/main.o
                0x060280ec                void SRL::Debug::AssertScreen<>(char const*, char const*, char const*)
 .text._ZN3SRL4VDP24VRAM16AutoAllocateCellERNS_7Tilemap11TilemapInfoEt
                0x06028704      0x1fc src/main.o
                0x06028704                SRL::VDP2::VRAM::AutoAllocateCell(SRL::Tilemap::TilemapInfo&, unsigned short)
 .text._ZN3SRL7Tilemap10Interfaces8Bmp2Tile13ConvertBitmapERNS0_11TilemapInfoERNS_6Bitmap7IBitmapEib.isra.0
                0x06028900      0x3f4 src/main.o
 .text._ZN3SRL5Debug12AssertScreenIJlEEEvPKcS3_S3_DpT_
                0x06028cf4      0x6ec src/main.o
                0x06028cf4                void SRL::Debug::AssertScreen<long>(char const*, char const*, char const*, long)
 .text._ZN3SRL7Tilemap10Interfaces8Bmp2TileC2ERNS_6Bitmap7IBitmapEhNS_6Memory4ZoneE
                0x060293e0      0x2f4 src/main.o
                0x060293e0                SRL::Tilemap::Interfaces::Bmp2Tile::Bmp2Tile(SRL::Bitmap::IBitmap&, unsigned char, SRL::Memory::Zone)
                0x060293e0                SRL::Tilemap::Interfaces::Bmp2Tile::Bmp2Tile(SRL::Bitmap::IBitmap&, unsigned char, SRL::Memory::Zone)
 .text._ZN3SRL5Debug12AssertScreenIJmEEEvPKcS3_S3_DpT_
                0x060296d4      0x6ec src/main.o
                0x060296d4                void SRL::Debug::AssertScreen<unsigned long>(char const*, char const*, char const*, unsigned long)
 .text._ZN3SRL5Sound3Pcm9WaveSound11LoadPcmDataEPhmbb
                0x06029dc0      0x34c src/main.o
                0x06029dc0                SRL::Sound::Pcm::WaveSound::LoadPcmData(unsigned char*, unsigned long, bool, bool)
 .text._ZN3SRL5Debug12AssertScreenIJllEEEvPKcS3_S3_DpT_
                0x0602a10c      0x6fc src/main.o
                0x0602a10c                void SRL::Debug::AssertScreen<long, long>(char const*, char const*, char const*, long, long)
 .text._ZN3SRL5Sound3Pcm9WaveSoundC2EPNS_2Cd4FileE
                0x0602a808      0x348 src/main.o
                0x0602a808                SRL::Sound::Pcm::WaveSound::WaveSound(SRL::Cd::File*)
                0x0602a808                SRL::Sound::Pcm::WaveSound::WaveSound(SRL::Cd::File*)
 .text._ZN4Game14CarAudioSystem10InitializeEv
                0x0602ab50      0x9a8 src/main.o
                0x0602ab50                Game::CarAudioSystem::Initialize()
 .text._ZN3SRL5Debug12AssertScreenIJaEEEvPKcS3_S3_DpT_
                0x0602b4f8      0x6f0 src/main.o
                0x0602b4f8                void SRL::Debug::AssertScreen<signed char>(char const*, char const*, char const*, signed char)
 .text._ZN3SRL6Bitmap3TGA8LoadDataEPNS_2Cd4FileEPNS1_14LoaderSettingsE
                0x0602bbe8      0xfe0 src/main.o
                0x0602bbe8                SRL::Bitmap::TGA::LoadData(SRL::Cd::File*, SRL::Bitmap::TGA::LoaderSettings*)
 .text._ZN3SRL5Debug5PrintIJllEEEvhhPKcDpT_
                0x0602cbc8      0x170 src/main.o
                0x0602cbc8                void SRL::Debug::Print<long, long>(unsigned char, unsigned char, char const*, long, long)
 .text._ZNSt6vectorIhSaIhEE6resizeEj
                0x0602cd38      0x108 src/main.o
                0x0602cd38                std::vector<unsigned char, std::allocator<unsigned char> >::resize(unsigned int)
 .text._ZN14GameLoopSystem17BuildAutoLapRouteERKNS_7ContextERKN3SRL4Math5Types8Vector3DE
                0x0602ce40      0xb54 src/main.o
                0x0602ce40                GameLoopSystem::BuildAutoLapRoute(GameLoopSystem::Context const&, SRL::Math::Types::Vector3D const&)
 .text._ZN14GameLoopSystem18UpdateAutoLapRouteERKNS_7ContextERN3SRL4Math5Types8Vector3DERl
                0x0602d994      0x908 src/main.o
                0x0602d994                GameLoopSystem::UpdateAutoLapRoute(GameLoopSystem::Context const&, SRL::Math::Types::Vector3D&, long&)
 .text._ZN4Game13CdAssetSystem19LoadCarAnchorPointsEv
                0x0602e29c      0x4f4 src/main.o
                0x0602e29c                Game::CdAssetSystem::LoadCarAnchorPoints()
 .text._ZNSt6vectorIN3SRL5Types9HighColorESaIS2_EE6resizeEj
                0x0602e790      0x12c src/main.o
                0x0602e790                std::vector<SRL::Types::HighColor, std::allocator<SRL::Types::HighColor> >::resize(unsigned int)
 .text._ZN11ModelObject11ParseBufferEPKcjj
                0x0602e8bc     0x1074 src/main.o
                0x0602e8bc                ModelObject::ParseBuffer(char const*, unsigned int, unsigned int)
 .text._ZN11ModelObject10LoadBufferEPKcj
                0x0602f930      0x330 src/main.o
                0x0602f930                ModelObject::LoadBuffer(char const*, unsigned int)
 .text._ZN11ModelObject13LoadStreamingEPKcj
                0x0602fc60     0x1624 src/main.o
                0x0602fc60                ModelObject::LoadStreaming(char const*, unsigned int)
 .text._ZN11ModelObjectC2EPKcjbjbbb
                0x06031284      0x2b4 src/main.o
                0x06031284                ModelObject::ModelObject(char const*, unsigned int, bool, unsigned int, bool, bool, bool)
                0x06031284                ModelObject::ModelObject(char const*, unsigned int, bool, unsigned int, bool, bool, bool)
 .text._ZZ13LoadCarToCartPKPKcjbjENKUlS0_E_clES0_
                0x06031538      0x844 src/main.o
                0x06031538                LoadCarToCart(char const* const*, unsigned int, bool, unsigned int)::{lambda(char const*)#1}::operator()(char const*) const
 .text._Z13LoadCarToCartPKPKcjbj
                0x06031d7c      0xae8 src/main.o
                0x06031d7c                LoadCarToCart(char const* const*, unsigned int, bool, unsigned int)
 .text._ZN3SRL5Debug5PrintIJjjEEEvhhPKcDpT_
                0x06032864      0x170 src/main.o
                0x06032864                void SRL::Debug::Print<unsigned int, unsigned int>(unsigned char, unsigned char, char const*, unsigned int, unsigned int)
 .text._ZN9HudSystem25PresentPeriodicFrameStatsEmbbbmmmm
                0x060329d4      0x514 src/main.o
                0x060329d4                HudSystem::PresentPeriodicFrameStats(unsigned long, bool, bool, bool, unsigned long, unsigned long, unsigned long, unsigned long)
 .text._ZN3SRL5Debug5PrintIJjjjjEEEvhhPKcDpT_
                0x06032ee8      0x180 src/main.o
                0x06032ee8                void SRL::Debug::Print<unsigned int, unsigned int, unsigned int, unsigned int>(unsigned char, unsigned char, char const*, unsigned int, unsigned int, unsigned int, unsigned int)
 .text._ZN14GameLoopSystem11FinishFrameEv
                0x06033068      0x60c src/main.o
                0x06033068                GameLoopSystem::FinishFrame()
 .text._ZN3SRL4VDP212ScrollScreenINS0_4RBG0ELs5ELt16EE11LoadTilemapERNS_7Tilemap8ITilemapE
                0x06033674      0x510 src/main.o
                0x06033674                SRL::VDP2::ScrollScreen<SRL::VDP2::RBG0, (short)5, (unsigned short)16>::LoadTilemap(SRL::Tilemap::ITilemap&)
 .text._ZN3SRL5Debug5PrintIJjEEEvhhPKcDpT_
                0x06033b84      0x164 src/main.o
                0x06033b84                void SRL::Debug::Print<unsigned int>(unsigned char, unsigned char, char const*, unsigned int)
 .text._ZN14GameLoopSystem14PollFrameInputEv
                0x06033ce8      0x48c src/main.o
                0x06033ce8                GameLoopSystem::PollFrameInput()
 .text._ZN3SRL4VDP212ScrollScreenINS0_4NBG0ELs1ELt1EE12SetMapLayoutEhhhh
                0x06034174      0x210 src/main.o
                0x06034174                SRL::VDP2::ScrollScreen<SRL::VDP2::NBG0, (short)1, (unsigned short)1>::SetMapLayout(unsigned char, unsigned char, unsigned char, unsigned char)
 .text._ZN3SRL4VDP212ScrollScreenINS0_4NBG0ELs1ELt1EE11LoadTilemapERNS_7Tilemap8ITilemapE
                0x06034384      0x600 src/main.o
                0x06034384                SRL::VDP2::ScrollScreen<SRL::VDP2::NBG0, (short)1, (unsigned short)1>::LoadTilemap(SRL::Tilemap::ITilemap&)
 .text._ZN11SkyPanorama4LoadEPKPKcj
                0x06034984      0x910 src/main.o
                0x06034984                SkyPanorama::Load(char const* const*, unsigned int)
 .text._ZN14SkyEnvironment4LoadEPKPKcj
                0x06035294      0x298 src/main.o
                0x06035294                SkyEnvironment::Load(char const* const*, unsigned int)
 .text.startup  0x0603552c      0x1a8 src/main.o
                0x0603552c                main
 .text._ZN22SlaveTrackDrawProducerIN16TrackSegmentPoolILj48EN11TrackSystem18SegmentRenderEntryEE6HandleELj48EE14BuildFromRangeEPKS4_jj
                0x060356d4      0x324 src/main.o
                0x060356d4                SlaveTrackDrawProducer<TrackSegmentPool<48u, TrackSystem::SegmentRenderEntry>::Handle, 48u>::BuildFromRange(TrackSegmentPool<48u, TrackSystem::SegmentRenderEntry>::Handle const*, unsigned int, unsigned int)
 .text._ZN22SlaveTrackDrawProducerIN16TrackSegmentPoolILj48EN11TrackSystem18SegmentRenderEntryEE6HandleELj48EE5BuildERKSt6vectorIS4_SaIS4_EEj
                0x060359f8       0x18 src/main.o
                0x060359f8                SlaveTrackDrawProducer<TrackSegmentPool<48u, TrackSystem::SegmentRenderEntry>::Handle, 48u>::Build(std::vector<TrackSegmentPool<48u, TrackSystem::SegmentRenderEntry>::Handle, std::allocator<TrackSegmentPool<48u, TrackSystem::SegmentRenderEntry>::Handle> > const&, unsigned int)
 .text._ZN21SlaveTrackDepthSorterIN16TrackSegmentPoolILj48EN11TrackSystem18SegmentRenderEntryEE6HandleExLj48EE8ApplyJobERKNS5_12BuildJobDataER13TrackDrawListIS4_Lj48EE
                0x06035a10      0x138 src/main.o
                0x06035a10                SlaveTrackDepthSorter<TrackSegmentPool<48u, TrackSystem::SegmentRenderEntry>::Handle, long long, 48u>::ApplyJob(SlaveTrackDepthSorter<TrackSegmentPool<48u, TrackSystem::SegmentRenderEntry>::Handle, long long, 48u>::BuildJobData const&, TrackDrawList<TrackSegmentPool<48u, TrackSystem::SegmentRenderEntry>::Handle, 48u>&)
 .text._ZN21SlaveTrackDepthSorterIN16TrackSegmentPoolILj48EN11TrackSystem18SegmentRenderEntryEE6HandleExLj48EE9BuildTask2DoEv
                0x06035b48       0x68 src/main.o
                0x06035b48                SlaveTrackDepthSorter<TrackSegmentPool<48u, TrackSystem::SegmentRenderEntry>::Handle, long long, 48u>::BuildTask::Do()
 .text.exit     0x06035bb0       0x54 src/main.o
 .text          0x06035c04     0x1a3c src/mesh_renderer.o
                0x06035c3c                MeshRenderer::SetSkipMesh(unsigned int)
                0x06035c44                MeshRenderer::SetScale(SRL::Math::Types::Fxp const&)
                0x06035c4c                MeshRenderer::SetOffset(SRL::Math::Types::Vector3D const&)
                0x06035c64                MeshRenderer::SetLightDirection(SRL::Math::Types::Vector3D const&)
                0x06035c74                MeshRenderer::SetBodyAttitude(SRL::Math::Types::Angle const&, SRL::Math::Types::Angle const&)
                0x06035c80                MeshRenderer::ClearMeshLocalTransforms()
                0x06035ee8                MeshRenderer::SetMeshLocalTransform(unsigned int, MeshRenderer::LocalTransform const&)
                0x060361e0                MeshRenderer::DrawMesh(unsigned int)
                0x0603631c                MeshRenderer::Render(SRL::Math::Types::Vector3D const&, SRL::Math::Types::Angle const&, bool)
                0x060368a8                MeshRenderer::ApplyTransform(SRL::Math::Types::Vector3D const&, SRL::Math::Types::Angle const&)
                0x06036984                MeshRenderer::ComputeMeshCenters()
                0x06037220                MeshRenderer::MeshRenderer(ModelObject&, bool, MeshRenderer::Config const&)
                0x06037220                MeshRenderer::MeshRenderer(ModelObject&, bool, MeshRenderer::Config const&)
 .text.startup  0x06037640      0x198 src/mesh_renderer.o
 .text.exit     0x060377d8       0x54 src/mesh_renderer.o
 .text          0x0603782c       0x60 src/track_pipeline_stages.o
                0x0603782c                TrackPipeline::TrackMaintenanceStage::RunInitial(TrackSystem&)
                0x06037838                TrackPipeline::TrackMaintenanceStage::RunPostSlide(TrackSystem&, bool)
                0x06037844                TrackPipeline::TrackMaintenanceStage::RunLegacy(TrackSystem&, bool)
                0x06037850                TrackPipeline::TrackWindowStage::Run(TrackSystem&, SRL::Math::Types::Vector3D const&, SRL::Math::Types::Vector3D const&)
                0x0603785c                TrackPipeline::TrackPrefetchStage::RunCompaction(TrackSystem&, bool)
                0x06037868                TrackPipeline::TrackPrefetchStage::RunPrefetch(TrackSystem&, bool)
                0x06037874                TrackPipeline::TrackLodStage::RunRecovery(TrackSystem&, bool)
                0x06037880                TrackPipeline::TrackWorkingSetStage::Run(TrackSystem&)
 .text.startup  0x0603788c      0x198 src/track_pipeline_stages.o
 .text.exit     0x06037a24       0x54 src/track_pipeline_stages.o
 .text          0x06037a78    0x333a4 src/track_system.o
                0x06043b74                TrackSystem::ComputeRendererCenter(TrackRenderer const&)
                0x06043c8c                TrackSystem::ReleaseRawSegmentCatalog()
                0x06043de0                TrackSystem::ReleaseSeg1Texbanks()
                0x06043f24                TrackSystem::ReleaseSeg1TgaCatalog()
                0x0604408c                TrackSystem::BuildSeg1TexbankCandidatePaths(int, std::array<std::array<char, 40u>, 16u>&, char const**, unsigned int&)
                0x06044368                TrackSystem::LoadSeg1TexbankIndexToCart(unsigned int, int)
                0x06044bf8                TrackSystem::FindRawSegmentCopyById(int) const
                0x06044c30                TrackSystem::FindExistingPath(char const* const*, unsigned int)
                0x06044f08                TrackSystem::ResolveSegmentPath(unsigned int)
                0x06044f90                TrackSystem::CopySegmentById(unsigned int)
                0x06045330                TrackSystem::CopyAllTrackSegments(unsigned int)
                0x060456bc                TrackSystem::BuildSegmentHandleTable()
                0x06045950                TrackSystem::InitializeFamilySlots(std::vector<TrackSystem::Seg1FamilySlotEntry, TrackZoneAllocator<TrackSystem::Seg1FamilySlotEntry, (SRL::Memory::Zone)1> >&, int const*, unsigned int) const
                0x06045b8c                TrackSystem::InitializeFamilySlots(std::vector<TrackSystem::Seg1FamilySlotEntry, TrackZoneAllocator<TrackSystem::Seg1FamilySlotEntry, (SRL::Memory::Zone)1> >&, std::vector<unsigned short, TrackZoneAllocator<unsigned short, (SRL::Memory::Zone)1> > const&) const
                0x06045dc8                TrackSystem::InvalidateFamilySlotIndex() const
                0x06045ddc                TrackSystem::FindTexbankEntryByFamily(TrackSystem::Seg1TexbankCart const&, unsigned short) const
                0x06045e1c                TrackSystem::BuildTrackFamilyLodSlots(std::vector<TrackSystem::Seg1FamilySlotEntry, TrackZoneAllocator<TrackSystem::Seg1FamilySlotEntry, (SRL::Memory::Zone)1> >&)
                0x060460c4                TrackSystem::InvalidateEntryWorkingSetCache(TrackSystem::SegmentRenderEntry&)
                0x060460d0                TrackSystem::RebuildUsedTextureSlotFlagsFromWorkingRefs()
                0x06046180                TrackSystem::GetStrictPendingLodPriority(unsigned int) const
                0x060461b8                TrackSystem::GetTextureUploadBudgetPerFrame() const
                0x060461bc                TrackSystem::ResolveSegmentLodIndexByRank(unsigned int) const
                0x060461c8                TrackSystem::TryGetWindowLogicalRank(long, unsigned int&) const
                0x06046274                TrackSystem::InvalidateActiveWindowLookupTables()
                0x06046288                TrackSystem::LogicalToPhysicalWindowIndex(unsigned int, unsigned int) const
                0x060462c8                TrackSystem::ResolveWindowOutgoingSegmentId(signed char, unsigned int) const
                0x06046314                TrackSystem::ResolveWindowIncomingSegmentId(signed char, unsigned int) const
                0x06046380                TrackSystem::TryResolveWindowEntryIndexBySegmentId(long, unsigned int&)
                0x060464e0                TrackSystem::TryResolveWindowEntryIndexBySegmentId(long, unsigned int&) const
                0x060464ec                TrackSystem::ResolveWindowDropIndexByDirection(signed char, unsigned int, unsigned int&)
                0x0604650c                TrackSystem::ResolveWindowHeadByStartId(unsigned int)
                0x06046594                TrackSystem::AdvanceWindowHeadByDirection(signed char, unsigned int)
                0x0604660c                TrackSystem::RebuildActiveWindowLookupTables()
                0x0604662c                TrackSystem::FindWindowEntryByIdFast(long)
                0x06046668                TrackSystem::FindWindowEntryByIdFast(long) const
                0x060466a4                TrackSystem::EnsureWallSegmentCache(TrackSystem::SegmentRenderEntry&) const
                0x060487fc                TrackSystem::HasPendingStabilizedWindowLodChanges() const
                0x06048810                TrackSystem::ResetPendingStabilizedLodRanks()
                0x0604884c                TrackSystem::UpdateDesiredStabilizedWindowLodTargets()
                0x06048960                TrackSystem::QueuePendingStabilizedLodRank(unsigned int)
                0x06048988                TrackSystem::SeedPendingStabilizedLodRanksForWindow()
                0x06048b40                TrackSystem::ResetSlideBackBuffer()
                0x06048c98                TrackSystem::DemobilizeSegmentSlotMetadata(TrackSystem::SegmentRenderEntry&)
                0x06048d94                TrackSystem::ApplyActiveRendererCapacityFloor(TrackRenderer&)
                0x06048fe0                TrackSystem::CaptureTrackTextureHeapBase()
                0x06049004                TrackSystem::RebaseTrackTextureHeapBase()
                0x06049028                TrackSystem::ShouldRecycleTrackTextureHeap() const
                0x0604902c                TrackSystem::ShouldCompactTrackTextureHeapInStabilization() const
                0x060491f8                TrackSystem::RecycleTrackTextureHeap()
                0x06049478                TrackSystem::EstimateWorkRamRetainedBytes() const
                0x06049520                TrackSystem::EstimateLowWorkRamRetainedBytes() const
                0x06049c38                TrackSystem::CaptureLowWorkBreakdown() const
                0x0604a32c                TrackSystem::AllocateWorkRamEmergencyReserve()
                0x0604a384                TrackSystem::ReleaseWorkRamEmergencyReserve()
                0x0604a3cc                TrackSystem::ReacquireWorkRamEmergencyReserve()
                0x0604a424                TrackSystem::ClassifyMemoryPressure(unsigned int, bool) const
                0x0604a448                TrackSystem::ReleaseTrackFamilyResourcesImmediate(TrackSystem::MemoryPressureLevel)
                0x0604a54c                TrackSystem::EmitWorkRamLivePointersTelemetry()
                0x0604a564                TrackSystem::PrewarmUpcomingBoundaryLods()
                0x0604a568                TrackSystem::ReleaseUnusedFamilyResourcesEndFrame()
                0x0604a584                TrackSystem::EmitFamilyWorkingSetTelemetry() const
                0x0604a588                TrackSystem::ResolveCameraWindowDirection(SRL::Math::Types::Vector3D const&, SRL::Math::Types::Vector3D const&, SRL::Math::Types::Vector3D const&) const
                0x0604a810                TrackSystem::UpdateCameraDrivenWindowDirection(SRL::Math::Types::Vector3D const&, SRL::Math::Types::Vector3D const&, SRL::Math::Types::Vector3D const&)
                0x0604a984                TrackSystem::UpdateActiveSegmentWindowForPosition(SRL::Math::Types::Vector3D const&, SRL::Math::Types::Vector3D const&)
                0x0604b294                TrackSystem::ResolveInitialLoadLimit(TrackSystem::Config const&) const
                0x0604b298                TrackSystem::ApplyTrackSlaveMode()
                0x0604b2ec                TrackSystem::SetTrackSlaveMode(bool)
                0x0604b340                TrackSystem::ConfigureCoordinatorAndBudget(TrackSystem::Config const&)
                0x0604b62c                TrackSystem::LogInitialSegmentDiagnostics() const
                0x0604b7d4                TrackSystem::TickRuntimeFrameCooldowns()
                0x0604b820                TrackSystem::ShouldRunPostSlideMaintenance(bool) const
                0x0604b8bc                TrackSystem::SetObservedCarSegmentId(long)
                0x0604bb54                TrackSystem::BuildVisibleSegmentOrder(SRL::Math::Types::Vector3D const&, SRL::Math::Types::Vector3D const&)
                0x0604cac0                TrackSystem::RunSeg1DiagnosticsForFrame()
                0x0604cac4                TrackSystem::RunWindowStage(SRL::Math::Types::Vector3D const&, SRL::Math::Types::Vector3D const&)
                0x0604cb14                TrackSystem::RunTextureCompactionStage(bool)
                0x0604cb18                TrackSystem::UpdatePrefetchSpeedProxy(SRL::Math::Types::Vector3D const&)
                0x0604cc10                TrackSystem::RunLegacyMaintenanceStage(bool)
                0x0604cc14                TrackSystem::ResetFramePlan(TrackSystem::TrackFramePlan&) const
                0x0604cc74                TrackSystem::ApplyFramePlanLodTargets(TrackSystem::TrackFramePlan const&)
                0x0604cc88                TrackSystem::PromoteLastValidFramePlanForCurrentFrame(bool)
                0x0604ce1c                TrackSystem::BuildOrderedHandlesStage(SRL::Math::Types::Vector3D const&, SRL::Math::Types::Vector3D const&, std::vector<TrackSegmentPool<48u, TrackSystem::SegmentRenderEntry>::Handle, std::allocator<TrackSegmentPool<48u, TrackSystem::SegmentRenderEntry>::Handle> >&)
                0x0604ce2c                TrackSystem::ShouldRunFramePlanThisFrame(bool)
                0x0604cea4                TrackSystem::FinalizeDrawStage(unsigned short, std::array<unsigned char, 49u> const&, std::array<unsigned char, 49u> const*)
                0x0604d014                TrackSystem::PresentVdp1FpsTelemetry()
                0x0604d030                TrackSystem::PresentPerFrameDebugOverlay()
                0x0604d034                TrackSystem::PresentCoordinatorTelemetryAndSoak()
                0x0604d0b0                TrackSystem::PresentSh2UsageOverlay()
                0x0604d0b4                TrackSystem::UpdateAdaptiveBudgetAfterFrame()
                0x0604d0b8                TrackSystem::FindNearestSegment(SRL::Math::Types::Vector3D const&, SRL::Math::Types::Vector3D const&, long&, SRL::Math::Types::Vector3D&) const
                0x0604d32c                TrackSystem::FindSurfaceYByFamilySet(SRL::Math::Types::Vector3D const&, SRL::Math::Types::Vector3D const&, unsigned short const*, unsigned int, SRL::Math::Types::Fxp&, long*, long, bool, unsigned short*, unsigned char*, short*, short, bool, unsigned char const*, unsigned int) const
                0x0604e00c                TrackSystem::FindSurfaceYByFamilyId(SRL::Math::Types::Vector3D const&, SRL::Math::Types::Vector3D const&, unsigned short, SRL::Math::Types::Fxp&, long*, long, bool) const
                0x0604e078                TrackSystem::FindSurfaceYBySurfaceTypeSet(SRL::Math::Types::Vector3D const&, SRL::Math::Types::Vector3D const&, unsigned char const*, unsigned int, SRL::Math::Types::Fxp&, long*, long, bool, unsigned short*, unsigned char*, short*, short, bool) const
                0x0604e124                TrackSystem::FindSurfaceContact(SRL::Math::Types::Vector3D const&, SRL::Math::Types::Vector3D const&, Game::SurfaceContact&, long, bool) const
                0x0604e264                TrackSystem::FindSegmentCenterById(long, SRL::Math::Types::Vector3D const&, SRL::Math::Types::Vector3D&) const
                0x0604e37c                TrackSystem::FindPlanarWallPush(SRL::Math::Types::Vector3D const&, SRL::Math::Types::Vector3D const&, SRL::Math::Types::Vector3D const&, SRL::Math::Types::Fxp, SRL::Math::Types::Vector3D&, long*, long, bool) const
                0x0604e964                TrackSystem::GetRenderWindowDebugSnapshot(long&, signed char&, unsigned short&) const
                0x0604ea0c                TrackSystem::GetRenderWindowSegmentIdAt(unsigned int, long&) const
                0x0604eab4                TrackSystem::HasSmoothSegments() const
                0x0604eae4                TrackSystem::MaxSegmentFaceCount() const
                0x0604eb24                TrackSystem::MaxSegmentVertexCount() const
                0x0604f14c                TrackSystem::ResetSlidePrefetchState()
                0x06054c3c                TrackSystem::BuildSegmentCenterCatalog()
                0x06054f40                TrackSystem::TryLoadFamilyLodSlot(TrackSystem::Seg1FamilySlotEntry&, unsigned char, bool, bool, bool*, bool*, bool*, int*)
                0x06055e78                TrackSystem::PreloadFullTrackFamilyLodCache()
                0x06056ef8                TrackSystem::PreloadTgaCatalogFromSegmentsMap()
                0x06059c8c                TrackSystem::BuildSegmentIntoRenderer(long, TrackRenderer&, SRL::Math::Types::Vector3D&, std::vector<unsigned short, TrackZoneAllocator<unsigned short, (SRL::Memory::Zone)1> >&, unsigned char)
                0x06059d4c                TrackSystem::BuildSegmentIntoSlideScratch(long, SRL::Math::Types::Vector3D&, std::vector<unsigned short, TrackZoneAllocator<unsigned short, (SRL::Memory::Zone)1> >&, unsigned char)
                0x0605a044                TrackSystem::BuildSegmentIntoPrefetch(long, bool)
                0x0605a460                TrackSystem::TrimWorkRamRetainedCapacities(bool, long*)
                0x0605b9a4                TrackSystem::RunWorkRamMaintenance(bool)
                0x0605c254                TrackSystem::RunInitialMaintenanceStage()
                0x0605c330                TrackSystem::RunPostSlideMaintenanceStage(bool)
                0x0605c3c4                TrackSystem::PrimeRuntimeScratchCapacities()
                0x0605d1a8                TrackSystem::BuildSegmentRenderers(std::vector<TrackSystem::TrackSegmentEntry, TrackZoneAllocator<TrackSystem::TrackSegmentEntry, (SRL::Memory::Zone)1> >&)
                0x0605ea34                TrackSystem::EnsureSurfaceFamilyLookupCapacity(unsigned int)
                0x0605ea94                TrackSystem::EnsureFamilySlotIndexCapacity(unsigned int) const
                0x0605eafc                TrackSystem::RebuildFamilySlotIndex() const
                0x0605ebe0                TrackSystem::FindFamilySlot(std::vector<TrackSystem::Seg1FamilySlotEntry, TrackZoneAllocator<TrackSystem::Seg1FamilySlotEntry, (SRL::Memory::Zone)1> >&, unsigned short)
                0x0605ec94                TrackSystem::RebuildEntryWorkingSetCache(TrackSystem::SegmentRenderEntry&)
                0x0605f37c                TrackSystem::RebuildUsedTextureSlotFlagsFromCurrentFaces()
                0x0605f3b8                TrackSystem::EnsureFamilyLodSlotLoaded(std::vector<TrackSystem::Seg1FamilySlotEntry, TrackZoneAllocator<TrackSystem::Seg1FamilySlotEntry, (SRL::Memory::Zone)1> >&, unsigned short, unsigned char, bool)
                0x0605f488                TrackSystem::TryGetBestFamilyLodSlot(std::vector<TrackSystem::Seg1FamilySlotEntry, TrackZoneAllocator<TrackSystem::Seg1FamilySlotEntry, (SRL::Memory::Zone)1> >&, unsigned short, unsigned char, unsigned short&, unsigned char*, bool, bool)
                0x0605f654                TrackSystem::ResolveBestEffortFaceSlots(std::vector<unsigned short, TrackZoneAllocator<unsigned short, (SRL::Memory::Zone)1> > const&, unsigned char, std::vector<TrackSystem::Seg1FamilySlotEntry, TrackZoneAllocator<TrackSystem::Seg1FamilySlotEntry, (SRL::Memory::Zone)1> >&, std::vector<short, TrackZoneAllocator<short, (SRL::Memory::Zone)1> >&, bool, bool)
                0x0605f8a8                TrackSystem::PrewarmNextSegmentLod32()
                0x0605fddc                TrackSystem::TryPrefetchUpcomingSegment()
                0x0605ffb0                TrackSystem::RunPrefetchStage(bool)
                0x06060000                TrackSystem::MergeCurrentWindowFamilies()
                0x060603a0                TrackSystem::CommitStabilizedSlideBackBuffer()
                0x06060a5c                TrackSystem::ValidateStabilizedWindowInvariants()
                0x06061008                TrackSystem::RunEndFrameResourceMaintenance()
                0x06061260                TrackSystem::EndFrame()
                0x060612c8                TrackSystem::TryGetFamilyLodSlot(std::vector<TrackSystem::Seg1FamilySlotEntry, TrackZoneAllocator<TrackSystem::Seg1FamilySlotEntry, (SRL::Memory::Zone)1> > const&, unsigned short, unsigned char, unsigned short&) const
                0x06061328                TrackSystem::FindFamilySlot(std::vector<TrackSystem::Seg1FamilySlotEntry, TrackZoneAllocator<TrackSystem::Seg1FamilySlotEntry, (SRL::Memory::Zone)1> > const&, unsigned short) const
                0x06061334                TrackSystem::RebuildSegmentFaceSlotsForBaseRank(TrackSystem::SegmentRenderEntry&, unsigned int, std::vector<TrackSystem::Seg1FamilySlotEntry, TrackZoneAllocator<TrackSystem::Seg1FamilySlotEntry, (SRL::Memory::Zone)1> >&, bool)
                0x06061370                TrackSystem::BuildSegmentLodState(TrackSystem::SegmentRenderEntry&, SegmentComponent::Blob const&, SegmentComponent::Loader::MatView const&, std::vector<TrackSystem::Seg1FamilySlotEntry, TrackZoneAllocator<TrackSystem::Seg1FamilySlotEntry, (SRL::Memory::Zone)1> >&)
                0x06061500                TrackSystem::RebuildSegmentFaceSlotsForLod(TrackSystem::SegmentRenderEntry&, unsigned char, std::vector<TrackSystem::Seg1FamilySlotEntry, TrackZoneAllocator<TrackSystem::Seg1FamilySlotEntry, (SRL::Memory::Zone)1> >&, bool)
                0x06061540                TrackSystem::UpdateVisibleSegmentLods(std::vector<TrackSegmentPool<48u, TrackSystem::SegmentRenderEntry>::Handle, std::allocator<TrackSegmentPool<48u, TrackSystem::SegmentRenderEntry>::Handle> > const&)
                0x06061820                TrackSystem::RebuildTrackTextureResidencyForWindow(bool)
                0x06061d04                TrackSystem::ApplyInitialSdrFamilySlots()
                0x06061eb4                TrackSystem::PrepareStabilizedSlideBackBuffer(unsigned int, signed char, long, long)
                0x06062b84                TrackSystem::UpdateStabilizedWindowLodBands()
                0x06062ee0                TrackSystem::RebuildSafeSegmentEntry(TrackSystem::SegmentRenderEntry&)
                0x0606367c                TrackSystem::ApplyStabilizedLodForLogicalRank(unsigned int)
                0x060639d4                TrackSystem::UpdateStabilizedWindowLodBoundaries()
                0x06063a50                TrackSystem::ProcessPendingStabilizedWindowLodChanges(unsigned char)
                0x06063e18                TrackSystem::RunPendingLodRecoveryStage(bool)
                0x0606427c                TrackSystem::RefreshFamilyWorkingSet(bool)
                0x060644a4                TrackSystem::RunWorkingSetStage()
                0x06064518                TrackSystem::ResetFamilyLookupTables()
                0x0606456c                TrackSystem::LoadSurfaceCollisionMaps()
                0x06064c00                TrackSystem::ResetInitializationState()
                0x060652dc                TrackSystem::RebuildActiveSegmentWindow(long, unsigned int, signed char)
                0x06066380                TrackSystem::PrepareInitialSegmentPackages(unsigned int)
                0x060663e0                TrackSystem::Initialize(TrackSystem::Config const&)
                0x060667a4                TrackSystem::ValidateAndRepairWindowState()
                0x06066e48                TrackSystem::ExecuteDeterministicStabilizedSlide(unsigned int, signed char, long, long)
                0x060689dc                TrackSystem::SlideActiveSegmentWindow(unsigned int, signed char)
                0x060689f0                TrackSystem::BeginFrame(unsigned long)
                0x060693cc                TrackSystem::BuildStabilizedSortedHandles(SRL::Math::Types::Vector3D const&, SRL::Math::Types::Vector3D const&)
                0x06069d84                TrackSystem::BuildAndApplyFramePlanStage(SRL::Math::Types::Vector3D const&, SRL::Math::Types::Vector3D const&, SRL::Math::Types::Vector3D const&)
                0x0606a260                TrackSystem::RunFramePlanStage(SRL::Math::Types::Vector3D const&, SRL::Math::Types::Vector3D const&, SRL::Math::Types::Vector3D const&, bool)
                0x0606a334                TrackSystem::RenderVisibleSegmentOrderStabilized(SRL::Math::Types::Vector3D const&, SRL::Math::Types::Vector3D const&, SRL::Math::Types::Vector3D const&, std::array<unsigned char, 49u>&, std::array<unsigned char, 49u>*, bool&)
                0x0606ab38                TrackSystem::RenderVisibleSegmentOrder(std::vector<TrackSegmentPool<48u, TrackSystem::SegmentRenderEntry>::Handle, std::allocator<TrackSegmentPool<48u, TrackSystem::SegmentRenderEntry>::Handle> > const*, SRL::Math::Types::Vector3D const&, SRL::Math::Types::Vector3D const&, SRL::Math::Types::Vector3D const&, std::array<unsigned char, 49u>&, std::array<unsigned char, 49u>*, bool&, bool&)
                0x0606ab8c                TrackSystem::RunDrawStage(std::vector<TrackSegmentPool<48u, TrackSystem::SegmentRenderEntry>::Handle, std::allocator<TrackSegmentPool<48u, TrackSystem::SegmentRenderEntry>::Handle> > const*, SRL::Math::Types::Vector3D const&, SRL::Math::Types::Vector3D const&, SRL::Math::Types::Vector3D const&, std::array<unsigned char, 49u>&, std::array<unsigned char, 49u>*, bool&, bool&)
                0x0606ac1c                TrackSystem::RenderFrame(bool, SRL::Math::Types::Vector3D const&, SRL::Math::Types::Vector3D const&, SRL::Math::Types::Vector3D const&, SRL::Math::Types::Vector3D const&, SRL::Math::Types::Vector3D const&)
 .text._ZN3SRL4Math5Types3FxpC2ERKs
                0x0606ae1c        0x8 src/track_system.o
                0x0606ae1c                SRL::Math::Types::Fxp::Fxp(short const&)
                0x0606ae1c                SRL::Math::Types::Fxp::Fxp(short const&)
 .text._ZN3SRL4Math5Types8Vector3DC2ERKS2_
                0x0606ae24       0x34 src/track_system.o
                0x0606ae24                SRL::Math::Types::Vector3D::Vector3D(SRL::Math::Types::Vector3D const&)
                0x0606ae24                SRL::Math::Types::Vector3D::Vector3D(SRL::Math::Types::Vector3D const&)
 .text._ZNK3SRL4Math5Types8Vector3DplERKS2_
                0x0606ae58       0x64 src/track_system.o
                0x0606ae58                SRL::Math::Types::Vector3D::operator+(SRL::Math::Types::Vector3D const&) const
 .text._ZNSt6vectorIN3SRL5Types7PolygonE18TrackZoneAllocatorIS2_LNS0_6Memory4ZoneE1EEE13_M_assign_auxIPS2_EEvT_SA_St20forward_iterator_tag.isra.0
                0x0606aebc      0x214 src/track_system.o
 .text._ZNSt6vectorIN3SRL4Math5Types8Vector3DE18TrackZoneAllocatorIS3_LNS0_6Memory4ZoneE1EEE13_M_assign_auxIPS3_EEvT_SB_St20forward_iterator_tag.isra.0
                0x0606b0d0      0x194 src/track_system.o
 .text._ZN16TrackSglRenderer8DrawMeshEPKN3SRL4Math5Types8Vector3DEjPKNS0_5Types7PolygonEjPKNS6_9AttributeEtRS4_NS2_3FxpEb
                0x0606b264      0x588 src/track_system.o
                0x0606b264                TrackSglRenderer::DrawMesh(SRL::Math::Types::Vector3D const*, unsigned int, SRL::Types::Polygon const*, unsigned int, SRL::Types::Attribute const*, unsigned short, SRL::Math::Types::Vector3D const&, SRL::Math::Types::Fxp, bool)
 .text._ZN17TrackVdp1Renderer19DrawTexturedCommandERKNS_15PreparedCommandEl
                0x0606b7ec      0x238 src/track_system.o
                0x0606b7ec                TrackVdp1Renderer::DrawTexturedCommand(TrackVdp1Renderer::PreparedCommand const&, long)
 .text._ZNK13TrackRenderer13RetainedBytesEv
                0x0606ba24      0x258 src/track_system.o
                0x0606ba24                TrackRenderer::RetainedBytes() const
 .text._ZN13TrackRenderer23SetRuntimeCapacityFloorEjj
                0x0606bc7c      0x288 src/track_system.o
                0x0606bc7c                TrackRenderer::SetRuntimeCapacityFloor(unsigned int, unsigned int)
 .text._Z19CopyCdFileToCartRamPKcj
                0x0606bf04      0x51c src/track_system.o
                0x0606bf04                CopyCdFileToCartRam(char const*, unsigned int)
 .text._Z22CopyTrackSegmentToCartPKcj
                0x0606c420      0x508 src/track_system.o
                0x0606c420                CopyTrackSegmentToCart(char const*, unsigned int)
 .text._ZN18SegmentRuntimeDraw6Loader14ReadHeaderLeAtEPKhjjRNS_8HeaderV1E
                0x0606c928      0x30c src/track_system.o
                0x0606c928                SegmentRuntimeDraw::Loader::ReadHeaderLeAt(unsigned char const*, unsigned int, unsigned int, SegmentRuntimeDraw::HeaderV1&)
 .text._ZN16TrackRuntimePack6Loader14ReadHeaderLeAtEPKhjjRNS_8HeaderV1E
                0x0606cc34      0x1b0 src/track_system.o
                0x0606cc34                TrackRuntimePack::Loader::ReadHeaderLeAt(unsigned char const*, unsigned int, unsigned int, TrackRuntimePack::HeaderV1&)
 .text._ZN16TrackRuntimePack6Loader13ReadEntryLeAtERKNS0_4ViewEiRNS_16DirectoryEntryV1E
                0x0606cde4      0x12c src/track_system.o
                0x0606cde4                TrackRuntimePack::Loader::ReadEntryLeAt(TrackRuntimePack::Loader::View const&, int, TrackRuntimePack::DirectoryEntryV1&)
 .text._ZN3SRL5Debug5PrintIJiEEEvhhPKcDpT_
                0x0606cf10      0x164 src/track_system.o
                0x0606cf10                void SRL::Debug::Print<int>(unsigned char, unsigned char, char const*, int)
 .text._ZNSt6vectorIN3SRL4Math5Types8Vector3DE18TrackZoneAllocatorIS3_LNS0_6Memory4ZoneE1EEE7reserveEj
                0x0606d074       0xdc src/track_system.o
                0x0606d074                std::vector<SRL::Math::Types::Vector3D, TrackZoneAllocator<SRL::Math::Types::Vector3D, (SRL::Memory::Zone)1> >::reserve(unsigned int)
 .text._ZNSt6vectorIN3SRL5Types7PolygonE18TrackZoneAllocatorIS2_LNS0_6Memory4ZoneE1EEE7reserveEj
                0x0606d150       0xf0 src/track_system.o
                0x0606d150                std::vector<SRL::Types::Polygon, TrackZoneAllocator<SRL::Types::Polygon, (SRL::Memory::Zone)1> >::reserve(unsigned int)
 .text._ZNSt6vectorIN3SRL5Types9AttributeE18TrackZoneAllocatorIS2_LNS0_6Memory4ZoneE1EEE7reserveEj
                0x0606d240       0xc4 src/track_system.o
                0x0606d240                std::vector<SRL::Types::Attribute, TrackZoneAllocator<SRL::Types::Attribute, (SRL::Memory::Zone)1> >::reserve(unsigned int)
 .text._ZN13TrackRenderer18CompactVectorSlackISt6vectorIN3SRL4Math5Types8Vector3DE18TrackZoneAllocatorIS5_LNS2_6Memory4ZoneE1EEEEEbRT_jb
                0x0606d304       0xec src/track_system.o
                0x0606d304                bool TrackRenderer::CompactVectorSlack<std::vector<SRL::Math::Types::Vector3D, TrackZoneAllocator<SRL::Math::Types::Vector3D, (SRL::Memory::Zone)1> > >(std::vector<SRL::Math::Types::Vector3D, TrackZoneAllocator<SRL::Math::Types::Vector3D, (SRL::Memory::Zone)1> >&, unsigned int, bool)
 .text._ZN13TrackRenderer18CompactVectorSlackISt6vectorIj18TrackZoneAllocatorIjLN3SRL6Memory4ZoneE1EEEEEbRT_jb
                0x0606d3f0      0x14c src/track_system.o
                0x0606d3f0                bool TrackRenderer::CompactVectorSlack<std::vector<unsigned int, TrackZoneAllocator<unsigned int, (SRL::Memory::Zone)1> > >(std::vector<unsigned int, TrackZoneAllocator<unsigned int, (SRL::Memory::Zone)1> >&, unsigned int, bool)
 .text._ZN13TrackRenderer18CompactVectorSlackISt6vectorINS_11SmoothCacheE18TrackZoneAllocatorIS2_LN3SRL6Memory4ZoneE1EEEEEbRT_jb
                0x0606d53c      0x50c src/track_system.o
                0x0606d53c                bool TrackRenderer::CompactVectorSlack<std::vector<TrackRenderer::SmoothCache, TrackZoneAllocator<TrackRenderer::SmoothCache, (SRL::Memory::Zone)1> > >(std::vector<TrackRenderer::SmoothCache, TrackZoneAllocator<TrackRenderer::SmoothCache, (SRL::Memory::Zone)1> >&, unsigned int, bool)
 .text._ZN13TrackRenderer18CompactVectorSlackISt6vectorINS_9FlatCacheE18TrackZoneAllocatorIS2_LN3SRL6Memory4ZoneE1EEEEEbRT_jb
                0x0606da48      0x448 src/track_system.o
                0x0606da48                bool TrackRenderer::CompactVectorSlack<std::vector<TrackRenderer::FlatCache, TrackZoneAllocator<TrackRenderer::FlatCache, (SRL::Memory::Zone)1> > >(std::vector<TrackRenderer::FlatCache, TrackZoneAllocator<TrackRenderer::FlatCache, (SRL::Memory::Zone)1> >&, unsigned int, bool)
 .text._ZN13TrackRenderer19CompactRuntimeStateEb
                0x0606de90      0x790 src/track_system.o
                0x0606de90                TrackRenderer::CompactRuntimeState(bool)
 .text._ZN13TrackRenderer19RecycleRuntimeStateEb
                0x0606e620      0x814 src/track_system.o
                0x0606e620                TrackRenderer::RecycleRuntimeState(bool)
 .text._ZNSt6vectorIN3SRL5Types9AttributeE18TrackZoneAllocatorIS2_LNS0_6Memory4ZoneE1EEE6resizeEj
                0x0606ee34      0x194 src/track_system.o
                0x0606ee34                std::vector<SRL::Types::Attribute, TrackZoneAllocator<SRL::Types::Attribute, (SRL::Memory::Zone)1> >::resize(unsigned int)
 .text._ZN13TrackRenderer12EnsureCachedEj
                0x0606efc8      0x3d8 src/track_system.o
                0x0606efc8                TrackRenderer::EnsureCached(unsigned int)
 .text._ZN3SRL5Debug5PrintIJljEEEvhhPKcDpT_
                0x0606f3a0      0x170 src/track_system.o
                0x0606f3a0                void SRL::Debug::Print<long, unsigned int>(unsigned char, unsigned char, char const*, long, unsigned int)
 .text._ZN3SRL5Debug5PrintIJPKcEEEvhhS3_DpT_
                0x0606f510      0x164 src/track_system.o
                0x0606f510                void SRL::Debug::Print<char const*>(unsigned char, unsigned char, char const*, char const*)
 .text._ZNSt6vectorIh18TrackZoneAllocatorIhLN3SRL6Memory4ZoneE1EEE6resizeEj
                0x0606f674      0x108 src/track_system.o
                0x0606f674                std::vector<unsigned char, TrackZoneAllocator<unsigned char, (SRL::Memory::Zone)1> >::resize(unsigned int)
 .text._ZNSt6vectorIt18TrackZoneAllocatorItLN3SRL6Memory4ZoneE1EEE7reserveEj
                0x0606f77c       0xa4 src/track_system.o
                0x0606f77c                std::vector<unsigned short, TrackZoneAllocator<unsigned short, (SRL::Memory::Zone)1> >::reserve(unsigned int)
 .text._ZN3SRL5Debug5PrintIJPcEEEvhhPKcDpT_
                0x0606f820      0x164 src/track_system.o
                0x0606f820                void SRL::Debug::Print<char*>(unsigned char, unsigned char, char const*, char*)
 .text._ZN3SRL5Debug5PrintIJjjjEEEvhhPKcDpT_
                0x0606f984      0x178 src/track_system.o
                0x0606f984                void SRL::Debug::Print<unsigned int, unsigned int, unsigned int>(unsigned char, unsigned char, char const*, unsigned int, unsigned int, unsigned int)
 .text._ZN3SRL5Debug5PrintIJijEEEvhhPKcDpT_
                0x0606fafc      0x170 src/track_system.o
                0x0606fafc                void SRL::Debug::Print<int, unsigned int>(unsigned char, unsigned char, char const*, int, unsigned int)
 .text._ZN13TrackRenderer35InitializeFromComponentDataRecycledISt6vectorIN3SRL4Math5Types8Vector3DE18TrackZoneAllocatorIS5_LNS2_6Memory4ZoneE1EEES1_INS2_5Types7PolygonES6_ISC_LS8_1EEES1_INSB_9AttributeES6_ISF_LS8_1EEEEEbRT_RT0_RT1_
                0x0606fc6c      0xc04 src/track_system.o
                0x0606fc6c                bool TrackRenderer::InitializeFromComponentDataRecycled<std::vector<SRL::Math::Types::Vector3D, TrackZoneAllocator<SRL::Math::Types::Vector3D, (SRL::Memory::Zone)1> >, std::vector<SRL::Types::Polygon, TrackZoneAllocator<SRL::Types::Polygon, (SRL::Memory::Zone)1> >, std::vector<SRL::Types::Attribute, TrackZoneAllocator<SRL::Types::Attribute, (SRL::Memory::Zone)1> > >(std::vector<SRL::Math::Types::Vector3D, TrackZoneAllocator<SRL::Math::Types::Vector3D, (SRL::Memory::Zone)1> >&, std::vector<SRL::Types::Polygon, TrackZoneAllocator<SRL::Types::Polygon, (SRL::Memory::Zone)1> >&, std::vector<SRL::Types::Attribute, TrackZoneAllocator<SRL::Types::Attribute, (SRL::Memory::Zone)1> >&)
 .text._Z21MakeTrackObjectUniqueI13TrackRendererLN3SRL6Memory4ZoneE1EJEESt10unique_ptrIT_18TrackObjectDeleterIS5_XT0_EEEDpOT1_
                0x06070870      0x158 src/track_system.o
                0x06070870                std::unique_ptr<TrackRenderer, TrackObjectDeleter<TrackRenderer, (SRL::Memory::Zone)1> > MakeTrackObjectUnique<TrackRenderer, (SRL::Memory::Zone)1>()
 .text._ZNSt6vectorIN11TrackSystem18SegmentRenderEntryE18TrackZoneAllocatorIS1_LN3SRL6Memory4ZoneE1EEE7reserveEj
                0x060709c8      0x270 src/track_system.o
                0x060709c8                std::vector<TrackSystem::SegmentRenderEntry, TrackZoneAllocator<TrackSystem::SegmentRenderEntry, (SRL::Memory::Zone)1> >::reserve(unsigned int)
 .text._ZN3SRL5Debug5PrintIJlEEEvhhPKcDpT_
                0x06070c38      0x164 src/track_system.o
                0x06070c38                void SRL::Debug::Print<long>(unsigned char, unsigned char, char const*, long)
 .text._ZNSt6vectorIN11TrackSystem19Seg1FamilySlotEntryE18TrackZoneAllocatorIS1_LN3SRL6Memory4ZoneE1EEE7reserveEj
                0x06070d9c       0xb8 src/track_system.o
                0x06070d9c                std::vector<TrackSystem::Seg1FamilySlotEntry, TrackZoneAllocator<TrackSystem::Seg1FamilySlotEntry, (SRL::Memory::Zone)1> >::reserve(unsigned int)
 .text._ZNSt6vectorIs18TrackZoneAllocatorIsLN3SRL6Memory4ZoneE1EEE7reserveEj
                0x06070e54       0xa4 src/track_system.o
                0x06070e54                std::vector<short, TrackZoneAllocator<short, (SRL::Memory::Zone)1> >::reserve(unsigned int)
 .text._ZNSt6vectorIN11TrackSystem17TrackSegmentEntryE18TrackZoneAllocatorIS1_LN3SRL6Memory4ZoneE1EEE6resizeEj
                0x06070ef8      0x198 src/track_system.o
                0x06070ef8                std::vector<TrackSystem::TrackSegmentEntry, TrackZoneAllocator<TrackSystem::TrackSegmentEntry, (SRL::Memory::Zone)1> >::resize(unsigned int)
 .text._ZNSt6vectorIh18TrackZoneAllocatorIhLN3SRL6Memory4ZoneE1EEE14_M_fill_assignEjRKh
                0x06071090       0xec src/track_system.o