Archive member included to satisfy reference by file (symbol)

../../saturnringlib/../modules/sgl/LIB/LIBCD.A(CDC_CMN.O)
                              src/main.o (CDC_CdInit)
../../saturnringlib/../modules/sgl/LIB/LIBCD.A(CDC_REG.O)
                              ../../saturnringlib/../modules/sgl/LIB/LIBCD.A(CDC_CMN.O) (CDREG_ClrHirqReq)
../../saturnringlib/../modules/sgl/LIB/LIBCD.A(CDC_SUB.O)
                              ../../saturnringlib/../modules/sgl/LIB/LIBCD.A(CDC_CMN.O) (CDSUB_UpdStatus)
../../saturnringlib/../modules/sgl/LIB/LIBCD.A(GFS.O)
                              src/main.o (GFS_Init)
../../saturnringlib/../modules/sgl/LIB/LIBCD.A(GFS_BUF.O)
                              ../../saturnringlib/../modules/sgl/LIB/LIBCD.A(GFS.O) (GFBF_GetNumData)
../../saturnringlib/../modules/sgl/LIB/LIBCD.A(GFS_CDB.O)
                              ../../saturnringlib/../modules/sgl/LIB/LIBCD.A(GFS.O) (GFCB_Close)
../../saturnringlib/../modules/sgl/LIB/LIBCD.A(GFS_CDC.O)
                              ../../saturnringlib/../modules/sgl/LIB/LIBCD.A(GFS.O) (GFCD_SetCdbfs)
../../saturnringlib/../modules/sgl/LIB/LIBCD.A(GFS_CDF.O)
                              ../../saturnringlib/../modules/sgl/LIB/LIBCD.A(GFS.O) (GFCF_Init)
../../saturnringlib/../modules/sgl/LIB/LIBCD.A(GFS_DIR.O)
                              ../../saturnringlib/../modules/sgl/LIB/LIBCD.A(GFS.O) (GFDR_SetupDirTbl)
../../saturnringlib/../modules/sgl/LIB/LIBCD.A(GFS_TRN.O)
                              ../../saturnringlib/../modules/sgl/LIB/LIBCD.A(GFS.O) (GFTR_Setup)
../../saturnringlib/../modules/sgl/LIB/LIBCD.A(CDC_DRV.O)
                              ../../saturnringlib/../modules/sgl/LIB/LIBCD.A(GFS_CDC.O) (CDC_CdPlay)
../../saturnringlib/../modules/sgl/LIB/LIBCD.A(CDC_DEV.O)
                              ../../saturnringlib/../modules/sgl/LIB/LIBCD.A(GFS_CDC.O) (CDC_CdSetCon)
../../saturnringlib/../modules/sgl/LIB/LIBCD.A(CDC_SEL.O)
                              ../../saturnringlib/../modules/sgl/LIB/LIBCD.A(GFS_CDC.O) (CDC_SetFiltRange)
../../saturnringlib/../modules/sgl/LIB/LIBCD.A(CDC_BIF.O)
                              ../../saturnringlib/../modules/sgl/LIB/LIBCD.A(GFS_CDC.O) (CDC_GetBufSiz)
../../saturnringlib/../modules/sgl/LIB/LIBCD.A(CDC_BIO.O)
                              ../../saturnringlib/../modules/sgl/LIB/LIBCD.A(GFS_CDC.O) (CDC_SetSctLen)
../../saturnringlib/../modules/sgl/LIB/LIBCD.A(CDC_CFS.O)
                              ../../saturnringlib/../modules/sgl/LIB/LIBCD.A(GFS_CDC.O) (CDC_ChgDir)
../../saturnringlib/../modules/sgl/LIB/LIBSGL.A(sglA15.o)
                              src/main.o (slSlaveFunc)
../../saturnringlib/../modules/sgl/LIB/LIBSGL.A(sglA16.o)
                              src/main.o (slLookAt)
../../saturnringlib/../modules/sgl/LIB/LIBSGL.A(sglA17.o)
                              src/mesh_renderer.o (slRotZ)
../../saturnringlib/../modules/sgl/LIB/LIBSGL.A(sglA18.o)
                              src/main.o (slRotY)
../../saturnringlib/../modules/sgl/LIB/LIBSGL.A(sglA19.o)
                              src/main.o (slRotX)
../../saturnringlib/../modules/sgl/LIB/LIBSGL.A(sglA20.o)
                              src/main.o (slUnitMatrix)
../../saturnringlib/../modules/sgl/LIB/LIBSGL.A(sglA21.o)
                              src/main.o (slPushMatrix)
../../saturnringlib/../modules/sgl/LIB/LIBSGL.A(sglA27.o)
                              src/main.o (slTranslate)
../../saturnringlib/../modules/sgl/LIB/LIBSGL.A(sglA28.o)
                              src/mesh_renderer.o (slScale)
../../saturnringlib/../modules/sgl/LIB/LIBSGL.A(sglA39.o)
                              src/main.o (slConvert3Dto2DFX)
../../saturnringlib/../modules/sgl/LIB/LIBSGL.A(sglB001.o)
                              src/main.o (slTVOn)
../../saturnringlib/../modules/sgl/LIB/LIBSGL.A(sglB002.o)
                              src/main.o (slColRAMMode)
../../saturnringlib/../modules/sgl/LIB/LIBSGL.A(sglB015.o)
                              src/main.o (slScrAutoDisp)
../../saturnringlib/../modules/sgl/LIB/LIBSGL.A(sglB016.o)
                              src/main.o (slBack1ColSet)
../../saturnringlib/../modules/sgl/LIB/LIBSGL.A(sglB031.o)
                              src/main.o (slMapNbg0)
../../saturnringlib/../modules/sgl/LIB/LIBSGL.A(sglB034.o)
                              src/main.o (slMapNbg3)
../../saturnringlib/../modules/sgl/LIB/LIBSGL.A(sglB035.o)
                              src/main.o (sl1MapRA)
../../saturnringlib/../modules/sgl/LIB/LIBSGL.A(sglB038.o)
                              src/main.o (slRparaInitSet)
../../saturnringlib/../modules/sgl/LIB/LIBSGL.A(sglB040.o)
                              src/main.o (slKtableRA)
../../saturnringlib/../modules/sgl/LIB/LIBSGL.A(sglB042.o)
                              src/main.o (slCurRpara)
../../saturnringlib/../modules/sgl/LIB/LIBSGL.A(sglB043.o)
                              src/main.o (slRparaMode)
../../saturnringlib/../modules/sgl/LIB/LIBSGL.A(sglB044.o)
[...]
Memory Configuration

Name             Origin             Length             Attributes
*default*        0x00000000         0xffffffff

Linker script and memory map


SLSTART         0x06004000       0x30
                0x06004000                        ___Start = .
 *(SLSTART)
 SLSTART        0x06004000       0x28 ../../saturnringlib/../modules/sgl/LIB/LIBSGL.A(sglI00.o)
                0x06004000                SGL_Start
                0x06004002                slStartSGL

.text           0x06004040    0x70550
 *(.text*)
 .text          0x06004040        0x0 ../../saturnringlib/../modules/sgl/LIB/../SRC/workarea.o
 .text          0x06004040     0x21fc src/camera_system.o
                0x06004088                CameraSystem::ViewDirection() const
                0x060040c4                CameraSystem::SetCinematicFrame(SRL::Math::Types::Vector3D const&, SRL::Math::Types::Vector3D const&)
                0x060040ec                CameraSystem::CreateSnapshot() const
                0x0600419c                CameraSystem::PresetConfig(CameraSystem::ChasePreset) const
                0x06004204                CameraSystem::LookTarget(SRL::Math::Types::Vector3D const&, SRL::Math::Types::Vector3D const&) const
                0x060045a4                CameraSystem::ForwardFromYawDeg(long)
                0x060046e0                CameraSystem::UpdateHeadingFromCarMotion(SRL::Math::Types::Vector3D const&) const
                0x06004b7c                CameraSystem::NormalizeYawDeg(long)
                0x06004bb8                CameraSystem::CameraFollowBlendRaw() const
                0x06004bd8                CameraSystem::ResolvePresetOffsetWorld() const
                0x06004dd0                CameraSystem::InitializeManualOffset()
                0x06004e84                CameraSystem::SetChaseNearFollowDistance(short)
                0x06004ec0                CameraSystem::ApplyChasePreset(CameraSystem::ChasePreset, bool)
                0x060050a8                CameraSystem::CameraSystem()
                0x060050a8                CameraSystem::CameraSystem()
                0x0600564c                CameraSystem::ResetToDefaultView()
                0x06005840                CameraSystem::UpdateFromPad(SRL::Input::Digital&, long&, CameraRig::OrbitState&, bool)
                0x06005ef8                CameraSystem::CameraLocation(SRL::Math::Types::Vector3D const&) const
 .text._ZN3SRL5Input7Digital6IsHeldERKNS1_6ButtonE
                0x0600623c       0x1c src/camera_system.o
                0x0600623c                SRL::Input::Digital::IsHeld(SRL::Input::Digital::Button const&)
 .text._ZN3SRL6Memory12SimpleMalloc21MergeFreeMemoryBlocksERKNS0_10MemoryZoneEj.isra.0
                0x06006258       0x78 src/camera_system.o
 .text._ZN3SRL4Math5Types3FxpC2Ev
                0x060062d0        0x8 src/camera_system.o
                0x060062d0                SRL::Math::Types::Fxp::Fxp()
                0x060062d0                SRL::Math::Types::Fxp::Fxp()
 .text._ZN3SRL4Math5Types3FxpC2ERKS2_
                0x060062d8        0x8 src/camera_system.o
                0x060062d8                SRL::Math::Types::Fxp::Fxp(SRL::Math::Types::Fxp const&)
                0x060062d8                SRL::Math::Types::Fxp::Fxp(SRL::Math::Types::Fxp const&)
 .text._ZNK3SRL4Math5Types3Fxp8RawValueEv
                0x060062e0        0x4 src/camera_system.o
                0x060062e0                SRL::Math::Types::Fxp::RawValue() const
 .text._ZN3SRL6Memory11HighWorkRam6MallocEj
                0x060062e4      0x1f8 src/camera_system.o
                0x060062e4                SRL::Memory::HighWorkRam::Malloc(unsigned int)
 .text._ZN3SRL6Memory10LowWorkRam4FreeEPv
                0x060064dc      0x170 src/camera_system.o
                0x060064dc                SRL::Memory::LowWorkRam::Free(void*)
 .text._ZN3SRL6Memory4FreeEPv
                0x0600664c      0x25c src/camera_system.o
                0x0600664c                SRL::Memory::Free(void*)
 .text._ZN6Camera13OrbitPositionEN3SRL4Math5Types5AngleES3_NS2_3FxpE
                0x060068a8      0x1b0 src/camera_system.o
                0x060068a8                Camera::OrbitPosition(SRL::Math::Types::Angle, SRL::Math::Types::Angle, SRL::Math::Types::Fxp)
 .text._ZN3SRL5Types5EventIJEEC2Ev
                0x06006a58       0x40 src/camera_system.o
                0x06006a58                SRL::Types::Event<>::Event()
                0x06006a58                SRL::Types::Event<>::Event()
 .text.startup  0x06006a98      0x198 src/camera_system.o
 .text.exit     0x06006c30       0x54 src/camera_system.o
 .text          0x06006c84     0x1448 src/car_system.o
                0x06006c84                Game::CarSystem::CarCommandAdapter::Brake()
                0x06006cc8                Game::CarSystem::CarCommandAdapter::SteerLeft()
                0x06006cdc                Game::CarSystem::CarCommandAdapter::SteerRight()
                0x06006cf0                Game::CarSystem::CarCommandAdapter::Accelerate()
                0x06006d64                Game::CarSystem::CarSystem(ModelObject*, bool, Game::CarSystem::Config const&)
                0x06006d64                Game::CarSystem::CarSystem(ModelObject*, bool, Game::CarSystem::Config const&)
                0x0600740c                Game::CarSystem::UpdateWheels(bool, bool)
                0x06007448                Game::CarSystem::TickCommandState()
                0x060076b4                Game::CarSystem::SetRuntimeFrameState(Game::GameplayFrameState const&)
                0x060077a8                Game::CarSystem::ApplyGameplayInput(Game::CarSystem::GameplayInputSnapshot const&, unsigned long, Game::GameplayFrameState&)
                0x06007c58                Game::CarSystem::PrepareGameplayFrameState(Game::CarSystem::GameplayInputSnapshot const*, unsigned long, SRL::Math::Types::Vector3D const&, long, bool, Game::GameplayFrameState&)
                0x06007d0c                Game::CarSystem::ApplySimulationFrameState(Game::GameplayFrameState const&)
                0x06007d64                Game::CarSystem::SyncRenderState(SRL::Math::Types::Vector3D const&, long)
                0x06007db4                Game::CarSystem::BuildDrivetrainDebugSnapshot() const
                0x06007e30                Game::CarSystem::WriteCommandsToFrameState(Game::GameplayFrameState&, bool) const
                0x06007e7c                Game::CarSystem::SubmitRender(RenderPipeline&, bool)
 .text._ZN4Game9CarSystem8RendererEv
                0x060080cc        0x4 src/car_system.o
                0x060080cc                Game::CarSystem::Renderer()
 .text._ZNK4Game9CarSystem4NameEv
                0x060080d0        0x8 src/car_system.o
                0x060080d0                Game::CarSystem::Name() const
 .text._ZN4Game9CarSystem17CarCommandAdapterD2Ev
                0x060080d8        0x4 src/car_system.o
                0x060080d8                Game::CarSystem::CarCommandAdapter::~CarCommandAdapter()
                0x060080d8                Game::CarSystem::CarCommandAdapter::~CarCommandAdapter()
 .text._ZNK4Game9CarSystem8PositionEv
                0x060080dc       0x3c src/car_system.o
                0x060080dc                Game::CarSystem::Position() const
 .text._ZNK4Game9CarSystem17CarCommandAdapter13WorldPositionEv
                0x06008118       0x88 src/car_system.o
                0x06008118                Game::CarSystem::CarCommandAdapter::WorldPosition() const
 .text._ZNK4Game9CarSystem3YawEv
                0x060081a0       0x74 src/car_system.o
                0x060081a0                Game::CarSystem::Yaw() const
 .text._ZN4Game9CarSystem17CarCommandAdapterD0Ev
                0x06008214        0xc src/car_system.o
                0x06008214                Game::CarSystem::CarCommandAdapter::~CarCommandAdapter()
 .text._ZN4Game9CarSystemD0Ev
                0x06008220       0x50 src/car_system.o
                0x06008220                Game::CarSystem::~CarSystem()
 .text._ZN4Game9CarSystemD2Ev
                0x06008270       0x4c src/car_system.o
                0x06008270                Game::CarSystem::~CarSystem()
                0x06008270                Game::CarSystem::~CarSystem()
 .text.startup  0x060082bc      0x198 src/car_system.o
 .text.exit     0x06008454       0x54 src/car_system.o
 .text          0x060084a8     0x3160 src/car_wheel_rig.o
                0x06009274                CarWheelRig::Update(CarWheelRig::Input const&)
                0x06009534                CarWheelRig::Apply(MeshRenderer&) const
                0x060096cc                CarWheelRig::DetectWheelIdsFromMeshtex(unsigned int, std::array<unsigned int, 4u>&, unsigned int&) const
                0x06009ce0                CarWheelRig::DetectWheelIdsFromMeshStats(ModelObject&, bool, SRL::Math::Types::Vector3D const*, unsigned int, std::array<unsigned int, 4u>&, unsigned int&) const
                0x0600a2a4                CarWheelRig::ClassifyWheels(std::array<unsigned int, 4u> const&, ModelObject&, bool, SRL::Math::Types::Vector3D const*, bool)
                0x0600b440                CarWheelRig::ResetState()
                0x0600b4e0                CarWheelRig::Initialize(ModelObject&, bool, SRL::Math::Types::Vector3D const*, unsigned int)
                0x0600b5ac                CarWheelRig::ClampInt(long, long, long)
                0x0600b5c0                CarWheelRig::StepToward(long, long, long)
 .text.startup  0x0600b608      0x198 src/car_wheel_rig.o
 .text.exit     0x0600b7a0       0x54 src/car_wheel_rig.o
 .text          0x0600b7f4      0x374 src/exception_stubs.o
                0x0600b7f4                std::__throw_bad_array_new_length()
                0x0600b7f8                std::__throw_bad_alloc()
                0x0600b7fc                malloc
                0x0600b82c                free
                0x0600b8a8                calloc
                0x0600b90c                realloc
                0x0600ba28                cfree
                0x0600baa4                _malloc_r
                0x0600bad4                _free_r
                0x0600bb50                _calloc_r
                0x0600bb5c                _realloc_r
 .text._ZN3SRL6Memory12SimpleMalloc4FreeERKNS0_10MemoryZoneEPv
                0x0600bb68       0xe0 src/exception_stubs.o
                0x0600bb68                SRL::Memory::SimpleMalloc::Free(SRL::Memory::MemoryZone const&, void*)
 .text._ZN3SRL6Memory12SimpleMalloc7ReallocERKNS0_10MemoryZoneEPvj
                0x0600bc48      0x184 src/exception_stubs.o
                0x0600bc48                SRL::Memory::SimpleMalloc::Realloc(SRL::Memory::MemoryZone const&, void*, unsigned int)
 .text._ZN3SRL6Memory11HighWorkRam4FreeEPv
                0x0600bdcc      0x170 src/exception_stubs.o
                0x0600bdcc                SRL::Memory::HighWorkRam::Free(void*)
 .text._ZN3SRL6Memory11HighWorkRam7ReallocEPvj
                0x0600bf3c      0x370 src/exception_stubs.o
                0x0600bf3c                SRL::Memory::HighWorkRam::Realloc(void*, unsigned int)
 .text._ZN3SRL6Memory10LowWorkRam6MallocEj
                0x0600c2ac      0x1f8 src/exception_stubs.o
                0x0600c2ac                SRL::Memory::LowWorkRam::Malloc(unsigned int)
 .text._ZN3SRL6Memory10LowWorkRam7ReallocEPvj
                0x0600c4a4      0x3c4 src/exception_stubs.o
                0x0600c4a4                SRL::Memory::LowWorkRam::Realloc(void*, unsigned int)
 .text.unlikely
                0x0600c868       0x12 src/exception_stubs.o
                0x0600c868                std::__throw_length_error(char const*)
                0x0600c86c                std::__throw_out_of_range(char const*)
                0x0600c870                std::__throw_out_of_range_fmt(char const*, ...)
 *fill*         0x0600c87a        0x2 
 .text.startup  0x0600c87c      0x198 src/exception_stubs.o
 .text.exit     0x0600ca14       0xe8 src/exception_stubs.o
 .text          0x0600cafc     0x55a0 src/main.o
                0x0600d7f0                SRL_AppGetVblankCounter
                0x06012058                GameApp::Run()
 .text._ZN3SRL7Tilemap10Interfaces8Bmp2Tile11GetCellDataEv
                0x0601209c        0x4 src/main.o
                0x0601209c                SRL::Tilemap::Interfaces::Bmp2Tile::GetCellData()
 .text._ZN3SRL7Tilemap10Interfaces8Bmp2Tile10GetMapDataEv
                0x060120a0        0x4 src/main.o
                0x060120a0                SRL::Tilemap::Interfaces::Bmp2Tile::GetMapData()
 .text._ZN3SRL7Tilemap10Interfaces8Bmp2Tile10GetPalDataEv
                0x060120a4        0x4 src/main.o
                0x060120a4                SRL::Tilemap::Interfaces::Bmp2Tile::GetPalData()
 .text._ZN3SRL7Tilemap10Interfaces8Bmp2Tile7GetInfoEv
                0x060120a8       0x18 src/main.o
                0x060120a8                SRL::Tilemap::Interfaces::Bmp2Tile::GetInfo()
 .text._ZN3SRL5Input7Digital11IsConnectedEv
                0x060120c0       0x28 src/main.o
                0x060120c0                SRL::Input::Digital::IsConnected()
 .text._ZN3SRL5Input7Digital11WasReleasedERKNS1_6ButtonE
                0x060120e8       0x2c src/main.o
                0x060120e8                SRL::Input::Digital::WasReleased(SRL::Input::Digital::Button const&)
 .text._ZN3SRL5Input7Digital10WasPressedERKNS1_6ButtonE
                0x06012114       0x2c src/main.o
                0x06012114                SRL::Input::Digital::WasPressed(SRL::Input::Digital::Button const&)
 .text._ZN3SRL5Types5ITask6IsDoneEv
                0x06012140        0x8 src/main.o
                0x06012140                SRL::Types::ITask::IsDone()
 .text._ZN3SRL5Types5ITask5StartEv
                0x06012148       0x18 src/main.o
                0x06012148                SRL::Types::ITask::Start()
 .text._ZN3SRL5Types5ITask9ResetTaskEv
                0x06012160        0x8 src/main.o
                0x06012160                SRL::Types::ITask::ResetTask()
 .text._ZN3SRL6Bitmap3TGA7GetDataEv
                0x06012168        0x4 src/main.o
                0x06012168                SRL::Bitmap::TGA::GetData()
 .text._ZN3SRL6Bitmap3TGA7GetInfoEv
                0x0601216c       0x34 src/main.o
                0x0601216c                SRL::Bitmap::TGA::GetInfo()
 .text._ZNK4Game20ITrackCollisionQuery31SampleSurfaceYByFamilySetStrictERKN3SRL4Math5Types8Vector3DEPKtjRNS3_3FxpEPll
                0x060121a0        0x8 src/main.o
                0x060121a0                Game::ITrackCollisionQuery::SampleSurfaceYByFamilySetStrict(SRL::Math::Types::Vector3D const&, unsigned short const*, unsigned int, SRL::Math::Types::Fxp&, long*, long) const
 .text._ZNK4Game20ITrackCollisionQuery36SampleSurfaceYBySurfaceTypeSetStrictERKN3SRL4Math5Types8Vector3DEPKhjRNS3_3FxpEPll
                0x060121a8        0x8 src/main.o
                0x060121a8                Game::ITrackCollisionQuery::SampleSurfaceYBySurfaceTypeSetStrict(SRL::Math::Types::Vector3D const&, unsigned char const*, unsigned int, SRL::Math::Types::Fxp&, long*, long) const
 .text._ZN21SlaveTrackDepthSorterIN16TrackSegmentPoolILj48EN11TrackSystem18SegmentRenderEntryEE6HandleExLj48EE9BuildTaskD2Ev
                0x060121b0        0x4 src/main.o
                0x060121b0                SlaveTrackDepthSorter<TrackSegmentPool<48u, TrackSystem::SegmentRenderEntry>::Handle, long long, 48u>::BuildTask::~BuildTask()
                0x060121b0                SlaveTrackDepthSorter<TrackSegmentPool<48u, TrackSystem::SegmentRenderEntry>::Handle, long long, 48u>::BuildTask::~BuildTask()
 .text._ZN22SlaveTrackDrawProducerIN16TrackSegmentPoolILj48EN11TrackSystem18SegmentRenderEntryEE6HandleELj48EE9BuildTaskD2Ev
                0x060121b4        0x4 src/main.o
                0x060121b4                SlaveTrackDrawProducer<TrackSegmentPool<48u, TrackSystem::SegmentRenderEntry>::Handle, 48u>::BuildTask::~BuildTask()
                0x060121b4                SlaveTrackDrawProducer<TrackSegmentPool<48u, TrackSystem::SegmentRenderEntry>::Handle, 48u>::BuildTask::~BuildTask()
 .text._ZN14GameLoopSystem14SimulationTaskD2Ev
                0x060121b8        0x4 src/main.o
                0x060121b8                GameLoopSystem::SimulationTask::~SimulationTask()
                0x060121b8                GameLoopSystem::SimulationTask::~SimulationTask()
 .text._ZN14GameLoopSystem20CarRenderPrepareTaskD2Ev
                0x060121bc        0x4 src/main.o
                0x060121bc                GameLoopSystem::CarRenderPrepareTask::~CarRenderPrepareTask()
                0x060121bc                GameLoopSystem::CarRenderPrepareTask::~CarRenderPrepareTask()
 .text._ZN14GameLoopSystem20CarRenderPrepareTask2DoEv
                0x060121c0       0x54 src/main.o
                0x060121c0                GameLoopSystem::CarRenderPrepareTask::Do()
 .text._ZN4Game14CarAudioSystemD2Ev
                0x06012214        0x4 src/main.o
                0x06012214                Game::CarAudioSystem::~CarAudioSystem()
                0x06012214                Game::CarAudioSystem::~CarAudioSystem()
 .text._ZN22SlaveTrackDrawProducerIN16TrackSegmentPoolILj48EN11TrackSystem18SegmentRenderEntryEE6HandleELj48EED2Ev
                0x06012218        0x4 src/main.o
                0x06012218                SlaveTrackDrawProducer<TrackSegmentPool<48u, TrackSystem::SegmentRenderEntry>::Handle, 48u>::~SlaveTrackDrawProducer()
                0x06012218                SlaveTrackDrawProducer<TrackSegmentPool<48u, TrackSystem::SegmentRenderEntry>::Handle, 48u>::~SlaveTrackDrawProducer()
 .text._ZN29TrackCollisionQueryFromSystemD2Ev
                0x0601221c        0x4 src/main.o
                0x0601221c                TrackCollisionQueryFromSystem::~TrackCollisionQueryFromSystem()
                0x0601221c                TrackCollisionQueryFromSystem::~TrackCollisionQueryFromSystem()
 .text._ZN22PocTrackCollisionQueryD2Ev
                0x06012220        0x4 src/main.o
                0x06012220                PocTrackCollisionQuery::~PocTrackCollisionQuery()
                0x06012220                PocTrackCollisionQuery::~PocTrackCollisionQuery()
 .text._ZN4Game16VehiclePhysicsV2D2Ev
                0x06012224        0x4 src/main.o
                0x06012224                Game::VehiclePhysicsV2::~VehiclePhysicsV2()
                0x06012224                Game::VehiclePhysicsV2::~VehiclePhysicsV2()
 .text._ZN4Game16SimpleCarPhysicsD2Ev
                0x06012228        0x4 src/main.o
                0x06012228                Game::SimpleCarPhysics::~SimpleCarPhysics()
                0x06012228                Game::SimpleCarPhysics::~SimpleCarPhysics()
 .text._ZN4Game18SimpleGameplayTickD2Ev
                0x0601222c        0x4 src/main.o
                0x0601222c                Game::SimpleGameplayTick::~SimpleGameplayTick()
                0x0601222c                Game::SimpleGameplayTick::~SimpleGameplayTick()
 .text._ZNK22SlaveTrackDrawProducerIN16TrackSegmentPoolILj48EN11TrackSystem18SegmentRenderEntryEE6HandleELj48EE7ConsumeEv
                0x06012230       0x24 src/main.o
                0x06012230                SlaveTrackDrawProducer<TrackSegmentPool<48u, TrackSystem::SegmentRenderEntry>::Handle, 48u>::Consume() const
 .text._ZNK22SlaveTrackDrawProducerIN16TrackSegmentPoolILj48EN11TrackSystem18SegmentRenderEntryEE6HandleELj48EE5StatsEv
                0x06012254       0x44 src/main.o
                0x06012254                SlaveTrackDrawProducer<TrackSegmentPool<48u, TrackSystem::SegmentRenderEntry>::Handle, 48u>::Stats() const
 .text._ZN22SlaveTrackDrawProducerIN16TrackSegmentPoolILj48EN11TrackSystem18SegmentRenderEntryEE6HandleELj48EE9BuildTask2DoEv
                0x06012298       0xa4 src/main.o
                0x06012298                SlaveTrackDrawProducer<TrackSegmentPool<48u, TrackSystem::SegmentRenderEntry>::Handle, 48u>::BuildTask::Do()
 .text._ZNK4Game20ITrackCollisionQuery30SampleSurfaceYBySurfaceTypeSetERKN3SRL4Math5Types8Vector3DEPKhjRNS3_3FxpEPll
                0x0601233c       0x2c src/main.o
                0x0601233c                Game::ITrackCollisionQuery::SampleSurfaceYBySurfaceTypeSet(SRL::Math::Types::Vector3D const&, unsigned char const*, unsigned int, SRL::Math::Types::Fxp&, long*, long) const
 .text._ZN3SRL5Slave9SlaveTaskEPv
                0x06012368       0x2c src/main.o
                0x06012368                SRL::Slave::SlaveTask(void*)
 .text._ZN3SRL4Core14VblankHandlingEv
                0x06012394      0x1b4 src/main.o
                0x06012394                SRL::Core::VblankHandling()
 .text._ZN22SlaveTrackDrawProducerIN16TrackSegmentPoolILj48EN11TrackSystem18SegmentRenderEntryEE6HandleELj48EE10BeginFrameEm
                0x06012548      0x10c src/main.o
                0x06012548                SlaveTrackDrawProducer<TrackSegmentPool<48u, TrackSystem::SegmentRenderEntry>::Handle, 48u>::BeginFrame(unsigned long)
 .text._ZN22SlaveTrackDrawProducerIN16TrackSegmentPoolILj48EN11TrackSystem18SegmentRenderEntryEE6HandleELj48EE5BuildERKSt6vectorIS4_SaIS4_EEj
                0x06012654      0x32c src/main.o
                0x06012654                SlaveTrackDrawProducer<TrackSegmentPool<48u, TrackSystem::SegmentRenderEntry>::Handle, 48u>::Build(std::vector<TrackSegmentPool<48u, TrackSystem::SegmentRenderEntry>::Handle, std::allocator<TrackSegmentPool<48u, TrackSystem::SegmentRenderEntry>::Handle> > const&, unsigned int)
 .text._ZNK4Game20ITrackCollisionQuery25SampleSurfaceYByFamilySetERKN3SRL4Math5Types8Vector3DEPKtjRNS3_3FxpEPll
                0x06012980      0x130 src/main.o
                0x06012980                Game::ITrackCollisionQuery::SampleSurfaceYByFamilySet(SRL::Math::Types::Vector3D const&, unsigned short const*, unsigned int, SRL::Math::Types::Fxp&, long*, long) const
 .text._ZN4Game18SimpleGameplayTick4TickERNS_18GameplayFrameStateEPKNS_20ITrackCollisionQueryE
                0x06012ab0      0x1a0 src/main.o
                0x06012ab0                Game::SimpleGameplayTick::Tick(Game::GameplayFrameState&, Game::ITrackCollisionQuery const*)
 .text._ZNK4Game20ITrackCollisionQuery21ResolvePlanarWallPushERKN3SRL4Math5Types8Vector3DES6_NS3_3FxpERS4_Pll
                0x06012c50       0x6c src/main.o
                0x06012c50                Game::ITrackCollisionQuery::ResolvePlanarWallPush(SRL::Math::Types::Vector3D const&, SRL::Math::Types::Vector3D const&, SRL::Math::Types::Fxp, SRL::Math::Types::Vector3D&, long*, long) const
 .text._ZN4Game10CarPhysics14GroundFollower16TryProbeSurfaceYEPKNS_20ITrackCollisionQueryERKN3SRL4Math5Types8Vector3DElRNS1_18SurfaceProbeSampleE.isra.0
                0x06012cbc       0xe4 src/main.o
 .text._ZN14GameLoopSystem14SimulationTask2DoEv
                0x06012da0      0x340 src/main.o
                0x06012da0                GameLoopSystem::SimulationTask::Do()
 .text._ZNK29TrackCollisionQueryFromSystem24SampleSurfaceYByFamilyIdERKN3SRL4Math5Types8Vector3DEtRNS2_3FxpEPll
                0x060130e0      0x11c src/main.o
                0x060130e0                TrackCollisionQueryFromSystem::SampleSurfaceYByFamilyId(SRL::Math::Types::Vector3D const&, unsigned short, SRL::Math::Types::Fxp&, long*, long) const
 .text._ZNK29TrackCollisionQueryFromSystem21ResolvePlanarWallPushERKN3SRL4Math5Types8Vector3DES5_NS2_3FxpERS3_Pll
                0x060131fc      0x1a0 src/main.o
                0x060131fc                TrackCollisionQueryFromSystem::ResolvePlanarWallPush(SRL::Math::Types::Vector3D const&, SRL::Math::Types::Vector3D const&, SRL::Math::Types::Fxp, SRL::Math::Types::Vector3D&, long*, long) const
 .text._ZNK29TrackCollisionQueryFromSystem20SampleSurfaceContactERKN3SRL4Math5Types8Vector3DERN4Game14SurfaceContactEl
                0x0601339c      0x184 src/main.o
                0x0601339c                TrackCollisionQueryFromSystem::SampleSurfaceContact(SRL::Math::Types::Vector3D const&, Game::SurfaceContact&, long) const
 .text._ZNK29TrackCollisionQueryFromSystem25SampleSurfaceYByFamilySetERKN3SRL4Math5Types8Vector3DEPKtjRNS2_3FxpEPll
                0x06013520      0x138 src/main.o
                0x06013520                TrackCollisionQueryFromSystem::SampleSurfaceYByFamilySet(SRL::Math::Types::Vector3D const&, unsigned short const*, unsigned int, SRL::Math::Types::Fxp&, long*, long) const
 .text._ZNK29TrackCollisionQueryFromSystem31SampleSurfaceYByFamilySetStrictERKN3SRL4Math5Types8Vector3DEPKtjRNS2_3FxpEPll
                0x06013658      0x138 src/main.o
                0x06013658                TrackCollisionQueryFromSystem::SampleSurfaceYByFamilySetStrict(SRL::Math::Types::Vector3D const&, unsigned short const*, unsigned int, SRL::Math::Types::Fxp&, long*, long) const
 .text._ZNK29TrackCollisionQueryFromSystem6SampleERKN3SRL4Math5Types8Vector3DERS3_Rl
                0x06013790      0x264 src/main.o
                0x06013790                TrackCollisionQueryFromSystem::Sample(SRL::Math::Types::Vector3D const&, SRL::Math::Types::Vector3D&, long&) const
 .text._ZNK29TrackCollisionQueryFromSystem30SampleSurfaceYBySurfaceTypeSetERKN3SRL4Math5Types8Vector3DEPKhjRNS2_3FxpEPll
                0x060139f4      0x22c src/main.o
                0x060139f4                TrackCollisionQueryFromSystem::SampleSurfaceYBySurfaceTypeSet(SRL::Math::Types::Vector3D const&, unsigned char const*, unsigned int, SRL::Math::Types::Fxp&, long*, long) const
 .text._ZNK29TrackCollisionQueryFromSystem36SampleSurfaceYBySurfaceTypeSetStrictERKN3SRL4Math5Types8Vector3DEPKhjRNS2_3FxpEPll
                0x06013c20      0x228 src/main.o
                0x06013c20                TrackCollisionQueryFromSystem::SampleSurfaceYBySurfaceTypeSetStrict(SRL::Math::Types::Vector3D const&, unsigned char const*, unsigned int, SRL::Math::Types::Fxp&, long*, long) const
 .text._ZN3SRL4Math5Types3Fxp3MaxERKS2_S4_
                0x06013e48       0x10 src/main.o
                0x06013e48                SRL::Math::Types::Fxp::Max(SRL::Math::Types::Fxp const&, SRL::Math::Types::Fxp const&)
 .text._ZN3SRL4Math5Types3Fxp3MinERKS2_S4_
                0x06013e58       0x10 src/main.o
                0x06013e58                SRL::Math::Types::Fxp::Min(SRL::Math::Types::Fxp const&, SRL::Math::Types::Fxp const&)
 .text._ZNK22PocTrackCollisionQuery6SampleERKN3SRL4Math5Types8Vector3DERS3_Rl
                0x06013e68      0x3a0 src/main.o
                0x06013e68                PocTrackCollisionQuery::Sample(SRL::Math::Types::Vector3D const&, SRL::Math::Types::Vector3D&, long&) const
 .text._ZNK22PocTrackCollisionQuery20SampleSurfaceContactERKN3SRL4Math5Types8Vector3DERN4Game14SurfaceContactEl
                0x06014208      0x204 src/main.o
                0x06014208                PocTrackCollisionQuery::SampleSurfaceContact(SRL::Math::Types::Vector3D const&, Game::SurfaceContact&, long) const
 .text._ZNK22PocTrackCollisionQuery24SampleSurfaceYByFamilyIdERKN3SRL4Math5Types8Vector3DEtRNS2_3FxpEPll
                0x0601440c      0x170 src/main.o
                0x0601440c                PocTrackCollisionQuery::SampleSurfaceYByFamilyId(SRL::Math::Types::Vector3D const&, unsigned short, SRL::Math::Types::Fxp&, long*, long) const
 .text._ZN3SRL4Math12Trigonometry5Atan2ERKNS0_5Types3FxpES5_
                0x0601457c      0x160 src/main.o
                0x0601457c                SRL::Math::Trigonometry::Atan2(SRL::Math::Types::Fxp const&, SRL::Math::Types::Fxp const&)
 .text._ZN3SRL6Memory12SimpleMalloc6MallocERKNS0_10MemoryZoneEj
                0x060146dc       0xe4 src/main.o
                0x060146dc                SRL::Memory::SimpleMalloc::Malloc(SRL::Memory::MemoryZone const&, unsigned int)
 .text._ZN22SlaveTrackDrawProducerIN16TrackSegmentPoolILj48EN11TrackSystem18SegmentRenderEntryEE6HandleELj48EE9BuildTaskD0Ev
                0x060147c0      0x104 src/main.o
                0x060147c0                SlaveTrackDrawProducer<TrackSegmentPool<48u, TrackSystem::SegmentRenderEntry>::Handle, 48u>::BuildTask::~BuildTask()
 .text._ZN21SlaveTrackDepthSorterIN16TrackSegmentPoolILj48EN11TrackSystem18SegmentRenderEntryEE6HandleExLj48EE9BuildTaskD0Ev
                0x060148c4      0x104 src/main.o
                0x060148c4                SlaveTrackDepthSorter<TrackSegmentPool<48u, TrackSystem::SegmentRenderEntry>::Handle, long long, 48u>::BuildTask::~BuildTask()
 .text._ZN14GameLoopSystem14SimulationTaskD0Ev
                0x060149c8      0x104 src/main.o
                0x060149c8                GameLoopSystem::SimulationTask::~SimulationTask()
 .text._ZN14GameLoopSystem20CarRenderPrepareTaskD0Ev
                0x06014acc      0x104 src/main.o
                0x06014acc                GameLoopSystem::CarRenderPrepareTask::~CarRenderPrepareTask()
 .text._ZN4Game16VehiclePhysicsV2D0Ev
                0x06014bd0      0x104 src/main.o
                0x06014bd0                Game::VehiclePhysicsV2::~VehiclePhysicsV2()
 .text._ZN4Game16SimpleCarPhysicsD0Ev
                0x06014cd4      0x104 src/main.o
                0x06014cd4                Game::SimpleCarPhysics::~SimpleCarPhysics()
 .text._ZN22SlaveTrackDrawProducerIN16TrackSegmentPoolILj48EN11TrackSystem18SegmentRenderEntryEE6HandleELj48EED0Ev
                0x06014dd8      0x104 src/main.o
                0x06014dd8                SlaveTrackDrawProducer<TrackSegmentPool<48u, TrackSystem::SegmentRenderEntry>::Handle, 48u>::~SlaveTrackDrawProducer()
 .text._ZN22PocTrackCollisionQueryD0Ev
                0x06014edc      0x104 src/main.o
                0x06014edc                PocTrackCollisionQuery::~PocTrackCollisionQuery()
 .text._ZN29TrackCollisionQueryFromSystemD0Ev
                0x06014fe0      0x104 src/main.o
                0x06014fe0                TrackCollisionQueryFromSystem::~TrackCollisionQueryFromSystem()
 .text._ZN4Game14CarAudioSystemD0Ev
                0x060150e4      0x104 src/main.o
                0x060150e4                Game::CarAudioSystem::~CarAudioSystem()
 .text._ZN4Game18SimpleGameplayTickD0Ev
                0x060151e8      0x104 src/main.o
                0x060151e8                Game::SimpleGameplayTick::~SimpleGameplayTick()
 .text._ZN3SRL6Memory15PlacementMallocEjm
                0x060152ec      0x148 src/main.o
                0x060152ec                SRL::Memory::PlacementMalloc(unsigned int, unsigned long)
 .text._ZN3SRL2Cd4File4ReadElPv
                0x06015434      0x110 src/main.o
                0x06015434                SRL::Cd::File::Read(long, void*)
 .text._ZN3SRL2Cd9ChangeDirEPc
                0x06015544       0x40 src/main.o
                0x06015544                SRL::Cd::ChangeDir(char*)
 .text._ZN3SRL4CRAM16SetBankUsedStateEtNS0_16TextureColorModeEb
                0x06015584       0xb8 src/main.o
                0x06015584                SRL::CRAM::SetBankUsedState(unsigned short, SRL::CRAM::TextureColorMode, bool)
 .text._ZN3SRL4VDP24VRAM8AllocateEmmNS0_8VramBankEh
                0x0601563c       0x68 src/main.o
                0x0601563c                SRL::VDP2::VRAM::Allocate(unsigned long, unsigned long, SRL::VDP2::VramBank, unsigned char)
 .text._ZN3SRL4VDP210InitializeERKNS_5Types9HighColorE
                0x060156a4      0x1a8 src/main.o
                0x060156a4                SRL::VDP2::Initialize(SRL::Types::HighColor const&)
 .text._ZN3SRL5Input3Gun11SynchronizeEv
                0x0601584c      0x1d0 src/main.o
                0x0601584c                SRL::Input::Gun::Synchronize()
 .text._ZN3SRL5Sound8Hardware10InitializeEv
                0x06015a1c      0x56c src/main.o
                0x06015a1c                SRL::Sound::Hardware::Initialize()
 .text._ZN3SRL4Core10InitializeERKNS_5Types9HighColorE
                0x06015f88      0x1f4 src/main.o
                0x06015f88                SRL::Core::Initialize(SRL::Types::HighColor const&)
 .text._ZN3SRL6Bitmap3TGA13DecodePaletteEPhPKNS1_9TgaHeaderEl
                0x0601617c      0x380 src/main.o
                0x0601617c                SRL::Bitmap::TGA::DecodePalette(unsigned char*, SRL::Bitmap::TGA::TgaHeader const*, long)
 .text._ZN11ModelObject19AllocatePaletteBankEN3SRL4CRAM16TextureColorModeE
                0x060164fc      0x218 src/main.o
                0x060164fc                ModelObject::AllocatePaletteBank(SRL::CRAM::TextureColorMode)
 .text._ZN11ModelObject22ReleaseLoadedMeshStateEv
                0x06016714       0xc4 src/main.o
                0x06016714                ModelObject::ReleaseLoadedMeshState()
 .text._ZN11ModelObject25RemapLoadedTextureIndicesEjRKSt6vectorIlSaIlEE
                0x060167d8      0x21c src/main.o
                0x060167d8                ModelObject::RemapLoadedTextureIndices(unsigned int, std::vector<long, std::allocator<long> > const&)
 .text._ZN11ModelObject18LoadFlatMeshStreamERN3SRL2Cd4FileEj
                0x060169f4      0x6fc src/main.o
                0x060169f4                ModelObject::LoadFlatMeshStream(SRL::Cd::File&, unsigned int)
 .text._ZN11ModelObject18LoadFlatMeshBufferEPPcj
                0x060170f0      0x7d8 src/main.o
                0x060170f0                ModelObject::LoadFlatMeshBuffer(char**, unsigned int)
 .text._ZN11ModelObject20LoadSmoothMeshStreamERN3SRL2Cd4FileEPjj
                0x060178c8      0x9ac src/main.o
                0x060178c8                ModelObject::LoadSmoothMeshStream(SRL::Cd::File&, unsigned int*, unsigned int)
 .text._ZN11ModelObject20LoadSmoothMeshBufferEPPcPjj
                0x06018274      0x8c0 src/main.o
                0x06018274                ModelObject::LoadSmoothMeshBuffer(char**, unsigned int*, unsigned int)
 .text._ZN11ModelObject12GetFaceCountEv
                0x06018b34       0x84 src/main.o
                0x06018b34                ModelObject::GetFaceCount()
 .text._ZN11ModelObject30ForceSolidColorPreserveDisplayERKN3SRL5Types9HighColorE
                0x06018bb8      0x10c src/main.o
                0x06018bb8                ModelObject::ForceSolidColorPreserveDisplay(SRL::Types::HighColor const&)
 .text._ZN4Game14CarAudioSystem13TickGearShiftERKNS_18GameplayFrameStateE
                0x06018cc4      0x348 src/main.o
                0x06018cc4                Game::CarAudioSystem::TickGearShift(Game::GameplayFrameState const&)
 .text._ZN4Game14CarAudioSystem7OnFrameERKNS_18GameplayFrameStateE
                0x0601900c      0x4ec src/main.o
                0x0601900c                Game::CarAudioSystem::OnFrame(Game::GameplayFrameState const&)
 .text._ZZN4Game10CarPhysics13DynamicsModel15IntegratePlanarERNS_18GameplayFrameStateERNS0_13DynamicsStateERN3SRL4Math5Types8Vector3DERlRNS0_15FrameStepOutputEENKUlsaaE_clEsaa
                0x060194f8      0x2c4 src/main.o
                0x060194f8                Game::CarPhysics::DynamicsModel::IntegratePlanar(Game::GameplayFrameState&, Game::CarPhysics::DynamicsState&, SRL::Math::Types::Vector3D&, long&, Game::CarPhysics::FrameStepOutput&)::{lambda(short, signed char, signed char)#6}::operator()(short, signed char, signed char) const
                0x060194f8                Game::CarPhysics::DynamicsModel::IntegratePlanar(Game::GameplayFrameState&, Game::CarPhysics::DynamicsState&, SRL::Math::Types::Vector3D&, long&, Game::CarPhysics::FrameStepOutput&)::{lambda(short, signed char, signed char)#1}::operator()(short, signed char, signed char) const
 .text._ZN4Game10CarPhysics13DynamicsModel15IntegratePlanarERNS_18GameplayFrameStateERNS0_13DynamicsStateERN3SRL4Math5Types8Vector3DERlRNS0_15FrameStepOutputE
                0x060197bc     0x2960 src/main.o
                0x060197bc                Game::CarPhysics::DynamicsModel::IntegratePlanar(Game::GameplayFrameState&, Game::CarPhysics::DynamicsState&, SRL::Math::Types::Vector3D&, long&, Game::CarPhysics::FrameStepOutput&)
 .text._ZN4Game10CarPhysics14GroundFollower15BuildProbePointERKN3SRL4Math5Types8Vector3DERKNS4_3FxpESA_SA_SA_
                0x0601c11c       0xe0 src/main.o
                0x0601c11c                Game::CarPhysics::GroundFollower::BuildProbePoint(SRL::Math::Types::Vector3D const&, SRL::Math::Types::Fxp const&, SRL::Math::Types::Fxp const&, SRL::Math::Types::Fxp const&, SRL::Math::Types::Fxp const&)
 .text._ZN4Game10CarPhysics14GroundFollower18ProbeSurfaceTargetEPKNS_20ITrackCollisionQueryERKN3SRL4Math5Types8Vector3DERKNS7_3FxpESD_lbRNS0_11GroundStateERNS_18GameplayFrameStateE
                0x0601c1fc      0xf18 src/main.o
                0x0601c1fc                Game::CarPhysics::GroundFollower::ProbeSurfaceTarget(Game::ITrackCollisionQuery const*, SRL::Math::Types::Vector3D const&, SRL::Math::Types::Fxp const&, SRL::Math::Types::Fxp const&, long, bool, Game::CarPhysics::GroundState&, Game::GameplayFrameState&)
 .text._ZN4Game10CarPhysics14GroundFollower12UpdateTargetEPKNS_20ITrackCollisionQueryERKN3SRL4Math5Types8Vector3DERKNS0_15FrameStepOutputERNS0_11GroundStateERNS_18GameplayFrameStateE
                0x0601d114      0x3c8 src/main.o
                0x0601d114                Game::CarPhysics::GroundFollower::UpdateTarget(Game::ITrackCollisionQuery const*, SRL::Math::Types::Vector3D const&, Game::CarPhysics::FrameStepOutput const&, Game::CarPhysics::GroundState&, Game::GameplayFrameState&)
 .text._ZN4Game16VehiclePhysicsV28StepOnceERNS_18GameplayFrameStateEPKNS_20ITrackCollisionQueryERN3SRL4Math5Types8Vector3DERl
                0x0601d4dc      0xf94 src/main.o
                0x0601d4dc                Game::VehiclePhysicsV2::StepOnce(Game::GameplayFrameState&, Game::ITrackCollisionQuery const*, SRL::Math::Types::Vector3D&, long&)
 .text._ZN4Game16VehiclePhysicsV24StepERNS_18GameplayFrameStateEPKNS_20ITrackCollisionQueryERN3SRL4Math5Types8Vector3DERl
                0x0601e470      0x210 src/main.o
                0x0601e470                Game::VehiclePhysicsV2::Step(Game::GameplayFrameState&, Game::ITrackCollisionQuery const*, SRL::Math::Types::Vector3D&, long&)
 .text._ZN4Game16SimpleCarPhysics4StepERNS_18GameplayFrameStateEPKNS_20ITrackCollisionQueryERN3SRL4Math5Types8Vector3DERl
                0x0601e680        0xc src/main.o
                0x0601e680                Game::SimpleCarPhysics::Step(Game::GameplayFrameState&, Game::ITrackCollisionQuery const*, SRL::Math::Types::Vector3D&, long&)
 .text._ZN13TrackRenderer5ResetEv
                0x0601e68c      0x2d4 src/main.o
                0x0601e68c                TrackRenderer::Reset()
 .text._ZN17SkyBackgroundDome6UpdateElll
                0x0601e960      0x170 src/main.o
                0x0601e960                SkyBackgroundDome::Update(long, long, long)
 .text._ZN7PathNya26TryParseWithDescriptorBaseEPKhjbmjRSt5arrayISt6vectorINS_8PointRawESaIS4_EELj3EERj
                0x0601ead0      0x38c src/main.o
                0x0601ead0                PathNya::TryParseWithDescriptorBase(unsigned char const*, unsigned int, bool, unsigned long, unsigned int, std::array<std::vector<PathNya::PointRaw, std::allocator<PathNya::PointRaw> >, 3u>&, unsigned int&)
 .text._ZN7PathNya5ParseEPKhjRNS_11ParseResultE
                0x0601ee5c      0x318 src/main.o
                0x0601ee5c                PathNya::Parse(unsigned char const*, unsigned int, PathNya::ParseResult&)
 .text._ZN14GameLoopSystem23ResolveCameraFrameStateEv
                0x0601f174      0x408 src/main.o
                0x0601f174                GameLoopSystem::ResolveCameraFrameState()
 .text._ZN14GameLoopSystem10RenderAxesEv
                0x0601f57c      0x2e8 src/main.o
                0x0601f57c                GameLoopSystem::RenderAxes()
 .text._ZNK14GameLoopSystem15PrintDrivingHudEv
                0x0601f864      0x188 src/main.o
                0x0601f864                GameLoopSystem::PrintDrivingHud() const
 .text._ZNK14GameLoopSystem30PrintExtendedDrivetrainOverlayEv
                0x0601f9ec      0x4f0 src/main.o
                0x0601f9ec                GameLoopSystem::PrintExtendedDrivetrainOverlay() const
 .text._ZNK14GameLoopSystem29PopulateOverlaySpatialMetricsERNS_22SegmentOverlaySnapshotERKN3SRL4Math5Types8Vector3DEb
                0x0601fedc       0xe8 src/main.o
                0x0601fedc                GameLoopSystem::PopulateOverlaySpatialMetrics(GameLoopSystem::SegmentOverlaySnapshot&, SRL::Math::Types::Vector3D const&, bool) const
 .text._ZNK14GameLoopSystem27BuildSegmentOverlaySnapshotERNS_22SegmentOverlaySnapshotE
                0x0601ffc4      0x238 src/main.o
                0x0601ffc4                GameLoopSystem::BuildSegmentOverlaySnapshot(GameLoopSystem::SegmentOverlaySnapshot&) const
 .text._ZN14GameLoopSystem30PrintSegmentOverlapDiagnosticsEmm
                0x060201fc      0x96c src/main.o
                0x060201fc                GameLoopSystem::PrintSegmentOverlapDiagnostics(unsigned long, unsigned long)
 .text._ZN14GameLoopSystem26RebuildAutoLapRouteYawDataEv
                0x06020b68      0x4bc src/main.o
                0x06020b68                GameLoopSystem::RebuildAutoLapRouteYawData()
 .text._ZN14GameLoopSystem30InitializeAutoLapRouteIfNeededERKNS_7ContextERN3SRL4Math5Types8Vector3DERlRKNS5_3FxpEl
                0x06021024      0x32c src/main.o
                0x06021024                GameLoopSystem::InitializeAutoLapRouteIfNeeded(GameLoopSystem::Context const&, SRL::Math::Types::Vector3D&, long&, SRL::Math::Types::Fxp const&, long)
 .text._ZN14GameLoopSystem27CopyParsedAutoLapGuideLinesERKN7PathNya11ParseResultE
                0x06021350      0x270 src/main.o
                0x06021350                GameLoopSystem::CopyParsedAutoLapGuideLines(PathNya::ParseResult const&)
 .text._ZN14GameLoopSystem33PopulateAutoLapRouteFromGuideLineERKNS_7ContextERKSt6vectorIN3SRL4Math5Types8Vector3DE18TrackZoneAllocatorIS7_LNS4_6Memory4ZoneE1EEE
                0x060215c0      0x570 src/main.o
                0x060215c0                GameLoopSystem::PopulateAutoLapRouteFromGuideLine(GameLoopSystem::Context const&, std::vector<SRL::Math::Types::Vector3D, TrackZoneAllocator<SRL::Math::Types::Vector3D, (SRL::Memory::Zone)1> > const&)
 .text._ZN14GameLoopSystem24SimplifyAutoLapGuideLineERKSt6vectorIN3SRL4Math5Types8Vector3DE18TrackZoneAllocatorIS4_LNS1_6Memory4ZoneE1EEEj
                0x06021b30      0x9ec src/main.o
                0x06021b30                GameLoopSystem::SimplifyAutoLapGuideLine(std::vector<SRL::Math::Types::Vector3D, TrackZoneAllocator<SRL::Math::Types::Vector3D, (SRL::Memory::Zone)1> > const&, unsigned int)
 .text._ZNK14GameLoopSystem31SelectBestAutoLapGuideLineIndexERKN3SRL4Math5Types8Vector3DE
                0x0602251c      0x158 src/main.o
                0x0602251c                GameLoopSystem::SelectBestAutoLapGuideLineIndex(SRL::Math::Types::Vector3D const&) const
 .text._ZNK14GameLoopSystem28ResolveAutoLapRouteGroundYAtERKNS_7ContextEjRKN3SRL4Math5Types3FxpE
                0x06022674      0x114 src/main.o
                0x06022674                GameLoopSystem::ResolveAutoLapRouteGroundYAt(GameLoopSystem::Context const&, unsigned int, SRL::Math::Types::Fxp const&) const
 .text._ZN11CarPipelineD2Ev
                0x06022788      0x180 src/main.o
                0x06022788                CarPipeline::~CarPipeline()
                0x06022788                CarPipeline::~CarPipeline()
 .text._ZN11TrackSystem18SegmentRenderEntryD2Ev
                0x06022908      0x190 src/main.o
                0x06022908                TrackSystem::SegmentRenderEntry::~SegmentRenderEntry()
                0x06022908                TrackSystem::SegmentRenderEntry::~SegmentRenderEntry()
 .text._ZN11TrackSystemD2Ev
                0x06022a98      0x570 src/main.o
                0x06022a98                TrackSystem::~TrackSystem()
                0x06022a98                TrackSystem::~TrackSystem()
 .text._ZN3SRL5Debug12AssertScreenIJEEEvPKcS3_S3_DpT_
                0x06023008      0x5e0 src/main.o
                0x06023008                void SRL::Debug::AssertScreen<>(char const*, char const*, char const*)
 .text._ZN3SRL4VDP24VRAM16AutoAllocateCellERNS_7Tilemap11TilemapInfoEt
                0x060235e8      0x1fc src/main.o
                0x060235e8                SRL::VDP2::VRAM::AutoAllocateCell(SRL::Tilemap::TilemapInfo&, unsigned short)
 .text._ZN3SRL7Tilemap10Interfaces8Bmp2Tile13ConvertBitmapERNS0_11TilemapInfoERNS_6Bitmap7IBitmapEib.isra.0
                0x060237e4      0x3f4 src/main.o
 .text._ZN3SRL5Debug12AssertScreenIJlEEEvPKcS3_S3_DpT_
                0x06023bd8      0x6c4 src/main.o
                0x06023bd8                void SRL::Debug::AssertScreen<long>(char const*, char const*, char const*, long)
 .text._ZN3SRL7Tilemap10Interfaces8Bmp2TileC2ERNS_6Bitmap7IBitmapEhNS_6Memory4ZoneE
                0x0602429c      0x2f4 src/main.o
                0x0602429c                SRL::Tilemap::Interfaces::Bmp2Tile::Bmp2Tile(SRL::Bitmap::IBitmap&, unsigned char, SRL::Memory::Zone)
                0x0602429c                SRL::Tilemap::Interfaces::Bmp2Tile::Bmp2Tile(SRL::Bitmap::IBitmap&, unsigned char, SRL::Memory::Zone)
 .text._ZN3SRL5Debug12AssertScreenIJmEEEvPKcS3_S3_DpT_
                0x06024590      0x6c4 src/main.o
                0x06024590                void SRL::Debug::AssertScreen<unsigned long>(char const*, char const*, char const*, unsigned long)
 .text._ZN3SRL5Sound3Pcm9WaveSound11LoadPcmDataEPhmbb
                0x06024c54      0x23c src/main.o
                0x06024c54                SRL::Sound::Pcm::WaveSound::LoadPcmData(unsigned char*, unsigned long, bool, bool)
 .text._ZN3SRL5Debug12AssertScreenIJllEEEvPKcS3_S3_DpT_
                0x06024e90      0x6d4 src/main.o
                0x06024e90                void SRL::Debug::AssertScreen<long, long>(char const*, char const*, char const*, long, long)
 .text._ZN3SRL5Sound3Pcm9WaveSoundC2EPNS_2Cd4FileE
                0x06025564      0x348 src/main.o
                0x06025564                SRL::Sound::Pcm::WaveSound::WaveSound(SRL::Cd::File*)
                0x06025564                SRL::Sound::Pcm::WaveSound::WaveSound(SRL::Cd::File*)
 .text._ZN3SRL5Debug12AssertScreenIJaEEEvPKcS3_S3_DpT_
                0x060258ac      0x6c8 src/main.o
                0x060258ac                void SRL::Debug::AssertScreen<signed char>(char const*, char const*, char const*, signed char)
 .text._ZN3SRL6Bitmap3TGA8LoadDataEPNS_2Cd4FileEPNS1_14LoaderSettingsE
                0x06025f74      0xfe0 src/main.o
                0x06025f74                SRL::Bitmap::TGA::LoadData(SRL::Cd::File*, SRL::Bitmap::TGA::LoaderSettings*)
 .text._ZN3SRL5Debug5PrintIJllEEEvhhPKcDpT_
                0x06026f54      0x170 src/main.o
                0x06026f54                void SRL::Debug::Print<long, long>(unsigned char, unsigned char, char const*, long, long)
 .text._ZNSt6vectorIhSaIhEE6resizeEj
                0x060270c4      0x108 src/main.o
                0x060270c4                std::vector<unsigned char, std::allocator<unsigned char> >::resize(unsigned int)
 .text._ZN14GameLoopSystem21LoadAutoLapGuideLinesEv
                0x060271cc      0x33c src/main.o
                0x060271cc                GameLoopSystem::LoadAutoLapGuideLines()
 .text._ZN14GameLoopSystem17BuildAutoLapRouteERKNS_7ContextERKN3SRL4Math5Types8Vector3DE
                0x06027508      0x5f4 src/main.o
                0x06027508                GameLoopSystem::BuildAutoLapRoute(GameLoopSystem::Context const&, SRL::Math::Types::Vector3D const&)
 .text._ZN14GameLoopSystem18UpdateAutoLapRouteERKNS_7ContextERN3SRL4Math5Types8Vector3DERl
                0x06027afc      0x888 src/main.o
                0x06027afc                GameLoopSystem::UpdateAutoLapRoute(GameLoopSystem::Context const&, SRL::Math::Types::Vector3D&, long&)
 .text._ZNSt6vectorIN3SRL5Types9HighColorESaIS2_EE6resizeEj
                0x06028384      0x12c src/main.o
                0x06028384                std::vector<SRL::Types::HighColor, std::allocator<SRL::Types::HighColor> >::resize(unsigned int)
 .text._ZN11ModelObject11ParseBufferEPKcjj
                0x060284b0      0xfac src/main.o
                0x060284b0                ModelObject::ParseBuffer(char const*, unsigned int, unsigned int)
 .text._ZN11ModelObject10LoadBufferEPKcj
                0x0602945c      0x330 src/main.o
                0x0602945c                ModelObject::LoadBuffer(char const*, unsigned int)
 .text._ZN11ModelObject13LoadStreamingEPKcj
                0x0602978c     0x14f8 src/main.o
                0x0602978c                ModelObject::LoadStreaming(char const*, unsigned int)
 .text._ZN11ModelObjectC2EPKcjbjbbb
                0x0602ac84      0x21c src/main.o
                0x0602ac84                ModelObject::ModelObject(char const*, unsigned int, bool, unsigned int, bool, bool, bool)
                0x0602ac84                ModelObject::ModelObject(char const*, unsigned int, bool, unsigned int, bool, bool, bool)
 .text._ZZ13LoadCarToCartPKPKcjbjENKUlS0_E_clES0_
                0x0602aea0      0x57c src/main.o
                0x0602aea0                LoadCarToCart(char const* const*, unsigned int, bool, unsigned int)::{lambda(char const*)#1}::operator()(char const*) const
 .text._Z13LoadCarToCartPKPKcjbj
                0x0602b41c      0xae8 src/main.o
                0x0602b41c                LoadCarToCart(char const* const*, unsigned int, bool, unsigned int)
 .text._ZN3SRL5Debug5PrintIJjjEEEvhhPKcDpT_
                0x0602bf04      0x170 src/main.o
                0x0602bf04                void SRL::Debug::Print<unsigned int, unsigned int>(unsigned char, unsigned char, char const*, unsigned int, unsigned int)
 .text._ZN9HudSystem25PresentPeriodicFrameStatsEmbbbmmmm
                0x0602c074      0x490 src/main.o
                0x0602c074                HudSystem::PresentPeriodicFrameStats(unsigned long, bool, bool, bool, unsigned long, unsigned long, unsigned long, unsigned long)
 .text._ZN3SRL4VDP212ScrollScreenINS0_4RBG0ELs5ELt16EE11LoadTilemapERNS_7Tilemap8ITilemapE
                0x0602c504      0x510 src/main.o
                0x0602c504                SRL::VDP2::ScrollScreen<SRL::VDP2::RBG0, (short)5, (unsigned short)16>::LoadTilemap(SRL::Tilemap::ITilemap&)
 .text._ZN3SRL5Debug5PrintIJjEEEvhhPKcDpT_
                0x0602ca14      0x164 src/main.o
                0x0602ca14                void SRL::Debug::Print<unsigned int>(unsigned char, unsigned char, char const*, unsigned int)
 .text._ZN14GameLoopSystem14PollFrameInputEv
                0x0602cb78      0x49c src/main.o
                0x0602cb78                GameLoopSystem::PollFrameInput()
 .text._ZN3SRL4VDP212ScrollScreenINS0_4NBG0ELs1ELt1EE12SetMapLayoutEhhhh
                0x0602d014      0x210 src/main.o
                0x0602d014                SRL::VDP2::ScrollScreen<SRL::VDP2::NBG0, (short)1, (unsigned short)1>::SetMapLayout(unsigned char, unsigned char, unsigned char, unsigned char)
 .text._ZN3SRL4VDP212ScrollScreenINS0_4NBG0ELs1ELt1EE11LoadTilemapERNS_7Tilemap8ITilemapE
                0x0602d224      0x600 src/main.o
                0x0602d224                SRL::VDP2::ScrollScreen<SRL::VDP2::NBG0, (short)1, (unsigned short)1>::LoadTilemap(SRL::Tilemap::ITilemap&)
 .text._ZN11SkyPanorama4LoadEPKPKcj
                0x0602d824      0x910 src/main.o
                0x0602d824                SkyPanorama::Load(char const* const*, unsigned int)
 .text._ZN14SkyEnvironment4LoadEPKPKcj
                0x0602e134      0x298 src/main.o
                0x0602e134                SkyEnvironment::Load(char const* const*, unsigned int)
 .text.startup  0x0602e3cc      0x1a8 src/main.o
                0x0602e3cc                main
 .text._ZN21SlaveTrackDepthSorterIN16TrackSegmentPoolILj48EN11TrackSystem18SegmentRenderEntryEE6HandleExLj48EE8ApplyJobERKNS5_12BuildJobDataER13TrackDrawListIS4_Lj48EE
                0x0602e574      0x138 src/main.o
                0x0602e574                SlaveTrackDepthSorter<TrackSegmentPool<48u, TrackSystem::SegmentRenderEntry>::Handle, long long, 48u>::ApplyJob(SlaveTrackDepthSorter<TrackSegmentPool<48u, TrackSystem::SegmentRenderEntry>::Handle, long long, 48u>::BuildJobData const&, TrackDrawList<TrackSegmentPool<48u, TrackSystem::SegmentRenderEntry>::Handle, 48u>&)
 .text._ZN21SlaveTrackDepthSorterIN16TrackSegmentPoolILj48EN11TrackSystem18SegmentRenderEntryEE6HandleExLj48EE9BuildTask2DoEv
                0x0602e6ac       0x68 src/main.o
                0x0602e6ac                SlaveTrackDepthSorter<TrackSegmentPool<48u, TrackSystem::SegmentRenderEntry>::Handle, long long, 48u>::BuildTask::Do()
 .text.exit     0x0602e714       0x54 src/main.o
 .text          0x0602e768     0x1a50 src/mesh_renderer.o
                0x0602e7a0                MeshRenderer::SetSkipMesh(unsigned int)
                0x0602e7a8                MeshRenderer::SetScale(SRL::Math::Types::Fxp const&)
                0x0602e7b0                MeshRenderer::SetOffset(SRL::Math::Types::Vector3D const&)
                0x0602e7c8                MeshRenderer::SetLightDirection(SRL::Math::Types::Vector3D const&)
                0x0602e7d8                MeshRenderer::SetBodyAttitude(SRL::Math::Types::Angle const&, SRL::Math::Types::Angle const&)
                0x0602e7e4                MeshRenderer::ClearMeshLocalTransforms()
                0x0602ea4c                MeshRenderer::SetMeshLocalTransform(unsigned int, MeshRenderer::LocalTransform const&)
                0x0602ed44                MeshRenderer::DrawMesh(unsigned int)
                0x0602ee94                MeshRenderer::Render(SRL::Math::Types::Vector3D const&, SRL::Math::Types::Angle const&, bool)
                0x0602f420                MeshRenderer::ApplyTransform(SRL::Math::Types::Vector3D const&, SRL::Math::Types::Angle const&)
                0x0602f4fc                MeshRenderer::ComputeMeshCenters()
                0x0602fd98                MeshRenderer::MeshRenderer(ModelObject&, bool, MeshRenderer::Config const&)
                0x0602fd98                MeshRenderer::MeshRenderer(ModelObject&, bool, MeshRenderer::Config const&)
 .text.startup  0x060301b8      0x198 src/mesh_renderer.o
 .text.exit     0x06030350       0x54 src/mesh_renderer.o
 .text          0x060303a4       0x60 src/track_pipeline_stages.o
                0x060303a4                TrackPipeline::TrackMaintenanceStage::RunInitial(TrackSystem&)
                0x060303b0                TrackPipeline::TrackMaintenanceStage::RunPostSlide(TrackSystem&, bool)
                0x060303bc                TrackPipeline::TrackMaintenanceStage::RunLegacy(TrackSystem&, bool)
                0x060303c8                TrackPipeline::TrackWindowStage::Run(TrackSystem&, SRL::Math::Types::Vector3D const&, SRL::Math::Types::Vector3D const&)
                0x060303d4                TrackPipeline::TrackPrefetchStage::RunCompaction(TrackSystem&, bool)
                0x060303e0                TrackPipeline::TrackPrefetchStage::RunPrefetch(TrackSystem&, bool)
                0x060303ec                TrackPipeline::TrackLodStage::RunRecovery(TrackSystem&, bool)
                0x060303f8                TrackPipeline::TrackWorkingSetStage::Run(TrackSystem&)
 .text.startup  0x06030404      0x198 src/track_pipeline_stages.o
 .text.exit     0x0603059c       0x54 src/track_pipeline_stages.o
 .text          0x060305f0    0x31678 src/track_system.o
                0x0603ca18                TrackSystem::ComputeRendererCenter(TrackRenderer const&)
                0x0603cb30                TrackSystem::ReleaseRawSegmentCatalog()
                0x0603cc84                TrackSystem::ReleaseSeg1Texbanks()
                0x0603cdc8                TrackSystem::ReleaseSeg1TgaCatalog()
                0x0603cf30                TrackSystem::BuildSeg1TexbankCandidatePaths(int, std::array<std::array<char, 40u>, 16u>&, char const**, unsigned int&)
                0x0603d20c                TrackSystem::LoadSeg1TexbankIndexToCart(unsigned int, int)
                0x0603d8d8                TrackSystem::FindRawSegmentCopyById(int) const
                0x0603d910                TrackSystem::FindExistingPath(char const* const*, unsigned int)
                0x0603dbe8                TrackSystem::ResolveSegmentPath(unsigned int)
                0x0603dc70                TrackSystem::BuildSegmentHandleTable()
                0x0603df04                TrackSystem::InitializeFamilySlots(std::vector<TrackSystem::Seg1FamilySlotEntry, TrackZoneAllocator<TrackSystem::Seg1FamilySlotEntry, (SRL::Memory::Zone)1> >&, int const*, unsigned int) const
                0x0603e140                TrackSystem::InitializeFamilySlots(std::vector<TrackSystem::Seg1FamilySlotEntry, TrackZoneAllocator<TrackSystem::Seg1FamilySlotEntry, (SRL::Memory::Zone)1> >&, std::vector<unsigned short, TrackZoneAllocator<unsigned short, (SRL::Memory::Zone)1> > const&) const
                0x0603e37c                TrackSystem::InvalidateFamilySlotIndex() const
                0x0603e390                TrackSystem::FindTexbankEntryByFamily(TrackSystem::Seg1TexbankCart const&, unsigned short) const
                0x0603e3d0                TrackSystem::BuildTrackFamilyLodSlots(std::vector<TrackSystem::Seg1FamilySlotEntry, TrackZoneAllocator<TrackSystem::Seg1FamilySlotEntry, (SRL::Memory::Zone)1> >&)
                0x0603e664                TrackSystem::InvalidateEntryWorkingSetCache(TrackSystem::SegmentRenderEntry&)
                0x0603e670                TrackSystem::RebuildUsedTextureSlotFlagsFromWorkingRefs()
                0x0603e720                TrackSystem::GetStrictPendingLodPriority(unsigned int) const
                0x0603e76c                TrackSystem::GetTextureUploadBudgetPerFrame() const
                0x0603e770                TrackSystem::ResolveSegmentLodIndexByRank(unsigned int) const
                0x0603e77c                TrackSystem::TryGetWindowLogicalRank(long, unsigned int&) const
                0x0603e828                TrackSystem::InvalidateActiveWindowLookupTables()
                0x0603e83c                TrackSystem::LogicalToPhysicalWindowIndex(unsigned int, unsigned int) const
                0x0603e87c                TrackSystem::ResolveWindowOutgoingSegmentId(signed char, unsigned int) const
                0x0603e8c8                TrackSystem::ResolveWindowIncomingSegmentId(signed char, unsigned int) const
                0x0603e934                TrackSystem::TryResolveWindowEntryIndexBySegmentId(long, unsigned int&)
                0x0603ea9c                TrackSystem::TryResolveWindowEntryIndexBySegmentId(long, unsigned int&) const
                0x0603eaa8                TrackSystem::ResolveWindowDropIndexByDirection(signed char, unsigned int, unsigned int&)
                0x0603eac8                TrackSystem::ResolveWindowHeadByStartId(unsigned int)
                0x0603eb58                TrackSystem::AdvanceWindowHeadByDirection(signed char, unsigned int)
                0x0603ebd0                TrackSystem::RebuildActiveWindowLookupTables()
                0x0603ebf0                TrackSystem::FindWindowEntryByIdFast(long)
                0x0603ec2c                TrackSystem::FindWindowEntryByIdFast(long) const
                0x0603ec68                TrackSystem::EnsureWallSegmentCache(TrackSystem::SegmentRenderEntry&) const
                0x06040a08                TrackSystem::HasPendingStabilizedWindowLodChanges() const
                0x06040a1c                TrackSystem::ResetPendingStabilizedLodRanks()
                0x06040a58                TrackSystem::UpdateDesiredStabilizedWindowLodTargets()
                0x06040b4c                TrackSystem::QueuePendingStabilizedLodRank(unsigned int)
                0x06040b74                TrackSystem::SeedPendingStabilizedLodRanksForWindow()
                0x06040ce4                TrackSystem::ResetSlideBackBuffer()
                0x06040e40                TrackSystem::PrimeRuntimeScratchCapacities()
                0x060423c0                TrackSystem::ApplyActiveRendererCapacityFloor(TrackRenderer&)
                0x0604260c                TrackSystem::CaptureTrackTextureHeapBase()
                0x06042630                TrackSystem::RebaseTrackTextureHeapBase()
                0x06042654                TrackSystem::ShouldRecycleTrackTextureHeap() const
                0x06042658                TrackSystem::ShouldCompactTrackTextureHeapInStabilization() const
                0x06042824                TrackSystem::RecycleTrackTextureHeap()
                0x06042aac                TrackSystem::EstimateWorkRamRetainedBytes() const
                0x06042b50                TrackSystem::EstimateLowWorkRamRetainedBytes() const
                0x06043268                TrackSystem::CaptureLowWorkBreakdown() const
                0x06043964                TrackSystem::AllocateWorkRamEmergencyReserve()
                0x060439bc                TrackSystem::ReleaseWorkRamEmergencyReserve()
                0x06043a04                TrackSystem::ReacquireWorkRamEmergencyReserve()
                0x06043a5c                TrackSystem::ClassifyMemoryPressure(unsigned int, bool) const
                0x06043a80                TrackSystem::ReleaseTrackFamilyResourcesImmediate(TrackSystem::MemoryPressureLevel)
                0x06043b84                TrackSystem::EmitWorkRamLivePointersTelemetry()
                0x06043b9c                TrackSystem::PrewarmNextSegmentLod32()
                0x06043ba0                TrackSystem::PrewarmUpcomingBoundaryLods()
                0x06043ba4                TrackSystem::ReleaseUnusedFamilyResourcesEndFrame()
                0x06043bc0                TrackSystem::EmitFamilyWorkingSetTelemetry() const
                0x06043bc4                TrackSystem::ResolveCameraWindowDirection(SRL::Math::Types::Vector3D const&, SRL::Math::Types::Vector3D const&, SRL::Math::Types::Vector3D const&) const
                0x06043e4c                TrackSystem::UpdateActiveSegmentWindowForPosition(SRL::Math::Types::Vector3D const&, SRL::Math::Types::Vector3D const&)
                0x06044750                TrackSystem::ResolveInitialLoadLimit(TrackSystem::Config const&) const
                0x06044754                TrackSystem::ApplyTrackSlaveMode()
                0x06044790                TrackSystem::SetTrackSlaveMode(bool)
                0x060447cc                TrackSystem::ConfigureCoordinatorAndBudget(TrackSystem::Config const&)
                0x06044ab8                TrackSystem::LogInitialSegmentDiagnostics() const
                0x06044c60                TrackSystem::TickRuntimeFrameCooldowns()
                0x06044cac                TrackSystem::ShouldRunPostSlideMaintenance(bool) const
                0x06044d4c                TrackSystem::RunPendingLodRecoveryStage(bool)
                0x06044d50                TrackSystem::SetObservedCarSegmentId(long)
                0x06044fe8                TrackSystem::BuildVisibleSegmentOrder(SRL::Math::Types::Vector3D const&, SRL::Math::Types::Vector3D const&)
                0x06045fd4                TrackSystem::RunSeg1DiagnosticsForFrame()
                0x06045fd8                TrackSystem::RunWindowStage(SRL::Math::Types::Vector3D const&, SRL::Math::Types::Vector3D const&)
                0x06046028                TrackSystem::RunTextureCompactionStage(bool)
                0x0604602c                TrackSystem::UpdatePrefetchSpeedProxy(SRL::Math::Types::Vector3D const&)
                0x0604612c                TrackSystem::RunLegacyMaintenanceStage(bool)
                0x06046130                TrackSystem::ResetFramePlan(TrackSystem::TrackFramePlan&) const
                0x06046190                TrackSystem::ApplyFramePlanLodTargets(TrackSystem::TrackFramePlan const&)
                0x060461a4                TrackSystem::PromoteLastValidFramePlanForCurrentFrame(bool)
                0x06046340                TrackSystem::BuildOrderedHandlesStage(SRL::Math::Types::Vector3D const&, SRL::Math::Types::Vector3D const&, std::vector<TrackSegmentPool<48u, TrackSystem::SegmentRenderEntry>::Handle, std::allocator<TrackSegmentPool<48u, TrackSystem::SegmentRenderEntry>::Handle> >&)
                0x06046350                TrackSystem::ShouldRunFramePlanThisFrame(bool)
                0x060463d0                TrackSystem::FinalizeDrawStage(unsigned short, std::array<unsigned char, 49u> const&, std::array<unsigned char, 49u> const&)
                0x0604654c                TrackSystem::PresentVdp1FpsTelemetry()
                0x06046568                TrackSystem::PresentPerFrameDebugOverlay()
                0x0604656c                TrackSystem::PresentCoordinatorTelemetryAndSoak()
                0x060465e8                TrackSystem::PresentSh2UsageOverlay()
                0x060465ec                TrackSystem::UpdateAdaptiveBudgetAfterFrame()
                0x060465f0                TrackSystem::FindNearestSegment(SRL::Math::Types::Vector3D const&, SRL::Math::Types::Vector3D const&, long&, SRL::Math::Types::Vector3D&) const
                0x06046864                TrackSystem::FindSurfaceYByFamilySet(SRL::Math::Types::Vector3D const&, SRL::Math::Types::Vector3D const&, unsigned short const*, unsigned int, SRL::Math::Types::Fxp&, long*, long, bool, unsigned short*, unsigned char*, short*) const
                0x0604719c                TrackSystem::FindSurfaceYByFamilyId(SRL::Math::Types::Vector3D const&, SRL::Math::Types::Vector3D const&, unsigned short, SRL::Math::Types::Fxp&, long*, long, bool) const
                0x060471f8                TrackSystem::FindSurfaceContact(SRL::Math::Types::Vector3D const&, SRL::Math::Types::Vector3D const&, Game::SurfaceContact&, long, bool) const
                0x06047330                TrackSystem::FindSegmentCenterById(long, SRL::Math::Types::Vector3D const&, SRL::Math::Types::Vector3D&) const
                0x06047448                TrackSystem::FindPlanarWallPush(SRL::Math::Types::Vector3D const&, SRL::Math::Types::Vector3D const&, SRL::Math::Types::Vector3D const&, SRL::Math::Types::Fxp, SRL::Math::Types::Vector3D&, long*, long, bool) const
                0x06047a3c                TrackSystem::GetRenderWindowDebugSnapshot(long&, signed char&, unsigned short&) const
                0x06047ae4                TrackSystem::GetRenderWindowSegmentIdAt(unsigned int, long&) const
                0x06047b8c                TrackSystem::HasSmoothSegments() const
                0x06047bbc                TrackSystem::MaxSegmentFaceCount() const
                0x06047bfc                TrackSystem::MaxSegmentVertexCount() const
                0x06047c3c                TrackSystem::ResetSlidePrefetchState()
                0x06049914                TrackSystem::CopySegmentById(unsigned int)
                0x06049cb4                TrackSystem::CopyAllTrackSegments(unsigned int)
                0x0604c344                TrackSystem::TryLoadFamilyLodSlot(TrackSystem::Seg1FamilySlotEntry&, unsigned char, bool, bool, bool*, bool*, bool*, int*)
                0x0604d27c                TrackSystem::PreloadFullTrackFamilyLodCache()
                0x0604e380                TrackSystem::PreloadTgaCatalogFromSegmentsMap()
                0x060509f8                TrackSystem::BuildSegmentCenterCatalog()
                0x06051b6c                TrackSystem::BuildSegmentIntoRenderer(long, TrackRenderer&, SRL::Math::Types::Vector3D&, std::vector<unsigned short, TrackZoneAllocator<unsigned short, (SRL::Memory::Zone)1> >&)
                0x06051bdc                TrackSystem::BuildSegmentIntoSlideScratch(long, SRL::Math::Types::Vector3D&, std::vector<unsigned short, TrackZoneAllocator<unsigned short, (SRL::Memory::Zone)1> >&)
                0x06051ee4                TrackSystem::TrimWorkRamRetainedCapacities(bool, long*)
                0x060533d4                TrackSystem::RunWorkRamMaintenance(bool)
                0x06053c4c                TrackSystem::RunInitialMaintenanceStage()
                0x06053d50                TrackSystem::RunPostSlideMaintenanceStage(bool)
                0x06053de4                TrackSystem::BuildSegmentRenderers(std::vector<TrackSystem::TrackSegmentEntry, TrackZoneAllocator<TrackSystem::TrackSegmentEntry, (SRL::Memory::Zone)1> >&)
                0x06055778                TrackSystem::BuildSegmentIntoPrefetch(long, bool)
                0x06055d10                TrackSystem::TryPrefetchUpcomingSegment()
                0x06055ef0                TrackSystem::RunPrefetchStage(bool)
                0x06055f40                TrackSystem::EnsureSurfaceFamilyLookupCapacity(unsigned int)
                0x0605642c                TrackSystem::EnsureFamilySlotIndexCapacity(unsigned int) const
                0x06056494                TrackSystem::RebuildFamilySlotIndex() const
                0x06056578                TrackSystem::FindFamilySlot(std::vector<TrackSystem::Seg1FamilySlotEntry, TrackZoneAllocator<TrackSystem::Seg1FamilySlotEntry, (SRL::Memory::Zone)1> >&, unsigned short)
                0x0605662c                TrackSystem::RebuildEntryWorkingSetCache(TrackSystem::SegmentRenderEntry&)
                0x06056d14                TrackSystem::RebuildUsedTextureSlotFlagsFromCurrentFaces()
                0x06056d50                TrackSystem::EnsureFamilyLodSlotLoaded(std::vector<TrackSystem::Seg1FamilySlotEntry, TrackZoneAllocator<TrackSystem::Seg1FamilySlotEntry, (SRL::Memory::Zone)1> >&, unsigned short, unsigned char, bool)
                0x06056e20                TrackSystem::TryGetBestFamilyLodSlot(std::vector<TrackSystem::Seg1FamilySlotEntry, TrackZoneAllocator<TrackSystem::Seg1FamilySlotEntry, (SRL::Memory::Zone)1> >&, unsigned short, unsigned char, unsigned short&, unsigned char*, bool, bool)
                0x06056fec                TrackSystem::ResolveBestEffortFaceSlots(std::vector<unsigned short, TrackZoneAllocator<unsigned short, (SRL::Memory::Zone)1> > const&, unsigned char, std::vector<TrackSystem::Seg1FamilySlotEntry, TrackZoneAllocator<TrackSystem::Seg1FamilySlotEntry, (SRL::Memory::Zone)1> >&, std::vector<short, TrackZoneAllocator<short, (SRL::Memory::Zone)1> >&, bool, bool)
                0x06057240                TrackSystem::MergeCurrentWindowFamilies()
                0x060575dc                TrackSystem::CommitStabilizedSlideBackBuffer()
                0x06057c3c                TrackSystem::RefreshFamilyWorkingSet(bool)
                0x06057df8                TrackSystem::RunWorkingSetStage()
                0x06057e6c                TrackSystem::ValidateStabilizedWindowInvariants()
                0x06058430                TrackSystem::RunEndFrameResourceMaintenance()
                0x0605859c                TrackSystem::EndFrame()
                0x06058604                TrackSystem::TryGetFamilyLodSlot(std::vector<TrackSystem::Seg1FamilySlotEntry, TrackZoneAllocator<TrackSystem::Seg1FamilySlotEntry, (SRL::Memory::Zone)1> > const&, unsigned short, unsigned char, unsigned short&) const
                0x06058664                TrackSystem::FindFamilySlot(std::vector<TrackSystem::Seg1FamilySlotEntry, TrackZoneAllocator<TrackSystem::Seg1FamilySlotEntry, (SRL::Memory::Zone)1> > const&, unsigned short) const
                0x060588d8                TrackSystem::RebuildSegmentFaceSlotsForLod(TrackSystem::SegmentRenderEntry&, unsigned char, std::vector<TrackSystem::Seg1FamilySlotEntry, TrackZoneAllocator<TrackSystem::Seg1FamilySlotEntry, (SRL::Memory::Zone)1> >&, bool)
                0x060588f8                TrackSystem::RebuildSafeSegmentEntry(TrackSystem::SegmentRenderEntry&)
                0x06058f0c                TrackSystem::RebuildSegmentFaceSlotsForBaseRank(TrackSystem::SegmentRenderEntry&, unsigned int, std::vector<TrackSystem::Seg1FamilySlotEntry, TrackZoneAllocator<TrackSystem::Seg1FamilySlotEntry, (SRL::Memory::Zone)1> >&, bool)
                0x060591d4                TrackSystem::BuildSegmentLodState(TrackSystem::SegmentRenderEntry&, SegmentComponent::Blob const&, SegmentComponent::Loader::MatView const&, std::vector<TrackSystem::Seg1FamilySlotEntry, TrackZoneAllocator<TrackSystem::Seg1FamilySlotEntry, (SRL::Memory::Zone)1> >&)
                0x06059354                TrackSystem::ApplyStabilizedLodForLogicalRank(unsigned int)
                0x060595f0                TrackSystem::UpdateStabilizedWindowLodBoundaries()
                0x0605966c                TrackSystem::ProcessPendingStabilizedWindowLodChanges(unsigned char)
                0x06059a20                TrackSystem::UpdateStabilizedWindowLodBands()
                0x06059d48                TrackSystem::UpdateVisibleSegmentLods(std::vector<TrackSegmentPool<48u, TrackSystem::SegmentRenderEntry>::Handle, std::allocator<TrackSegmentPool<48u, TrackSystem::SegmentRenderEntry>::Handle> > const&)
                0x06059ff0                TrackSystem::RebuildTrackTextureResidencyForWindow(bool)
                0x0605a4ac                TrackSystem::ApplyInitialSdrFamilySlots()
                0x0605a760                TrackSystem::ResetFamilyLookupTables()
                0x0605a7b4                TrackSystem::LoadSurfaceCollisionMaps()
                0x0605a804                TrackSystem::ResetInitializationState()
                0x0605aed0                TrackSystem::RebuildActiveSegmentWindow(long, unsigned int, signed char)
                0x0605be98                TrackSystem::UpdateCameraDrivenWindowDirection(SRL::Math::Types::Vector3D const&, SRL::Math::Types::Vector3D const&, SRL::Math::Types::Vector3D const&)
                0x0605c158                TrackSystem::PrepareInitialSegmentPackages(unsigned int)
                0x0605c1b8                TrackSystem::Initialize(TrackSystem::Config const&)
                0x0605c4c8                TrackSystem::ValidateAndRepairWindowState()
                0x0605cda0                TrackSystem::PrepareStabilizedSlideBackBuffer(unsigned int, signed char, long, long)
                0x0605db7c                TrackSystem::ExecuteDeterministicStabilizedSlide(unsigned int, signed char, long, long)
                0x0605f444                TrackSystem::SlideActiveSegmentWindow(unsigned int, signed char)
                0x0605f458                TrackSystem::BeginFrame(unsigned long)
                0x0605fc54                TrackSystem::BuildStabilizedSortedHandles(SRL::Math::Types::Vector3D const&, SRL::Math::Types::Vector3D const&)
                0x060605e0                TrackSystem::BuildAndApplyFramePlanStage(SRL::Math::Types::Vector3D const&, SRL::Math::Types::Vector3D const&, SRL::Math::Types::Vector3D const&)
                0x06060b3c                TrackSystem::RunFramePlanStage(SRL::Math::Types::Vector3D const&, SRL::Math::Types::Vector3D const&, SRL::Math::Types::Vector3D const&, bool)
                0x06060c0c                TrackSystem::RenderVisibleSegmentOrderStabilized(SRL::Math::Types::Vector3D const&, SRL::Math::Types::Vector3D const&, SRL::Math::Types::Vector3D const&, std::array<unsigned char, 49u>&, std::array<unsigned char, 49u>&, bool&)
                0x060619a8                TrackSystem::RenderVisibleSegmentOrder(std::vector<TrackSegmentPool<48u, TrackSystem::SegmentRenderEntry>::Handle, std::allocator<TrackSegmentPool<48u, TrackSystem::SegmentRenderEntry>::Handle> > const&, SRL::Math::Types::Vector3D const&, SRL::Math::Types::Vector3D const&, SRL::Math::Types::Vector3D const&, std::array<unsigned char, 49u>&, std::array<unsigned char, 49u>&, bool&, bool&)
                0x060619fc                TrackSystem::RunDrawStage(std::vector<TrackSegmentPool<48u, TrackSystem::SegmentRenderEntry>::Handle, std::allocator<TrackSegmentPool<48u, TrackSystem::SegmentRenderEntry>::Handle> > const&, SRL::Math::Types::Vector3D const&, SRL::Math::Types::Vector3D const&, SRL::Math::Types::Vector3D const&, std::array<unsigned char, 49u>&, std::array<unsigned char, 49u>&, bool&, bool&)
                0x06061a88                TrackSystem::RenderFrame(bool, SRL::Math::Types::Vector3D const&, SRL::Math::Types::Vector3D const&, SRL::Math::Types::Vector3D const&, SRL::Math::Types::Vector3D const&, SRL::Math::Types::Vector3D const&)
 .text._ZN3SRL4Math5Types3FxpC2ERKs
                0x06061c68        0x8 src/track_system.o
                0x06061c68                SRL::Math::Types::Fxp::Fxp(short const&)
                0x06061c68                SRL::Math::Types::Fxp::Fxp(short const&)
 .text._ZNK3SRL4Math5Types8Vector3DplERKS2_
                0x06061c70       0x64 src/track_system.o
                0x06061c70                SRL::Math::Types::Vector3D::operator+(SRL::Math::Types::Vector3D const&) const
 .text._ZNSt6vectorIN3SRL5Types7PolygonE18TrackZoneAllocatorIS2_LNS0_6Memory4ZoneE1EEE13_M_assign_auxIPS2_EEvT_SA_St20forward_iterator_tag.isra.0
                0x06061cd4      0x214 src/track_system.o
 .text._ZNSt6vectorIN3SRL4Math5Types8Vector3DE18TrackZoneAllocatorIS3_LNS0_6Memory4ZoneE1EEE13_M_assign_auxIPS3_EEvT_SB_St20forward_iterator_tag.isra.0
                0x06061ee8      0x194 src/track_system.o
 .text._ZN16TrackSglRenderer8DrawMeshEPKN3SRL4Math5Types8Vector3DEjPKNS0_5Types7PolygonEjPKNS6_9AttributeEtRS4_NS2_3FxpEb
                0x0606207c      0x588 src/track_system.o
                0x0606207c                TrackSglRenderer::DrawMesh(SRL::Math::Types::Vector3D const*, unsigned int, SRL::Types::Polygon const*, unsigned int, SRL::Types::Attribute const*, unsigned short, SRL::Math::Types::Vector3D const&, SRL::Math::Types::Fxp, bool)
 .text._ZN17TrackVdp1Renderer19DrawTexturedCommandERKNS_15PreparedCommandEl
                0x06062604      0x238 src/track_system.o
                0x06062604                TrackVdp1Renderer::DrawTexturedCommand(TrackVdp1Renderer::PreparedCommand const&, long)
 .text._ZNK13TrackRenderer13RetainedBytesEv
                0x0606283c      0x258 src/track_system.o
                0x0606283c                TrackRenderer::RetainedBytes() const
 .text._ZN13TrackRenderer23SetRuntimeCapacityFloorEjj
                0x06062a94      0x288 src/track_system.o
                0x06062a94                TrackRenderer::SetRuntimeCapacityFloor(unsigned int, unsigned int)
 .text._Z19CopyCdFileToCartRamPKcj
                0x06062d1c      0x488 src/track_system.o
                0x06062d1c                CopyCdFileToCartRam(char const*, unsigned int)
 .text._ZN18SegmentRuntimeDraw6Loader14ReadHeaderLeAtEPKhjjRNS_8HeaderV1E
                0x060631a4      0x30c src/track_system.o
                0x060631a4                SegmentRuntimeDraw::Loader::ReadHeaderLeAt(unsigned char const*, unsigned int, unsigned int, SegmentRuntimeDraw::HeaderV1&)
 .text._ZN16TrackRuntimePack6Loader14ReadHeaderLeAtEPKhjjRNS_8HeaderV1E
                0x060634b0      0x1b0 src/track_system.o
                0x060634b0                TrackRuntimePack::Loader::ReadHeaderLeAt(unsigned char const*, unsigned int, unsigned int, TrackRuntimePack::HeaderV1&)
 .text._ZN16TrackRuntimePack6Loader13ReadEntryLeAtERKNS0_4ViewEiRNS_16DirectoryEntryV1E
                0x06063660      0x12c src/track_system.o
                0x06063660                TrackRuntimePack::Loader::ReadEntryLeAt(TrackRuntimePack::Loader::View const&, int, TrackRuntimePack::DirectoryEntryV1&)
 .text._ZN3SRL5Debug5PrintIJiEEEvhhPKcDpT_
                0x0606378c      0x164 src/track_system.o
                0x0606378c                void SRL::Debug::Print<int>(unsigned char, unsigned char, char const*, int)
 .text._ZNSt6vectorIN3SRL4Math5Types8Vector3DE18TrackZoneAllocatorIS3_LNS0_6Memory4ZoneE1EEE7reserveEj
                0x060638f0       0xdc src/track_system.o
                0x060638f0                std::vector<SRL::Math::Types::Vector3D, TrackZoneAllocator<SRL::Math::Types::Vector3D, (SRL::Memory::Zone)1> >::reserve(unsigned int)
 .text._ZNSt6vectorIN3SRL5Types7PolygonE18TrackZoneAllocatorIS2_LNS0_6Memory4ZoneE1EEE7reserveEj
                0x060639cc       0xf0 src/track_system.o
                0x060639cc                std::vector<SRL::Types::Polygon, TrackZoneAllocator<SRL::Types::Polygon, (SRL::Memory::Zone)1> >::reserve(unsigned int)
 .text._ZNSt6vectorIN3SRL5Types9AttributeE18TrackZoneAllocatorIS2_LNS0_6Memory4ZoneE1EEE7reserveEj
                0x06063abc       0xc4 src/track_system.o
                0x06063abc                std::vector<SRL::Types::Attribute, TrackZoneAllocator<SRL::Types::Attribute, (SRL::Memory::Zone)1> >::reserve(unsigned int)
 .text._ZN13TrackRenderer18CompactVectorSlackISt6vectorIN3SRL4Math5Types8Vector3DE18TrackZoneAllocatorIS5_LNS2_6Memory4ZoneE1EEEEEbRT_jb
                0x06063b80       0xec src/track_system.o
                0x06063b80                bool TrackRenderer::CompactVectorSlack<std::vector<SRL::Math::Types::Vector3D, TrackZoneAllocator<SRL::Math::Types::Vector3D, (SRL::Memory::Zone)1> > >(std::vector<SRL::Math::Types::Vector3D, TrackZoneAllocator<SRL::Math::Types::Vector3D, (SRL::Memory::Zone)1> >&, unsigned int, bool)
 .text._ZN13TrackRenderer18CompactVectorSlackISt6vectorIj18TrackZoneAllocatorIjLN3SRL6Memory4ZoneE1EEEEEbRT_jb
                0x06063c6c      0x14c src/track_system.o
                0x06063c6c                bool TrackRenderer::CompactVectorSlack<std::vector<unsigned int, TrackZoneAllocator<unsigned int, (SRL::Memory::Zone)1> > >(std::vector<unsigned int, TrackZoneAllocator<unsigned int, (SRL::Memory::Zone)1> >&, unsigned int, bool)
 .text._ZN13TrackRenderer18CompactVectorSlackISt6vectorINS_11SmoothCacheE18TrackZoneAllocatorIS2_LN3SRL6Memory4ZoneE1EEEEEbRT_jb
                0x06063db8      0x50c src/track_system.o
                0x06063db8                bool TrackRenderer::CompactVectorSlack<std::vector<TrackRenderer::SmoothCache, TrackZoneAllocator<TrackRenderer::SmoothCache, (SRL::Memory::Zone)1> > >(std::vector<TrackRenderer::SmoothCache, TrackZoneAllocator<TrackRenderer::SmoothCache, (SRL::Memory::Zone)1> >&, unsigned int, bool)
 .text._ZN13TrackRenderer18CompactVectorSlackISt6vectorINS_9FlatCacheE18TrackZoneAllocatorIS2_LN3SRL6Memory4ZoneE1EEEEEbRT_jb
                0x060642c4      0x448 src/track_system.o
                0x060642c4                bool TrackRenderer::CompactVectorSlack<std::vector<TrackRenderer::FlatCache, TrackZoneAllocator<TrackRenderer::FlatCache, (SRL::Memory::Zone)1> > >(std::vector<TrackRenderer::FlatCache, TrackZoneAllocator<TrackRenderer::FlatCache, (SRL::Memory::Zone)1> >&, unsigned int, bool)
 .text._ZN13TrackRenderer19CompactRuntimeStateEb
                0x0606470c      0x790 src/track_system.o
                0x0606470c                TrackRenderer::CompactRuntimeState(bool)
 .text._ZN13TrackRenderer19RecycleRuntimeStateEb
                0x06064e9c      0x814 src/track_system.o
                0x06064e9c                TrackRenderer::RecycleRuntimeState(bool)
 .text._ZNSt6vectorIN3SRL5Types9AttributeE18TrackZoneAllocatorIS2_LNS0_6Memory4ZoneE1EEE6resizeEj
                0x060656b0      0x194 src/track_system.o
                0x060656b0                std::vector<SRL::Types::Attribute, TrackZoneAllocator<SRL::Types::Attribute, (SRL::Memory::Zone)1> >::resize(unsigned int)
 .text._ZN13TrackRenderer12EnsureCachedEj
                0x06065844      0x3d8 src/track_system.o
                0x06065844                TrackRenderer::EnsureCached(unsigned int)
 .text._ZN3SRL5Debug5PrintIJljEEEvhhPKcDpT_
                0x06065c1c      0x170 src/track_system.o
                0x06065c1c                void SRL::Debug::Print<long, unsigned int>(unsigned char, unsigned char, char const*, long, unsigned int)
 .text._ZN3SRL5Debug5PrintIJPKcEEEvhhS3_DpT_
                0x06065d8c      0x164 src/track_system.o
                0x06065d8c                void SRL::Debug::Print<char const*>(unsigned char, unsigned char, char const*, char const*)
 .text._Z22CopyTrackSegmentToCartPKcj
                0x06065ef0      0x33c src/track_system.o
                0x06065ef0                CopyTrackSegmentToCart(char const*, unsigned int)
 .text._ZN3SRL5Debug5PrintIJPKcjjEEEvhhS3_DpT_
                0x0606622c      0x178 src/track_system.o
                0x0606622c                void SRL::Debug::Print<char const*, unsigned int, unsigned int>(unsigned char, unsigned char, char const*, char const*, unsigned int, unsigned int)
 .text._ZNSt6vectorIh18TrackZoneAllocatorIhLN3SRL6Memory4ZoneE1EEE6resizeEj
                0x060663a4      0x108 src/track_system.o
                0x060663a4                std::vector<unsigned char, TrackZoneAllocator<unsigned char, (SRL::Memory::Zone)1> >::resize(unsigned int)
 .text._ZN3SRL5Debug5PrintIJPcEEEvhhPKcDpT_
                0x060664ac      0x164 src/track_system.o
                0x060664ac                void SRL::Debug::Print<char*>(unsigned char, unsigned char, char const*, char*)
 .text._ZN3SRL5Debug5PrintIJjjjEEEvhhPKcDpT_
                0x06066610      0x178 src/track_system.o
                0x06066610                void SRL::Debug::Print<unsigned int, unsigned int, unsigned int>(unsigned char, unsigned char, char const*, unsigned int, unsigned int, unsigned int)
 .text._ZN3SRL5Debug5PrintIJijEEEvhhPKcDpT_
                0x06066788      0x170 src/track_system.o
                0x06066788                void SRL::Debug::Print<int, unsigned int>(unsigned char, unsigned char, char const*, int, unsigned int)
 .text._ZN13TrackRenderer35InitializeFromComponentDataRecycledISt6vectorIN3SRL4Math5Types8Vector3DE18TrackZoneAllocatorIS5_LNS2_6Memory4ZoneE1EEES1_INS2_5Types7PolygonES6_ISC_LS8_1EEES1_INSB_9AttributeES6_ISF_LS8_1EEEEEbRT_RT0_RT1_
                0x060668f8      0xbc4 src/track_system.o
                0x060668f8                bool TrackRenderer::InitializeFromComponentDataRecycled<std::vector<SRL::Math::Types::Vector3D, TrackZoneAllocator<SRL::Math::Types::Vector3D, (SRL::Memory::Zone)1> >, std::vector<SRL::Types::Polygon, TrackZoneAllocator<SRL::Types::Polygon, (SRL::Memory::Zone)1> >, std::vector<SRL::Types::Attribute, TrackZoneAllocator<SRL::Types::Attribute, (SRL::Memory::Zone)1> > >(std::vector<SRL::Math::Types::Vector3D, TrackZoneAllocator<SRL::Math::Types::Vector3D, (SRL::Memory::Zone)1> >&, std::vector<SRL::Types::Polygon, TrackZoneAllocator<SRL::Types::Polygon, (SRL::Memory::Zone)1> >&, std::vector<SRL::Types::Attribute, TrackZoneAllocator<SRL::Types::Attribute, (SRL::Memory::Zone)1> >&)
 .text._Z21MakeTrackObjectUniqueI13TrackRendererLN3SRL6Memory4ZoneE1EJEESt10unique_ptrIT_18TrackObjectDeleterIS5_XT0_EEEDpOT1_
                0x060674bc      0x158 src/track_system.o
                0x060674bc                std::unique_ptr<TrackRenderer, TrackObjectDeleter<TrackRenderer, (SRL::Memory::Zone)1> > MakeTrackObjectUnique<TrackRenderer, (SRL::Memory::Zone)1>()
 .text._ZNSt6vectorIN11TrackSystem18SegmentRenderEntryE18TrackZoneAllocatorIS1_LN3SRL6Memory4ZoneE1EEE7reserveEj
                0x06067614      0x268 src/track_system.o
                0x06067614                std::vector<TrackSystem::SegmentRenderEntry, TrackZoneAllocator<TrackSystem::SegmentRenderEntry, (SRL::Memory::Zone)1> >::reserve(unsigned int)
 .text._ZN3SRL5Debug5PrintIJlEEEvhhPKcDpT_
                0x0606787c      0x164 src/track_system.o
                0x0606787c                void SRL::Debug::Print<long>(unsigned char, unsigned char, char const*, long)
 .text._ZNSt6vectorIN11TrackSystem17TrackSegmentEntryE18TrackZoneAllocatorIS1_LN3SRL6Memory4ZoneE1EEE6resizeEj
                0x060679e0      0x198 src/track_system.o
                0x060679e0                std::vector<TrackSystem::TrackSegmentEntry, TrackZoneAllocator<TrackSystem::TrackSegmentEntry, (SRL::Memory::Zone)1> >::resize(unsigned int)
 .text._ZN3SRL5Debug5PrintIJljjEEEvhhPKcDpT_
                0x06067b78      0x178 src/track_system.o
                0x06067b78                void SRL::Debug::Print<long, unsigned int, unsigned int>(unsigned char, unsigned char, char const*, long, unsigned int, unsigned int)
 .text._ZNSt6vectorIh18TrackZoneAllocatorIhLN3SRL6Memory4ZoneE1EEE14_M_fill_assignEjRKh
                0x06067cf0       0xec src/track_system.o
                0x06067cf0                std::vector<unsigned char, TrackZoneAllocator<unsigned char, (SRL::Memory::Zone)1> >::_M_fill_assign(unsigned int, unsigned char const&)
 .text._ZNSt6vectorIs18TrackZoneAllocatorIsLN3SRL6Memory4ZoneE1EEE14_M_fill_assignEjRKs
                0x06067ddc      0x104 src/track_system.o
                0x06067ddc                std::vector<short, TrackZoneAllocator<short, (SRL::Memory::Zone)1> >::_M_fill_assign(unsigned int, short const&)
 .text._ZNSt6vectorIh18TrackZoneAllocatorIhLN3SRL6Memory4ZoneE1EEE14_M_fill_insertEN9__gnu_cxx17__normal_iteratorIPhS5_EEjRKh
                0x06067ee0      0x1ac src/track_system.o
                0x06067ee0                std::vector<unsigned char, TrackZoneAllocator<unsigned char, (SRL::Memory::Zone)1> >::_M_fill_insert(__gnu_cxx::__normal_iterator<unsigned char*, std::vector<unsigned char, TrackZoneAllocator<unsigned char, (SRL::Memory::Zone)1> > >, unsigned int, unsigned char const&)
 .text._ZNSt6vectorIs18TrackZoneAllocatorIsLN3SRL6Memory4ZoneE1EEE14_M_fill_insertEN9__gnu_cxx17__normal_iteratorIPsS5_EEjRKs
                0x0606808c      0x218 src/track_system.o
                0x0606808c                std::vector<short, TrackZoneAllocator<short, (SRL::Memory::Zone)1> >::_M_fill_insert(__gnu_cxx::__normal_iterator<short*, std::vector<short, TrackZoneAllocator<short, (SRL::Memory::Zone)1> > >, unsigned int, short const&)
 .text._ZN11TrackSystem35ResolvePreparedFaceSlotsForBaseRankISt6vectorIs18TrackZoneAllocatorIsLN3SRL6Memory4ZoneE1EEEEEbRKNS_18SegmentRenderEntryEjRS1_INS_19Seg1FamilySlotEntryES2_ISB_LS5_1EEERT_b
                0x060682a4      0x2cc src/track_system.o
                0x060682a4                bool TrackSystem::ResolvePreparedFaceSlotsForBaseRank<std::vector<short, TrackZoneAllocator<short, (SRL::Memory::Zone)1> > >(TrackSystem::SegmentRenderEntry const&, unsigned int, std::vector<TrackSystem::Seg1FamilySlotEntry, TrackZoneAllocator<TrackSystem::Seg1FamilySlotEntry, (SRL::Memory::Zone)1> >&, std::vector<short, TrackZoneAllocator<short, (SRL::Memory::Zone)1> >&, bool)
 .text._ZN11TrackSystem30ResolvePreparedFaceSlotsForLodISt6vectorIs18TrackZoneAllocatorIsLN3SRL6Memory4ZoneE1EEEEEbRKNS_18SegmentRenderEntryEhRS1_INS_19Seg1FamilySlotEntryES2_ISB_LS5_1EEERT_b
                0x06068570      0x284 src/track_system.o
                0x06068570                bool TrackSystem::ResolvePreparedFaceSlotsForLod<std::vector<short, TrackZoneAllocator<short, (SRL::Memory::Zone)1> > >(TrackSystem::SegmentRenderEntry const&, unsigned char, std::vector<TrackSystem::Seg1FamilySlotEntry, TrackZoneAllocator<TrackSystem::Seg1FamilySlotEntry, (SRL::Memory::Zone)1> >&, std::vector<short, TrackZoneAllocator<short, (SRL::Memory::Zone)1> >&, bool)
 .text._ZNSt6vectorIN11TrackSystem18SegmentRenderEntryE18TrackZoneAllocatorIS1_LN3SRL6Memory4ZoneE1EEE17_M_default_appendEj
                0x060687f4      0x3d4 src/track_system.o
                0x060687f4                std::vector<TrackSystem::SegmentRenderEntry, TrackZoneAllocator<TrackSystem::SegmentRenderEntry, (SRL::Memory::Zone)1> >::_M_default_append(unsigned int)
 .text._ZNSt6vectorIN11TrackSystem19Seg1FamilySlotEntryE18TrackZoneAllocatorIS1_LN3SRL6Memory4ZoneE1EEE17_M_default_appendEj
                0x06068bc8      0x19c src/track_system.o
                0x06068bc8                std::vector<TrackSystem::Seg1FamilySlotEntry, TrackZoneAllocator<TrackSystem::Seg1FamilySlotEntry, (SRL::Memory::Zone)1> >::_M_default_append(unsigned int)
 .text._ZN21SlaveTrackDepthSorterIN16TrackSegmentPoolILj48EN11TrackSystem18SegmentRenderEntryEE6HandleExLj48EE5BuildI18TrackZoneAllocatorI18TrackDepthSortItemIS4_xELN3SRL6Memory4ZoneE1EEEEvRKSt6vectorIS9_T_Ej
                0x06068d64      0x300 src/track_system.o
                0x06068d64                void SlaveTrackDepthSorter<TrackSegmentPool<48u, TrackSystem::SegmentRenderEntry>::Handle, long long, 48u>::Build<TrackZoneAllocator<TrackDepthSortItem<TrackSegmentPool<48u, TrackSystem::SegmentRenderEntry>::Handle, long long>, (SRL::Memory::Zone)1> >(std::vector<TrackDepthSortItem<TrackSegmentPool<48u, TrackSystem::SegmentRenderEntry>::Handle, long long>, TrackZoneAllocator<TrackDepthSortItem<TrackSegmentPool<48u, TrackSystem::SegmentRenderEntry>::Handle, long long>, (SRL::Memory::Zone)1> > const&, unsigned int)
 .text.startup  0x06069064      0x198 src/track_system.o
 .text.exit     0x060691fc      0x128 src/track_system.o
 *fill*         0x06069324        0xc 
 .text          0x06069330      0x3a0 ../../saturnringlib/../modules/sgl/LIB/LIBCD.A(CDC_CMN.O)
                0x06069330                CDC_GetCurStat
                0x06069380                CDC_GetLastStat
                0x06069398                CDC_GetPeriStat
                0x0606946c                CDC_GetHwInfo
                0x060694d4                CDC_TgetToc
                0x06069524                CDC_GetSes
                0x06069560                CDC_CdInit
                0x060695e4                CDC_CdOpen
                0x0606960c                CDC_DataReady
                0x06069678                CDC_DataEnd
 .text          0x060696d0      0x2dc ../../saturnringlib/../modules/sgl/LIB/LIBCD.A(CDC_REG.O)
                0x060696d0                CDC_GetDataPtr
                0x060696e0                CDC_GetHirqReq
                0x060696f4                CDC_ClrHirqReq
                0x06069724                CDREG_ClrHirqReq
                0x06069734                CDREG_InitHirqReq
                0x0606975c                CDREG_SetHirqFlag
                0x06069770                CDC_GetHirqMsk
                0x06069784                CDC_SetHirqMsk
                0x06069794                CDC_GetMpegPtr
                0x060697a4                CDREG_TgetData
                0x06069800                CDREG_CmdRsp
                0x06069900                CDREG_WaitHirq
                0x06069970                CDREG_ReadRsp
 *fill*         0x060699ac        0x4 
 .text          0x060699b0      0x152 ../../saturnringlib/../modules/sgl/LIB/LIBCD.A(CDC_SUB.O)
                0x060699b0                CDSUB_UpdStatus
                0x060699c8                CDSUB_UpdCdstat
                0x060699e8                CDSUB_CdCmd
                0x06069a58                CDSUB_GetCdstat
                0x06069a98                CDSUB_RspToCdstat
                0x06069ae0                CDSUB_SoftTimer
 *fill*         0x06069b02        0xe 
 .text          0x06069b10     0x1adc ../../saturnringlib/../modules/sgl/LIB/LIBCD.A(GFS.O)
                0x06069b10                gfs_version
                0x06069b30                GFS_Init
                0x06069c18                GFS_LoadDir
                0x06069cc0                GFS_SetDir
                0x06069d28                GFS_NameToId
                0x06069d8c                GFS_IdToName