Archive member included to satisfy reference by file (symbol)

../../saturnringlib/../modules/sgl/LIB/LIBCD.A(CDC_CMN.O)
                              src/main.o (CDC_CdInit)
../../saturnringlib/../modules/sgl/LIB/LIBCD.A(CDC_REG.O)
                              ../../saturnringlib/../modules/sgl/LIB/LIBCD.A(CDC_CMN.O) (CDREG_ClrHirqReq)
../../saturnringlib/../modules/sgl/LIB/LIBCD.A(CDC_SUB.O)
                              ../../saturnringlib/../modules/sgl/LIB/LIBCD.A(CDC_CMN.O) (CDSUB_UpdStatus)
../../saturnringlib/../modules/sgl/LIB/LIBCD.A(GFS.O)
                              src/main.o (GFS_Init)
../../saturnringlib/../modules/sgl/LIB/LIBCD.A(GFS_BUF.O)
                              ../../saturnringlib/../modules/sgl/LIB/LIBCD.A(GFS.O) (GFBF_GetNumData)
../../saturnringlib/../modules/sgl/LIB/LIBCD.A(GFS_CDB.O)
                              ../../saturnringlib/../modules/sgl/LIB/LIBCD.A(GFS.O) (GFCB_Close)
../../saturnringlib/../modules/sgl/LIB/LIBCD.A(GFS_CDC.O)
                              ../../saturnringlib/../modules/sgl/LIB/LIBCD.A(GFS.O) (GFCD_SetCdbfs)
../../saturnringlib/../modules/sgl/LIB/LIBCD.A(GFS_CDF.O)
                              ../../saturnringlib/../modules/sgl/LIB/LIBCD.A(GFS.O) (GFCF_Init)
../../saturnringlib/../modules/sgl/LIB/LIBCD.A(GFS_DIR.O)
                              ../../saturnringlib/../modules/sgl/LIB/LIBCD.A(GFS.O) (GFDR_SetupDirTbl)
../../saturnringlib/../modules/sgl/LIB/LIBCD.A(GFS_TRN.O)
                              ../../saturnringlib/../modules/sgl/LIB/LIBCD.A(GFS.O) (GFTR_Setup)
../../saturnringlib/../modules/sgl/LIB/LIBCD.A(CDC_DRV.O)
                              ../../saturnringlib/../modules/sgl/LIB/LIBCD.A(GFS_CDC.O) (CDC_CdPlay)
../../saturnringlib/../modules/sgl/LIB/LIBCD.A(CDC_DEV.O)
                              ../../saturnringlib/../modules/sgl/LIB/LIBCD.A(GFS_CDC.O) (CDC_CdSetCon)
../../saturnringlib/../modules/sgl/LIB/LIBCD.A(CDC_SEL.O)
                              ../../saturnringlib/../modules/sgl/LIB/LIBCD.A(GFS_CDC.O) (CDC_SetFiltRange)
../../saturnringlib/../modules/sgl/LIB/LIBCD.A(CDC_BIF.O)
                              ../../saturnringlib/../modules/sgl/LIB/LIBCD.A(GFS_CDC.O) (CDC_GetBufSiz)
../../saturnringlib/../modules/sgl/LIB/LIBCD.A(CDC_BIO.O)
                              ../../saturnringlib/../modules/sgl/LIB/LIBCD.A(GFS_CDC.O) (CDC_SetSctLen)
../../saturnringlib/../modules/sgl/LIB/LIBCD.A(CDC_CFS.O)
                              ../../saturnringlib/../modules/sgl/LIB/LIBCD.A(GFS_CDC.O) (CDC_ChgDir)
../../saturnringlib/../modules/sgl/LIB/LIBSGL.A(sglA15.o)
                              src/main.o (slSlaveFunc)
../../saturnringlib/../modules/sgl/LIB/LIBSGL.A(sglA16.o)
                              src/main.o (slLookAt)
../../saturnringlib/../modules/sgl/LIB/LIBSGL.A(sglA17.o)
                              src/mesh_renderer.o (slRotZ)
../../saturnringlib/../modules/sgl/LIB/LIBSGL.A(sglA18.o)
                              src/main.o (slRotY)
../../saturnringlib/../modules/sgl/LIB/LIBSGL.A(sglA19.o)
                              src/main.o (slRotX)
../../saturnringlib/../modules/sgl/LIB/LIBSGL.A(sglA20.o)
                              src/main.o (slUnitMatrix)
../../saturnringlib/../modules/sgl/LIB/LIBSGL.A(sglA21.o)
                              src/main.o (slPushMatrix)
../../saturnringlib/../modules/sgl/LIB/LIBSGL.A(sglA27.o)
                              src/main.o (slTranslate)
../../saturnringlib/../modules/sgl/LIB/LIBSGL.A(sglA28.o)
                              src/mesh_renderer.o (slScale)
../../saturnringlib/../modules/sgl/LIB/LIBSGL.A(sglA39.o)
                              src/main.o (slConvert3Dto2DFX)
../../saturnringlib/../modules/sgl/LIB/LIBSGL.A(sglB001.o)
                              src/main.o (slTVOn)
../../saturnringlib/../modules/sgl/LIB/LIBSGL.A(sglB002.o)
                              src/main.o (slColRAMMode)
../../saturnringlib/../modules/sgl/LIB/LIBSGL.A(sglB015.o)
                              src/main.o (slScrAutoDisp)
../../saturnringlib/../modules/sgl/LIB/LIBSGL.A(sglB016.o)
                              src/main.o (slBack1ColSet)
../../saturnringlib/../modules/sgl/LIB/LIBSGL.A(sglB031.o)
                              src/main.o (slMapNbg0)
../../saturnringlib/../modules/sgl/LIB/LIBSGL.A(sglB034.o)
                              src/main.o (slMapNbg3)
../../saturnringlib/../modules/sgl/LIB/LIBSGL.A(sglB035.o)
                              src/main.o (sl1MapRA)
../../saturnringlib/../modules/sgl/LIB/LIBSGL.A(sglB038.o)
                              src/main.o (slRparaInitSet)
../../saturnringlib/../modules/sgl/LIB/LIBSGL.A(sglB040.o)
                              src/main.o (slKtableRA)
../../saturnringlib/../modules/sgl/LIB/LIBSGL.A(sglB042.o)
                              src/main.o (slCurRpara)
../../saturnringlib/../modules/sgl/LIB/LIBSGL.A(sglB043.o)
                              src/main.o (slRparaMode)
../../saturnringlib/../modules/sgl/LIB/LIBSGL.A(sglB044.o)
[...]
Memory Configuration

Name             Origin             Length             Attributes
*default*        0x00000000         0xffffffff

Linker script and memory map


SLSTART         0x06004000       0x30
                0x06004000                        ___Start = .
 *(SLSTART)
 SLSTART        0x06004000       0x28 ../../saturnringlib/../modules/sgl/LIB/LIBSGL.A(sglI00.o)
                0x06004000                SGL_Start
                0x06004002                slStartSGL

.text           0x06004040    0x654d0
 *(.text*)
 .text          0x06004040        0x0 ../../saturnringlib/../modules/sgl/LIB/../SRC/workarea.o
 .text          0x06004040     0x1f9c src/camera_system.o
                0x06004088                CameraSystem::ViewDirection() const
                0x060040c4                CameraSystem::SetCinematicFrame(SRL::Math::Types::Vector3D const&, SRL::Math::Types::Vector3D const&)
                0x060040ec                CameraSystem::CreateSnapshot() const
                0x0600419c                CameraSystem::PresetConfig(CameraSystem::ChasePreset) const
                0x06004200                CameraSystem::ForwardFromYawDeg(long)
                0x0600433c                CameraSystem::LookTarget(SRL::Math::Types::Vector3D const&, SRL::Math::Types::Vector3D const&) const
                0x06004660                CameraSystem::UpdateHeadingFromCarMotion(SRL::Math::Types::Vector3D const&) const
                0x06004930                CameraSystem::NormalizeYawDeg(long)
                0x0600496c                CameraSystem::CameraFollowBlendRaw() const
                0x06004978                CameraSystem::ResolvePresetOffsetWorld() const
                0x06004b34                CameraSystem::InitializeManualOffset()
                0x06004be8                CameraSystem::SetChaseNearFollowDistance(short)
                0x06004c18                CameraSystem::ApplyChasePreset(CameraSystem::ChasePreset, bool)
                0x06004e00                CameraSystem::CameraSystem()
                0x06004e00                CameraSystem::CameraSystem()
                0x06005358                CameraSystem::ResetToDefaultView()
                0x06005520                CameraSystem::UpdateFromPad(SRL::Input::Digital&, long&, CameraRig::OrbitState&, bool)
                0x06005c94                CameraSystem::CameraLocation(SRL::Math::Types::Vector3D const&) const
 .text._ZN3SRL5Input7Digital6IsHeldERKNS1_6ButtonE
                0x06005fdc       0x1c src/camera_system.o
                0x06005fdc                SRL::Input::Digital::IsHeld(SRL::Input::Digital::Button const&)
 .text._ZN3SRL6Memory12SimpleMalloc21MergeFreeMemoryBlocksERKNS0_10MemoryZoneEj.isra.0
                0x06005ff8       0x78 src/camera_system.o
 .text._ZN3SRL4Math5Types3FxpC2Ev
                0x06006070        0x8 src/camera_system.o
                0x06006070                SRL::Math::Types::Fxp::Fxp()
                0x06006070                SRL::Math::Types::Fxp::Fxp()
 .text._ZN3SRL4Math5Types3FxpC2ERKS2_
                0x06006078        0x8 src/camera_system.o
                0x06006078                SRL::Math::Types::Fxp::Fxp(SRL::Math::Types::Fxp const&)
                0x06006078                SRL::Math::Types::Fxp::Fxp(SRL::Math::Types::Fxp const&)
 .text._ZNK3SRL4Math5Types3Fxp8RawValueEv
                0x06006080        0x4 src/camera_system.o
                0x06006080                SRL::Math::Types::Fxp::RawValue() const
 .text._ZN3SRL6Memory11HighWorkRam6MallocEj
                0x06006084      0x1f8 src/camera_system.o
                0x06006084                SRL::Memory::HighWorkRam::Malloc(unsigned int)
 .text._ZN3SRL6Memory10LowWorkRam4FreeEPv
                0x0600627c      0x170 src/camera_system.o
                0x0600627c                SRL::Memory::LowWorkRam::Free(void*)
 .text._ZN3SRL6Memory4FreeEPv
                0x060063ec      0x25c src/camera_system.o
                0x060063ec                SRL::Memory::Free(void*)
 .text._ZN6Camera13OrbitPositionEN3SRL4Math5Types5AngleES3_NS2_3FxpE
                0x06006648      0x1b0 src/camera_system.o
                0x06006648                Camera::OrbitPosition(SRL::Math::Types::Angle, SRL::Math::Types::Angle, SRL::Math::Types::Fxp)
 .text._ZN3SRL5Types5EventIJEEC2Ev
                0x060067f8       0x40 src/camera_system.o
                0x060067f8                SRL::Types::Event<>::Event()
                0x060067f8                SRL::Types::Event<>::Event()
 .text.startup  0x06006838      0x198 src/camera_system.o
 .text.exit     0x060069d0       0x54 src/camera_system.o
 .text          0x06006a24      0xb6c src/car_system.o
                0x06006a24                Game::CarSystem::CarCommandAdapter::Accelerate()
                0x06006a4c                Game::CarSystem::CarCommandAdapter::Brake()
                0x06006a74                Game::CarSystem::CarCommandAdapter::SteerLeft()
                0x06006a88                Game::CarSystem::CarCommandAdapter::SteerRight()
                0x06006ab8                Game::CarSystem::CarSystem(ModelObject*, bool, Game::CarSystem::Config const&)
                0x06006ab8                Game::CarSystem::CarSystem(ModelObject*, bool, Game::CarSystem::Config const&)
                0x06007168                Game::CarSystem::UpdateWheels(bool, bool)
                0x06007198                Game::CarSystem::TickCommandState()
                0x060072d0                Game::CarSystem::Render(long)
                0x06007314                Game::CarSystem::SetRuntimeFrameState(Game::GameplayFrameState const&)
                0x06007344                Game::CarSystem::SubmitRender(RenderPipeline&, bool)
 .text._ZN4Game9CarSystem8RendererEv
                0x06007590        0x4 src/car_system.o
                0x06007590                Game::CarSystem::Renderer()
 .text._ZNK4Game9CarSystem4NameEv
                0x06007594        0x8 src/car_system.o
                0x06007594                Game::CarSystem::Name() const
 .text._ZN4Game9CarSystem17CarCommandAdapterD2Ev
                0x0600759c        0x4 src/car_system.o
                0x0600759c                Game::CarSystem::CarCommandAdapter::~CarCommandAdapter()
                0x0600759c                Game::CarSystem::CarCommandAdapter::~CarCommandAdapter()
 .text._ZNK4Game9CarSystem8PositionEv
                0x060075a0       0x3c src/car_system.o
                0x060075a0                Game::CarSystem::Position() const
 .text._ZNK4Game9CarSystem17CarCommandAdapter13WorldPositionEv
                0x060075dc       0x88 src/car_system.o
                0x060075dc                Game::CarSystem::CarCommandAdapter::WorldPosition() const
 .text._ZNK4Game9CarSystem3YawEv
                0x06007664       0x74 src/car_system.o
                0x06007664                Game::CarSystem::Yaw() const
 .text._ZN4Game9CarSystem17CarCommandAdapterD0Ev
                0x060076d8        0xc src/car_system.o
                0x060076d8                Game::CarSystem::CarCommandAdapter::~CarCommandAdapter()
 .text._ZN4Game9CarSystemD0Ev
                0x060076e4       0x50 src/car_system.o
                0x060076e4                Game::CarSystem::~CarSystem()
 .text._ZN4Game9CarSystemD2Ev
                0x06007734       0x4c src/car_system.o
                0x06007734                Game::CarSystem::~CarSystem()
                0x06007734                Game::CarSystem::~CarSystem()
 .text.startup  0x06007780      0x198 src/car_system.o
 .text.exit     0x06007918       0x54 src/car_system.o
 .text          0x0600796c     0x310c src/car_wheel_rig.o
                0x06008738                CarWheelRig::Update(CarWheelRig::Input const&)
                0x060089a4                CarWheelRig::Apply(MeshRenderer&) const
                0x06008b3c                CarWheelRig::DetectWheelIdsFromMeshtex(unsigned int, std::array<unsigned int, 4u>&, unsigned int&) const
                0x06009150                CarWheelRig::DetectWheelIdsFromMeshStats(ModelObject&, bool, SRL::Math::Types::Vector3D const*, unsigned int, std::array<unsigned int, 4u>&, unsigned int&) const
                0x06009714                CarWheelRig::ClassifyWheels(std::array<unsigned int, 4u> const&, ModelObject&, bool, SRL::Math::Types::Vector3D const*, bool)
                0x0600a8b0                CarWheelRig::ResetState()
                0x0600a950                CarWheelRig::Initialize(ModelObject&, bool, SRL::Math::Types::Vector3D const*, unsigned int)
                0x0600aa1c                CarWheelRig::ClampInt(long, long, long)
                0x0600aa30                CarWheelRig::StepToward(long, long, long)
 .text.startup  0x0600aa78      0x198 src/car_wheel_rig.o
 .text.exit     0x0600ac10       0x54 src/car_wheel_rig.o
 .text          0x0600ac64      0x340 src/exception_stubs.o
                0x0600ac64                std::__throw_bad_array_new_length()
                0x0600ac68                std::__throw_bad_alloc()
                0x0600ac6c                malloc
                0x0600ac80                free
                0x0600acfc                calloc
                0x0600ad48                realloc
                0x0600ae40                cfree
                0x0600aebc                _malloc_r
                0x0600aed0                _free_r
                0x0600af4c                _calloc_r
                0x0600af98                _realloc_r
 .text._ZN3SRL6Memory12SimpleMalloc4FreeERKNS0_10MemoryZoneEPv
                0x0600afa4       0xe0 src/exception_stubs.o
                0x0600afa4                SRL::Memory::SimpleMalloc::Free(SRL::Memory::MemoryZone const&, void*)
 .text._ZN3SRL6Memory12SimpleMalloc7ReallocERKNS0_10MemoryZoneEPvj
                0x0600b084      0x184 src/exception_stubs.o
                0x0600b084                SRL::Memory::SimpleMalloc::Realloc(SRL::Memory::MemoryZone const&, void*, unsigned int)
 .text._ZN3SRL6Memory11HighWorkRam4FreeEPv
                0x0600b208      0x170 src/exception_stubs.o
                0x0600b208                SRL::Memory::HighWorkRam::Free(void*)
 .text._ZN3SRL6Memory11HighWorkRam7ReallocEPvj
                0x0600b378      0x370 src/exception_stubs.o
                0x0600b378                SRL::Memory::HighWorkRam::Realloc(void*, unsigned int)
 .text._ZN3SRL6Memory10LowWorkRam7ReallocEPvj
                0x0600b6e8      0x284 src/exception_stubs.o
                0x0600b6e8                SRL::Memory::LowWorkRam::Realloc(void*, unsigned int)
 .text.unlikely
                0x0600b96c       0x12 src/exception_stubs.o
                0x0600b96c                std::__throw_length_error(char const*)
                0x0600b970                std::__throw_out_of_range(char const*)
                0x0600b974                std::__throw_out_of_range_fmt(char const*, ...)
 *fill*         0x0600b97e        0x2 
 .text.startup  0x0600b980      0x198 src/exception_stubs.o
 .text.exit     0x0600bb18       0xe8 src/exception_stubs.o
 .text          0x0600bc00     0x4838 src/main.o
                0x0600bfd0                SRL_AppGetVblankCounter
                0x060102f8                GameApp::Run()
 .text._ZN3SRL7Tilemap10Interfaces8Bmp2Tile11GetCellDataEv
                0x06010438        0x4 src/main.o
                0x06010438                SRL::Tilemap::Interfaces::Bmp2Tile::GetCellData()
 .text._ZN3SRL7Tilemap10Interfaces8Bmp2Tile10GetMapDataEv
                0x0601043c        0x4 src/main.o
                0x0601043c                SRL::Tilemap::Interfaces::Bmp2Tile::GetMapData()
 .text._ZN3SRL7Tilemap10Interfaces8Bmp2Tile10GetPalDataEv
                0x06010440        0x4 src/main.o
                0x06010440                SRL::Tilemap::Interfaces::Bmp2Tile::GetPalData()
 .text._ZN3SRL7Tilemap10Interfaces8Bmp2Tile7GetInfoEv
                0x06010444       0x18 src/main.o
                0x06010444                SRL::Tilemap::Interfaces::Bmp2Tile::GetInfo()
 .text._ZN3SRL5Input7Digital11IsConnectedEv
                0x0601045c       0x28 src/main.o
                0x0601045c                SRL::Input::Digital::IsConnected()
 .text._ZN3SRL5Input7Digital11WasReleasedERKNS1_6ButtonE
                0x06010484       0x2c src/main.o
                0x06010484                SRL::Input::Digital::WasReleased(SRL::Input::Digital::Button const&)
 .text._ZN3SRL5Input7Digital10WasPressedERKNS1_6ButtonE
                0x060104b0       0x2c src/main.o
                0x060104b0                SRL::Input::Digital::WasPressed(SRL::Input::Digital::Button const&)
 .text._ZN3SRL5Types5ITask6IsDoneEv
                0x060104dc        0x8 src/main.o
                0x060104dc                SRL::Types::ITask::IsDone()
 .text._ZN3SRL5Types5ITask5StartEv
                0x060104e4       0x18 src/main.o
                0x060104e4                SRL::Types::ITask::Start()
 .text._ZN3SRL5Types5ITask9ResetTaskEv
                0x060104fc        0x8 src/main.o
                0x060104fc                SRL::Types::ITask::ResetTask()
 .text._ZN3SRL6Bitmap3TGA7GetDataEv
                0x06010504        0x4 src/main.o
                0x06010504                SRL::Bitmap::TGA::GetData()
 .text._ZN3SRL6Bitmap3TGA7GetInfoEv
                0x06010508       0x34 src/main.o
                0x06010508                SRL::Bitmap::TGA::GetInfo()
 .text._ZNK4Game20ITrackCollisionQuery31SampleSurfaceYByFamilySetStrictERKN3SRL4Math5Types8Vector3DEPKtjRNS3_3FxpEPll
                0x0601053c        0x8 src/main.o
                0x0601053c                Game::ITrackCollisionQuery::SampleSurfaceYByFamilySetStrict(SRL::Math::Types::Vector3D const&, unsigned short const*, unsigned int, SRL::Math::Types::Fxp&, long*, long) const
 .text._ZNK4Game20ITrackCollisionQuery36SampleSurfaceYBySurfaceTypeSetStrictERKN3SRL4Math5Types8Vector3DEPKhjRNS3_3FxpEPll
                0x06010544        0x8 src/main.o
                0x06010544                Game::ITrackCollisionQuery::SampleSurfaceYBySurfaceTypeSetStrict(SRL::Math::Types::Vector3D const&, unsigned char const*, unsigned int, SRL::Math::Types::Fxp&, long*, long) const
 .text._ZN4Game17SimpleAudioEvents7OnFrameERKNS_18GameplayFrameStateE
                0x0601054c       0xf4 src/main.o
                0x0601054c                Game::SimpleAudioEvents::OnFrame(Game::GameplayFrameState const&)
 .text._ZN21SlaveTrackDepthSorterIN16TrackSegmentPoolILj30EN11TrackSystem18SegmentRenderEntryEE6HandleExLj30EE9BuildTaskD2Ev
                0x06010640        0x4 src/main.o
                0x06010640                SlaveTrackDepthSorter<TrackSegmentPool<30u, TrackSystem::SegmentRenderEntry>::Handle, long long, 30u>::BuildTask::~BuildTask()
                0x06010640                SlaveTrackDepthSorter<TrackSegmentPool<30u, TrackSystem::SegmentRenderEntry>::Handle, long long, 30u>::BuildTask::~BuildTask()
 .text._ZN22SlaveTrackDrawProducerIN16TrackSegmentPoolILj30EN11TrackSystem18SegmentRenderEntryEE6HandleELj30EE9BuildTaskD2Ev
                0x06010644        0x4 src/main.o
                0x06010644                SlaveTrackDrawProducer<TrackSegmentPool<30u, TrackSystem::SegmentRenderEntry>::Handle, 30u>::BuildTask::~BuildTask()
                0x06010644                SlaveTrackDrawProducer<TrackSegmentPool<30u, TrackSystem::SegmentRenderEntry>::Handle, 30u>::BuildTask::~BuildTask()
 .text._ZN14GameLoopSystem14SimulationTaskD2Ev
                0x06010648        0x4 src/main.o
                0x06010648                GameLoopSystem::SimulationTask::~SimulationTask()
                0x06010648                GameLoopSystem::SimulationTask::~SimulationTask()
 .text._ZN14GameLoopSystem20CarRenderPrepareTaskD2Ev
                0x0601064c        0x4 src/main.o
                0x0601064c                GameLoopSystem::CarRenderPrepareTask::~CarRenderPrepareTask()
                0x0601064c                GameLoopSystem::CarRenderPrepareTask::~CarRenderPrepareTask()
 .text._ZN14GameLoopSystem20CarRenderPrepareTask2DoEv
                0x06010650       0x54 src/main.o
                0x06010650                GameLoopSystem::CarRenderPrepareTask::Do()
 .text._ZN22SlaveTrackDrawProducerIN16TrackSegmentPoolILj30EN11TrackSystem18SegmentRenderEntryEE6HandleELj30EED2Ev
                0x060106a4        0x4 src/main.o
                0x060106a4                SlaveTrackDrawProducer<TrackSegmentPool<30u, TrackSystem::SegmentRenderEntry>::Handle, 30u>::~SlaveTrackDrawProducer()
                0x060106a4                SlaveTrackDrawProducer<TrackSegmentPool<30u, TrackSystem::SegmentRenderEntry>::Handle, 30u>::~SlaveTrackDrawProducer()
 .text._ZN29TrackCollisionQueryFromSystemD2Ev
                0x060106a8        0x4 src/main.o
                0x060106a8                TrackCollisionQueryFromSystem::~TrackCollisionQueryFromSystem()
                0x060106a8                TrackCollisionQueryFromSystem::~TrackCollisionQueryFromSystem()
 .text._ZN22PocTrackCollisionQueryD2Ev
                0x060106ac        0x4 src/main.o
                0x060106ac                PocTrackCollisionQuery::~PocTrackCollisionQuery()
                0x060106ac                PocTrackCollisionQuery::~PocTrackCollisionQuery()
 .text._ZN4Game16SimpleCarPhysicsD2Ev
                0x060106b0        0x4 src/main.o
                0x060106b0                Game::SimpleCarPhysics::~SimpleCarPhysics()
                0x060106b0                Game::SimpleCarPhysics::~SimpleCarPhysics()
 .text._ZN4Game18SimpleGameplayTickD2Ev
                0x060106b4        0x4 src/main.o
                0x060106b4                Game::SimpleGameplayTick::~SimpleGameplayTick()
                0x060106b4                Game::SimpleGameplayTick::~SimpleGameplayTick()
 .text._ZN4Game17SimpleAudioEventsD2Ev
                0x060106b8        0x4 src/main.o
                0x060106b8                Game::SimpleAudioEvents::~SimpleAudioEvents()
                0x060106b8                Game::SimpleAudioEvents::~SimpleAudioEvents()
 .text._ZNK22SlaveTrackDrawProducerIN16TrackSegmentPoolILj30EN11TrackSystem18SegmentRenderEntryEE6HandleELj30EE7ConsumeEv
                0x060106bc       0x20 src/main.o
                0x060106bc                SlaveTrackDrawProducer<TrackSegmentPool<30u, TrackSystem::SegmentRenderEntry>::Handle, 30u>::Consume() const
 .text._ZNK22SlaveTrackDrawProducerIN16TrackSegmentPoolILj30EN11TrackSystem18SegmentRenderEntryEE6HandleELj30EE5StatsEv
                0x060106dc       0x44 src/main.o
                0x060106dc                SlaveTrackDrawProducer<TrackSegmentPool<30u, TrackSystem::SegmentRenderEntry>::Handle, 30u>::Stats() const
 .text._ZN22SlaveTrackDrawProducerIN16TrackSegmentPoolILj30EN11TrackSystem18SegmentRenderEntryEE6HandleELj30EE9BuildTask2DoEv
                0x06010720       0xa0 src/main.o
                0x06010720                SlaveTrackDrawProducer<TrackSegmentPool<30u, TrackSystem::SegmentRenderEntry>::Handle, 30u>::BuildTask::Do()
 .text._ZNK3SRL4Math5Types3FxpgeERKS2_.isra.0
                0x060107c0        0x8 src/main.o
 .text._ZNK4Game20ITrackCollisionQuery30SampleSurfaceYBySurfaceTypeSetERKN3SRL4Math5Types8Vector3DEPKhjRNS3_3FxpEPll
                0x060107c8       0x2c src/main.o
                0x060107c8                Game::ITrackCollisionQuery::SampleSurfaceYBySurfaceTypeSet(SRL::Math::Types::Vector3D const&, unsigned char const*, unsigned int, SRL::Math::Types::Fxp&, long*, long) const
 .text._ZN3SRL5Slave9SlaveTaskEPv
                0x060107f4       0x2c src/main.o
                0x060107f4                SRL::Slave::SlaveTask(void*)
 .text._ZN3SRL4Core14VblankHandlingEv
                0x06010820      0x1b4 src/main.o
                0x06010820                SRL::Core::VblankHandling()
 .text._ZN3SRL7Tilemap10Interfaces8Bmp2Tile13ConvertBitmapERNS0_11TilemapInfoERNS_6Bitmap7IBitmapEib.isra.0
                0x060109d4      0x3cc src/main.o
 .text._ZN22SlaveTrackDrawProducerIN16TrackSegmentPoolILj30EN11TrackSystem18SegmentRenderEntryEE6HandleELj30EE10BeginFrameEm
                0x06010da0      0x10c src/main.o
                0x06010da0                SlaveTrackDrawProducer<TrackSegmentPool<30u, TrackSystem::SegmentRenderEntry>::Handle, 30u>::BeginFrame(unsigned long)
 .text._ZN22SlaveTrackDrawProducerIN16TrackSegmentPoolILj30EN11TrackSystem18SegmentRenderEntryEE6HandleELj30EE5BuildERKSt6vectorIS4_SaIS4_EEj
                0x06010eac      0x314 src/main.o
                0x06010eac                SlaveTrackDrawProducer<TrackSegmentPool<30u, TrackSystem::SegmentRenderEntry>::Handle, 30u>::Build(std::vector<TrackSegmentPool<30u, TrackSystem::SegmentRenderEntry>::Handle, std::allocator<TrackSegmentPool<30u, TrackSystem::SegmentRenderEntry>::Handle> > const&, unsigned int)
 .text._ZNK4Game20ITrackCollisionQuery25SampleSurfaceYByFamilySetERKN3SRL4Math5Types8Vector3DEPKtjRNS3_3FxpEPll
                0x060111c0      0x130 src/main.o
                0x060111c0                Game::ITrackCollisionQuery::SampleSurfaceYByFamilySet(SRL::Math::Types::Vector3D const&, unsigned short const*, unsigned int, SRL::Math::Types::Fxp&, long*, long) const
 .text._ZN4Game18SimpleGameplayTick4TickERNS_18GameplayFrameStateEPKNS_20ITrackCollisionQueryE
                0x060112f0      0x18c src/main.o
                0x060112f0                Game::SimpleGameplayTick::Tick(Game::GameplayFrameState&, Game::ITrackCollisionQuery const*)
 .text._ZNK4Game20ITrackCollisionQuery21ResolvePlanarWallPushERKN3SRL4Math5Types8Vector3DES6_NS3_3FxpERS4_Pll
                0x0601147c       0x6c src/main.o
                0x0601147c                Game::ITrackCollisionQuery::ResolvePlanarWallPush(SRL::Math::Types::Vector3D const&, SRL::Math::Types::Vector3D const&, SRL::Math::Types::Fxp, SRL::Math::Types::Vector3D&, long*, long) const
 .text._ZN4Game10CarPhysics14GroundFollower16TryProbeSurfaceYEPKNS_20ITrackCollisionQueryERKN3SRL4Math5Types8Vector3DElRNS1_18SurfaceProbeSampleE.isra.0
                0x060114e8       0xdc src/main.o
 .text._ZNK29TrackCollisionQueryFromSystem24SampleSurfaceYByFamilyIdERKN3SRL4Math5Types8Vector3DEtRNS2_3FxpEPll
                0x060115c4      0x118 src/main.o
                0x060115c4                TrackCollisionQueryFromSystem::SampleSurfaceYByFamilyId(SRL::Math::Types::Vector3D const&, unsigned short, SRL::Math::Types::Fxp&, long*, long) const
 .text._ZN14GameLoopSystem14SimulationTask2DoEv
                0x060116dc      0x210 src/main.o
                0x060116dc                GameLoopSystem::SimulationTask::Do()
 .text._ZNK29TrackCollisionQueryFromSystem21ResolvePlanarWallPushERKN3SRL4Math5Types8Vector3DES5_NS2_3FxpERS3_Pll
                0x060118ec      0x130 src/main.o
                0x060118ec                TrackCollisionQueryFromSystem::ResolvePlanarWallPush(SRL::Math::Types::Vector3D const&, SRL::Math::Types::Vector3D const&, SRL::Math::Types::Fxp, SRL::Math::Types::Vector3D&, long*, long) const
 .text._ZNK29TrackCollisionQueryFromSystem25SampleSurfaceYByFamilySetERKN3SRL4Math5Types8Vector3DEPKtjRNS2_3FxpEPll
                0x06011a1c      0x12c src/main.o
                0x06011a1c                TrackCollisionQueryFromSystem::SampleSurfaceYByFamilySet(SRL::Math::Types::Vector3D const&, unsigned short const*, unsigned int, SRL::Math::Types::Fxp&, long*, long) const
 .text._ZNK29TrackCollisionQueryFromSystem31SampleSurfaceYByFamilySetStrictERKN3SRL4Math5Types8Vector3DEPKtjRNS2_3FxpEPll
                0x06011b48      0x12c src/main.o
                0x06011b48                TrackCollisionQueryFromSystem::SampleSurfaceYByFamilySetStrict(SRL::Math::Types::Vector3D const&, unsigned short const*, unsigned int, SRL::Math::Types::Fxp&, long*, long) const
 .text._ZNK29TrackCollisionQueryFromSystem6SampleERKN3SRL4Math5Types8Vector3DERS3_Rl
                0x06011c74      0x238 src/main.o
                0x06011c74                TrackCollisionQueryFromSystem::Sample(SRL::Math::Types::Vector3D const&, SRL::Math::Types::Vector3D&, long&) const
 .text._ZNK29TrackCollisionQueryFromSystem30SampleSurfaceYBySurfaceTypeSetERKN3SRL4Math5Types8Vector3DEPKhjRNS2_3FxpEPll
                0x06011eac      0x218 src/main.o
                0x06011eac                TrackCollisionQueryFromSystem::SampleSurfaceYBySurfaceTypeSet(SRL::Math::Types::Vector3D const&, unsigned char const*, unsigned int, SRL::Math::Types::Fxp&, long*, long) const
 .text._ZNK29TrackCollisionQueryFromSystem36SampleSurfaceYBySurfaceTypeSetStrictERKN3SRL4Math5Types8Vector3DEPKhjRNS2_3FxpEPll
                0x060120c4      0x218 src/main.o
                0x060120c4                TrackCollisionQueryFromSystem::SampleSurfaceYBySurfaceTypeSetStrict(SRL::Math::Types::Vector3D const&, unsigned char const*, unsigned int, SRL::Math::Types::Fxp&, long*, long) const
 .text._ZN3SRL4Math5Types3Fxp3MaxERKS2_S4_
                0x060122dc       0x10 src/main.o
                0x060122dc                SRL::Math::Types::Fxp::Max(SRL::Math::Types::Fxp const&, SRL::Math::Types::Fxp const&)
 .text._ZN3SRL4Math5Types3Fxp3MinERKS2_S4_
                0x060122ec       0x10 src/main.o
                0x060122ec                SRL::Math::Types::Fxp::Min(SRL::Math::Types::Fxp const&, SRL::Math::Types::Fxp const&)
 .text._ZNK22PocTrackCollisionQuery6SampleERKN3SRL4Math5Types8Vector3DERS3_Rl
                0x060122fc      0x3a0 src/main.o
                0x060122fc                PocTrackCollisionQuery::Sample(SRL::Math::Types::Vector3D const&, SRL::Math::Types::Vector3D&, long&) const
 .text._ZNK22PocTrackCollisionQuery24SampleSurfaceYByFamilyIdERKN3SRL4Math5Types8Vector3DEtRNS2_3FxpEPll
                0x0601269c      0x170 src/main.o
                0x0601269c                PocTrackCollisionQuery::SampleSurfaceYByFamilyId(SRL::Math::Types::Vector3D const&, unsigned short, SRL::Math::Types::Fxp&, long*, long) const
 .text._ZN3SRL4Math12Trigonometry5Atan2ERKNS0_5Types3FxpES5_
                0x0601280c      0x160 src/main.o
                0x0601280c                SRL::Math::Trigonometry::Atan2(SRL::Math::Types::Fxp const&, SRL::Math::Types::Fxp const&)
 .text._ZN3SRL6Memory12SimpleMalloc6MallocERKNS0_10MemoryZoneEj
                0x0601296c       0xe4 src/main.o
                0x0601296c                SRL::Memory::SimpleMalloc::Malloc(SRL::Memory::MemoryZone const&, unsigned int)
 .text._ZN22SlaveTrackDrawProducerIN16TrackSegmentPoolILj30EN11TrackSystem18SegmentRenderEntryEE6HandleELj30EE9BuildTaskD0Ev
                0x06012a50      0x104 src/main.o
                0x06012a50                SlaveTrackDrawProducer<TrackSegmentPool<30u, TrackSystem::SegmentRenderEntry>::Handle, 30u>::BuildTask::~BuildTask()
 .text._ZN21SlaveTrackDepthSorterIN16TrackSegmentPoolILj30EN11TrackSystem18SegmentRenderEntryEE6HandleExLj30EE9BuildTaskD0Ev
                0x06012b54      0x104 src/main.o
                0x06012b54                SlaveTrackDepthSorter<TrackSegmentPool<30u, TrackSystem::SegmentRenderEntry>::Handle, long long, 30u>::BuildTask::~BuildTask()
 .text._ZN14GameLoopSystem14SimulationTaskD0Ev
                0x06012c58      0x104 src/main.o
                0x06012c58                GameLoopSystem::SimulationTask::~SimulationTask()
 .text._ZN14GameLoopSystem20CarRenderPrepareTaskD0Ev
                0x06012d5c      0x104 src/main.o
                0x06012d5c                GameLoopSystem::CarRenderPrepareTask::~CarRenderPrepareTask()
 .text._ZN22SlaveTrackDrawProducerIN16TrackSegmentPoolILj30EN11TrackSystem18SegmentRenderEntryEE6HandleELj30EED0Ev
                0x06012e60      0x104 src/main.o
                0x06012e60                SlaveTrackDrawProducer<TrackSegmentPool<30u, TrackSystem::SegmentRenderEntry>::Handle, 30u>::~SlaveTrackDrawProducer()
 .text._ZN22PocTrackCollisionQueryD0Ev
                0x06012f64      0x104 src/main.o
                0x06012f64                PocTrackCollisionQuery::~PocTrackCollisionQuery()
 .text._ZN29TrackCollisionQueryFromSystemD0Ev
                0x06013068      0x104 src/main.o
                0x06013068                TrackCollisionQueryFromSystem::~TrackCollisionQueryFromSystem()
 .text._ZN4Game16SimpleCarPhysicsD0Ev
                0x0601316c      0x104 src/main.o
                0x0601316c                Game::SimpleCarPhysics::~SimpleCarPhysics()
 .text._ZN4Game18SimpleGameplayTickD0Ev
                0x06013270      0x104 src/main.o
                0x06013270                Game::SimpleGameplayTick::~SimpleGameplayTick()
 .text._ZN4Game17SimpleAudioEventsD0Ev
                0x06013374      0x104 src/main.o
                0x06013374                Game::SimpleAudioEvents::~SimpleAudioEvents()
 .text._ZN3SRL6Memory10LowWorkRam6MallocEj
                0x06013478      0x1f8 src/main.o
                0x06013478                SRL::Memory::LowWorkRam::Malloc(unsigned int)
 .text._ZN3SRL6Memory7CartRam9GetReportEv
                0x06013670       0x94 src/main.o
                0x06013670                SRL::Memory::CartRam::GetReport()
 .text._ZNSt6vectorIN3SRL4Math5Types8Vector3DE18TrackZoneAllocatorIS3_LNS0_6Memory4ZoneE1EEEaSERKS8_.isra.0
                0x06013704      0x158 src/main.o
 .text._ZN3SRL6Memory15PlacementMallocEjm
                0x0601385c      0x148 src/main.o
                0x0601385c                SRL::Memory::PlacementMalloc(unsigned int, unsigned long)
 .text._ZN3SRL2Cd4File5CloseEv
                0x060139a4       0x34 src/main.o
                0x060139a4                SRL::Cd::File::Close()
 .text._ZN3SRL2Cd4File4ReadElPv
                0x060139d8      0x110 src/main.o
                0x060139d8                SRL::Cd::File::Read(long, void*)
 .text._ZN3SRL2Cd9ChangeDirEPc
                0x06013ae8       0x40 src/main.o
                0x06013ae8                SRL::Cd::ChangeDir(char*)
 .text._ZN3SRL4CRAM16SetBankUsedStateEtNS0_16TextureColorModeEb
                0x06013b28       0xb8 src/main.o
                0x06013b28                SRL::CRAM::SetBankUsedState(unsigned short, SRL::CRAM::TextureColorMode, bool)
 .text._ZN3SRL7Tilemap10Interfaces8Bmp2TileC2ERNS_6Bitmap7IBitmapEhNS_6Memory4ZoneE
                0x06013be0      0x300 src/main.o
                0x06013be0                SRL::Tilemap::Interfaces::Bmp2Tile::Bmp2Tile(SRL::Bitmap::IBitmap&, unsigned char, SRL::Memory::Zone)
                0x06013be0                SRL::Tilemap::Interfaces::Bmp2Tile::Bmp2Tile(SRL::Bitmap::IBitmap&, unsigned char, SRL::Memory::Zone)
 .text._ZN3SRL4VDP24VRAM8AllocateEmmNS0_8VramBankEh
                0x06013ee0       0x68 src/main.o
                0x06013ee0                SRL::VDP2::VRAM::Allocate(unsigned long, unsigned long, SRL::VDP2::VramBank, unsigned char)
 .text._ZN3SRL4VDP24VRAM16AutoAllocateCellERNS_7Tilemap11TilemapInfoEt
                0x06013f48      0x1bc src/main.o
                0x06013f48                SRL::VDP2::VRAM::AutoAllocateCell(SRL::Tilemap::TilemapInfo&, unsigned short)
 .text._ZN3SRL4VDP210InitializeERKNS_5Types9HighColorE
                0x06014104      0x1a8 src/main.o
                0x06014104                SRL::VDP2::Initialize(SRL::Types::HighColor const&)
 .text._ZN3SRL5Input3Gun11SynchronizeEv
                0x060142ac      0x1d0 src/main.o
                0x060142ac                SRL::Input::Gun::Synchronize()
 .text._ZN3SRL5Sound8Hardware10InitializeEv
                0x0601447c      0x56c src/main.o
                0x0601447c                SRL::Sound::Hardware::Initialize()
 .text._ZN3SRL4Core10InitializeERKNS_5Types9HighColorE
                0x060149e8      0x1f4 src/main.o
                0x060149e8                SRL::Core::Initialize(SRL::Types::HighColor const&)
 .text._ZN3SRL6Bitmap3TGA13DecodePaletteEPhPKNS1_9TgaHeaderEl
                0x06014bdc      0x380 src/main.o
                0x06014bdc                SRL::Bitmap::TGA::DecodePalette(unsigned char*, SRL::Bitmap::TGA::TgaHeader const*, long)
 .text._ZN3SRL6Bitmap3TGA8LoadDataEPNS_2Cd4FileEPNS1_14LoaderSettingsE
                0x06014f5c      0xfb8 src/main.o
                0x06014f5c                SRL::Bitmap::TGA::LoadData(SRL::Cd::File*, SRL::Bitmap::TGA::LoaderSettings*)
 .text._ZN11ModelObject19AllocatePaletteBankEN3SRL4CRAM16TextureColorModeE
                0x06015f14      0x218 src/main.o
                0x06015f14                ModelObject::AllocatePaletteBank(SRL::CRAM::TextureColorMode)
 .text._ZN11ModelObject22ReleaseLoadedMeshStateEv
                0x0601612c       0xc4 src/main.o
                0x0601612c                ModelObject::ReleaseLoadedMeshState()
 .text._ZN11ModelObject25RemapLoadedTextureIndicesEjRKSt6vectorIlSaIlEE
                0x060161f0      0x21c src/main.o
                0x060161f0                ModelObject::RemapLoadedTextureIndices(unsigned int, std::vector<long, std::allocator<long> > const&)
 .text._ZN11ModelObject18LoadFlatMeshStreamERN3SRL2Cd4FileEj
                0x0601640c      0x898 src/main.o
                0x0601640c                ModelObject::LoadFlatMeshStream(SRL::Cd::File&, unsigned int)
 .text._ZN11ModelObject18LoadFlatMeshBufferEPPcj
                0x06016ca4      0x7d8 src/main.o
                0x06016ca4                ModelObject::LoadFlatMeshBuffer(char**, unsigned int)
 .text._ZN11ModelObject20LoadSmoothMeshStreamERN3SRL2Cd4FileEPjj
                0x0601747c      0x9ac src/main.o
                0x0601747c                ModelObject::LoadSmoothMeshStream(SRL::Cd::File&, unsigned int*, unsigned int)
 .text._ZN11ModelObject20LoadSmoothMeshBufferEPPcPjj
                0x06017e28      0xc00 src/main.o
                0x06017e28                ModelObject::LoadSmoothMeshBuffer(char**, unsigned int*, unsigned int)
 .text._ZN11ModelObject12GetFaceCountEv
                0x06018a28       0x84 src/main.o
                0x06018a28                ModelObject::GetFaceCount()
 .text._ZN4Game10CarPhysics13DynamicsModel15IntegratePlanarERNS_18GameplayFrameStateERNS0_13DynamicsStateERN3SRL4Math5Types8Vector3DERlRNS0_15FrameStepOutputE
                0x06018aac      0xc90 src/main.o
                0x06018aac                Game::CarPhysics::DynamicsModel::IntegratePlanar(Game::GameplayFrameState&, Game::CarPhysics::DynamicsState&, SRL::Math::Types::Vector3D&, long&, Game::CarPhysics::FrameStepOutput&)
 .text._ZN4Game10CarPhysics14GroundFollower21ApplyVerticalAdhesionERNS0_11GroundStateERN3SRL4Math5Types8Vector3DE
                0x0601973c      0x14c src/main.o
                0x0601973c                Game::CarPhysics::GroundFollower::ApplyVerticalAdhesion(Game::CarPhysics::GroundState&, SRL::Math::Types::Vector3D&)
 .text._ZN4Game10CarPhysics14GroundFollower18ProbeSurfaceTargetEPKNS_20ITrackCollisionQueryERKN3SRL4Math5Types8Vector3DERKNS7_3FxpESD_lbRNS0_11GroundStateERNS_18GameplayFrameStateE
                0x06019888      0xf50 src/main.o
                0x06019888                Game::CarPhysics::GroundFollower::ProbeSurfaceTarget(Game::ITrackCollisionQuery const*, SRL::Math::Types::Vector3D const&, SRL::Math::Types::Fxp const&, SRL::Math::Types::Fxp const&, long, bool, Game::CarPhysics::GroundState&, Game::GameplayFrameState&)
 .text._ZN4Game10CarPhysics14GroundFollower12UpdateTargetEPKNS_20ITrackCollisionQueryERKN3SRL4Math5Types8Vector3DERKNS0_15FrameStepOutputERNS0_11GroundStateERNS_18GameplayFrameStateE
                0x0601a7d8      0x1d4 src/main.o
                0x0601a7d8                Game::CarPhysics::GroundFollower::UpdateTarget(Game::ITrackCollisionQuery const*, SRL::Math::Types::Vector3D const&, Game::CarPhysics::FrameStepOutput const&, Game::CarPhysics::GroundState&, Game::GameplayFrameState&)
 .text._ZN4Game16SimpleCarPhysics4StepERNS_18GameplayFrameStateEPKNS_20ITrackCollisionQueryERN3SRL4Math5Types8Vector3DERl
                0x0601a9ac      0x5b8 src/main.o
                0x0601a9ac                Game::SimpleCarPhysics::Step(Game::GameplayFrameState&, Game::ITrackCollisionQuery const*, SRL::Math::Types::Vector3D&, long&)
 .text._ZN13TrackRenderer5ResetEv
                0x0601af64      0x2d4 src/main.o
                0x0601af64                TrackRenderer::Reset()
 .text._ZN17SkyBackgroundDome6UpdateElll
                0x0601b238      0x180 src/main.o
                0x0601b238                SkyBackgroundDome::Update(long, long, long)
 .text._ZN7PathNya26TryParseWithDescriptorBaseEPKhjbmjRSt5arrayISt6vectorINS_8PointRawESaIS4_EELj3EERj
                0x0601b3b8      0x38c src/main.o
                0x0601b3b8                PathNya::TryParseWithDescriptorBase(unsigned char const*, unsigned int, bool, unsigned long, unsigned int, std::array<std::vector<PathNya::PointRaw, std::allocator<PathNya::PointRaw> >, 3u>&, unsigned int&)
 .text._ZN7PathNya5ParseEPKhjRNS_11ParseResultE
                0x0601b744      0x318 src/main.o
                0x0601b744                PathNya::Parse(unsigned char const*, unsigned int, PathNya::ParseResult&)
 .text._ZN14GameLoopSystem14PollFrameInputEv
                0x0601ba5c      0x4d4 src/main.o
                0x0601ba5c                GameLoopSystem::PollFrameInput()
 .text._ZN14GameLoopSystem23ResolveCameraFrameStateEv
                0x0601bf30      0x38c src/main.o
                0x0601bf30                GameLoopSystem::ResolveCameraFrameState()
 .text._ZN14GameLoopSystem17DrawCarShadowBlobERKN3SRL4Math5Types8Vector3DE
                0x0601c2bc      0x898 src/main.o
                0x0601c2bc                GameLoopSystem::DrawCarShadowBlob(SRL::Math::Types::Vector3D const&)
 .text._ZN14GameLoopSystem10RenderAxesEv
                0x0601cb54      0x2e8 src/main.o
                0x0601cb54                GameLoopSystem::RenderAxes()
 .text._ZN14GameLoopSystem30PrintSegmentOverlapDiagnosticsEmm
                0x0601ce3c      0x9b0 src/main.o
                0x0601ce3c                GameLoopSystem::PrintSegmentOverlapDiagnostics(unsigned long, unsigned long)
 .text._ZN14GameLoopSystem24UpdateRealtimeFpsOverlayEv
                0x0601d7ec      0x310 src/main.o
                0x0601d7ec                GameLoopSystem::UpdateRealtimeFpsOverlay()
 .text._ZN14GameLoopSystem26RebuildAutoLapRouteYawDataEv
                0x0601dafc      0x4bc src/main.o
                0x0601dafc                GameLoopSystem::RebuildAutoLapRouteYawData()
 .text._ZZN14GameLoopSystem18UpdateAutoLapRouteERKNS_7ContextERN3SRL4Math5Types8Vector3DERlENKUljE_clEj
                0x0601dfb8      0x118 src/main.o
                0x0601dfb8                GameLoopSystem::UpdateAutoLapRoute(GameLoopSystem::Context const&, SRL::Math::Types::Vector3D&, long&)::{lambda(unsigned int)#1}::operator()(unsigned int) const
                0x0601dfb8                GameLoopSystem::UpdateAutoLapRoute(GameLoopSystem::Context const&, SRL::Math::Types::Vector3D&, long&)::{lambda(unsigned int)#3}::operator()(unsigned int) const
 .text._ZN14GameLoopSystem24SimplifyAutoLapGuideLineERKSt6vectorIN3SRL4Math5Types8Vector3DE18TrackZoneAllocatorIS4_LNS1_6Memory4ZoneE1EEEj
                0x0601e0d0      0x9ec src/main.o
                0x0601e0d0                GameLoopSystem::SimplifyAutoLapGuideLine(std::vector<SRL::Math::Types::Vector3D, TrackZoneAllocator<SRL::Math::Types::Vector3D, (SRL::Memory::Zone)1> > const&, unsigned int)
 .text._ZN11CarPipelineD2Ev
                0x0601eabc      0x180 src/main.o
                0x0601eabc                CarPipeline::~CarPipeline()
                0x0601eabc                CarPipeline::~CarPipeline()
 .text._ZN11TrackSystem18SegmentRenderEntryD2Ev
                0x0601ec3c      0x180 src/main.o
                0x0601ec3c                TrackSystem::SegmentRenderEntry::~SegmentRenderEntry()
                0x0601ec3c                TrackSystem::SegmentRenderEntry::~SegmentRenderEntry()
 .text._ZN3SRL5Debug5PrintIJllEEEvhhPKcDpT_
                0x0601edbc      0x170 src/main.o
                0x0601edbc                void SRL::Debug::Print<long, long>(unsigned char, unsigned char, char const*, long, long)
 .text._ZNSt6vectorIhSaIhEE6resizeEj
                0x0601ef2c      0x108 src/main.o
                0x0601ef2c                std::vector<unsigned char, std::allocator<unsigned char> >::resize(unsigned int)
 .text._ZN14GameLoopSystem21LoadAutoLapGuideLinesEv
                0x0601f034      0x604 src/main.o
                0x0601f034                GameLoopSystem::LoadAutoLapGuideLines()
 .text._ZN14GameLoopSystem30BuildAutoLapRouteFromPathGuideERKNS_7ContextERKN3SRL4Math5Types8Vector3DE
                0x0601f638      0x9bc src/main.o
                0x0601f638                GameLoopSystem::BuildAutoLapRouteFromPathGuide(GameLoopSystem::Context const&, SRL::Math::Types::Vector3D const&)
 .text._ZN14GameLoopSystem18UpdateAutoLapRouteERKNS_7ContextERN3SRL4Math5Types8Vector3DERl
                0x0601fff4      0xe00 src/main.o
                0x0601fff4                GameLoopSystem::UpdateAutoLapRoute(GameLoopSystem::Context const&, SRL::Math::Types::Vector3D&, long&)
 .text._ZNSt6vectorIN3SRL5Types9HighColorESaIS2_EE6resizeEj
                0x06020df4      0x12c src/main.o
                0x06020df4                std::vector<SRL::Types::HighColor, std::allocator<SRL::Types::HighColor> >::resize(unsigned int)
 .text._ZN11ModelObject11ParseBufferEPKcjj
                0x06020f20     0x1074 src/main.o
                0x06020f20                ModelObject::ParseBuffer(char const*, unsigned int, unsigned int)
 .text._ZN11ModelObject10LoadBufferEPKcj
                0x06021f94      0x330 src/main.o
                0x06021f94                ModelObject::LoadBuffer(char const*, unsigned int)
 .text._ZN11ModelObject13LoadStreamingEPKcj
                0x060222c4     0x1644 src/main.o
                0x060222c4                ModelObject::LoadStreaming(char const*, unsigned int)
 .text._ZN11ModelObjectC2EPKcjbjbbb
                0x06023908      0x2b4 src/main.o
                0x06023908                ModelObject::ModelObject(char const*, unsigned int, bool, unsigned int, bool, bool, bool)
                0x06023908                ModelObject::ModelObject(char const*, unsigned int, bool, unsigned int, bool, bool, bool)
 .text._ZZ13LoadCarToCartPKPKcjbjENKUlS0_E_clES0_
                0x06023bbc      0x844 src/main.o
                0x06023bbc                LoadCarToCart(char const* const*, unsigned int, bool, unsigned int)::{lambda(char const*)#1}::operator()(char const*) const
 .text._Z13LoadCarToCartPKPKcjbj
                0x06024400      0xac8 src/main.o
                0x06024400                LoadCarToCart(char const* const*, unsigned int, bool, unsigned int)
 .text._ZN3SRL5Debug5PrintIJjjEEEvhhPKcDpT_
                0x06024ec8      0x170 src/main.o
                0x06024ec8                void SRL::Debug::Print<unsigned int, unsigned int>(unsigned char, unsigned char, char const*, unsigned int, unsigned int)
 .text._ZN9HudSystem25PresentPeriodicFrameStatsEmbbbmmmm
                0x06025038      0x594 src/main.o
                0x06025038                HudSystem::PresentPeriodicFrameStats(unsigned long, bool, bool, bool, unsigned long, unsigned long, unsigned long, unsigned long)
 .text._ZN3SRL4VDP212ScrollScreenINS0_4RBG0ELs5ELt16EE11LoadTilemapERNS_7Tilemap8ITilemapE
                0x060255cc      0x494 src/main.o
                0x060255cc                SRL::VDP2::ScrollScreen<SRL::VDP2::RBG0, (short)5, (unsigned short)16>::LoadTilemap(SRL::Tilemap::ITilemap&)
 .text._ZNSt6vectorIN11TrackSystem18SegmentRenderEntryE18TrackZoneAllocatorIS1_LN3SRL6Memory4ZoneE1EEED2Ev
                0x06025a60      0x1ac src/main.o
                0x06025a60                std::vector<TrackSystem::SegmentRenderEntry, TrackZoneAllocator<TrackSystem::SegmentRenderEntry, (SRL::Memory::Zone)1> >::~vector()
                0x06025a60                std::vector<TrackSystem::SegmentRenderEntry, TrackZoneAllocator<TrackSystem::SegmentRenderEntry, (SRL::Memory::Zone)1> >::~vector()
 .text._ZN11TrackSystemD2Ev
                0x06025c0c      0x518 src/main.o
                0x06025c0c                TrackSystem::~TrackSystem()
                0x06025c0c                TrackSystem::~TrackSystem()
 .text._ZN3SRL4VDP212ScrollScreenINS0_4NBG0ELs1ELt1EE12SetMapLayoutEhhhh
                0x06026124      0x210 src/main.o
                0x06026124                SRL::VDP2::ScrollScreen<SRL::VDP2::NBG0, (short)1, (unsigned short)1>::SetMapLayout(unsigned char, unsigned char, unsigned char, unsigned char)
 .text._ZN3SRL4VDP212ScrollScreenINS0_4NBG0ELs1ELt1EE11LoadTilemapERNS_7Tilemap8ITilemapE
                0x06026334      0x558 src/main.o
                0x06026334                SRL::VDP2::ScrollScreen<SRL::VDP2::NBG0, (short)1, (unsigned short)1>::LoadTilemap(SRL::Tilemap::ITilemap&)
 .text._ZN11SkyPanorama4LoadEPKPKcj
                0x0602688c      0x9c0 src/main.o
                0x0602688c                SkyPanorama::Load(char const* const*, unsigned int)
 .text._ZN14SkyEnvironment4LoadEPKPKcj
                0x0602724c      0x298 src/main.o
                0x0602724c                SkyEnvironment::Load(char const* const*, unsigned int)
 .text.startup  0x060274e4      0x1a8 src/main.o
                0x060274e4                main
 .text._ZN21SlaveTrackDepthSorterIN16TrackSegmentPoolILj30EN11TrackSystem18SegmentRenderEntryEE6HandleExLj30EE8ApplyJobERKNS5_12BuildJobDataER13TrackDrawListIS4_Lj30EE
                0x0602768c      0x134 src/main.o
                0x0602768c                SlaveTrackDepthSorter<TrackSegmentPool<30u, TrackSystem::SegmentRenderEntry>::Handle, long long, 30u>::ApplyJob(SlaveTrackDepthSorter<TrackSegmentPool<30u, TrackSystem::SegmentRenderEntry>::Handle, long long, 30u>::BuildJobData const&, TrackDrawList<TrackSegmentPool<30u, TrackSystem::SegmentRenderEntry>::Handle, 30u>&)
 .text._ZN21SlaveTrackDepthSorterIN16TrackSegmentPoolILj30EN11TrackSystem18SegmentRenderEntryEE6HandleExLj30EE9BuildTask2DoEv
                0x060277c0       0x68 src/main.o
                0x060277c0                SlaveTrackDepthSorter<TrackSegmentPool<30u, TrackSystem::SegmentRenderEntry>::Handle, long long, 30u>::BuildTask::Do()
 .text.exit     0x06027828       0x54 src/main.o
 .text          0x0602787c     0x1a90 src/mesh_renderer.o
                0x060278ec                MeshRenderer::SetSkipMesh(unsigned int)
                0x060278f4                MeshRenderer::SetScale(SRL::Math::Types::Fxp const&)
                0x060278fc                MeshRenderer::SetOffset(SRL::Math::Types::Vector3D const&)
                0x06027914                MeshRenderer::SetLightDirection(SRL::Math::Types::Vector3D const&)
                0x06027924                MeshRenderer::SetBodyAttitude(SRL::Math::Types::Angle const&, SRL::Math::Types::Angle const&)
                0x06027930                MeshRenderer::ClearMeshLocalTransforms()
                0x06027b98                MeshRenderer::SetMeshLocalTransform(unsigned int, MeshRenderer::LocalTransform const&)
                0x06027e90                MeshRenderer::DrawMesh(unsigned int)
                0x06027fe0                MeshRenderer::Render(SRL::Math::Types::Vector3D const&, SRL::Math::Types::Angle const&, bool)
                0x0602856c                MeshRenderer::ApplyTransform(SRL::Math::Types::Vector3D const&, SRL::Math::Types::Angle const&)
                0x06028648                MeshRenderer::ComputeMeshCenters()
                0x06028ee4                MeshRenderer::MeshRenderer(ModelObject&, bool, MeshRenderer::Config const&)
                0x06028ee4                MeshRenderer::MeshRenderer(ModelObject&, bool, MeshRenderer::Config const&)
 .text.startup  0x0602930c      0x198 src/mesh_renderer.o
 .text.exit     0x060294a4       0x54 src/mesh_renderer.o
 .text          0x060294f8       0x60 src/track_pipeline_stages.o
                0x060294f8                TrackPipeline::TrackMaintenanceStage::RunInitial(TrackSystem&)
                0x06029504                TrackPipeline::TrackMaintenanceStage::RunPostSlide(TrackSystem&, bool)
                0x06029510                TrackPipeline::TrackMaintenanceStage::RunLegacy(TrackSystem&, bool)
                0x0602951c                TrackPipeline::TrackWindowStage::Run(TrackSystem&, SRL::Math::Types::Vector3D const&, SRL::Math::Types::Vector3D const&)
                0x06029528                TrackPipeline::TrackPrefetchStage::RunCompaction(TrackSystem&, bool)
                0x06029534                TrackPipeline::TrackPrefetchStage::RunPrefetch(TrackSystem&, bool)
                0x06029540                TrackPipeline::TrackLodStage::RunRecovery(TrackSystem&, bool)
                0x0602954c                TrackPipeline::TrackWorkingSetStage::Run(TrackSystem&)
 .text.startup  0x06029558      0x198 src/track_pipeline_stages.o
 .text.exit     0x060296f0       0x54 src/track_pipeline_stages.o
 .text          0x06029744    0x2d408 src/track_system.o
                0x06033c58                TrackSystem::PrintLwrStageProbes()
                0x06034c90                TrackSystem::ComputeRendererCenter(TrackRenderer const&)
                0x06034da8                TrackSystem::ReleaseRawSegmentCatalog()
                0x06034efc                TrackSystem::ReleaseSeg1Texbanks()
                0x06035040                TrackSystem::ReleaseSeg1TgaCatalog()
                0x060351a8                TrackSystem::BuildSeg1TexbankCandidatePaths(int, std::array<std::array<char, 40u>, 16u>&, char const**, unsigned int&)
                0x06035484                TrackSystem::LoadSeg1TexbankIndexToCart(unsigned int, int)
                0x06035b70                TrackSystem::FindRawSegmentCopyById(int) const
                0x06035ba8                TrackSystem::FindExistingPath(char const* const*, unsigned int)
                0x06035e80                TrackSystem::ResolveSegmentPath(unsigned int)
                0x06035f08                TrackSystem::BuildSegmentHandleTable()
                0x060361b0                TrackSystem::InitializeFamilySlots(std::vector<TrackSystem::Seg1FamilySlotEntry, TrackZoneAllocator<TrackSystem::Seg1FamilySlotEntry, (SRL::Memory::Zone)1> >&, int const*, unsigned int) const
                0x060363e4                TrackSystem::InitializeFamilySlots(std::vector<TrackSystem::Seg1FamilySlotEntry, TrackZoneAllocator<TrackSystem::Seg1FamilySlotEntry, (SRL::Memory::Zone)1> >&, std::vector<unsigned short, TrackZoneAllocator<unsigned short, (SRL::Memory::Zone)1> > const&) const
                0x06036618                TrackSystem::InvalidateFamilySlotIndex() const
                0x06036624                TrackSystem::RebuildFamilySlotIndex() const
                0x06036640                TrackSystem::FindFamilySlot(std::vector<TrackSystem::Seg1FamilySlotEntry, TrackZoneAllocator<TrackSystem::Seg1FamilySlotEntry, (SRL::Memory::Zone)1> >&, unsigned short)
                0x06036700                TrackSystem::FindFamilySlot(std::vector<TrackSystem::Seg1FamilySlotEntry, TrackZoneAllocator<TrackSystem::Seg1FamilySlotEntry, (SRL::Memory::Zone)1> > const&, unsigned short) const
                0x0603670c                TrackSystem::TryGetFamilyLodSlot(std::vector<TrackSystem::Seg1FamilySlotEntry, TrackZoneAllocator<TrackSystem::Seg1FamilySlotEntry, (SRL::Memory::Zone)1> > const&, unsigned short, unsigned char, unsigned short&) const
                0x0603676c                TrackSystem::FindTexbankEntryByFamily(TrackSystem::Seg1TexbankCart const&, unsigned short) const
                0x060367ac                TrackSystem::BuildTrackFamilyLodSlots(std::vector<TrackSystem::Seg1FamilySlotEntry, TrackZoneAllocator<TrackSystem::Seg1FamilySlotEntry, (SRL::Memory::Zone)1> >&)
                0x06036a48                TrackSystem::InvalidateEntryWorkingSetCache(TrackSystem::SegmentRenderEntry&)
                0x06036a50                TrackSystem::RebuildEntryWorkingSetCache(TrackSystem::SegmentRenderEntry&)
                0x06036fe4                TrackSystem::RebuildUsedTextureSlotFlagsFromWorkingRefs()
                0x06037094                TrackSystem::GetStrictPendingLodPriority(unsigned int) const
                0x060370e0                TrackSystem::GetTextureUploadBudgetPerFrame() const
                0x060370e4                TrackSystem::ResolveSegmentLodIndexByRank(unsigned int) const
                0x060370f0                TrackSystem::TryGetWindowLogicalRank(long, unsigned int&) const
                0x06037308                TrackSystem::RebuildUsedTextureSlotFlagsFromCurrentFaces()
                0x06037344                TrackSystem::InvalidateActiveWindowLookupTables()
                0x06037350                TrackSystem::LogicalToPhysicalWindowIndex(unsigned int, unsigned int) const
                0x06037390                TrackSystem::ResolveWindowOutgoingSegmentId(signed char, unsigned int) const
                0x060373e0                TrackSystem::ResolveWindowIncomingSegmentId(signed char, unsigned int) const
                0x06037450                TrackSystem::TryResolveWindowEntryIndexBySegmentId(long, unsigned int&)
                0x060375b0                TrackSystem::TryResolveWindowEntryIndexBySegmentId(long, unsigned int&) const
                0x060375bc                TrackSystem::ResolveWindowDropIndexByDirection(signed char, unsigned int, unsigned int&)
                0x060375dc                TrackSystem::ResolveWindowHeadByStartId(unsigned int)
                0x06037668                TrackSystem::AdvanceWindowHeadByDirection(signed char, unsigned int)
                0x060376e0                TrackSystem::RebuildActiveWindowLookupTables()
                0x060376fc                TrackSystem::FindWindowEntryByIdFast(long)
                0x06037738                TrackSystem::FindWindowEntryByIdFast(long) const
                0x06037774                TrackSystem::HasPendingStabilizedWindowLodChanges() const
                0x06037780                TrackSystem::ResetPendingStabilizedLodRanks()
                0x060377b8                TrackSystem::UpdateDesiredStabilizedWindowLodTargets()
                0x060378c8                TrackSystem::QueuePendingStabilizedLodRank(unsigned int)
                0x060378e8                TrackSystem::SeedPendingStabilizedLodRanksForWindow()
                0x06037a60                TrackSystem::ResetSlideBackBuffer()
                0x06037c34                TrackSystem::ApplyActiveRendererCapacityFloor(TrackRenderer&)
                0x06037e80                TrackSystem::CaptureTrackTextureHeapBase()
                0x06037e9c                TrackSystem::RebaseTrackTextureHeapBase()
                0x06037eb8                TrackSystem::ShouldRecycleTrackTextureHeap() const
                0x06037ebc                TrackSystem::ShouldCompactTrackTextureHeapInStabilization() const
                0x06038098                TrackSystem::RecycleTrackTextureHeap()
                0x060382c4                TrackSystem::EstimateWorkRamRetainedBytes() const
                0x06038368                TrackSystem::EstimateLowWorkRamRetainedBytes() const
                0x06038aa0                TrackSystem::CaptureLowWorkBreakdown() const
                0x060391a4                TrackSystem::AllocateWorkRamEmergencyReserve()
                0x060391dc                TrackSystem::ReleaseWorkRamEmergencyReserve()
                0x06039224                TrackSystem::ReacquireWorkRamEmergencyReserve()
                0x0603927c                TrackSystem::ClassifyMemoryPressure(unsigned int, bool) const
                0x060392a0                TrackSystem::ReleaseTrackFamilyResourcesImmediate(TrackSystem::MemoryPressureLevel)
                0x060393a4                TrackSystem::EmitWorkRamLivePointersTelemetry()
                0x060393bc                TrackSystem::PrewarmNextSegmentLod32()
                0x060393c0                TrackSystem::PrewarmUpcomingBoundaryLods()
                0x060393c4                TrackSystem::MergeCurrentWindowFamilies()
                0x060397b4                TrackSystem::RefreshFamilyWorkingSet(bool)
                0x0603996c                TrackSystem::ReleaseUnusedFamilyResourcesEndFrame()
                0x06039988                TrackSystem::EmitFamilyWorkingSetTelemetry() const
                0x0603998c                TrackSystem::ResolveCameraWindowDirection(SRL::Math::Types::Vector3D const&, SRL::Math::Types::Vector3D const&, SRL::Math::Types::Vector3D const&) const
                0x06039c04                TrackSystem::ResolveInitialLoadLimit(TrackSystem::Config const&) const
                0x06039c08                TrackSystem::ApplyTrackSlaveMode()
                0x06039c38                TrackSystem::SetTrackSlaveMode(bool)
                0x06039c58                TrackSystem::ConfigureCoordinatorAndBudget(TrackSystem::Config const&)
                0x06039f18                TrackSystem::LogInitialSegmentDiagnostics() const
                0x0603a0b8                TrackSystem::TickRuntimeFrameCooldowns()
                0x0603a104                TrackSystem::ShouldRunPostSlideMaintenance(bool) const
                0x0603a1a4                TrackSystem::RunPendingLodRecoveryStage(bool)
                0x0603a1a8                TrackSystem::SetObservedCarSegmentId(long)
                0x0603a478                TrackSystem::BuildVisibleSegmentOrder(SRL::Math::Types::Vector3D const&, SRL::Math::Types::Vector3D const&)
                0x0603b3ec                TrackSystem::RunSeg1DiagnosticsForFrame()
                0x0603b3f0                TrackSystem::RunTextureCompactionStage(bool)
                0x0603b3f4                TrackSystem::UpdatePrefetchSpeedProxy(SRL::Math::Types::Vector3D const&)
                0x0603b4ec                TrackSystem::RunLegacyMaintenanceStage(bool)
                0x0603b4f0                TrackSystem::ResetFramePlan(TrackSystem::TrackFramePlan&) const
                0x0603b584                TrackSystem::BuildFrameSnapshot(SRL::Math::Types::Vector3D const&, SRL::Math::Types::Vector3D const&, SRL::Math::Types::Vector3D const&, TrackSystem::TrackFrameSnapshot&) const
                0x0603b70c                TrackSystem::ApplyFramePlanLodTargets(TrackSystem::TrackFramePlan const&)
                0x0603b720                TrackSystem::PromoteLastValidFramePlanForCurrentFrame(bool)
                0x0603b8d8                TrackSystem::BuildOrderedHandlesStage(SRL::Math::Types::Vector3D const&, SRL::Math::Types::Vector3D const&, std::vector<TrackSegmentPool<30u, TrackSystem::SegmentRenderEntry>::Handle, std::allocator<TrackSegmentPool<30u, TrackSystem::SegmentRenderEntry>::Handle> >&)
                0x0603b8e8                TrackSystem::RunWorkingSetStage()
                0x0603b954                TrackSystem::FindNearestSegment(SRL::Math::Types::Vector3D const&, SRL::Math::Types::Vector3D const&, long&, SRL::Math::Types::Vector3D&) const
                0x0603bbc4                TrackSystem::FindSurfaceYByFamilySet(SRL::Math::Types::Vector3D const&, SRL::Math::Types::Vector3D const&, unsigned short const*, unsigned int, SRL::Math::Types::Fxp&, long*, long, bool) const
                0x0603c0bc                TrackSystem::FindSurfaceYByFamilyId(SRL::Math::Types::Vector3D const&, SRL::Math::Types::Vector3D const&, unsigned short, SRL::Math::Types::Fxp&, long*, long, bool) const
                0x0603c10c                TrackSystem::FindSegmentCenterById(long, SRL::Math::Types::Vector3D const&, SRL::Math::Types::Vector3D&) const
                0x0603c220                TrackSystem::FindPlanarWallPush(SRL::Math::Types::Vector3D const&, SRL::Math::Types::Vector3D const&, SRL::Math::Types::Vector3D const&, SRL::Math::Types::Fxp, SRL::Math::Types::Vector3D&, long*, long, bool) const
                0x0603c5b0                TrackSystem::GetRenderWindowDebugSnapshot(long&, signed char&, unsigned short&) const
                0x0603c64c                TrackSystem::GetRenderWindowSegmentIdAt(unsigned int, long&) const
                0x0603c6f8                TrackSystem::HasSmoothSegments() const
                0x0603c724                TrackSystem::MaxSegmentFaceCount() const
                0x0603c76c                TrackSystem::MaxSegmentVertexCount() const
                0x0603c7b4                TrackSystem::ResetSlidePrefetchState()
                0x0603c9dc                TrackSystem::ResetInitializationState()
                0x0603eb34                TrackSystem::CopySegmentById(unsigned int)
                0x0603eed4                TrackSystem::CopyAllTrackSegments(unsigned int)
                0x06042024                TrackSystem::TryLoadFamilyLodSlot(TrackSystem::Seg1FamilySlotEntry&, unsigned char, bool, bool, bool*, bool*, bool*, int*)
                0x06042dc4                TrackSystem::EnsureFamilyLodSlotLoaded(std::vector<TrackSystem::Seg1FamilySlotEntry, TrackZoneAllocator<TrackSystem::Seg1FamilySlotEntry, (SRL::Memory::Zone)1> >&, unsigned short, unsigned char, bool)
                0x060430f8                TrackSystem::RebuildSegmentFaceSlotsForLod(TrackSystem::SegmentRenderEntry&, unsigned char, std::vector<TrackSystem::Seg1FamilySlotEntry, TrackZoneAllocator<TrackSystem::Seg1FamilySlotEntry, (SRL::Memory::Zone)1> >&, bool)
                0x06043118                TrackSystem::RebuildSegmentFaceSlotsForBaseRank(TrackSystem::SegmentRenderEntry&, unsigned int, std::vector<TrackSystem::Seg1FamilySlotEntry, TrackZoneAllocator<TrackSystem::Seg1FamilySlotEntry, (SRL::Memory::Zone)1> >&, bool)
                0x060433e0                TrackSystem::BuildSegmentLodState(TrackSystem::SegmentRenderEntry&, SegmentComponent::Blob const&, SegmentComponent::Loader::MatView const&, std::vector<TrackSystem::Seg1FamilySlotEntry, TrackZoneAllocator<TrackSystem::Seg1FamilySlotEntry, (SRL::Memory::Zone)1> >&)
                0x06043564                TrackSystem::ApplyStabilizedLodForLogicalRank(unsigned int)
                0x06043820                TrackSystem::UpdateStabilizedWindowLodBoundaries()
                0x0604389c                TrackSystem::ProcessPendingStabilizedWindowLodChanges(unsigned char)
                0x06043c3c                TrackSystem::UpdateStabilizedWindowLodBands()
                0x06043fc0                TrackSystem::UpdateVisibleSegmentLods(std::vector<TrackSegmentPool<30u, TrackSystem::SegmentRenderEntry>::Handle, std::allocator<TrackSegmentPool<30u, TrackSystem::SegmentRenderEntry>::Handle> > const&)
                0x06044298                TrackSystem::RebuildTrackTextureResidencyForWindow(bool)
                0x06044708                TrackSystem::ApplyInitialSdrFamilySlots()
                0x06044998                TrackSystem::TryGetBestFamilyLodSlot(std::vector<TrackSystem::Seg1FamilySlotEntry, TrackZoneAllocator<TrackSystem::Seg1FamilySlotEntry, (SRL::Memory::Zone)1> >&, unsigned short, unsigned char, unsigned short&, unsigned char*, bool, bool)
                0x06044b5c                TrackSystem::ResolveBestEffortFaceSlots(std::vector<unsigned short, TrackZoneAllocator<unsigned short, (SRL::Memory::Zone)1> > const&, unsigned char, std::vector<TrackSystem::Seg1FamilySlotEntry, TrackZoneAllocator<TrackSystem::Seg1FamilySlotEntry, (SRL::Memory::Zone)1> >&, std::vector<short, TrackZoneAllocator<short, (SRL::Memory::Zone)1> >&, bool, bool)
                0x06045968                TrackSystem::PreloadTgaCatalogFromSegmentsMap()
                0x06047c84                TrackSystem::BuildSegmentCenterCatalog()
                0x06047f88                TrackSystem::PreloadFullTrackFamilyLodCache()
                0x06048384                TrackSystem::ValidateStabilizedWindowInvariants()
                0x060488a4                TrackSystem::EndFrame()
                0x06049d00                TrackSystem::BuildSegmentIntoRenderer(long, TrackRenderer&, SRL::Math::Types::Vector3D&, std::vector<unsigned short, TrackZoneAllocator<unsigned short, (SRL::Memory::Zone)1> >&)
                0x06049d70                TrackSystem::BuildSegmentIntoSlideScratch(long, SRL::Math::Types::Vector3D&, std::vector<unsigned short, TrackZoneAllocator<unsigned short, (SRL::Memory::Zone)1> >&)
                0x0604a05c                TrackSystem::TrimWorkRamRetainedCapacities(bool, long*)
                0x0604b61c                TrackSystem::RunWorkRamMaintenance(bool)
                0x0604bd50                TrackSystem::RunInitialMaintenanceStage()
                0x0604be54                TrackSystem::RunPostSlideMaintenanceStage(bool)
                0x0604bee8                TrackSystem::PrimeRuntimeScratchCapacities()
                0x0604cda4                TrackSystem::CommitStabilizedSlideBackBuffer()
                0x0604d3a4                TrackSystem::BuildSegmentRenderers(std::vector<TrackSystem::TrackSegmentEntry, TrackZoneAllocator<TrackSystem::TrackSegmentEntry, (SRL::Memory::Zone)1> >&)
                0x0604e95c                TrackSystem::RebuildSafeSegmentEntry(TrackSystem::SegmentRenderEntry&)
                0x0604eea8                TrackSystem::BuildSegmentIntoPrefetch(long, bool)
                0x0604f408                TrackSystem::TryPrefetchUpcomingSegment()
                0x0604f570                TrackSystem::RunPrefetchStage(bool)
                0x0604f5c0                TrackSystem::RebuildActiveSegmentWindow(long, unsigned int, signed char)
                0x060504dc                TrackSystem::UpdateCameraDrivenWindowDirection(SRL::Math::Types::Vector3D const&, SRL::Math::Types::Vector3D const&, SRL::Math::Types::Vector3D const&)
                0x06050690                TrackSystem::UpdateActiveSegmentWindowForPosition(SRL::Math::Types::Vector3D const&, SRL::Math::Types::Vector3D const&)
                0x06050e08                TrackSystem::RunWindowStage(SRL::Math::Types::Vector3D const&, SRL::Math::Types::Vector3D const&)
                0x06050e5c                TrackSystem::PrepareInitialSegmentPackages(unsigned int)
                0x06050eb4                TrackSystem::ValidateAndRepairWindowState()
                0x06051720                TrackSystem::PrepareStabilizedSlideBackBuffer(unsigned int, signed char, long, long)
                0x06052500                TrackSystem::ExecuteDeterministicStabilizedSlide(unsigned int, signed char, long, long)
                0x06053c9c                TrackSystem::SlideActiveSegmentWindow(unsigned int, signed char)
                0x06053cb0                TrackSystem::BeginFrame(unsigned long)
                0x06054608                TrackSystem::LoadSurfaceCollisionMaps()
                0x06054a50                TrackSystem::Initialize(TrackSystem::Config const&)
                0x06054d30                TrackSystem::BuildStabilizedSortedHandles(SRL::Math::Types::Vector3D const&, SRL::Math::Types::Vector3D const&)
                0x060556b4                TrackSystem::BuildAndApplyFramePlanStage(SRL::Math::Types::Vector3D const&, SRL::Math::Types::Vector3D const&, SRL::Math::Types::Vector3D const&)
                0x06055c50                TrackSystem::RenderVisibleSegmentOrderStabilized(SRL::Math::Types::Vector3D const&, SRL::Math::Types::Vector3D const&, SRL::Math::Types::Vector3D const&, std::array<unsigned char, 31u>&, std::array<unsigned char, 31u>&, bool&)
                0x0605661c                TrackSystem::RenderVisibleSegmentOrder(std::vector<TrackSegmentPool<30u, TrackSystem::SegmentRenderEntry>::Handle, std::allocator<TrackSegmentPool<30u, TrackSystem::SegmentRenderEntry>::Handle> > const&, SRL::Math::Types::Vector3D const&, SRL::Math::Types::Vector3D const&, SRL::Math::Types::Vector3D const&, std::array<unsigned char, 31u>&, std::array<unsigned char, 31u>&, bool&, bool&)
                0x06056670                TrackSystem::RunDrawStage(std::vector<TrackSegmentPool<30u, TrackSystem::SegmentRenderEntry>::Handle, std::allocator<TrackSegmentPool<30u, TrackSystem::SegmentRenderEntry>::Handle> > const&, SRL::Math::Types::Vector3D const&, SRL::Math::Types::Vector3D const&, SRL::Math::Types::Vector3D const&, std::array<unsigned char, 31u>&, std::array<unsigned char, 31u>&, bool&, bool&)
                0x06056700                TrackSystem::RenderFrame(bool, SRL::Math::Types::Vector3D const&, SRL::Math::Types::Vector3D const&, SRL::Math::Types::Vector3D const&, SRL::Math::Types::Vector3D const&, SRL::Math::Types::Vector3D const&)
 .text._ZN3SRL4Math5Types3FxpC2ERKs
                0x06056b4c        0x8 src/track_system.o
                0x06056b4c                SRL::Math::Types::Fxp::Fxp(short const&)
                0x06056b4c                SRL::Math::Types::Fxp::Fxp(short const&)
 .text._ZN3SRL4Math5Types8Vector3DC2ERKS2_
                0x06056b54       0x34 src/track_system.o
                0x06056b54                SRL::Math::Types::Vector3D::Vector3D(SRL::Math::Types::Vector3D const&)
                0x06056b54                SRL::Math::Types::Vector3D::Vector3D(SRL::Math::Types::Vector3D const&)
 .text._ZNK3SRL4Math5Types8Vector3DplERKS2_
                0x06056b88       0x64 src/track_system.o
                0x06056b88                SRL::Math::Types::Vector3D::operator+(SRL::Math::Types::Vector3D const&) const
 .text._ZNSt6vectorIN3SRL5Types7PolygonE18TrackZoneAllocatorIS2_LNS0_6Memory4ZoneE1EEE13_M_assign_auxIPS2_EEvT_SA_St20forward_iterator_tag.isra.0
                0x06056bec      0x214 src/track_system.o
 .text._ZNSt6vectorIN3SRL4Math5Types8Vector3DE18TrackZoneAllocatorIS3_LNS0_6Memory4ZoneE1EEE13_M_assign_auxIPS3_EEvT_SB_St20forward_iterator_tag.isra.0
                0x06056e00      0x194 src/track_system.o
 .text._ZN3SRL2Cd4FileC2EPKc
                0x06056f94       0xf0 src/track_system.o
                0x06056f94                SRL::Cd::File::File(char const*)
                0x06056f94                SRL::Cd::File::File(char const*)
 .text._ZN17TrackVdp1Renderer19DrawTexturedCommandERKNS_15PreparedCommandEl
                0x06057084      0x238 src/track_system.o
                0x06057084                TrackVdp1Renderer::DrawTexturedCommand(TrackVdp1Renderer::PreparedCommand const&, long)
 .text._ZNK13TrackRenderer13RetainedBytesEv
                0x060572bc      0x258 src/track_system.o
                0x060572bc                TrackRenderer::RetainedBytes() const
 .text._ZN13TrackRenderer23SetRuntimeCapacityFloorEjj
                0x06057514      0x288 src/track_system.o
                0x06057514                TrackRenderer::SetRuntimeCapacityFloor(unsigned int, unsigned int)
 .text._Z19CopyCdFileToCartRamPKcj
                0x0605779c      0x3bc src/track_system.o
                0x0605779c                CopyCdFileToCartRam(char const*, unsigned int)
 .text._ZN18SegmentRuntimeDraw6Loader14ReadHeaderLeAtEPKhjjRNS_8HeaderV1E
                0x06057b58      0x30c src/track_system.o
                0x06057b58                SegmentRuntimeDraw::Loader::ReadHeaderLeAt(unsigned char const*, unsigned int, unsigned int, SegmentRuntimeDraw::HeaderV1&)
 .text._ZN16TrackRuntimePack6Loader14ReadHeaderLeAtEPKhjjRNS_8HeaderV1E
                0x06057e64      0x1b0 src/track_system.o
                0x06057e64                TrackRuntimePack::Loader::ReadHeaderLeAt(unsigned char const*, unsigned int, unsigned int, TrackRuntimePack::HeaderV1&)
 .text._ZN16TrackRuntimePack6Loader13ReadEntryLeAtERKNS0_4ViewEiRNS_16DirectoryEntryV1E
                0x06058014      0x12c src/track_system.o
                0x06058014                TrackRuntimePack::Loader::ReadEntryLeAt(TrackRuntimePack::Loader::View const&, int, TrackRuntimePack::DirectoryEntryV1&)
 .text._ZN3SRL5Debug5PrintIJiEEEvhhPKcDpT_
                0x06058140      0x164 src/track_system.o
                0x06058140                void SRL::Debug::Print<int>(unsigned char, unsigned char, char const*, int)
 .text._ZN16TrackSglRenderer8DrawMeshEPKN3SRL4Math5Types8Vector3DEjPKNS0_5Types7PolygonEjPKNS6_9AttributeEtRS4_NS2_3FxpEb
                0x060582a4      0x410 src/track_system.o
                0x060582a4                TrackSglRenderer::DrawMesh(SRL::Math::Types::Vector3D const*, unsigned int, SRL::Types::Polygon const*, unsigned int, SRL::Types::Attribute const*, unsigned short, SRL::Math::Types::Vector3D const&, SRL::Math::Types::Fxp, bool)
 .text._ZNSt6vectorIN3SRL4Math5Types8Vector3DE18TrackZoneAllocatorIS3_LNS0_6Memory4ZoneE1EEE7reserveEj
                0x060586b4       0xdc src/track_system.o
                0x060586b4                std::vector<SRL::Math::Types::Vector3D, TrackZoneAllocator<SRL::Math::Types::Vector3D, (SRL::Memory::Zone)1> >::reserve(unsigned int)
 .text._ZNSt6vectorIN3SRL5Types7PolygonE18TrackZoneAllocatorIS2_LNS0_6Memory4ZoneE1EEE7reserveEj
                0x06058790       0xf0 src/track_system.o
                0x06058790                std::vector<SRL::Types::Polygon, TrackZoneAllocator<SRL::Types::Polygon, (SRL::Memory::Zone)1> >::reserve(unsigned int)
 .text._ZNSt6vectorIN3SRL5Types9AttributeE18TrackZoneAllocatorIS2_LNS0_6Memory4ZoneE1EEE7reserveEj
                0x06058880       0xc4 src/track_system.o
                0x06058880                std::vector<SRL::Types::Attribute, TrackZoneAllocator<SRL::Types::Attribute, (SRL::Memory::Zone)1> >::reserve(unsigned int)
 .text._ZN13TrackRenderer18CompactVectorSlackISt6vectorIN3SRL4Math5Types8Vector3DE18TrackZoneAllocatorIS5_LNS2_6Memory4ZoneE1EEEEEbRT_jb
                0x06058944       0xec src/track_system.o
                0x06058944                bool TrackRenderer::CompactVectorSlack<std::vector<SRL::Math::Types::Vector3D, TrackZoneAllocator<SRL::Math::Types::Vector3D, (SRL::Memory::Zone)1> > >(std::vector<SRL::Math::Types::Vector3D, TrackZoneAllocator<SRL::Math::Types::Vector3D, (SRL::Memory::Zone)1> >&, unsigned int, bool)
 .text._ZN13TrackRenderer18CompactVectorSlackISt6vectorIj18TrackZoneAllocatorIjLN3SRL6Memory4ZoneE1EEEEEbRT_jb
                0x06058a30      0x14c src/track_system.o
                0x06058a30                bool TrackRenderer::CompactVectorSlack<std::vector<unsigned int, TrackZoneAllocator<unsigned int, (SRL::Memory::Zone)1> > >(std::vector<unsigned int, TrackZoneAllocator<unsigned int, (SRL::Memory::Zone)1> >&, unsigned int, bool)
 .text._ZN13TrackRenderer18CompactVectorSlackISt6vectorINS_11SmoothCacheE18TrackZoneAllocatorIS2_LN3SRL6Memory4ZoneE1EEEEEbRT_jb
                0x06058b7c      0x50c src/track_system.o
                0x06058b7c                bool TrackRenderer::CompactVectorSlack<std::vector<TrackRenderer::SmoothCache, TrackZoneAllocator<TrackRenderer::SmoothCache, (SRL::Memory::Zone)1> > >(std::vector<TrackRenderer::SmoothCache, TrackZoneAllocator<TrackRenderer::SmoothCache, (SRL::Memory::Zone)1> >&, unsigned int, bool)
 .text._ZN13TrackRenderer18CompactVectorSlackISt6vectorINS_9FlatCacheE18TrackZoneAllocatorIS2_LN3SRL6Memory4ZoneE1EEEEEbRT_jb
                0x06059088      0x448 src/track_system.o
                0x06059088                bool TrackRenderer::CompactVectorSlack<std::vector<TrackRenderer::FlatCache, TrackZoneAllocator<TrackRenderer::FlatCache, (SRL::Memory::Zone)1> > >(std::vector<TrackRenderer::FlatCache, TrackZoneAllocator<TrackRenderer::FlatCache, (SRL::Memory::Zone)1> >&, unsigned int, bool)
 .text._ZN13TrackRenderer19CompactRuntimeStateEb
                0x060594d0      0x790 src/track_system.o
                0x060594d0                TrackRenderer::CompactRuntimeState(bool)
 .text._ZN13TrackRenderer19RecycleRuntimeStateEb
                0x06059c60      0x658 src/track_system.o
                0x06059c60                TrackRenderer::RecycleRuntimeState(bool)
 .text._ZNSt6vectorIN3SRL5Types9AttributeE18TrackZoneAllocatorIS2_LNS0_6Memory4ZoneE1EEE6resizeEj
                0x0605a2b8      0x194 src/track_system.o
                0x0605a2b8                std::vector<SRL::Types::Attribute, TrackZoneAllocator<SRL::Types::Attribute, (SRL::Memory::Zone)1> >::resize(unsigned int)
 .text._ZN13TrackRenderer12EnsureCachedEj
                0x0605a44c      0x3d8 src/track_system.o
                0x0605a44c                TrackRenderer::EnsureCached(unsigned int)
 .text._ZN3SRL5Debug5PrintIJljEEEvhhPKcDpT_
                0x0605a824      0x170 src/track_system.o
                0x0605a824                void SRL::Debug::Print<long, unsigned int>(unsigned char, unsigned char, char const*, long, unsigned int)
 .text._ZN3SRL5Debug5PrintIJPKcEEEvhhS3_DpT_
                0x0605a994      0x164 src/track_system.o
                0x0605a994                void SRL::Debug::Print<char const*>(unsigned char, unsigned char, char const*, char const*)
 .text._Z22CopyTrackSegmentToCartPKcj
                0x0605aaf8      0x24c src/track_system.o
                0x0605aaf8                CopyTrackSegmentToCart(char const*, unsigned int)
 .text._ZN3SRL5Debug5PrintIJPKcjjEEEvhhS3_DpT_
                0x0605ad44      0x178 src/track_system.o
                0x0605ad44                void SRL::Debug::Print<char const*, unsigned int, unsigned int>(unsigned char, unsigned char, char const*, char const*, unsigned int, unsigned int)
 .text._ZNSt6vectorIh18TrackZoneAllocatorIhLN3SRL6Memory4ZoneE1EEE6resizeEj
                0x0605aebc      0x108 src/track_system.o
                0x0605aebc                std::vector<unsigned char, TrackZoneAllocator<unsigned char, (SRL::Memory::Zone)1> >::resize(unsigned int)
 .text._ZN3SRL5Debug5PrintIJPcEEEvhhPKcDpT_
                0x0605afc4      0x164 src/track_system.o
                0x0605afc4                void SRL::Debug::Print<char*>(unsigned char, unsigned char, char const*, char*)
 .text._ZN3SRL5Debug5PrintIJijjjjEEEvhhPKcDpT_
                0x0605b128      0x190 src/track_system.o
                0x0605b128                void SRL::Debug::Print<int, unsigned int, unsigned int, unsigned int, unsigned int>(unsigned char, unsigned char, char const*, int, unsigned int, unsigned int, unsigned int, unsigned int)
 .text._ZN3SRL5Debug5PrintIJjjjEEEvhhPKcDpT_
                0x0605b2b8      0x178 src/track_system.o
                0x0605b2b8                void SRL::Debug::Print<unsigned int, unsigned int, unsigned int>(unsigned char, unsigned char, char const*, unsigned int, unsigned int, unsigned int)
 .text._ZN3SRL5Debug5PrintIJijEEEvhhPKcDpT_
                0x0605b430      0x170 src/track_system.o
                0x0605b430                void SRL::Debug::Print<int, unsigned int>(unsigned char, unsigned char, char const*, int, unsigned int)
 .text._ZN13TrackRenderer35InitializeFromComponentDataRecycledISt6vectorIN3SRL4Math5Types8Vector3DE18TrackZoneAllocatorIS5_LNS2_6Memory4ZoneE1EEES1_INS2_5Types7PolygonES6_ISC_LS8_1EEES1_INSB_9AttributeES6_ISF_LS8_1EEEEEbRT_RT0_RT1_
                0x0605b5a0      0xbc4 src/track_system.o
                0x0605b5a0                bool TrackRenderer::InitializeFromComponentDataRecycled<std::vector<SRL::Math::Types::Vector3D, TrackZoneAllocator<SRL::Math::Types::Vector3D, (SRL::Memory::Zone)1> >, std::vector<SRL::Types::Polygon, TrackZoneAllocator<SRL::Types::Polygon, (SRL::Memory::Zone)1> >, std::vector<SRL::Types::Attribute, TrackZoneAllocator<SRL::Types::Attribute, (SRL::Memory::Zone)1> > >(std::vector<SRL::Math::Types::Vector3D, TrackZoneAllocator<SRL::Math::Types::Vector3D, (SRL::Memory::Zone)1> >&, std::vector<SRL::Types::Polygon, TrackZoneAllocator<SRL::Types::Polygon, (SRL::Memory::Zone)1> >&, std::vector<SRL::Types::Attribute, TrackZoneAllocator<SRL::Types::Attribute, (SRL::Memory::Zone)1> >&)
 .text._Z21MakeTrackObjectUniqueI13TrackRendererLN3SRL6Memory4ZoneE1EJEESt10unique_ptrIT_18TrackObjectDeleterIS5_XT0_EEEDpOT1_
                0x0605c164      0x158 src/track_system.o
                0x0605c164                std::unique_ptr<TrackRenderer, TrackObjectDeleter<TrackRenderer, (SRL::Memory::Zone)1> > MakeTrackObjectUnique<TrackRenderer, (SRL::Memory::Zone)1>()
 .text._ZN3SRL5Debug5PrintIJjEEEvhhPKcDpT_
                0x0605c2bc      0x164 src/track_system.o
                0x0605c2bc                void SRL::Debug::Print<unsigned int>(unsigned char, unsigned char, char const*, unsigned int)
 .text._ZNSt6vectorIN11TrackSystem18SegmentRenderEntryE18TrackZoneAllocatorIS1_LN3SRL6Memory4ZoneE1EEE7reserveEj
                0x0605c420      0x218 src/track_system.o
                0x0605c420                std::vector<TrackSystem::SegmentRenderEntry, TrackZoneAllocator<TrackSystem::SegmentRenderEntry, (SRL::Memory::Zone)1> >::reserve(unsigned int)
 .text._ZN3SRL5Debug5PrintIJlEEEvhhPKcDpT_
                0x0605c638      0x164 src/track_system.o
                0x0605c638                void SRL::Debug::Print<long>(unsigned char, unsigned char, char const*, long)
 .text._ZNSt6vectorIN11TrackSystem19Seg1FamilySlotEntryE18TrackZoneAllocatorIS1_LN3SRL6Memory4ZoneE1EEE7reserveEj
                0x0605c79c       0xb8 src/track_system.o
                0x0605c79c                std::vector<TrackSystem::Seg1FamilySlotEntry, TrackZoneAllocator<TrackSystem::Seg1FamilySlotEntry, (SRL::Memory::Zone)1> >::reserve(unsigned int)
 .text._ZNSt6vectorIs18TrackZoneAllocatorIsLN3SRL6Memory4ZoneE1EEE7reserveEj
                0x0605c854       0xa4 src/track_system.o
                0x0605c854                std::vector<short, TrackZoneAllocator<short, (SRL::Memory::Zone)1> >::reserve(unsigned int)
 .text._ZNSt6vectorIN11TrackSystem17TrackSegmentEntryE18TrackZoneAllocatorIS1_LN3SRL6Memory4ZoneE1EEE6resizeEj
                0x0605c8f8      0x198 src/track_system.o
                0x0605c8f8                std::vector<TrackSystem::TrackSegmentEntry, TrackZoneAllocator<TrackSystem::TrackSegmentEntry, (SRL::Memory::Zone)1> >::resize(unsigned int)
 .text._ZN3SRL5Debug5PrintIJljjEEEvhhPKcDpT_
                0x0605ca90      0x178 src/track_system.o
                0x0605ca90                void SRL::Debug::Print<long, unsigned int, unsigned int>(unsigned char, unsigned char, char const*, long, unsigned int, unsigned int)
 .text._ZN11TrackSystem35ResolvePreparedFaceSlotsForBaseRankISt6vectorIs18TrackZoneAllocatorIsLN3SRL6Memory4ZoneE1EEEEEbRKNS_18SegmentRenderEntryEjRS1_INS_19Seg1FamilySlotEntryES2_ISB_LS5_1EEERT_b
                0x0605cc08      0x2cc src/track_system.o
                0x0605cc08                bool TrackSystem::ResolvePreparedFaceSlotsForBaseRank<std::vector<short, TrackZoneAllocator<short, (SRL::Memory::Zone)1> > >(TrackSystem::SegmentRenderEntry const&, unsigned int, std::vector<TrackSystem::Seg1FamilySlotEntry, TrackZoneAllocator<TrackSystem::Seg1FamilySlotEntry, (SRL::Memory::Zone)1> >&, std::vector<short, TrackZoneAllocator<short, (SRL::Memory::Zone)1> >&, bool)
 .text._ZN11TrackSystem30ResolvePreparedFaceSlotsForLodISt6vectorIs18TrackZoneAllocatorIsLN3SRL6Memory4ZoneE1EEEEEbRKNS_18SegmentRenderEntryEhRS1_INS_19Seg1FamilySlotEntryES2_ISB_LS5_1EEERT_b
                0x0605ced4      0x284 src/track_system.o
                0x0605ced4                bool TrackSystem::ResolvePreparedFaceSlotsForLod<std::vector<short, TrackZoneAllocator<short, (SRL::Memory::Zone)1> > >(TrackSystem::SegmentRenderEntry const&, unsigned char, std::vector<TrackSystem::Seg1FamilySlotEntry, TrackZoneAllocator<TrackSystem::Seg1FamilySlotEntry, (SRL::Memory::Zone)1> >&, std::vector<short, TrackZoneAllocator<short, (SRL::Memory::Zone)1> >&, bool)
 .text._ZN3SRL5Debug5PrintIJlllEEEvhhPKcDpT_
                0x0605d158      0x178 src/track_system.o
                0x0605d158                void SRL::Debug::Print<long, long, long>(unsigned char, unsigned char, char const*, long, long, long)
 .text._ZNSt6vectorIh18TrackZoneAllocatorIhLN3SRL6Memory4ZoneE1EEE14_M_fill_assignEjRKh
                0x0605d2d0       0xec src/track_system.o
                0x0605d2d0                std::vector<unsigned char, TrackZoneAllocator<unsigned char, (SRL::Memory::Zone)1> >::_M_fill_assign(unsigned int, unsigned char const&)
 .text._ZNSt6vectorIs18TrackZoneAllocatorIsLN3SRL6Memory4ZoneE1EEE14_M_fill_assignEjRKs
                0x0605d3bc      0x104 src/track_system.o
                0x0605d3bc                std::vector<short, TrackZoneAllocator<short, (SRL::Memory::Zone)1> >::_M_fill_assign(unsigned int, short const&)
 .text._ZNSt6vectorIN11TrackSystem18SegmentRenderEntryE18TrackZoneAllocatorIS1_LN3SRL6Memory4ZoneE1EEE17_M_default_appendEj
                0x0605d4c0      0x344 src/track_system.o
                0x0605d4c0                std::vector<TrackSystem::SegmentRenderEntry, TrackZoneAllocator<TrackSystem::SegmentRenderEntry, (SRL::Memory::Zone)1> >::_M_default_append(unsigned int)
 .text._ZNSt6vectorIN11TrackSystem19Seg1FamilySlotEntryE18TrackZoneAllocatorIS1_LN3SRL6Memory4ZoneE1EEE17_M_default_appendEj
                0x0605d804      0x19c src/track_system.o
                0x0605d804                std::vector<TrackSystem::Seg1FamilySlotEntry, TrackZoneAllocator<TrackSystem::Seg1FamilySlotEntry, (SRL::Memory::Zone)1> >::_M_default_append(unsigned int)
 .text._ZNSt6vectorIh18TrackZoneAllocatorIhLN3SRL6Memory4ZoneE1EEE14_M_fill_insertEN9__gnu_cxx17__normal_iteratorIPhS5_EEjRKh
                0x0605d9a0      0x1ac src/track_system.o
                0x0605d9a0                std::vector<unsigned char, TrackZoneAllocator<unsigned char, (SRL::Memory::Zone)1> >::_M_fill_insert(__gnu_cxx::__normal_iterator<unsigned char*, std::vector<unsigned char, TrackZoneAllocator<unsigned char, (SRL::Memory::Zone)1> > >, unsigned int, unsigned char const&)
 .text._ZN21SlaveTrackDepthSorterIN16TrackSegmentPoolILj30EN11TrackSystem18SegmentRenderEntryEE6HandleExLj30EE5BuildI18TrackZoneAllocatorI18TrackDepthSortItemIS4_xELN3SRL6Memory4ZoneE1EEEEvRKSt6vectorIS9_T_Ej
                0x0605db4c      0x2f0 src/track_system.o
                0x0605db4c                void SlaveTrackDepthSorter<TrackSegmentPool<30u, TrackSystem::SegmentRenderEntry>::Handle, long long, 30u>::Build<TrackZoneAllocator<TrackDepthSortItem<TrackSegmentPool<30u, TrackSystem::SegmentRenderEntry>::Handle, long long>, (SRL::Memory::Zone)1> >(std::vector<TrackDepthSortItem<TrackSegmentPool<30u, TrackSystem::SegmentRenderEntry>::Handle, long long>, TrackZoneAllocator<TrackDepthSortItem<TrackSegmentPool<30u, TrackSystem::SegmentRenderEntry>::Handle, long long>, (SRL::Memory::Zone)1> > const&, unsigned int)
 .text.startup  0x0605de3c      0x198 src/track_system.o
 .text.exit     0x0605dfd4      0x128 src/track_system.o
 *fill*         0x0605e0fc        0x4 
 .text          0x0605e100      0x3a0 ../../saturnringlib/../modules/sgl/LIB/LIBCD.A(CDC_CMN.O)
                0x0605e100                CDC_GetCurStat
                0x0605e150                CDC_GetLastStat
                0x0605e168                CDC_GetPeriStat
                0x0605e23c                CDC_GetHwInfo
                0x0605e2a4                CDC_TgetToc
                0x0605e2f4                CDC_GetSes
                0x0605e330                CDC_CdInit
                0x0605e3b4                CDC_CdOpen
                0x0605e3dc                CDC_DataReady
                0x0605e448                CDC_DataEnd
 .text          0x0605e4a0      0x2dc ../../saturnringlib/../modules/sgl/LIB/LIBCD.A(CDC_REG.O)
                0x0605e4a0                CDC_GetDataPtr
                0x0605e4b0                CDC_GetHirqReq
                0x0605e4c4                CDC_ClrHirqReq
                0x0605e4f4                CDREG_ClrHirqReq
                0x0605e504                CDREG_InitHirqReq
                0x0605e52c                CDREG_SetHirqFlag
                0x0605e540                CDC_GetHirqMsk
                0x0605e554                CDC_SetHirqMsk
                0x0605e564                CDC_GetMpegPtr
                0x0605e574                CDREG_TgetData
                0x0605e5d0                CDREG_CmdRsp
                0x0605e6d0                CDREG_WaitHirq
                0x0605e740                CDREG_ReadRsp
 *fill*         0x0605e77c        0x4 
 .text          0x0605e780      0x152 ../../saturnringlib/../modules/sgl/LIB/LIBCD.A(CDC_SUB.O)
                0x0605e780                CDSUB_UpdStatus
                0x0605e798                CDSUB_UpdCdstat
                0x0605e7b8                CDSUB_CdCmd
                0x0605e828                CDSUB_GetCdstat
                0x0605e868                CDSUB_RspToCdstat
                0x0605e8b0                CDSUB_SoftTimer
 *fill*         0x0605e8d2        0xe 
 .text          0x0605e8e0     0x1adc ../../saturnringlib/../modules/sgl/LIB/LIBCD.A(GFS.O)
                0x0605e8e0                gfs_version
                0x0605e900                GFS_Init
                0x0605e9e8                GFS_LoadDir
                0x0605ea90                GFS_SetDir
                0x0605eaf8                GFS_NameToId
                0x0605eb5c                GFS_IdToName
                0x0605ebc8                GFS_GetDirInfo
                0x0605ec38                GFS_Reset
                0x0605ecbc                GFS_Open
                0x0605ed70                GFS_Close
                0x0605eda8                GFS_Seek
                0x0605ee5c                GFS_Tell
                0x0605eeac                GFS_IsEof
                0x0605ef00                GFS_ByteToSct
                0x0605ef5c                GFS_GetFileSize
                0x0605efb8                GFS_GetFileInfo
                0x0605f02c                GFS_GetNumCdbuf
                0x0605f054                GFS_Load
                0x0605f118                GFS_Fread
                0x0605f1b4                gfs_waitRead
                0x0605f25c                GFS_NwFread
                0x0605f368                GFS_NwCdRead
                0x0605f3e0                GFS_NwIsComplete
                0x0605f418                GFS_NwStop
                0x0605f484                GFS_NwGetStat
                0x0605f500                gfs_recovRdErr
                0x0605f530                GFS_NwExecOne
                0x0605f5f0                GFS_NwExecServer
                0x0605f66c                GFS_SetGmode
                0x0605f6d0                GFS_SetTmode
                0x0605f73c                GFS_SetReadPara
                0x0605f7a0                GFS_SetTransPara
                0x0605f80c                GFS_SetTrFunc
                0x0605f870                GFS_StartTrans
                0x0605f8bc                GFS_CdMovePickup
                0x0605f928                GFS_SetErrFunc
                0x0605f954                GFS_GetErrStat
                0x0605f978                GFS_ConvTno
                0x0605f9a0                gfs_chgRoot
                0x0605fa6c                gfs_aborttrans
                0x0605fa78                gfs_mngSetupFuncTbl
                0x0605faac                gfs_mngInitWork
                0x0605fb50                gfs_mngGetNumFile
                0x0605fbb8                GFS_mngAllocGrp
                0x0605fc00                gfs_mngFreeGrp
                0x0605fc0c                gfs_mngTermAccess
                0x0605fc90                gfs_mngSetErrCode
                0x0605fd10                gfs_svrSearchHndl
                0x0605fd50                gfs_svrAddHndl
                0x0605fd8c                gfs_svrRemoveHndl
                0x0605fde8                GFS_OpenSub
                0x0605fe40                gfs_loadVol
                0x0605ff04                gfs_getRootDir
                0x06060000                gfs_loadRootDir
                0x06060088                gfs_flowIn
                0x06060130                gfs_transData
                0x060601d4                GFS_GetFad
                0x0606022c                gfs_SetSct
                0x0606026c                gfs_GetFinfo
                0x060602ac                gfs_closeSub
                0x060602e8                gfs_getGmode
                0x060602f4                gfs_isTaskDone
                0x06060348                gfs_convFinStat
 *fill*         0x060603bc        0x4 
 .text          0x060603c0      0x106 ../../saturnringlib/../modules/sgl/LIB/LIBCD.A(GFS_BUF.O)
                0x060603f0                GFBF_GetTranData
                0x06060418                GFBF_GetNumData
                0x06060448                GFBF_GetSrcPk
                0x06060470                GFBF_GetSctData
                0x06060494                GFBF_RtnPk
                0x060604bc                gfbf_getSctDt
 *fill*         0x060604c6        0xa 
 .text          0x060604d0      0x600 ../../saturnringlib/../modules/sgl/LIB/LIBCD.A(GFS_CDB.O)
                0x060604d0                GFCB_Setup
                0x060605f0                GFCB_Close
                0x06060618                GFCB_GetLenData
                0x060606c4                GFCB_GetLenRoom
                0x060606d0                GFCB_SetFilt
                0x06060738                GFCB_DeleteAllData
                0x06060760                GFCB_Tell
                0x06060770                gfcb_getSctNum
                0x060607c0                GFCB_Seek
                0x060608bc                GFCB_GetSrcPack
                0x0606099c                GFCB_GetSctData
                0x060609d4                GFCB_GetDstPack
                0x060609e0                GFCB_RtnPk
                0x06060a28                GFCB_MovePickup
                0x06060a44                GFCB_SetCon
                0x06060a78                GFCB_GetPickup
                0x06060aa0                GFCB_IsPuOwner
                0x06060ab8                GFCB_UngetPickup
 .text          0x06060ad0     0x1a10 ../../saturnringlib/../modules/sgl/LIB/LIBCD.A(GFS_CDC.O)
                0x06060ad0                GFCD_SetCdbfs
                0x06060afc                GFCD_Init
                0x06060d00                GFCD_AllocFilt
                0x06060d3c                GFCD_FreeFilt
                0x06060d6c                GFCD_AllocBuf
                0x06060da0                GFCD_FreeBuf
                0x06060e44                GFCD_GetBaseFad
                0x06060e78                GFCD_GetPickup
                0x06060eac                GFCD_UngetPickup
                0x06060ed8                GFCD_IsPuOwner
                0x06060efc                GFCD_SetFilt
                0x06060fc0                GFCD_GetFilt
                0x06061008                GFCD_SetCon
                0x06061060                GFCD_Play
                0x060610c0                GFCD_GetLenData
                0x06061128                GFCD_ReqData
                0x06061184                GFCD_EndData
                0x060611cc                GFCD_DelSctData
                0x06061224                GFCD_CheckDelSctData
                0x06061254                GFCD_GetStat
                0x06061308                GFCD_MovePickup
                0x06061354                GFCD_MoveSctData